Script started on 2024-02-15 09:22:10+01:00 [TERM="xterm-256color" TTY="/dev/pts/5" COLUMNS="175" LINES="46"]
[sudo] password for markus: 
#0 building with "default" instance using docker driver

#1 [internal] load build definition from Dockerfile
#1 transferring dockerfile: 4.75kB done
#1 DONE 0.0s

#2 [internal] load .dockerignore
#2 transferring context: 2B done
#2 DONE 0.0s

#3 [internal] load metadata for docker.io/nvidia/cuda:11.8.0-cudnn8-runtime-ubuntu20.04
#3 DONE 0.4s

#4 [stage-0  1/27] FROM docker.io/nvidia/cuda:11.8.0-cudnn8-runtime-ubuntu20.04@sha256:c2336dadc71ae5b5ce490a55cc0100d876287d28f429a5d2840c8a3a8e86fef0
#4 CACHED

#5 [stage-0  2/27] RUN apt-get update &&     apt-get install -y fonts-dejavu-core rsync git curl jq moreutils aria2 wget libgoogle-perftools-dev procps libgl1-mesa-glx libglib2.0-0 &&     apt-get autoremove -y &&     rm -rf /var/lib/apt/lists/* &&     apt-get clean -y
#5 ...

#6 [internal] load build context
#6 transferring context: 11.97kB 0.3s done
#6 DONE 0.4s

#5 [stage-0  2/27] RUN apt-get update &&     apt-get install -y fonts-dejavu-core rsync git curl jq moreutils aria2 wget libgoogle-perftools-dev procps libgl1-mesa-glx libglib2.0-0 &&     apt-get autoremove -y &&     rm -rf /var/lib/apt/lists/* &&     apt-get clean -y
#5 0.372 Get:1 http://archive.ubuntu.com/ubuntu focal InRelease [265 kB]
#5 0.374 Get:2 https://developer.download.nvidia.com/compute/cuda/repos/ubuntu2004/x86_64  InRelease [1581 B]
#5 0.386 Get:3 http://security.ubuntu.com/ubuntu focal-security InRelease [114 kB]
#5 0.439 Get:4 https://developer.download.nvidia.com/compute/cuda/repos/ubuntu2004/x86_64  Packages [1352 kB]
#5 0.546 Get:5 http://archive.ubuntu.com/ubuntu focal-updates InRelease [114 kB]
#5 0.552 Get:6 http://security.ubuntu.com/ubuntu focal-security/multiverse amd64 Packages [29.7 kB]
#5 0.630 Get:7 http://security.ubuntu.com/ubuntu focal-security/restricted amd64 Packages [3258 kB]
#5 0.676 Get:8 http://archive.ubuntu.com/ubuntu focal-backports InRelease [108 kB]
#5 0.819 Get:9 http://archive.ubuntu.com/ubuntu focal/multiverse amd64 Packages [177 kB]
#5 0.975 Get:10 http://archive.ubuntu.com/ubuntu focal/main amd64 Packages [1275 kB]
#5 1.190 Get:11 http://archive.ubuntu.com/ubuntu focal/restricted amd64 Packages [33.4 kB]
#5 1.273 Get:12 http://archive.ubuntu.com/ubuntu focal/universe amd64 Packages [11.3 MB]
#5 1.689 Get:13 http://archive.ubuntu.com/ubuntu focal-updates/multiverse amd64 Packages [32.4 kB]
#5 1.772 Get:14 http://archive.ubuntu.com/ubuntu focal-updates/main amd64 Packages [3850 kB]
#5 1.999 Get:15 http://security.ubuntu.com/ubuntu focal-security/universe amd64 Packages [1176 kB]
#5 2.203 Get:16 http://security.ubuntu.com/ubuntu focal-security/main amd64 Packages [3372 kB]
#5 3.298 Get:17 http://archive.ubuntu.com/ubuntu focal-updates/restricted amd64 Packages [3407 kB]
#5 4.626 Get:18 http://archive.ubuntu.com/ubuntu focal-updates/universe amd64 Packages [1473 kB]
#5 5.202 Get:19 http://archive.ubuntu.com/ubuntu focal-backports/main amd64 Packages [55.2 kB]
#5 5.306 Get:20 http://archive.ubuntu.com/ubuntu focal-backports/universe amd64 Packages [28.6 kB]
#5 5.342 Fetched 31.5 MB in 5s (6240 kB/s)
#5 5.342 Reading package lists...
#5 5.941 Reading package lists...
#5 6.521 Building dependency tree...
#5 6.635 Reading state information...
#5 6.733 The following additional packages will be installed:
#5 6.733   git-man krb5-locales less libaria2-0 libbrotli1 libbsd0 libc-ares2
#5 6.733   libcbor0.6 libcurl3-gnutls libcurl4 libdrm-amdgpu1 libdrm-common
#5 6.733   libdrm-intel1 libdrm-nouveau2 libdrm-radeon1 libdrm2 libedit2 libelf1
#5 6.733   liberror-perl libexpat1 libfido2-1 libgdbm-compat4 libgdbm6 libgl1
#5 6.733   libgl1-mesa-dri libglapi-mesa libglib2.0-data libglvnd0 libglx-mesa0 libglx0
#5 6.733   libgoogle-perftools4 libgssapi-krb5-2 libicu66 libio-pty-perl
#5 6.733   libipc-run-perl libjq1 libk5crypto3 libkeyutils1 libkrb5-3 libkrb5support0
#5 6.733   libllvm12 liblzma-dev libnghttp2-14 libonig5 libpciaccess0 libperl5.30
#5 6.733   libpopt0 libpsl5 librtmp1 libsensors-config libsensors5 libssh-4 libssh2-1
#5 6.733   libtcmalloc-minimal4 libtime-duration-perl libtimedate-perl libunwind-dev
#5 6.733   libunwind8 libvulkan1 libwayland-client0 libx11-6 libx11-data libx11-xcb1
#5 6.733   libxau6 libxcb-dri2-0 libxcb-dri3-0 libxcb-glx0 libxcb-present0
#5 6.733   libxcb-randr0 libxcb-shm0 libxcb-sync1 libxcb-xfixes0 libxcb1 libxdmcp6
#5 6.733   libxext6 libxfixes3 libxml2 libxmuu1 libxshmfence1 libxxf86vm1
#5 6.733   mesa-vulkan-drivers netbase openssh-client patch perl perl-base
#5 6.733   perl-modules-5.30 publicsuffix shared-mime-info tzdata xauth xdg-user-dirs
#5 6.734 Suggested packages:
#5 6.734   gettext-base git-daemon-run | git-daemon-sysvinit git-doc git-el git-email
#5 6.734   git-gui gitk gitweb git-cvs git-mediawiki git-svn gdbm-l10n krb5-doc
#5 6.734   krb5-user liblzma-doc pciutils lm-sensors keychain libpam-ssh monkeysphere
#5 6.734   ssh-askpass ed diffutils-doc perl-doc libterm-readline-gnu-perl
#5 6.734   | libterm-readline-perl-perl make libb-debug-perl liblocale-codes-perl
#5 6.734   openssh-server
#5 6.734 Recommended packages:
#5 6.734   psmisc
#5 6.827 The following NEW packages will be installed:
#5 6.828   aria2 curl fonts-dejavu-core git git-man jq krb5-locales less libaria2-0
#5 6.828   libbrotli1 libbsd0 libc-ares2 libcbor0.6 libcurl3-gnutls libcurl4
#5 6.828   libdrm-amdgpu1 libdrm-common libdrm-intel1 libdrm-nouveau2 libdrm-radeon1
#5 6.828   libdrm2 libedit2 libelf1 liberror-perl libexpat1 libfido2-1 libgdbm-compat4
#5 6.828   libgdbm6 libgl1 libgl1-mesa-dri libgl1-mesa-glx libglapi-mesa libglib2.0-0
#5 6.828   libglib2.0-data libglvnd0 libglx-mesa0 libglx0 libgoogle-perftools-dev
#5 6.828   libgoogle-perftools4 libgssapi-krb5-2 libicu66 libio-pty-perl
#5 6.829   libipc-run-perl libjq1 libk5crypto3 libkeyutils1 libkrb5-3 libkrb5support0
#5 6.829   libllvm12 liblzma-dev libnghttp2-14 libonig5 libpciaccess0 libperl5.30
#5 6.829   libpopt0 libpsl5 librtmp1 libsensors-config libsensors5 libssh-4 libssh2-1
#5 6.829   libtcmalloc-minimal4 libtime-duration-perl libtimedate-perl libunwind-dev
#5 6.829   libunwind8 libvulkan1 libwayland-client0 libx11-6 libx11-data libx11-xcb1
#5 6.829   libxau6 libxcb-dri2-0 libxcb-dri3-0 libxcb-glx0 libxcb-present0
#5 6.829   libxcb-randr0 libxcb-shm0 libxcb-sync1 libxcb-xfixes0 libxcb1 libxdmcp6
#5 6.829   libxext6 libxfixes3 libxml2 libxmuu1 libxshmfence1 libxxf86vm1
#5 6.830   mesa-vulkan-drivers moreutils netbase openssh-client patch perl
#5 6.830   perl-modules-5.30 publicsuffix rsync shared-mime-info tzdata wget xauth
#5 6.830   xdg-user-dirs
#5 6.831 The following packages will be upgraded:
#5 6.831   perl-base procps
#5 6.919 2 upgraded, 102 newly installed, 0 to remove and 22 not upgraded.
#5 6.919 Need to get 71.0 MB of archives.
#5 6.919 After this operation, 696 MB of additional disk space will be used.
#5 6.919 Get:1 http://archive.ubuntu.com/ubuntu focal-updates/main amd64 perl-base amd64 5.30.0-9ubuntu0.5 [1514 kB]
#5 7.600 Get:2 http://archive.ubuntu.com/ubuntu focal/main amd64 libpopt0 amd64 1.16-14 [26.3 kB]
#5 7.680 Get:3 http://archive.ubuntu.com/ubuntu focal-updates/main amd64 rsync amd64 3.1.3-8ubuntu0.7 [322 kB]
#5 7.883 Get:4 http://archive.ubuntu.com/ubuntu focal-updates/main amd64 perl-modules-5.30 all 5.30.0-9ubuntu0.5 [2739 kB]
#5 8.134 Get:5 http://archive.ubuntu.com/ubuntu focal/main amd64 libgdbm6 amd64 1.18.1-5 [27.4 kB]
#5 8.209 Get:6 http://archive.ubuntu.com/ubuntu focal/main amd64 libgdbm-compat4 amd64 1.18.1-5 [6244 B]
#5 8.263 Get:7 http://archive.ubuntu.com/ubuntu focal-updates/main amd64 libperl5.30 amd64 5.30.0-9ubuntu0.5 [3941 kB]
#5 8.539 Get:8 http://archive.ubuntu.com/ubuntu focal-updates/main amd64 perl amd64 5.30.0-9ubuntu0.5 [224 kB]
#5 8.710 Get:9 http://archive.ubuntu.com/ubuntu focal-updates/main amd64 procps amd64 2:3.3.16-1ubuntu2.4 [232 kB]
#5 8.880 Get:10 http://archive.ubuntu.com/ubuntu focal-updates/main amd64 less amd64 551-1ubuntu0.1 [123 kB]
#5 8.997 Get:11 http://archive.ubuntu.com/ubuntu focal/main amd64 libbsd0 amd64 0.10.0-1 [45.4 kB]
#5 9.084 Get:12 http://archive.ubuntu.com/ubuntu focal-updates/main amd64 libelf1 amd64 0.176-1.1ubuntu0.1 [44.2 kB]
#5 9.173 Get:13 http://archive.ubuntu.com/ubuntu focal-updates/main amd64 libexpat1 amd64 2.2.9-1ubuntu0.6 [74.6 kB]
#5 9.282 Get:14 http://archive.ubuntu.com/ubuntu focal-updates/main amd64 libglib2.0-0 amd64 2.64.6-1~ubuntu20.04.6 [1289 kB]
#5 9.768 Get:15 http://archive.ubuntu.com/ubuntu focal-updates/main amd64 libglib2.0-data all 2.64.6-1~ubuntu20.04.6 [6032 B]
#5 9.817 Get:16 http://archive.ubuntu.com/ubuntu focal-updates/main amd64 tzdata all 2023d-0ubuntu0.20.04 [303 kB]
#5 9.999 Get:17 http://archive.ubuntu.com/ubuntu focal-updates/main amd64 libicu66 amd64 66.1-2ubuntu2.1 [8515 kB]
#5 13.26 Get:18 http://archive.ubuntu.com/ubuntu focal-updates/main amd64 libxml2 amd64 2.9.10+dfsg-5ubuntu0.20.04.6 [640 kB]
#5 13.56 Get:19 http://archive.ubuntu.com/ubuntu focal/main amd64 netbase all 6.1 [13.1 kB]
#5 13.61 Get:20 http://archive.ubuntu.com/ubuntu focal/main amd64 shared-mime-info amd64 1.15-1 [430 kB]
#5 13.83 Get:21 http://archive.ubuntu.com/ubuntu focal/main amd64 xdg-user-dirs amd64 0.17-2ubuntu1 [48.3 kB]
#5 13.92 Get:22 http://archive.ubuntu.com/ubuntu focal-updates/main amd64 krb5-locales all 1.17-6ubuntu4.4 [11.5 kB]
#5 13.98 Get:23 http://archive.ubuntu.com/ubuntu focal/main amd64 libcbor0.6 amd64 0.6.0-0ubuntu1 [21.1 kB]
#5 14.05 Get:24 http://archive.ubuntu.com/ubuntu focal-updates/main amd64 libdrm-common all 2.4.107-8ubuntu1~20.04.2 [5396 B]
#5 14.10 Get:25 http://archive.ubuntu.com/ubuntu focal-updates/main amd64 libdrm2 amd64 2.4.107-8ubuntu1~20.04.2 [34.1 kB]
#5 14.18 Get:26 http://archive.ubuntu.com/ubuntu focal/main amd64 libedit2 amd64 3.1-20191231-1 [87.0 kB]
#5 14.30 Get:27 http://archive.ubuntu.com/ubuntu focal/main amd64 libfido2-1 amd64 1.3.1-1ubuntu2 [47.9 kB]
#5 14.40 Get:28 http://archive.ubuntu.com/ubuntu focal-updates/main amd64 libkrb5support0 amd64 1.17-6ubuntu4.4 [31.0 kB]
#5 14.49 Get:29 http://archive.ubuntu.com/ubuntu focal-updates/main amd64 libk5crypto3 amd64 1.17-6ubuntu4.4 [79.9 kB]
#5 14.60 Get:30 http://archive.ubuntu.com/ubuntu focal-updates/main amd64 libkeyutils1 amd64 1.6-6ubuntu1.1 [10.3 kB]
#5 14.66 Get:31 http://archive.ubuntu.com/ubuntu focal-updates/main amd64 libkrb5-3 amd64 1.17-6ubuntu4.4 [330 kB]
#5 14.82 Get:32 http://archive.ubuntu.com/ubuntu focal-updates/main amd64 libgssapi-krb5-2 amd64 1.17-6ubuntu4.4 [121 kB]
#5 14.95 Get:33 http://archive.ubuntu.com/ubuntu focal/main amd64 libpsl5 amd64 0.21.0-1ubuntu1 [51.5 kB]
#5 15.05 Get:34 http://archive.ubuntu.com/ubuntu focal/main amd64 libxau6 amd64 1:1.0.9-0ubuntu1 [7488 B]
#5 15.11 Get:35 http://archive.ubuntu.com/ubuntu focal/main amd64 libxdmcp6 amd64 1:1.1.3-0ubuntu1 [10.6 kB]
#5 15.16 Get:36 http://archive.ubuntu.com/ubuntu focal/main amd64 libxcb1 amd64 1.14-2 [44.7 kB]
#5 15.25 Get:37 http://archive.ubuntu.com/ubuntu focal-updates/main amd64 libx11-data all 2:1.6.9-2ubuntu1.6 [114 kB]
#5 15.37 Get:38 http://archive.ubuntu.com/ubuntu focal-updates/main amd64 libx11-6 amd64 2:1.6.9-2ubuntu1.6 [577 kB]
#5 15.56 Get:39 http://archive.ubuntu.com/ubuntu focal/main amd64 libxext6 amd64 2:1.3.4-0ubuntu1 [29.1 kB]
#5 15.65 Get:40 http://archive.ubuntu.com/ubuntu focal/main amd64 libxmuu1 amd64 2:1.1.3-0ubuntu1 [9728 B]
#5 15.70 Get:41 http://archive.ubuntu.com/ubuntu focal-updates/main amd64 openssh-client amd64 1:8.2p1-4ubuntu0.11 [670 kB]
#5 15.89 Get:42 http://archive.ubuntu.com/ubuntu focal/main amd64 publicsuffix all 20200303.0012-1 [111 kB]
#5 16.00 Get:43 http://archive.ubuntu.com/ubuntu focal-updates/main amd64 wget amd64 1.20.3-1ubuntu2 [348 kB]
#5 16.19 Get:44 http://archive.ubuntu.com/ubuntu focal/main amd64 xauth amd64 1:1.1-0ubuntu1 [25.0 kB]
#5 16.27 Get:45 http://archive.ubuntu.com/ubuntu focal-updates/main amd64 libc-ares2 amd64 1.15.0-1ubuntu0.4 [36.9 kB]
#5 16.35 Get:46 http://archive.ubuntu.com/ubuntu focal-updates/universe amd64 libssh2-1 amd64 1.8.0-2.1ubuntu0.1 [75.5 kB]
#5 16.45 Get:47 http://archive.ubuntu.com/ubuntu focal/universe amd64 libaria2-0 amd64 1.35.0-1build1 [1082 kB]
#5 16.90 Get:48 http://archive.ubuntu.com/ubuntu focal/universe amd64 aria2 amd64 1.35.0-1build1 [356 kB]
#5 17.10 Get:49 http://archive.ubuntu.com/ubuntu focal-updates/main amd64 libbrotli1 amd64 1.0.7-6ubuntu0.1 [267 kB]
#5 17.28 Get:50 http://archive.ubuntu.com/ubuntu focal-updates/main amd64 libnghttp2-14 amd64 1.40.0-1ubuntu0.2 [79.4 kB]
#5 17.39 Get:51 http://archive.ubuntu.com/ubuntu focal/main amd64 librtmp1 amd64 2.4+20151223.gitfa8646d.1-2build1 [54.9 kB]
#5 17.49 Get:52 http://archive.ubuntu.com/ubuntu focal-updates/main amd64 libssh-4 amd64 0.9.3-2ubuntu2.5 [171 kB]
#5 17.62 Get:53 http://archive.ubuntu.com/ubuntu focal-updates/main amd64 libcurl4 amd64 7.68.0-1ubuntu2.21 [235 kB]
#5 17.79 Get:54 http://archive.ubuntu.com/ubuntu focal-updates/main amd64 curl amd64 7.68.0-1ubuntu2.21 [161 kB]
#5 17.91 Get:55 http://archive.ubuntu.com/ubuntu focal/main amd64 fonts-dejavu-core all 2.37-1 [1041 kB]
#5 18.34 Get:56 http://archive.ubuntu.com/ubuntu focal-updates/main amd64 libcurl3-gnutls amd64 7.68.0-1ubuntu2.21 [232 kB]
#5 18.49 Get:57 http://archive.ubuntu.com/ubuntu focal/main amd64 liberror-perl all 0.17029-1 [26.5 kB]
#5 18.57 Get:58 http://archive.ubuntu.com/ubuntu focal-updates/main amd64 git-man all 1:2.25.1-1ubuntu3.11 [887 kB]
#5 18.99 Get:59 http://archive.ubuntu.com/ubuntu focal-updates/main amd64 git amd64 1:2.25.1-1ubuntu3.11 [4605 kB]
#5 20.83 Get:60 http://archive.ubuntu.com/ubuntu focal/universe amd64 libonig5 amd64 6.9.4-1 [142 kB]
#5 20.96 Get:61 http://archive.ubuntu.com/ubuntu focal-updates/universe amd64 libjq1 amd64 1.6-1ubuntu0.20.04.1 [121 kB]
#5 21.08 Get:62 http://archive.ubuntu.com/ubuntu focal-updates/universe amd64 jq amd64 1.6-1ubuntu0.20.04.1 [50.2 kB]
#5 21.19 Get:63 http://archive.ubuntu.com/ubuntu focal-updates/main amd64 libdrm-amdgpu1 amd64 2.4.107-8ubuntu1~20.04.2 [18.6 kB]
#5 21.26 Get:64 http://archive.ubuntu.com/ubuntu focal/main amd64 libpciaccess0 amd64 0.16-0ubuntu1 [17.9 kB]
#5 21.33 Get:65 http://archive.ubuntu.com/ubuntu focal-updates/main amd64 libdrm-intel1 amd64 2.4.107-8ubuntu1~20.04.2 [60.3 kB]
#5 21.43 Get:66 http://archive.ubuntu.com/ubuntu focal-updates/main amd64 libdrm-nouveau2 amd64 2.4.107-8ubuntu1~20.04.2 [16.6 kB]
#5 21.51 Get:67 http://archive.ubuntu.com/ubuntu focal-updates/main amd64 libdrm-radeon1 amd64 2.4.107-8ubuntu1~20.04.2 [19.7 kB]
#5 21.58 Get:68 http://archive.ubuntu.com/ubuntu focal-updates/main amd64 libglapi-mesa amd64 21.2.6-0ubuntu0.1~20.04.2 [27.4 kB]
#5 21.66 Get:69 http://archive.ubuntu.com/ubuntu focal-updates/main amd64 libllvm12 amd64 1:12.0.0-3ubuntu1~20.04.5 [18.8 MB]
#5 28.71 Get:70 http://archive.ubuntu.com/ubuntu focal-updates/main amd64 libsensors-config all 1:3.6.0-2ubuntu1.1 [6052 B]
#5 28.76 Get:71 http://archive.ubuntu.com/ubuntu focal-updates/main amd64 libsensors5 amd64 1:3.6.0-2ubuntu1.1 [27.2 kB]
#5 28.84 Get:72 http://archive.ubuntu.com/ubuntu focal/main amd64 libvulkan1 amd64 1.2.131.2-1 [93.3 kB]
#5 28.96 Get:73 http://archive.ubuntu.com/ubuntu focal-updates/main amd64 libgl1-mesa-dri amd64 21.2.6-0ubuntu0.1~20.04.2 [11.0 MB]
#5 29.31 Get:74 http://archive.ubuntu.com/ubuntu focal-updates/main amd64 libglvnd0 amd64 1.3.2-1~ubuntu0.20.04.2 [48.1 kB]
#5 29.40 Get:75 http://archive.ubuntu.com/ubuntu focal-updates/main amd64 libx11-xcb1 amd64 2:1.6.9-2ubuntu1.6 [9448 B]
#5 29.47 Get:76 http://archive.ubuntu.com/ubuntu focal/main amd64 libxcb-dri2-0 amd64 1.14-2 [6920 B]
#5 29.52 Get:77 http://archive.ubuntu.com/ubuntu focal/main amd64 libxcb-dri3-0 amd64 1.14-2 [6552 B]
#5 29.57 Get:78 http://archive.ubuntu.com/ubuntu focal/main amd64 libxcb-glx0 amd64 1.14-2 [22.1 kB]
#5 29.64 Get:79 http://archive.ubuntu.com/ubuntu focal/main amd64 libxcb-present0 amd64 1.14-2 [5560 B]
#5 29.69 Get:80 http://archive.ubuntu.com/ubuntu focal/main amd64 libxcb-shm0 amd64 1.14-2 [5584 B]
#5 29.74 Get:81 http://archive.ubuntu.com/ubuntu focal/main amd64 libxcb-sync1 amd64 1.14-2 [8884 B]
#5 29.79 Get:82 http://archive.ubuntu.com/ubuntu focal/main amd64 libxcb-xfixes0 amd64 1.14-2 [9296 B]
#5 29.84 Get:83 http://archive.ubuntu.com/ubuntu focal/main amd64 libxfixes3 amd64 1:5.0.3-2 [10.9 kB]
#5 29.89 Get:84 http://archive.ubuntu.com/ubuntu focal/main amd64 libxshmfence1 amd64 1.3-1 [5028 B]
#5 29.94 Get:85 http://archive.ubuntu.com/ubuntu focal/main amd64 libxxf86vm1 amd64 1:1.1.4-1build1 [10.2 kB]
#5 29.98 Get:86 http://archive.ubuntu.com/ubuntu focal-updates/main amd64 libglx-mesa0 amd64 21.2.6-0ubuntu0.1~20.04.2 [137 kB]
#5 30.11 Get:87 http://archive.ubuntu.com/ubuntu focal-updates/main amd64 libglx0 amd64 1.3.2-1~ubuntu0.20.04.2 [32.5 kB]
#5 30.19 Get:88 http://archive.ubuntu.com/ubuntu focal-updates/main amd64 libgl1 amd64 1.3.2-1~ubuntu0.20.04.2 [85.8 kB]
#5 30.30 Get:89 http://archive.ubuntu.com/ubuntu focal-updates/main amd64 libgl1-mesa-glx amd64 21.2.6-0ubuntu0.1~20.04.2 [5536 B]
#5 30.35 Get:90 http://archive.ubuntu.com/ubuntu focal/main amd64 libtcmalloc-minimal4 amd64 2.7-1ubuntu2 [93.0 kB]
#5 30.47 Get:91 http://archive.ubuntu.com/ubuntu focal-updates/main amd64 libunwind8 amd64 1.2.1-9ubuntu0.1 [47.7 kB]
#5 30.57 Get:92 http://archive.ubuntu.com/ubuntu focal/main amd64 libgoogle-perftools4 amd64 2.7-1ubuntu2 [195 kB]
#5 30.73 Get:93 http://archive.ubuntu.com/ubuntu focal-updates/main amd64 liblzma-dev amd64 5.2.4-1ubuntu1.1 [147 kB]
#5 30.87 Get:94 http://archive.ubuntu.com/ubuntu focal-updates/main amd64 libunwind-dev amd64 1.2.1-9ubuntu0.1 [472 kB]
#5 31.04 Get:95 http://archive.ubuntu.com/ubuntu focal/main amd64 libgoogle-perftools-dev amd64 2.7-1ubuntu2 [445 kB]
#5 31.28 Get:96 http://archive.ubuntu.com/ubuntu focal/main amd64 libio-pty-perl amd64 1:1.12-1 [32.4 kB]
#5 31.36 Get:97 http://archive.ubuntu.com/ubuntu focal/main amd64 libipc-run-perl all 20180523.0-2 [89.7 kB]
#5 31.48 Get:98 http://archive.ubuntu.com/ubuntu focal/universe amd64 libtime-duration-perl all 1.21-1 [13.1 kB]
#5 31.53 Get:99 http://archive.ubuntu.com/ubuntu focal/main amd64 libtimedate-perl all 2.3200-1 [34.0 kB]
#5 31.61 Get:100 http://archive.ubuntu.com/ubuntu focal-updates/main amd64 libwayland-client0 amd64 1.18.0-1ubuntu0.1 [23.9 kB]
#5 31.69 Get:101 http://archive.ubuntu.com/ubuntu focal/main amd64 libxcb-randr0 amd64 1.14-2 [16.3 kB]
#5 31.76 Get:102 http://archive.ubuntu.com/ubuntu focal-updates/main amd64 mesa-vulkan-drivers amd64 21.2.6-0ubuntu0.1~20.04.2 [5788 kB]
#5 34.11 Get:103 http://archive.ubuntu.com/ubuntu focal/universe amd64 moreutils amd64 0.63-1 [60.5 kB]
#5 34.21 Get:104 http://archive.ubuntu.com/ubuntu focal/main amd64 patch amd64 2.7.6-6 [105 kB]
#5 34.38 debconf: delaying package configuration, since apt-utils is not installed
#5 34.40 Fetched 71.0 MB in 27s (2587 kB/s)
#5 34.44 (Reading database ... 
(Reading database ... 5%
(Reading database ... 10%
(Reading database ... 15%
(Reading database ... 20%
(Reading database ... 25%
(Reading database ... 30%
(Reading database ... 35%
(Reading database ... 40%
(Reading database ... 45%
(Reading database ... 50%
(Reading database ... 55%
(Reading database ... 60%
(Reading database ... 65%
(Reading database ... 70%
(Reading database ... 75%
(Reading database ... 80%
(Reading database ... 85%
(Reading database ... 90%
(Reading database ... 95%
(Reading database ... 100%
(Reading database ... 4966 files and directories currently installed.)

#5 34.47 Preparing to unpack .../perl-base_5.30.0-9ubuntu0.5_amd64.deb ...

#5 34.50 Unpacking perl-base (5.30.0-9ubuntu0.5) over (5.30.0-9ubuntu0.4) ...

#5 37.28 Setting up perl-base (5.30.0-9ubuntu0.5) ...

#5 37.35 Selecting previously unselected package libpopt0:amd64.

#5 37.35 (Reading database ... 
(Reading database ... 5%
(Reading database ... 10%
(Reading database ... 15%
(Reading database ... 20%
(Reading database ... 25%
(Reading database ... 30%
(Reading database ... 35%
(Reading database ... 40%
(Reading database ... 45%
(Reading database ... 50%
(Reading database ... 55%
(Reading database ... 60%
(Reading database ... 65%
(Reading database ... 70%
(Reading database ... 75%
(Reading database ... 80%
(Reading database ... 85%
(Reading database ... 90%
(Reading database ... 95%
(Reading database ... 100%
(Reading database ... 4966 files and directories currently installed.)

#5 37.35 Preparing to unpack .../000-libpopt0_1.16-14_amd64.deb ...

#5 37.37 Unpacking libpopt0:amd64 (1.16-14) ...

#5 37.45 Selecting previously unselected package rsync.

#5 37.45 Preparing to unpack .../001-rsync_3.1.3-8ubuntu0.7_amd64.deb ...

#5 37.45 Unpacking rsync (3.1.3-8ubuntu0.7) ...

#5 37.52 Selecting previously unselected package perl-modules-5.30.

#5 37.52 Preparing to unpack .../002-perl-modules-5.30_5.30.0-9ubuntu0.5_all.deb ...

#5 37.53 Unpacking perl-modules-5.30 (5.30.0-9ubuntu0.5) ...

#5 37.78 Selecting previously unselected package libgdbm6:amd64.

#5 37.78 Preparing to unpack .../003-libgdbm6_1.18.1-5_amd64.deb ...

#5 37.79 Unpacking libgdbm6:amd64 (1.18.1-5) ...

#5 37.85 Selecting previously unselected package libgdbm-compat4:amd64.

#5 37.85 Preparing to unpack .../004-libgdbm-compat4_1.18.1-5_amd64.deb ...

#5 37.86 Unpacking libgdbm-compat4:amd64 (1.18.1-5) ...

#5 37.92 Selecting previously unselected package libperl5.30:amd64.

#5 37.92 Preparing to unpack .../005-libperl5.30_5.30.0-9ubuntu0.5_amd64.deb ...

#5 37.92 Unpacking libperl5.30:amd64 (5.30.0-9ubuntu0.5) ...

#5 38.27 Selecting previously unselected package perl.

#5 38.27 Preparing to unpack .../006-perl_5.30.0-9ubuntu0.5_amd64.deb ...

#5 38.28 Unpacking perl (5.30.0-9ubuntu0.5) ...

#5 38.37 Preparing to unpack .../007-procps_2%3a3.3.16-1ubuntu2.4_amd64.deb ...

#5 38.40 Unpacking procps (2:3.3.16-1ubuntu2.4) over (2:3.3.16-1ubuntu2.3) ...

#5 38.58 Selecting previously unselected package less.

#5 38.58 Preparing to unpack .../008-less_551-1ubuntu0.1_amd64.deb ...

#5 38.59 Unpacking less (551-1ubuntu0.1) ...

#5 38.66 Selecting previously unselected package libbsd0:amd64.

#5 38.66 Preparing to unpack .../009-libbsd0_0.10.0-1_amd64.deb ...

#5 38.67 Unpacking libbsd0:amd64 (0.10.0-1) ...

#5 38.73 Selecting previously unselected package libelf1:amd64.

#5 38.73 Preparing to unpack .../010-libelf1_0.176-1.1ubuntu0.1_amd64.deb ...

#5 38.74 Unpacking libelf1:amd64 (0.176-1.1ubuntu0.1) ...

#5 38.80 Selecting previously unselected package libexpat1:amd64.

#5 38.80 Preparing to unpack .../011-libexpat1_2.2.9-1ubuntu0.6_amd64.deb ...

#5 38.81 Unpacking libexpat1:amd64 (2.2.9-1ubuntu0.6) ...

#5 38.89 Selecting previously unselected package libglib2.0-0:amd64.

#5 38.89 Preparing to unpack .../012-libglib2.0-0_2.64.6-1~ubuntu20.04.6_amd64.deb ...

#5 38.89 Unpacking libglib2.0-0:amd64 (2.64.6-1~ubuntu20.04.6) ...

#5 39.02 Selecting previously unselected package libglib2.0-data.

#5 39.02 Preparing to unpack .../013-libglib2.0-data_2.64.6-1~ubuntu20.04.6_all.deb ...

#5 39.03 Unpacking libglib2.0-data (2.64.6-1~ubuntu20.04.6) ...

#5 39.10 Selecting previously unselected package tzdata.

#5 39.10 Preparing to unpack .../014-tzdata_2023d-0ubuntu0.20.04_all.deb ...

#5 39.11 Unpacking tzdata (2023d-0ubuntu0.20.04) ...

#5 39.25 Selecting previously unselected package libicu66:amd64.

#5 39.25 Preparing to unpack .../015-libicu66_66.1-2ubuntu2.1_amd64.deb ...

#5 39.26 Unpacking libicu66:amd64 (66.1-2ubuntu2.1) ...

#5 39.86 Selecting previously unselected package libxml2:amd64.

#5 39.86 Preparing to unpack .../016-libxml2_2.9.10+dfsg-5ubuntu0.20.04.6_amd64.deb ...

#5 39.87 Unpacking libxml2:amd64 (2.9.10+dfsg-5ubuntu0.20.04.6) ...

#5 39.97 Selecting previously unselected package netbase.

#5 39.97 Preparing to unpack .../017-netbase_6.1_all.deb ...

#5 39.97 Unpacking netbase (6.1) ...

#5 40.03 Selecting previously unselected package shared-mime-info.

#5 40.04 Preparing to unpack .../018-shared-mime-info_1.15-1_amd64.deb ...

#5 40.05 Unpacking shared-mime-info (1.15-1) ...

#5 40.14 Selecting previously unselected package xdg-user-dirs.

#5 40.15 Preparing to unpack .../019-xdg-user-dirs_0.17-2ubuntu1_amd64.deb ...

#5 40.15 Unpacking xdg-user-dirs (0.17-2ubuntu1) ...

#5 40.23 Selecting previously unselected package krb5-locales.

#5 40.23 Preparing to unpack .../020-krb5-locales_1.17-6ubuntu4.4_all.deb ...

#5 40.24 Unpacking krb5-locales (1.17-6ubuntu4.4) ...

#5 40.30 Selecting previously unselected package libcbor0.6:amd64.

#5 40.30 Preparing to unpack .../021-libcbor0.6_0.6.0-0ubuntu1_amd64.deb ...

#5 40.31 Unpacking libcbor0.6:amd64 (0.6.0-0ubuntu1) ...

#5 40.35 Selecting previously unselected package libdrm-common.

#5 40.36 Preparing to unpack .../022-libdrm-common_2.4.107-8ubuntu1~20.04.2_all.deb ...

#5 40.36 Unpacking libdrm-common (2.4.107-8ubuntu1~20.04.2) ...

#5 40.42 Selecting previously unselected package libdrm2:amd64.

#5 40.42 Preparing to unpack .../023-libdrm2_2.4.107-8ubuntu1~20.04.2_amd64.deb ...

#5 40.43 Unpacking libdrm2:amd64 (2.4.107-8ubuntu1~20.04.2) ...

#5 40.49 Selecting previously unselected package libedit2:amd64.

#5 40.49 Preparing to unpack .../024-libedit2_3.1-20191231-1_amd64.deb ...

#5 40.50 Unpacking libedit2:amd64 (3.1-20191231-1) ...

#5 40.56 Selecting previously unselected package libfido2-1:amd64.

#5 40.56 Preparing to unpack .../025-libfido2-1_1.3.1-1ubuntu2_amd64.deb ...

#5 40.57 Unpacking libfido2-1:amd64 (1.3.1-1ubuntu2) ...

#5 40.63 Selecting previously unselected package libkrb5support0:amd64.

#5 40.63 Preparing to unpack .../026-libkrb5support0_1.17-6ubuntu4.4_amd64.deb ...

#5 40.64 Unpacking libkrb5support0:amd64 (1.17-6ubuntu4.4) ...

#5 40.70 Selecting previously unselected package libk5crypto3:amd64.

#5 40.70 Preparing to unpack .../027-libk5crypto3_1.17-6ubuntu4.4_amd64.deb ...

#5 40.71 Unpacking libk5crypto3:amd64 (1.17-6ubuntu4.4) ...

#5 40.77 Selecting previously unselected package libkeyutils1:amd64.

#5 40.77 Preparing to unpack .../028-libkeyutils1_1.6-6ubuntu1.1_amd64.deb ...

#5 40.78 Unpacking libkeyutils1:amd64 (1.6-6ubuntu1.1) ...

#5 40.83 Selecting previously unselected package libkrb5-3:amd64.

#5 40.84 Preparing to unpack .../029-libkrb5-3_1.17-6ubuntu4.4_amd64.deb ...

#5 40.84 Unpacking libkrb5-3:amd64 (1.17-6ubuntu4.4) ...

#5 40.93 Selecting previously unselected package libgssapi-krb5-2:amd64.

#5 40.93 Preparing to unpack .../030-libgssapi-krb5-2_1.17-6ubuntu4.4_amd64.deb ...

#5 40.94 Unpacking libgssapi-krb5-2:amd64 (1.17-6ubuntu4.4) ...

#5 41.01 Selecting previously unselected package libpsl5:amd64.

#5 41.01 Preparing to unpack .../031-libpsl5_0.21.0-1ubuntu1_amd64.deb ...

#5 41.02 Unpacking libpsl5:amd64 (0.21.0-1ubuntu1) ...

#5 41.07 Selecting previously unselected package libxau6:amd64.

#5 41.07 Preparing to unpack .../032-libxau6_1%3a1.0.9-0ubuntu1_amd64.deb ...

#5 41.09 Unpacking libxau6:amd64 (1:1.0.9-0ubuntu1) ...

#5 41.23 Selecting previously unselected package libxdmcp6:amd64.

#5 41.23 Preparing to unpack .../033-libxdmcp6_1%3a1.1.3-0ubuntu1_amd64.deb ...

#5 41.24 Unpacking libxdmcp6:amd64 (1:1.1.3-0ubuntu1) ...

#5 41.30 Selecting previously unselected package libxcb1:amd64.

#5 41.30 Preparing to unpack .../034-libxcb1_1.14-2_amd64.deb ...

#5 41.31 Unpacking libxcb1:amd64 (1.14-2) ...

#5 41.36 Selecting previously unselected package libx11-data.

#5 41.36 Preparing to unpack .../035-libx11-data_2%3a1.6.9-2ubuntu1.6_all.deb ...

#5 41.37 Unpacking libx11-data (2:1.6.9-2ubuntu1.6) ...

#5 41.44 Selecting previously unselected package libx11-6:amd64.

#5 41.44 Preparing to unpack .../036-libx11-6_2%3a1.6.9-2ubuntu1.6_amd64.deb ...

#5 41.45 Unpacking libx11-6:amd64 (2:1.6.9-2ubuntu1.6) ...

#5 41.55 Selecting previously unselected package libxext6:amd64.

#5 41.55 Preparing to unpack .../037-libxext6_2%3a1.3.4-0ubuntu1_amd64.deb ...

#5 41.55 Unpacking libxext6:amd64 (2:1.3.4-0ubuntu1) ...

#5 41.61 Selecting previously unselected package libxmuu1:amd64.

#5 41.61 Preparing to unpack .../038-libxmuu1_2%3a1.1.3-0ubuntu1_amd64.deb ...

#5 41.62 Unpacking libxmuu1:amd64 (2:1.1.3-0ubuntu1) ...

#5 41.69 Selecting previously unselected package openssh-client.

#5 41.69 Preparing to unpack .../039-openssh-client_1%3a8.2p1-4ubuntu0.11_amd64.deb ...

#5 41.70 Unpacking openssh-client (1:8.2p1-4ubuntu0.11) ...

#5 41.79 Selecting previously unselected package publicsuffix.

#5 41.79 Preparing to unpack .../040-publicsuffix_20200303.0012-1_all.deb ...

#5 41.80 Unpacking publicsuffix (20200303.0012-1) ...

#5 41.85 Selecting previously unselected package wget.

#5 41.85 Preparing to unpack .../041-wget_1.20.3-1ubuntu2_amd64.deb ...

#5 41.86 Unpacking wget (1.20.3-1ubuntu2) ...

#5 41.92 Selecting previously unselected package xauth.

#5 41.93 Preparing to unpack .../042-xauth_1%3a1.1-0ubuntu1_amd64.deb ...

#5 41.93 Unpacking xauth (1:1.1-0ubuntu1) ...

#5 41.99 Selecting previously unselected package libc-ares2:amd64.

#5 41.99 Preparing to unpack .../043-libc-ares2_1.15.0-1ubuntu0.4_amd64.deb ...

#5 42.00 Unpacking libc-ares2:amd64 (1.15.0-1ubuntu0.4) ...

#5 42.06 Selecting previously unselected package libssh2-1:amd64.

#5 42.06 Preparing to unpack .../044-libssh2-1_1.8.0-2.1ubuntu0.1_amd64.deb ...

#5 42.07 Unpacking libssh2-1:amd64 (1.8.0-2.1ubuntu0.1) ...

#5 42.13 Selecting previously unselected package libaria2-0:amd64.

#5 42.13 Preparing to unpack .../045-libaria2-0_1.35.0-1build1_amd64.deb ...

#5 42.14 Unpacking libaria2-0:amd64 (1.35.0-1build1) ...

#5 42.25 Selecting previously unselected package aria2.

#5 42.25 Preparing to unpack .../046-aria2_1.35.0-1build1_amd64.deb ...

#5 42.26 Unpacking aria2 (1.35.0-1build1) ...

#5 42.34 Selecting previously unselected package libbrotli1:amd64.

#5 42.34 Preparing to unpack .../047-libbrotli1_1.0.7-6ubuntu0.1_amd64.deb ...

#5 42.35 Unpacking libbrotli1:amd64 (1.0.7-6ubuntu0.1) ...

#5 42.43 Selecting previously unselected package libnghttp2-14:amd64.

#5 42.43 Preparing to unpack .../048-libnghttp2-14_1.40.0-1ubuntu0.2_amd64.deb ...

#5 42.43 Unpacking libnghttp2-14:amd64 (1.40.0-1ubuntu0.2) ...

#5 42.50 Selecting previously unselected package librtmp1:amd64.

#5 42.50 Preparing to unpack .../049-librtmp1_2.4+20151223.gitfa8646d.1-2build1_amd64.deb ...

#5 42.51 Unpacking librtmp1:amd64 (2.4+20151223.gitfa8646d.1-2build1) ...

#5 42.57 Selecting previously unselected package libssh-4:amd64.

#5 42.57 Preparing to unpack .../050-libssh-4_0.9.3-2ubuntu2.5_amd64.deb ...

#5 42.58 Unpacking libssh-4:amd64 (0.9.3-2ubuntu2.5) ...

#5 42.65 Selecting previously unselected package libcurl4:amd64.

#5 42.65 Preparing to unpack .../051-libcurl4_7.68.0-1ubuntu2.21_amd64.deb ...

#5 42.66 Unpacking libcurl4:amd64 (7.68.0-1ubuntu2.21) ...

#5 42.72 Selecting previously unselected package curl.

#5 42.72 Preparing to unpack .../052-curl_7.68.0-1ubuntu2.21_amd64.deb ...

#5 42.73 Unpacking curl (7.68.0-1ubuntu2.21) ...

#5 42.79 Selecting previously unselected package fonts-dejavu-core.

#5 42.79 Preparing to unpack .../053-fonts-dejavu-core_2.37-1_all.deb ...

#5 42.79 Unpacking fonts-dejavu-core (2.37-1) ...

#5 42.92 Selecting previously unselected package libcurl3-gnutls:amd64.

#5 42.92 Preparing to unpack .../054-libcurl3-gnutls_7.68.0-1ubuntu2.21_amd64.deb ...

#5 42.93 Unpacking libcurl3-gnutls:amd64 (7.68.0-1ubuntu2.21) ...

#5 42.99 Selecting previously unselected package liberror-perl.

#5 43.00 Preparing to unpack .../055-liberror-perl_0.17029-1_all.deb ...

#5 43.00 Unpacking liberror-perl (0.17029-1) ...

#5 43.06 Selecting previously unselected package git-man.

#5 43.06 Preparing to unpack .../056-git-man_1%3a2.25.1-1ubuntu3.11_all.deb ...

#5 43.07 Unpacking git-man (1:2.25.1-1ubuntu3.11) ...

#5 43.19 Selecting previously unselected package git.

#5 43.19 Preparing to unpack .../057-git_1%3a2.25.1-1ubuntu3.11_amd64.deb ...

#5 43.20 Unpacking git (1:2.25.1-1ubuntu3.11) ...

#5 43.59 Selecting previously unselected package libonig5:amd64.

#5 43.59 Preparing to unpack .../058-libonig5_6.9.4-1_amd64.deb ...

#5 43.60 Unpacking libonig5:amd64 (6.9.4-1) ...

#5 43.66 Selecting previously unselected package libjq1:amd64.

#5 43.66 Preparing to unpack .../059-libjq1_1.6-1ubuntu0.20.04.1_amd64.deb ...

#5 43.67 Unpacking libjq1:amd64 (1.6-1ubuntu0.20.04.1) ...

#5 43.72 Selecting previously unselected package jq.

#5 43.72 Preparing to unpack .../060-jq_1.6-1ubuntu0.20.04.1_amd64.deb ...

#5 43.73 Unpacking jq (1.6-1ubuntu0.20.04.1) ...

#5 43.79 Selecting previously unselected package libdrm-amdgpu1:amd64.

#5 43.79 Preparing to unpack .../061-libdrm-amdgpu1_2.4.107-8ubuntu1~20.04.2_amd64.deb ...

#5 43.80 Unpacking libdrm-amdgpu1:amd64 (2.4.107-8ubuntu1~20.04.2) ...

#5 43.86 Selecting previously unselected package libpciaccess0:amd64.

#5 43.86 Preparing to unpack .../062-libpciaccess0_0.16-0ubuntu1_amd64.deb ...

#5 43.87 Unpacking libpciaccess0:amd64 (0.16-0ubuntu1) ...

#5 43.93 Selecting previously unselected package libdrm-intel1:amd64.

#5 43.93 Preparing to unpack .../063-libdrm-intel1_2.4.107-8ubuntu1~20.04.2_amd64.deb ...

#5 43.93 Unpacking libdrm-intel1:amd64 (2.4.107-8ubuntu1~20.04.2) ...

#5 43.99 Selecting previously unselected package libdrm-nouveau2:amd64.

#5 43.99 Preparing to unpack .../064-libdrm-nouveau2_2.4.107-8ubuntu1~20.04.2_amd64.deb ...

#5 44.00 Unpacking libdrm-nouveau2:amd64 (2.4.107-8ubuntu1~20.04.2) ...

#5 44.06 Selecting previously unselected package libdrm-radeon1:amd64.

#5 44.06 Preparing to unpack .../065-libdrm-radeon1_2.4.107-8ubuntu1~20.04.2_amd64.deb ...

#5 44.07 Unpacking libdrm-radeon1:amd64 (2.4.107-8ubuntu1~20.04.2) ...

#5 44.12 Selecting previously unselected package libglapi-mesa:amd64.

#5 44.12 Preparing to unpack .../066-libglapi-mesa_21.2.6-0ubuntu0.1~20.04.2_amd64.deb ...

#5 44.13 Unpacking libglapi-mesa:amd64 (21.2.6-0ubuntu0.1~20.04.2) ...

#5 44.19 Selecting previously unselected package libllvm12:amd64.

#5 44.19 Preparing to unpack .../067-libllvm12_1%3a12.0.0-3ubuntu1~20.04.5_amd64.deb ...

#5 44.20 Unpacking libllvm12:amd64 (1:12.0.0-3ubuntu1~20.04.5) ...

#5 45.48 Selecting previously unselected package libsensors-config.

#5 45.48 Preparing to unpack .../068-libsensors-config_1%3a3.6.0-2ubuntu1.1_all.deb ...

#5 45.49 Unpacking libsensors-config (1:3.6.0-2ubuntu1.1) ...

#5 45.56 Selecting previously unselected package libsensors5:amd64.

#5 45.56 Preparing to unpack .../069-libsensors5_1%3a3.6.0-2ubuntu1.1_amd64.deb ...

#5 45.57 Unpacking libsensors5:amd64 (1:3.6.0-2ubuntu1.1) ...

#5 45.62 Selecting previously unselected package libvulkan1:amd64.

#5 45.62 Preparing to unpack .../070-libvulkan1_1.2.131.2-1_amd64.deb ...

#5 45.63 Unpacking libvulkan1:amd64 (1.2.131.2-1) ...

#5 45.70 Selecting previously unselected package libgl1-mesa-dri:amd64.

#5 45.70 Preparing to unpack .../071-libgl1-mesa-dri_21.2.6-0ubuntu0.1~20.04.2_amd64.deb ...

#5 45.71 Unpacking libgl1-mesa-dri:amd64 (21.2.6-0ubuntu0.1~20.04.2) ...

#5 46.43 Selecting previously unselected package libglvnd0:amd64.

#5 46.43 Preparing to unpack .../072-libglvnd0_1.3.2-1~ubuntu0.20.04.2_amd64.deb ...

#5 46.44 Unpacking libglvnd0:amd64 (1.3.2-1~ubuntu0.20.04.2) ...

#5 46.49 Selecting previously unselected package libx11-xcb1:amd64.

#5 46.50 Preparing to unpack .../073-libx11-xcb1_2%3a1.6.9-2ubuntu1.6_amd64.deb ...

#5 46.51 Unpacking libx11-xcb1:amd64 (2:1.6.9-2ubuntu1.6) ...

#5 46.56 Selecting previously unselected package libxcb-dri2-0:amd64.

#5 46.56 Preparing to unpack .../074-libxcb-dri2-0_1.14-2_amd64.deb ...

#5 46.57 Unpacking libxcb-dri2-0:amd64 (1.14-2) ...

#5 46.63 Selecting previously unselected package libxcb-dri3-0:amd64.

#5 46.63 Preparing to unpack .../075-libxcb-dri3-0_1.14-2_amd64.deb ...

#5 46.64 Unpacking libxcb-dri3-0:amd64 (1.14-2) ...

#5 46.70 Selecting previously unselected package libxcb-glx0:amd64.

#5 46.70 Preparing to unpack .../076-libxcb-glx0_1.14-2_amd64.deb ...

#5 46.71 Unpacking libxcb-glx0:amd64 (1.14-2) ...

#5 46.77 Selecting previously unselected package libxcb-present0:amd64.

#5 46.77 Preparing to unpack .../077-libxcb-present0_1.14-2_amd64.deb ...

#5 46.78 Unpacking libxcb-present0:amd64 (1.14-2) ...

#5 46.84 Selecting previously unselected package libxcb-shm0:amd64.

#5 46.84 Preparing to unpack .../078-libxcb-shm0_1.14-2_amd64.deb ...

#5 46.84 Unpacking libxcb-shm0:amd64 (1.14-2) ...

#5 46.90 Selecting previously unselected package libxcb-sync1:amd64.

#5 46.90 Preparing to unpack .../079-libxcb-sync1_1.14-2_amd64.deb ...

#5 46.91 Unpacking libxcb-sync1:amd64 (1.14-2) ...

#5 46.97 Selecting previously unselected package libxcb-xfixes0:amd64.

#5 46.97 Preparing to unpack .../080-libxcb-xfixes0_1.14-2_amd64.deb ...

#5 46.98 Unpacking libxcb-xfixes0:amd64 (1.14-2) ...

#5 47.04 Selecting previously unselected package libxfixes3:amd64.

#5 47.04 Preparing to unpack .../081-libxfixes3_1%3a5.0.3-2_amd64.deb ...

#5 47.05 Unpacking libxfixes3:amd64 (1:5.0.3-2) ...

#5 47.11 Selecting previously unselected package libxshmfence1:amd64.

#5 47.11 Preparing to unpack .../082-libxshmfence1_1.3-1_amd64.deb ...

#5 47.13 Unpacking libxshmfence1:amd64 (1.3-1) ...

#5 47.19 Selecting previously unselected package libxxf86vm1:amd64.

#5 47.19 Preparing to unpack .../083-libxxf86vm1_1%3a1.1.4-1build1_amd64.deb ...

#5 47.19 Unpacking libxxf86vm1:amd64 (1:1.1.4-1build1) ...

#5 47.25 Selecting previously unselected package libglx-mesa0:amd64.

#5 47.25 Preparing to unpack .../084-libglx-mesa0_21.2.6-0ubuntu0.1~20.04.2_amd64.deb ...

#5 47.26 Unpacking libglx-mesa0:amd64 (21.2.6-0ubuntu0.1~20.04.2) ...

#5 47.33 Selecting previously unselected package libglx0:amd64.

#5 47.33 Preparing to unpack .../085-libglx0_1.3.2-1~ubuntu0.20.04.2_amd64.deb ...

#5 47.34 Unpacking libglx0:amd64 (1.3.2-1~ubuntu0.20.04.2) ...

#5 47.40 Selecting previously unselected package libgl1:amd64.

#5 47.40 Preparing to unpack .../086-libgl1_1.3.2-1~ubuntu0.20.04.2_amd64.deb ...

#5 47.41 Unpacking libgl1:amd64 (1.3.2-1~ubuntu0.20.04.2) ...

#5 47.46 Selecting previously unselected package libgl1-mesa-glx:amd64.

#5 47.46 Preparing to unpack .../087-libgl1-mesa-glx_21.2.6-0ubuntu0.1~20.04.2_amd64.deb ...

#5 47.47 Unpacking libgl1-mesa-glx:amd64 (21.2.6-0ubuntu0.1~20.04.2) ...

#5 47.53 Selecting previously unselected package libtcmalloc-minimal4:amd64.

#5 47.53 Preparing to unpack .../088-libtcmalloc-minimal4_2.7-1ubuntu2_amd64.deb ...

#5 47.54 Unpacking libtcmalloc-minimal4:amd64 (2.7-1ubuntu2) ...

#5 47.60 Selecting previously unselected package libunwind8:amd64.

#5 47.60 Preparing to unpack .../089-libunwind8_1.2.1-9ubuntu0.1_amd64.deb ...

#5 47.61 Unpacking libunwind8:amd64 (1.2.1-9ubuntu0.1) ...

#5 47.66 Selecting previously unselected package libgoogle-perftools4:amd64.

#5 47.66 Preparing to unpack .../090-libgoogle-perftools4_2.7-1ubuntu2_amd64.deb ...

#5 47.67 Unpacking libgoogle-perftools4:amd64 (2.7-1ubuntu2) ...

#5 47.74 Selecting previously unselected package liblzma-dev:amd64.

#5 47.74 Preparing to unpack .../091-liblzma-dev_5.2.4-1ubuntu1.1_amd64.deb ...

#5 47.75 Unpacking liblzma-dev:amd64 (5.2.4-1ubuntu1.1) ...

#5 47.81 Selecting previously unselected package libunwind-dev:amd64.

#5 47.81 Preparing to unpack .../092-libunwind-dev_1.2.1-9ubuntu0.1_amd64.deb ...

#5 47.82 Unpacking libunwind-dev:amd64 (1.2.1-9ubuntu0.1) ...

#5 47.90 Selecting previously unselected package libgoogle-perftools-dev:amd64.

#5 47.90 Preparing to unpack .../093-libgoogle-perftools-dev_2.7-1ubuntu2_amd64.deb ...

#5 47.91 Unpacking libgoogle-perftools-dev:amd64 (2.7-1ubuntu2) ...

#5 47.99 Selecting previously unselected package libio-pty-perl.

#5 47.99 Preparing to unpack .../094-libio-pty-perl_1%3a1.12-1_amd64.deb ...

#5 48.00 Unpacking libio-pty-perl (1:1.12-1) ...

#5 48.07 Selecting previously unselected package libipc-run-perl.

#5 48.07 Preparing to unpack .../095-libipc-run-perl_20180523.0-2_all.deb ...

#5 48.08 Unpacking libipc-run-perl (20180523.0-2) ...

#5 48.13 Selecting previously unselected package libtime-duration-perl.

#5 48.13 Preparing to unpack .../096-libtime-duration-perl_1.21-1_all.deb ...

#5 48.14 Unpacking libtime-duration-perl (1.21-1) ...

#5 48.18 Selecting previously unselected package libtimedate-perl.

#5 48.18 Preparing to unpack .../097-libtimedate-perl_2.3200-1_all.deb ...

#5 48.19 Unpacking libtimedate-perl (2.3200-1) ...

#5 48.25 Selecting previously unselected package libwayland-client0:amd64.

#5 48.25 Preparing to unpack .../098-libwayland-client0_1.18.0-1ubuntu0.1_amd64.deb ...

#5 48.26 Unpacking libwayland-client0:amd64 (1.18.0-1ubuntu0.1) ...

#5 48.32 Selecting previously unselected package libxcb-randr0:amd64.

#5 48.32 Preparing to unpack .../099-libxcb-randr0_1.14-2_amd64.deb ...

#5 48.32 Unpacking libxcb-randr0:amd64 (1.14-2) ...

#5 48.37 Selecting previously unselected package mesa-vulkan-drivers:amd64.

#5 48.37 Preparing to unpack .../100-mesa-vulkan-drivers_21.2.6-0ubuntu0.1~20.04.2_amd64.deb ...

#5 48.38 Unpacking mesa-vulkan-drivers:amd64 (21.2.6-0ubuntu0.1~20.04.2) ...

#5 48.80 Selecting previously unselected package moreutils.

#5 48.80 Preparing to unpack .../101-moreutils_0.63-1_amd64.deb ...

#5 48.81 Unpacking moreutils (0.63-1) ...

#5 48.85 Selecting previously unselected package patch.

#5 48.86 Preparing to unpack .../102-patch_2.7.6-6_amd64.deb ...

#5 48.86 Unpacking patch (2.7.6-6) ...

#5 48.92 Setting up libexpat1:amd64 (2.2.9-1ubuntu0.6) ...

#5 48.95 Setting up libx11-xcb1:amd64 (2:1.6.9-2ubuntu1.6) ...

#5 48.97 Setting up libpciaccess0:amd64 (0.16-0ubuntu1) ...

#5 49.00 Setting up libxau6:amd64 (1:1.0.9-0ubuntu1) ...

#5 49.02 Setting up libkeyutils1:amd64 (1.6-6ubuntu1.1) ...

#5 49.04 Setting up libpsl5:amd64 (0.21.0-1ubuntu1) ...

#5 49.07 Setting up perl-modules-5.30 (5.30.0-9ubuntu0.5) ...

#5 49.09 Setting up wget (1.20.3-1ubuntu2) ...

#5 49.12 Setting up xdg-user-dirs (0.17-2ubuntu1) ...

#5 49.17 Setting up libglib2.0-0:amd64 (2.64.6-1~ubuntu20.04.6) ...

#5 49.19 No schema files found: doing nothing.

#5 49.20 Setting up libglvnd0:amd64 (1.3.2-1~ubuntu0.20.04.2) ...

#5 49.23 Setting up libbrotli1:amd64 (1.0.7-6ubuntu0.1) ...

#5 49.26 Setting up libsensors-config (1:3.6.0-2ubuntu1.1) ...

#5 49.30 Setting up libtcmalloc-minimal4:amd64 (2.7-1ubuntu2) ...

#5 49.32 Setting up libnghttp2-14:amd64 (1.40.0-1ubuntu0.2) ...

#5 49.35 Setting up less (551-1ubuntu0.1) ...

#5 49.38 Setting up krb5-locales (1.17-6ubuntu4.4) ...

#5 49.41 Setting up libc-ares2:amd64 (1.15.0-1ubuntu0.4) ...

#5 49.44 Setting up libcbor0.6:amd64 (0.6.0-0ubuntu1) ...

#5 49.46 Setting up libunwind8:amd64 (1.2.1-9ubuntu0.1) ...

#5 49.48 Setting up libkrb5support0:amd64 (1.17-6ubuntu4.4) ...

#5 49.51 Setting up tzdata (2023d-0ubuntu0.20.04) ...

#5 49.57 

#5 49.57 Current default time zone: 'Etc/UTC'

#5 49.57 Local time is now:      Thu Feb 15 08:23:04 UTC 2024.

#5 49.57 Universal Time is now:  Thu Feb 15 08:23:04 UTC 2024.

#5 49.57 Run 'dpkg-reconfigure tzdata' if you wish to change it.

#5 49.57 

#5 49.60 Setting up libglib2.0-data (2.64.6-1~ubuntu20.04.6) ...

#5 49.62 Setting up libx11-data (2:1.6.9-2ubuntu1.6) ...

#5 49.65 Setting up librtmp1:amd64 (2.4+20151223.gitfa8646d.1-2build1) ...

#5 49.67 Setting up patch (2.7.6-6) ...

#5 49.70 Setting up fonts-dejavu-core (2.37-1) ...

#5 49.82 Setting up libsensors5:amd64 (1:3.6.0-2ubuntu1.1) ...

#5 49.85 Setting up libk5crypto3:amd64 (1.17-6ubuntu4.4) ...

#5 49.87 Setting up libglapi-mesa:amd64 (21.2.6-0ubuntu0.1~20.04.2) ...

#5 49.90 Setting up libvulkan1:amd64 (1.2.131.2-1) ...

#5 49.92 Setting up liblzma-dev:amd64 (5.2.4-1ubuntu1.1) ...

#5 49.95 Setting up libxshmfence1:amd64 (1.3-1) ...

#5 49.97 Setting up procps (2:3.3.16-1ubuntu2.4) ...

#5 50.11 Setting up git-man (1:2.25.1-1ubuntu3.11) ...

#5 50.13 Setting up libssh2-1:amd64 (1.8.0-2.1ubuntu0.1) ...

#5 50.16 Setting up netbase (6.1) ...

#5 50.22 Setting up libkrb5-3:amd64 (1.17-6ubuntu4.4) ...

#5 50.24 Setting up libfido2-1:amd64 (1.3.1-1ubuntu2) ...

#5 50.27 Setting up libbsd0:amd64 (0.10.0-1) ...

#5 50.30 Setting up libdrm-common (2.4.107-8ubuntu1~20.04.2) ...

#5 50.32 Setting up libelf1:amd64 (0.176-1.1ubuntu0.1) ...

#5 50.35 Setting up publicsuffix (20200303.0012-1) ...

#5 50.37 Setting up libonig5:amd64 (6.9.4-1) ...

#5 50.40 Setting up libgoogle-perftools4:amd64 (2.7-1ubuntu2) ...

#5 50.42 Setting up libgdbm6:amd64 (1.18.1-5) ...

#5 50.44 Setting up libpopt0:amd64 (1.16-14) ...

#5 50.47 Setting up libwayland-client0:amd64 (1.18.0-1ubuntu0.1) ...

#5 50.49 Setting up libxdmcp6:amd64 (1:1.1.3-0ubuntu1) ...

#5 50.52 Setting up libxcb1:amd64 (1.14-2) ...

#5 50.54 Setting up libxcb-xfixes0:amd64 (1.14-2) ...

#5 50.57 Setting up libunwind-dev:amd64 (1.2.1-9ubuntu0.1) ...

#5 50.59 Setting up libjq1:amd64 (1.6-1ubuntu0.20.04.1) ...

#5 50.61 Setting up libicu66:amd64 (66.1-2ubuntu2.1) ...

#5 50.64 Setting up libxcb-glx0:amd64 (1.14-2) ...

#5 50.67 Setting up libgoogle-perftools-dev:amd64 (2.7-1ubuntu2) ...

#5 50.69 Setting up libedit2:amd64 (3.1-20191231-1) ...

#5 50.71 Setting up libxcb-shm0:amd64 (1.14-2) ...

#5 50.74 Setting up libxcb-present0:amd64 (1.14-2) ...

#5 50.76 Setting up libxcb-sync1:amd64 (1.14-2) ...

#5 50.79 Setting up libllvm12:amd64 (1:12.0.0-3ubuntu1~20.04.5) ...

#5 50.81 Setting up libgssapi-krb5-2:amd64 (1.17-6ubuntu4.4) ...

#5 50.84 Setting up libgdbm-compat4:amd64 (1.18.1-5) ...

#5 50.86 Setting up libssh-4:amd64 (0.9.3-2ubuntu2.5) ...

#5 50.88 Setting up libxcb-dri2-0:amd64 (1.14-2) ...

#5 50.91 Setting up libdrm2:amd64 (2.4.107-8ubuntu1~20.04.2) ...

#5 50.93 Setting up libxcb-randr0:amd64 (1.14-2) ...

#5 50.96 Setting up jq (1.6-1ubuntu0.20.04.1) ...

#5 50.98 Setting up libperl5.30:amd64 (5.30.0-9ubuntu0.5) ...

#5 51.01 Setting up libcurl4:amd64 (7.68.0-1ubuntu2.21) ...

#5 51.03 Setting up libx11-6:amd64 (2:1.6.9-2ubuntu1.6) ...

#5 51.05 Setting up curl (7.68.0-1ubuntu2.21) ...

#5 51.08 Setting up libxml2:amd64 (2.9.10+dfsg-5ubuntu0.20.04.6) ...

#5 51.12 Setting up libxmuu1:amd64 (2:1.1.3-0ubuntu1) ...

#5 51.14 Setting up rsync (3.1.3-8ubuntu0.7) ...

#5 51.18 invoke-rc.d: could not determine current runlevel

#5 51.18 invoke-rc.d: policy-rc.d denied execution of start.

#5 51.26 Setting up libdrm-amdgpu1:amd64 (2.4.107-8ubuntu1~20.04.2) ...

#5 51.28 Setting up libxcb-dri3-0:amd64 (1.14-2) ...

#5 51.30 Setting up mesa-vulkan-drivers:amd64 (21.2.6-0ubuntu0.1~20.04.2) ...

#5 51.33 Setting up libdrm-nouveau2:amd64 (2.4.107-8ubuntu1~20.04.2) ...

#5 51.36 Setting up libaria2-0:amd64 (1.35.0-1build1) ...

#5 51.38 Setting up aria2 (1.35.0-1build1) ...

#5 51.40 Setting up libdrm-radeon1:amd64 (2.4.107-8ubuntu1~20.04.2) ...

#5 51.43 Setting up openssh-client (1:8.2p1-4ubuntu0.11) ...

#5 51.53 Setting up libdrm-intel1:amd64 (2.4.107-8ubuntu1~20.04.2) ...

#5 51.55 Setting up libgl1-mesa-dri:amd64 (21.2.6-0ubuntu0.1~20.04.2) ...

#5 51.58 Setting up libxext6:amd64 (2:1.3.4-0ubuntu1) ...

#5 51.60 Setting up libcurl3-gnutls:amd64 (7.68.0-1ubuntu2.21) ...

#5 51.63 Setting up libxxf86vm1:amd64 (1:1.1.4-1build1) ...

#5 51.65 Setting up perl (5.30.0-9ubuntu0.5) ...

#5 51.69 Setting up libxfixes3:amd64 (1:5.0.3-2) ...

#5 51.71 Setting up shared-mime-info (1.15-1) ...

#5 55.20 Setting up libtime-duration-perl (1.21-1) ...

#5 55.22 Setting up libtimedate-perl (2.3200-1) ...

#5 55.25 Setting up xauth (1:1.1-0ubuntu1) ...

#5 55.27 Setting up libglx-mesa0:amd64 (21.2.6-0ubuntu0.1~20.04.2) ...

#5 55.30 Setting up libglx0:amd64 (1.3.2-1~ubuntu0.20.04.2) ...

#5 55.32 Setting up libio-pty-perl (1:1.12-1) ...

#5 55.34 Setting up liberror-perl (0.17029-1) ...

#5 55.37 Setting up libgl1:amd64 (1.3.2-1~ubuntu0.20.04.2) ...

#5 55.39 Setting up libipc-run-perl (20180523.0-2) ...

#5 55.42 Setting up git (1:2.25.1-1ubuntu3.11) ...

#5 55.46 Setting up libgl1-mesa-glx:amd64 (21.2.6-0ubuntu0.1~20.04.2) ...

#5 55.49 Setting up moreutils (0.63-1) ...

#5 55.51 Processing triggers for libc-bin (2.31-0ubuntu9.12) ...

#5 55.62 Reading package lists...
#5 56.17 Building dependency tree...
#5 56.29 Reading state information...
#5 56.40 0 upgraded, 0 newly installed, 0 to remove and 22 not upgraded.
#5 DONE 56.6s

#7 [stage-0  3/27] RUN apt-get update &&     apt-get install -y build-essential zlib1g-dev libncurses5-dev libgdbm-dev libnss3-dev libssl-dev libreadline-dev libffi-dev libsqlite3-dev wget libbz2-dev &&     wget https://www.python.org/ftp/python/3.10.9/Python-3.10.9.tar.xz &&     tar -xf Python-3.10.9.tar.xz &&     cd Python-3.10.9 &&     ./configure --enable-optimizations &&     make -j$(nproc) &&     make altinstall &&     cd .. &&     rm -rf Python-3.10.9 Python-3.10.9.tar.xz &&     apt-get install -y python3-pip &&     ln -s /usr/local/bin/pip3.10 /usr/local/bin/pip &&     python3.10 --version     pip --version
#7 0.451 Get:1 https://developer.download.nvidia.com/compute/cuda/repos/ubuntu2004/x86_64  InRelease [1581 B]
#7 0.489 Get:2 http://security.ubuntu.com/ubuntu focal-security InRelease [114 kB]
#7 0.504 Get:3 https://developer.download.nvidia.com/compute/cuda/repos/ubuntu2004/x86_64  Packages [1352 kB]
#7 0.528 Get:4 http://archive.ubuntu.com/ubuntu focal InRelease [265 kB]
#7 0.660 Get:5 http://security.ubuntu.com/ubuntu focal-security/main amd64 Packages [3372 kB]
#7 0.668 Get:6 http://archive.ubuntu.com/ubuntu focal-updates InRelease [114 kB]
#7 0.785 Get:7 http://archive.ubuntu.com/ubuntu focal-backports InRelease [108 kB]
#7 0.900 Get:8 http://archive.ubuntu.com/ubuntu focal/main amd64 Packages [1275 kB]
#7 1.392 Get:9 http://archive.ubuntu.com/ubuntu focal/multiverse amd64 Packages [177 kB]
#7 1.535 Get:10 http://archive.ubuntu.com/ubuntu focal/universe amd64 Packages [11.3 MB]
#7 2.007 Get:11 http://security.ubuntu.com/ubuntu focal-security/restricted amd64 Packages [3258 kB]
#7 2.243 Get:12 http://security.ubuntu.com/ubuntu focal-security/universe amd64 Packages [1176 kB]
#7 2.739 Get:13 http://security.ubuntu.com/ubuntu focal-security/multiverse amd64 Packages [29.7 kB]
#7 5.835 Get:14 http://archive.ubuntu.com/ubuntu focal/restricted amd64 Packages [33.4 kB]
#7 5.922 Get:15 http://archive.ubuntu.com/ubuntu focal-updates/multiverse amd64 Packages [32.4 kB]
#7 6.001 Get:16 http://archive.ubuntu.com/ubuntu focal-updates/main amd64 Packages [3850 kB]
#7 7.330 Get:17 http://archive.ubuntu.com/ubuntu focal-updates/restricted amd64 Packages [3407 kB]
#7 7.591 Get:18 http://archive.ubuntu.com/ubuntu focal-updates/universe amd64 Packages [1473 kB]
#7 7.798 Get:19 http://archive.ubuntu.com/ubuntu focal-backports/main amd64 Packages [55.2 kB]
#7 7.896 Get:20 http://archive.ubuntu.com/ubuntu focal-backports/universe amd64 Packages [28.6 kB]
#7 7.929 Fetched 31.5 MB in 8s (4166 kB/s)
#7 7.929 Reading package lists...
#7 8.533 Reading package lists...
#7 9.104 Building dependency tree...
#7 9.223 Reading state information...
#7 9.326 wget is already the newest version (1.20.3-1ubuntu2).
#7 9.326 The following additional packages will be installed:
#7 9.326   binutils binutils-common binutils-x86-64-linux-gnu bzip2-doc cpp cpp-9
#7 9.326   dpkg-dev fakeroot g++ g++-9 gcc gcc-9 gcc-9-base libalgorithm-diff-perl
#7 9.326   libalgorithm-diff-xs-perl libalgorithm-merge-perl libasan5 libatomic1
#7 9.326   libbinutils libc-dev-bin libc6 libc6-dev libcc1-0 libcrypt-dev libctf-nobfd0
#7 9.326   libctf0 libdpkg-perl libfakeroot libfile-fcntllock-perl libgcc-9-dev
#7 9.326   libgomp1 libisl22 libitm1 liblocale-gettext-perl liblsan0 libmpc3 libmpfr6
#7 9.326   libncurses-dev libnspr4 libnspr4-dev libnss3 libquadmath0 libsqlite3-0
#7 9.326   libssl1.1 libstdc++-9-dev libtsan0 libubsan1 linux-libc-dev make manpages
#7 9.326   manpages-dev xz-utils
#7 9.327 Suggested packages:
#7 9.327   binutils-doc cpp-doc gcc-9-locales debian-keyring g++-multilib
#7 9.327   g++-9-multilib gcc-9-doc gcc-multilib autoconf automake libtool flex bison
#7 9.327   gdb gcc-doc gcc-9-multilib glibc-doc locales bzr ncurses-doc readline-doc
#7 9.327   sqlite3-doc libssl-doc libstdc++-9-doc make-doc man-browser
#7 9.381 The following NEW packages will be installed:
#7 9.381   binutils binutils-common binutils-x86-64-linux-gnu build-essential bzip2-doc
#7 9.381   cpp cpp-9 dpkg-dev fakeroot g++ g++-9 gcc gcc-9 gcc-9-base
#7 9.381   libalgorithm-diff-perl libalgorithm-diff-xs-perl libalgorithm-merge-perl
#7 9.381   libasan5 libatomic1 libbinutils libbz2-dev libc-dev-bin libc6-dev libcc1-0
#7 9.381   libcrypt-dev libctf-nobfd0 libctf0 libdpkg-perl libfakeroot libffi-dev
#7 9.381   libfile-fcntllock-perl libgcc-9-dev libgdbm-dev libgomp1 libisl22 libitm1
#7 9.381   liblocale-gettext-perl liblsan0 libmpc3 libmpfr6 libncurses-dev
#7 9.381   libncurses5-dev libnspr4 libnspr4-dev libnss3 libnss3-dev libquadmath0
#7 9.381   libreadline-dev libsqlite3-dev libssl-dev libstdc++-9-dev libtsan0 libubsan1
#7 9.382   linux-libc-dev make manpages manpages-dev xz-utils zlib1g-dev
#7 9.382 The following packages will be upgraded:
#7 9.382   libc6 libsqlite3-0 libssl1.1
#7 9.440 3 upgraded, 59 newly installed, 0 to remove and 19 not upgraded.
#7 9.440 Need to get 57.1 MB of archives.
#7 9.440 After this operation, 228 MB of additional disk space will be used.
#7 9.440 Get:1 http://archive.ubuntu.com/ubuntu focal-updates/main amd64 libc6 amd64 2.31-0ubuntu9.14 [2725 kB]
#7 10.42 Get:2 http://archive.ubuntu.com/ubuntu focal/main amd64 liblocale-gettext-perl amd64 1.07-4 [17.1 kB]
#7 10.49 Get:3 http://archive.ubuntu.com/ubuntu focal-updates/main amd64 libsqlite3-0 amd64 3.31.1-4ubuntu0.6 [549 kB]
#7 10.66 Get:4 http://archive.ubuntu.com/ubuntu focal-updates/main amd64 libssl1.1 amd64 1.1.1f-1ubuntu2.21 [1321 kB]
#7 11.26 Get:5 http://archive.ubuntu.com/ubuntu focal-updates/main amd64 xz-utils amd64 5.2.4-1ubuntu1.1 [82.6 kB]
#7 11.36 Get:6 http://archive.ubuntu.com/ubuntu focal/main amd64 manpages all 5.05-1 [1314 kB]
#7 11.88 Get:7 http://archive.ubuntu.com/ubuntu focal-updates/main amd64 binutils-common amd64 2.34-6ubuntu1.8 [208 kB]
#7 12.03 Get:8 http://archive.ubuntu.com/ubuntu focal-updates/main amd64 libbinutils amd64 2.34-6ubuntu1.8 [475 kB]
#7 12.27 Get:9 http://archive.ubuntu.com/ubuntu focal-updates/main amd64 libctf-nobfd0 amd64 2.34-6ubuntu1.8 [48.1 kB]
#7 12.36 Get:10 http://archive.ubuntu.com/ubuntu focal-updates/main amd64 libctf0 amd64 2.34-6ubuntu1.8 [46.7 kB]
#7 12.45 Get:11 http://archive.ubuntu.com/ubuntu focal-updates/main amd64 binutils-x86-64-linux-gnu amd64 2.34-6ubuntu1.8 [1614 kB]
#7 12.68 Get:12 http://archive.ubuntu.com/ubuntu focal-updates/main amd64 binutils amd64 2.34-6ubuntu1.8 [3384 B]
#7 12.73 Get:13 http://archive.ubuntu.com/ubuntu focal-updates/main amd64 libc-dev-bin amd64 2.31-0ubuntu9.14 [71.8 kB]
#7 12.83 Get:14 http://archive.ubuntu.com/ubuntu focal-updates/main amd64 linux-libc-dev amd64 5.4.0-171.189 [1131 kB]
#7 13.03 Get:15 http://archive.ubuntu.com/ubuntu focal/main amd64 libcrypt-dev amd64 1:4.4.10-10ubuntu4 [104 kB]
#7 13.15 Get:16 http://archive.ubuntu.com/ubuntu focal-updates/main amd64 libc6-dev amd64 2.31-0ubuntu9.14 [2519 kB]
#7 13.39 Get:17 http://archive.ubuntu.com/ubuntu focal-updates/main amd64 gcc-9-base amd64 9.4.0-1ubuntu1~20.04.2 [18.9 kB]
#7 13.47 Get:18 http://archive.ubuntu.com/ubuntu focal/main amd64 libisl22 amd64 0.22.1-1 [592 kB]
#7 13.78 Get:19 http://archive.ubuntu.com/ubuntu focal/main amd64 libmpfr6 amd64 4.0.2-1 [240 kB]
#7 13.94 Get:20 http://archive.ubuntu.com/ubuntu focal/main amd64 libmpc3 amd64 1.1.0-1 [40.8 kB]
#7 14.03 Get:21 http://archive.ubuntu.com/ubuntu focal-updates/main amd64 cpp-9 amd64 9.4.0-1ubuntu1~20.04.2 [7502 kB]
#7 14.41 Get:22 http://archive.ubuntu.com/ubuntu focal/main amd64 cpp amd64 4:9.3.0-1ubuntu2 [27.6 kB]
#7 14.49 Get:23 http://archive.ubuntu.com/ubuntu focal-updates/main amd64 libcc1-0 amd64 10.5.0-1ubuntu1~20.04 [48.8 kB]
#7 14.58 Get:24 http://archive.ubuntu.com/ubuntu focal-updates/main amd64 libgomp1 amd64 10.5.0-1ubuntu1~20.04 [102 kB]
#7 14.71 Get:25 http://archive.ubuntu.com/ubuntu focal-updates/main amd64 libitm1 amd64 10.5.0-1ubuntu1~20.04 [26.2 kB]
#7 14.79 Get:26 http://archive.ubuntu.com/ubuntu focal-updates/main amd64 libatomic1 amd64 10.5.0-1ubuntu1~20.04 [9284 B]
#7 14.84 Get:27 http://archive.ubuntu.com/ubuntu focal-updates/main amd64 libasan5 amd64 9.4.0-1ubuntu1~20.04.2 [2752 kB]
#7 15.97 Get:28 http://archive.ubuntu.com/ubuntu focal-updates/main amd64 liblsan0 amd64 10.5.0-1ubuntu1~20.04 [835 kB]
#7 16.34 Get:29 http://archive.ubuntu.com/ubuntu focal-updates/main amd64 libtsan0 amd64 10.5.0-1ubuntu1~20.04 [2016 kB]
#7 17.06 Get:30 http://archive.ubuntu.com/ubuntu focal-updates/main amd64 libubsan1 amd64 10.5.0-1ubuntu1~20.04 [785 kB]
#7 17.24 Get:31 http://archive.ubuntu.com/ubuntu focal-updates/main amd64 libquadmath0 amd64 10.5.0-1ubuntu1~20.04 [146 kB]
#7 17.38 Get:32 http://archive.ubuntu.com/ubuntu focal-updates/main amd64 libgcc-9-dev amd64 9.4.0-1ubuntu1~20.04.2 [2359 kB]
#7 17.58 Get:33 http://archive.ubuntu.com/ubuntu focal-updates/main amd64 gcc-9 amd64 9.4.0-1ubuntu1~20.04.2 [8276 kB]
#7 17.93 Get:34 http://archive.ubuntu.com/ubuntu focal/main amd64 gcc amd64 4:9.3.0-1ubuntu2 [5208 B]
#7 17.97 Get:35 http://archive.ubuntu.com/ubuntu focal-updates/main amd64 libstdc++-9-dev amd64 9.4.0-1ubuntu1~20.04.2 [1722 kB]
#7 18.63 Get:36 http://archive.ubuntu.com/ubuntu focal-updates/main amd64 g++-9 amd64 9.4.0-1ubuntu1~20.04.2 [8421 kB]
#7 19.13 Get:37 http://archive.ubuntu.com/ubuntu focal/main amd64 g++ amd64 4:9.3.0-1ubuntu2 [1604 B]
#7 19.33 Get:38 http://archive.ubuntu.com/ubuntu focal/main amd64 make amd64 4.2.1-1.2 [162 kB]
#7 19.89 Get:39 http://archive.ubuntu.com/ubuntu focal-updates/main amd64 libdpkg-perl all 1.19.7ubuntu3.2 [231 kB]
#7 20.49 Get:40 http://archive.ubuntu.com/ubuntu focal-updates/main amd64 dpkg-dev all 1.19.7ubuntu3.2 [679 kB]
#7 21.27 Get:41 http://archive.ubuntu.com/ubuntu focal-updates/main amd64 build-essential amd64 12.8ubuntu1.1 [4664 B]
#7 21.46 Get:42 http://archive.ubuntu.com/ubuntu focal/main amd64 bzip2-doc all 1.0.8-2 [501 kB]
#7 22.17 Get:43 http://archive.ubuntu.com/ubuntu focal/main amd64 libfakeroot amd64 1.24-1 [25.7 kB]
#7 22.47 Get:44 http://archive.ubuntu.com/ubuntu focal/main amd64 fakeroot amd64 1.24-1 [62.6 kB]
#7 22.89 Get:45 http://archive.ubuntu.com/ubuntu focal/main amd64 libalgorithm-diff-perl all 1.19.03-2 [46.6 kB]
#7 23.28 Get:46 http://archive.ubuntu.com/ubuntu focal/main amd64 libalgorithm-diff-xs-perl amd64 0.04-6 [11.3 kB]
#7 23.48 Get:47 http://archive.ubuntu.com/ubuntu focal/main amd64 libalgorithm-merge-perl all 0.08-3 [12.0 kB]
#7 23.67 Get:48 http://archive.ubuntu.com/ubuntu focal/main amd64 libbz2-dev amd64 1.0.8-2 [30.2 kB]
#7 23.98 Get:49 http://archive.ubuntu.com/ubuntu focal/main amd64 libfile-fcntllock-perl amd64 0.22-3build4 [33.1 kB]
#7 24.32 Get:50 http://archive.ubuntu.com/ubuntu focal/main amd64 libgdbm-dev amd64 1.18.1-5 [83.4 kB]
#7 24.78 Get:51 http://archive.ubuntu.com/ubuntu focal-updates/main amd64 libncurses-dev amd64 6.2-0ubuntu2.1 [340 kB]
#7 25.43 Get:52 http://archive.ubuntu.com/ubuntu focal-updates/main amd64 libncurses5-dev amd64 6.2-0ubuntu2.1 [984 B]
#7 25.61 Get:53 http://archive.ubuntu.com/ubuntu focal/main amd64 libnspr4 amd64 2:4.25-1 [107 kB]
#7 26.10 Get:54 http://archive.ubuntu.com/ubuntu focal/main amd64 libnspr4-dev amd64 2:4.25-1 [206 kB]
#7 26.70 Get:55 http://archive.ubuntu.com/ubuntu focal-updates/main amd64 libnss3 amd64 2:3.49.1-1ubuntu1.9 [1256 kB]
#7 27.52 Get:56 http://archive.ubuntu.com/ubuntu focal-updates/main amd64 libnss3-dev amd64 2:3.49.1-1ubuntu1.9 [231 kB]
#7 28.13 Get:57 http://archive.ubuntu.com/ubuntu focal/main amd64 libreadline-dev amd64 8.0-4 [141 kB]
#7 28.66 Get:58 http://archive.ubuntu.com/ubuntu focal-updates/main amd64 libsqlite3-dev amd64 3.31.1-4ubuntu0.6 [696 kB]
#7 29.43 Get:59 http://archive.ubuntu.com/ubuntu focal-updates/main amd64 libssl-dev amd64 1.1.1f-1ubuntu2.21 [1585 kB]
#7 30.28 Get:60 http://archive.ubuntu.com/ubuntu focal/main amd64 manpages-dev all 5.05-1 [2266 kB]
#7 31.22 Get:61 http://archive.ubuntu.com/ubuntu focal-updates/main amd64 zlib1g-dev amd64 1:1.2.11.dfsg-2ubuntu1.5 [155 kB]
#7 31.76 Get:62 http://archive.ubuntu.com/ubuntu focal/main amd64 libffi-dev amd64 3.3-4 [57.0 kB]
#7 32.06 debconf: delaying package configuration, since apt-utils is not installed
#7 32.08 Fetched 57.1 MB in 23s (2527 kB/s)
#7 32.17 (Reading database ... 
(Reading database ... 5%
(Reading database ... 10%
(Reading database ... 15%
(Reading database ... 20%
(Reading database ... 25%
(Reading database ... 30%
(Reading database ... 35%
(Reading database ... 40%
(Reading database ... 45%
(Reading database ... 50%
(Reading database ... 55%
(Reading database ... 60%
(Reading database ... 65%
(Reading database ... 70%
(Reading database ... 75%
(Reading database ... 80%
(Reading database ... 85%
(Reading database ... 90%
(Reading database ... 95%
(Reading database ... 100%
(Reading database ... 11417 files and directories currently installed.)

#7 32.18 Preparing to unpack .../libc6_2.31-0ubuntu9.14_amd64.deb ...

#7 32.28 Unpacking libc6:amd64 (2.31-0ubuntu9.14) over (2.31-0ubuntu9.12) ...

#7 33.72 Setting up libc6:amd64 (2.31-0ubuntu9.14) ...

#7 34.85 Selecting previously unselected package liblocale-gettext-perl.

#7 34.85 (Reading database ... 
(Reading database ... 5%
(Reading database ... 10%
(Reading database ... 15%
(Reading database ... 20%
(Reading database ... 25%
(Reading database ... 30%
(Reading database ... 35%
(Reading database ... 40%
(Reading database ... 45%
(Reading database ... 50%
(Reading database ... 55%
(Reading database ... 60%
(Reading database ... 65%
(Reading database ... 70%
(Reading database ... 75%
(Reading database ... 80%
(Reading database ... 85%
(Reading database ... 90%
(Reading database ... 95%
(Reading database ... 100%
(Reading database ... 11417 files and directories currently installed.)

#7 34.85 Preparing to unpack .../00-liblocale-gettext-perl_1.07-4_amd64.deb ...

#7 34.86 Unpacking liblocale-gettext-perl (1.07-4) ...

#7 34.91 Preparing to unpack .../01-libsqlite3-0_3.31.1-4ubuntu0.6_amd64.deb ...

#7 34.94 Unpacking libsqlite3-0:amd64 (3.31.1-4ubuntu0.6) over (3.31.1-4ubuntu0.5) ...

#7 35.07 Preparing to unpack .../02-libssl1.1_1.1.1f-1ubuntu2.21_amd64.deb ...

#7 35.09 Unpacking libssl1.1:amd64 (1.1.1f-1ubuntu2.21) over (1.1.1f-1ubuntu2.20) ...

#7 35.28 Selecting previously unselected package xz-utils.

#7 35.28 Preparing to unpack .../03-xz-utils_5.2.4-1ubuntu1.1_amd64.deb ...

#7 35.29 Unpacking xz-utils (5.2.4-1ubuntu1.1) ...

#7 35.34 Selecting previously unselected package manpages.

#7 35.34 Preparing to unpack .../04-manpages_5.05-1_all.deb ...

#7 35.35 Unpacking manpages (5.05-1) ...

#7 35.45 Selecting previously unselected package binutils-common:amd64.

#7 35.46 Preparing to unpack .../05-binutils-common_2.34-6ubuntu1.8_amd64.deb ...

#7 35.46 Unpacking binutils-common:amd64 (2.34-6ubuntu1.8) ...

#7 35.53 Selecting previously unselected package libbinutils:amd64.

#7 35.53 Preparing to unpack .../06-libbinutils_2.34-6ubuntu1.8_amd64.deb ...

#7 35.54 Unpacking libbinutils:amd64 (2.34-6ubuntu1.8) ...

#7 35.62 Selecting previously unselected package libctf-nobfd0:amd64.

#7 35.62 Preparing to unpack .../07-libctf-nobfd0_2.34-6ubuntu1.8_amd64.deb ...

#7 35.63 Unpacking libctf-nobfd0:amd64 (2.34-6ubuntu1.8) ...

#7 35.69 Selecting previously unselected package libctf0:amd64.

#7 35.69 Preparing to unpack .../08-libctf0_2.34-6ubuntu1.8_amd64.deb ...

#7 35.70 Unpacking libctf0:amd64 (2.34-6ubuntu1.8) ...

#7 35.75 Selecting previously unselected package binutils-x86-64-linux-gnu.

#7 35.75 Preparing to unpack .../09-binutils-x86-64-linux-gnu_2.34-6ubuntu1.8_amd64.deb ...

#7 35.76 Unpacking binutils-x86-64-linux-gnu (2.34-6ubuntu1.8) ...

#7 35.92 Selecting previously unselected package binutils.

#7 35.92 Preparing to unpack .../10-binutils_2.34-6ubuntu1.8_amd64.deb ...

#7 35.93 Unpacking binutils (2.34-6ubuntu1.8) ...

#7 35.97 Selecting previously unselected package libc-dev-bin.

#7 35.97 Preparing to unpack .../11-libc-dev-bin_2.31-0ubuntu9.14_amd64.deb ...

#7 35.98 Unpacking libc-dev-bin (2.31-0ubuntu9.14) ...

#7 36.03 Selecting previously unselected package linux-libc-dev:amd64.

#7 36.03 Preparing to unpack .../12-linux-libc-dev_5.4.0-171.189_amd64.deb ...

#7 36.04 Unpacking linux-libc-dev:amd64 (5.4.0-171.189) ...

#7 36.17 Selecting previously unselected package libcrypt-dev:amd64.

#7 36.17 Preparing to unpack .../13-libcrypt-dev_1%3a4.4.10-10ubuntu4_amd64.deb ...

#7 36.17 Unpacking libcrypt-dev:amd64 (1:4.4.10-10ubuntu4) ...

#7 36.23 Selecting previously unselected package libc6-dev:amd64.

#7 36.23 Preparing to unpack .../14-libc6-dev_2.31-0ubuntu9.14_amd64.deb ...

#7 36.24 Unpacking libc6-dev:amd64 (2.31-0ubuntu9.14) ...

#7 36.47 Selecting previously unselected package gcc-9-base:amd64.

#7 36.47 Preparing to unpack .../15-gcc-9-base_9.4.0-1ubuntu1~20.04.2_amd64.deb ...

#7 36.48 Unpacking gcc-9-base:amd64 (9.4.0-1ubuntu1~20.04.2) ...

#7 36.54 Selecting previously unselected package libisl22:amd64.

#7 36.54 Preparing to unpack .../16-libisl22_0.22.1-1_amd64.deb ...

#7 36.55 Unpacking libisl22:amd64 (0.22.1-1) ...

#7 36.64 Selecting previously unselected package libmpfr6:amd64.

#7 36.64 Preparing to unpack .../17-libmpfr6_4.0.2-1_amd64.deb ...

#7 36.65 Unpacking libmpfr6:amd64 (4.0.2-1) ...

#7 36.72 Selecting previously unselected package libmpc3:amd64.

#7 36.72 Preparing to unpack .../18-libmpc3_1.1.0-1_amd64.deb ...

#7 36.73 Unpacking libmpc3:amd64 (1.1.0-1) ...

#7 36.78 Selecting previously unselected package cpp-9.

#7 36.78 Preparing to unpack .../19-cpp-9_9.4.0-1ubuntu1~20.04.2_amd64.deb ...

#7 36.79 Unpacking cpp-9 (9.4.0-1ubuntu1~20.04.2) ...

#7 37.29 Selecting previously unselected package cpp.

#7 37.29 Preparing to unpack .../20-cpp_4%3a9.3.0-1ubuntu2_amd64.deb ...

#7 37.30 Unpacking cpp (4:9.3.0-1ubuntu2) ...

#7 37.36 Selecting previously unselected package libcc1-0:amd64.

#7 37.36 Preparing to unpack .../21-libcc1-0_10.5.0-1ubuntu1~20.04_amd64.deb ...

#7 37.37 Unpacking libcc1-0:amd64 (10.5.0-1ubuntu1~20.04) ...

#7 37.44 Selecting previously unselected package libgomp1:amd64.

#7 37.44 Preparing to unpack .../22-libgomp1_10.5.0-1ubuntu1~20.04_amd64.deb ...

#7 37.45 Unpacking libgomp1:amd64 (10.5.0-1ubuntu1~20.04) ...

#7 37.51 Selecting previously unselected package libitm1:amd64.

#7 37.51 Preparing to unpack .../23-libitm1_10.5.0-1ubuntu1~20.04_amd64.deb ...

#7 37.52 Unpacking libitm1:amd64 (10.5.0-1ubuntu1~20.04) ...

#7 37.58 Selecting previously unselected package libatomic1:amd64.

#7 37.58 Preparing to unpack .../24-libatomic1_10.5.0-1ubuntu1~20.04_amd64.deb ...

#7 37.59 Unpacking libatomic1:amd64 (10.5.0-1ubuntu1~20.04) ...

#7 37.65 Selecting previously unselected package libasan5:amd64.

#7 37.65 Preparing to unpack .../25-libasan5_9.4.0-1ubuntu1~20.04.2_amd64.deb ...

#7 37.66 Unpacking libasan5:amd64 (9.4.0-1ubuntu1~20.04.2) ...

#7 37.92 Selecting previously unselected package liblsan0:amd64.

#7 37.92 Preparing to unpack .../26-liblsan0_10.5.0-1ubuntu1~20.04_amd64.deb ...

#7 37.93 Unpacking liblsan0:amd64 (10.5.0-1ubuntu1~20.04) ...

#7 38.04 Selecting previously unselected package libtsan0:amd64.

#7 38.04 Preparing to unpack .../27-libtsan0_10.5.0-1ubuntu1~20.04_amd64.deb ...

#7 38.05 Unpacking libtsan0:amd64 (10.5.0-1ubuntu1~20.04) ...

#7 38.24 Selecting previously unselected package libubsan1:amd64.

#7 38.24 Preparing to unpack .../28-libubsan1_10.5.0-1ubuntu1~20.04_amd64.deb ...

#7 38.25 Unpacking libubsan1:amd64 (10.5.0-1ubuntu1~20.04) ...

#7 38.36 Selecting previously unselected package libquadmath0:amd64.

#7 38.36 Preparing to unpack .../29-libquadmath0_10.5.0-1ubuntu1~20.04_amd64.deb ...

#7 38.37 Unpacking libquadmath0:amd64 (10.5.0-1ubuntu1~20.04) ...

#7 38.42 Selecting previously unselected package libgcc-9-dev:amd64.

#7 38.43 Preparing to unpack .../30-libgcc-9-dev_9.4.0-1ubuntu1~20.04.2_amd64.deb ...

#7 38.43 Unpacking libgcc-9-dev:amd64 (9.4.0-1ubuntu1~20.04.2) ...

#7 38.62 Selecting previously unselected package gcc-9.

#7 38.62 Preparing to unpack .../31-gcc-9_9.4.0-1ubuntu1~20.04.2_amd64.deb ...

#7 38.63 Unpacking gcc-9 (9.4.0-1ubuntu1~20.04.2) ...

#7 39.16 Selecting previously unselected package gcc.

#7 39.16 Preparing to unpack .../32-gcc_4%3a9.3.0-1ubuntu2_amd64.deb ...

#7 39.16 Unpacking gcc (4:9.3.0-1ubuntu2) ...

#7 39.21 Selecting previously unselected package libstdc++-9-dev:amd64.

#7 39.21 Preparing to unpack .../33-libstdc++-9-dev_9.4.0-1ubuntu1~20.04.2_amd64.deb ...

#7 39.22 Unpacking libstdc++-9-dev:amd64 (9.4.0-1ubuntu1~20.04.2) ...

#7 39.40 Selecting previously unselected package g++-9.

#7 39.40 Preparing to unpack .../34-g++-9_9.4.0-1ubuntu1~20.04.2_amd64.deb ...

#7 39.41 Unpacking g++-9 (9.4.0-1ubuntu1~20.04.2) ...

#7 39.94 Selecting previously unselected package g++.

#7 39.94 Preparing to unpack .../35-g++_4%3a9.3.0-1ubuntu2_amd64.deb ...

#7 39.95 Unpacking g++ (4:9.3.0-1ubuntu2) ...

#7 40.00 Selecting previously unselected package make.

#7 40.00 Preparing to unpack .../36-make_4.2.1-1.2_amd64.deb ...

#7 40.01 Unpacking make (4.2.1-1.2) ...

#7 40.06 Selecting previously unselected package libdpkg-perl.

#7 40.06 Preparing to unpack .../37-libdpkg-perl_1.19.7ubuntu3.2_all.deb ...

#7 40.07 Unpacking libdpkg-perl (1.19.7ubuntu3.2) ...

#7 40.14 Selecting previously unselected package dpkg-dev.

#7 40.14 Preparing to unpack .../38-dpkg-dev_1.19.7ubuntu3.2_all.deb ...

#7 40.14 Unpacking dpkg-dev (1.19.7ubuntu3.2) ...

#7 40.23 Selecting previously unselected package build-essential.

#7 40.23 Preparing to unpack .../39-build-essential_12.8ubuntu1.1_amd64.deb ...

#7 40.24 Unpacking build-essential (12.8ubuntu1.1) ...

#7 40.29 Selecting previously unselected package bzip2-doc.

#7 40.29 Preparing to unpack .../40-bzip2-doc_1.0.8-2_all.deb ...

#7 40.30 Unpacking bzip2-doc (1.0.8-2) ...

#7 40.37 Selecting previously unselected package libfakeroot:amd64.

#7 40.37 Preparing to unpack .../41-libfakeroot_1.24-1_amd64.deb ...

#7 40.38 Unpacking libfakeroot:amd64 (1.24-1) ...

#7 40.44 Selecting previously unselected package fakeroot.

#7 40.44 Preparing to unpack .../42-fakeroot_1.24-1_amd64.deb ...

#7 40.44 Unpacking fakeroot (1.24-1) ...

#7 40.49 Selecting previously unselected package libalgorithm-diff-perl.

#7 40.49 Preparing to unpack .../43-libalgorithm-diff-perl_1.19.03-2_all.deb ...

#7 40.50 Unpacking libalgorithm-diff-perl (1.19.03-2) ...

#7 40.55 Selecting previously unselected package libalgorithm-diff-xs-perl.

#7 40.55 Preparing to unpack .../44-libalgorithm-diff-xs-perl_0.04-6_amd64.deb ...

#7 40.56 Unpacking libalgorithm-diff-xs-perl (0.04-6) ...

#7 40.61 Selecting previously unselected package libalgorithm-merge-perl.

#7 40.61 Preparing to unpack .../45-libalgorithm-merge-perl_0.08-3_all.deb ...

#7 40.62 Unpacking libalgorithm-merge-perl (0.08-3) ...

#7 40.66 Selecting previously unselected package libbz2-dev:amd64.

#7 40.67 Preparing to unpack .../46-libbz2-dev_1.0.8-2_amd64.deb ...

#7 40.67 Unpacking libbz2-dev:amd64 (1.0.8-2) ...

#7 40.72 Selecting previously unselected package libfile-fcntllock-perl.

#7 40.72 Preparing to unpack .../47-libfile-fcntllock-perl_0.22-3build4_amd64.deb ...

#7 40.73 Unpacking libfile-fcntllock-perl (0.22-3build4) ...

#7 40.78 Selecting previously unselected package libgdbm-dev:amd64.

#7 40.78 Preparing to unpack .../48-libgdbm-dev_1.18.1-5_amd64.deb ...

#7 40.79 Unpacking libgdbm-dev:amd64 (1.18.1-5) ...

#7 40.84 Selecting previously unselected package libncurses-dev:amd64.

#7 40.84 Preparing to unpack .../49-libncurses-dev_6.2-0ubuntu2.1_amd64.deb ...

#7 40.85 Unpacking libncurses-dev:amd64 (6.2-0ubuntu2.1) ...

#7 40.91 Selecting previously unselected package libncurses5-dev:amd64.

#7 40.91 Preparing to unpack .../50-libncurses5-dev_6.2-0ubuntu2.1_amd64.deb ...

#7 40.92 Unpacking libncurses5-dev:amd64 (6.2-0ubuntu2.1) ...

#7 40.98 Selecting previously unselected package libnspr4:amd64.

#7 40.98 Preparing to unpack .../51-libnspr4_2%3a4.25-1_amd64.deb ...

#7 40.99 Unpacking libnspr4:amd64 (2:4.25-1) ...

#7 41.04 Selecting previously unselected package libnspr4-dev.

#7 41.04 Preparing to unpack .../52-libnspr4-dev_2%3a4.25-1_amd64.deb ...

#7 41.05 Unpacking libnspr4-dev (2:4.25-1) ...

#7 41.12 Selecting previously unselected package libnss3:amd64.

#7 41.12 Preparing to unpack .../53-libnss3_2%3a3.49.1-1ubuntu1.9_amd64.deb ...

#7 41.13 Unpacking libnss3:amd64 (2:3.49.1-1ubuntu1.9) ...

#7 41.25 Selecting previously unselected package libnss3-dev:amd64.

#7 41.25 Preparing to unpack .../54-libnss3-dev_2%3a3.49.1-1ubuntu1.9_amd64.deb ...

#7 41.26 Unpacking libnss3-dev:amd64 (2:3.49.1-1ubuntu1.9) ...

#7 41.32 Selecting previously unselected package libreadline-dev:amd64.

#7 41.32 Preparing to unpack .../55-libreadline-dev_8.0-4_amd64.deb ...

#7 41.33 Unpacking libreadline-dev:amd64 (8.0-4) ...

#7 41.38 Selecting previously unselected package libsqlite3-dev:amd64.

#7 41.38 Preparing to unpack .../56-libsqlite3-dev_3.31.1-4ubuntu0.6_amd64.deb ...

#7 41.39 Unpacking libsqlite3-dev:amd64 (3.31.1-4ubuntu0.6) ...

#7 41.48 Selecting previously unselected package libssl-dev:amd64.

#7 41.48 Preparing to unpack .../57-libssl-dev_1.1.1f-1ubuntu2.21_amd64.deb ...

#7 41.49 Unpacking libssl-dev:amd64 (1.1.1f-1ubuntu2.21) ...

#7 41.63 Selecting previously unselected package manpages-dev.

#7 41.63 Preparing to unpack .../58-manpages-dev_5.05-1_all.deb ...

#7 41.64 Unpacking manpages-dev (5.05-1) ...

#7 41.83 Selecting previously unselected package zlib1g-dev:amd64.

#7 41.83 Preparing to unpack .../59-zlib1g-dev_1%3a1.2.11.dfsg-2ubuntu1.5_amd64.deb ...

#7 41.84 Unpacking zlib1g-dev:amd64 (1:1.2.11.dfsg-2ubuntu1.5) ...

#7 41.89 Selecting previously unselected package libffi-dev:amd64.

#7 41.89 Preparing to unpack .../60-libffi-dev_3.3-4_amd64.deb ...

#7 41.90 Unpacking libffi-dev:amd64 (3.3-4) ...

#7 41.96 Setting up bzip2-doc (1.0.8-2) ...

#7 41.99 Setting up libfile-fcntllock-perl (0.22-3build4) ...

#7 42.02 Setting up libalgorithm-diff-perl (1.19.03-2) ...

#7 42.04 Setting up manpages (5.05-1) ...

#7 42.06 Setting up libssl1.1:amd64 (1.1.1f-1ubuntu2.21) ...

#7 42.14 Setting up libsqlite3-0:amd64 (3.31.1-4ubuntu0.6) ...

#7 42.16 Setting up binutils-common:amd64 (2.34-6ubuntu1.8) ...

#7 42.19 Setting up linux-libc-dev:amd64 (5.4.0-171.189) ...

#7 42.21 Setting up libctf-nobfd0:amd64 (2.34-6ubuntu1.8) ...

#7 42.23 Setting up libgomp1:amd64 (10.5.0-1ubuntu1~20.04) ...

#7 42.26 Setting up libffi-dev:amd64 (3.3-4) ...

#7 42.28 Setting up libfakeroot:amd64 (1.24-1) ...

#7 42.32 Setting up fakeroot (1.24-1) ...

#7 42.34 update-alternatives: using /usr/bin/fakeroot-sysv to provide /usr/bin/fakeroot (fakeroot) in auto mode

#7 42.34 update-alternatives: warning: skip creation of /usr/share/man/man1/fakeroot.1.gz because associated file /usr/share/man/man1/fakeroot-sysv.1.gz (of link group fakeroot) doesn't exist

#7 42.34 update-alternatives: warning: skip creation of /usr/share/man/man1/faked.1.gz because associated file /usr/share/man/man1/faked-sysv.1.gz (of link group fakeroot) doesn't exist

#7 42.34 update-alternatives: warning: skip creation of /usr/share/man/es/man1/fakeroot.1.gz because associated file /usr/share/man/es/man1/fakeroot-sysv.1.gz (of link group fakeroot) doesn't exist

#7 42.34 update-alternatives: warning: skip creation of /usr/share/man/es/man1/faked.1.gz because associated file /usr/share/man/es/man1/faked-sysv.1.gz (of link group fakeroot) doesn't exist

#7 42.34 update-alternatives: warning: skip creation of /usr/share/man/fr/man1/fakeroot.1.gz because associated file /usr/share/man/fr/man1/fakeroot-sysv.1.gz (of link group fakeroot) doesn't exist

#7 42.34 update-alternatives: warning: skip creation of /usr/share/man/fr/man1/faked.1.gz because associated file /usr/share/man/fr/man1/faked-sysv.1.gz (of link group fakeroot) doesn't exist

#7 42.34 update-alternatives: warning: skip creation of /usr/share/man/sv/man1/fakeroot.1.gz because associated file /usr/share/man/sv/man1/fakeroot-sysv.1.gz (of link group fakeroot) doesn't exist

#7 42.34 update-alternatives: warning: skip creation of /usr/share/man/sv/man1/faked.1.gz because associated file /usr/share/man/sv/man1/faked-sysv.1.gz (of link group fakeroot) doesn't exist

#7 42.35 Setting up make (4.2.1-1.2) ...

#7 42.38 Setting up libmpfr6:amd64 (4.0.2-1) ...

#7 42.40 Setting up libnspr4:amd64 (2:4.25-1) ...

#7 42.43 Setting up xz-utils (5.2.4-1ubuntu1.1) ...

#7 42.45 update-alternatives: using /usr/bin/xz to provide /usr/bin/lzma (lzma) in auto mode

#7 42.45 update-alternatives: warning: skip creation of /usr/share/man/man1/lzma.1.gz because associated file /usr/share/man/man1/xz.1.gz (of link group lzma) doesn't exist

#7 42.45 update-alternatives: warning: skip creation of /usr/share/man/man1/unlzma.1.gz because associated file /usr/share/man/man1/unxz.1.gz (of link group lzma) doesn't exist

#7 42.45 update-alternatives: warning: skip creation of /usr/share/man/man1/lzcat.1.gz because associated file /usr/share/man/man1/xzcat.1.gz (of link group lzma) doesn't exist

#7 42.45 update-alternatives: warning: skip creation of /usr/share/man/man1/lzmore.1.gz because associated file /usr/share/man/man1/xzmore.1.gz (of link group lzma) doesn't exist

#7 42.45 update-alternatives: warning: skip creation of /usr/share/man/man1/lzless.1.gz because associated file /usr/share/man/man1/xzless.1.gz (of link group lzma) doesn't exist

#7 42.45 update-alternatives: warning: skip creation of /usr/share/man/man1/lzdiff.1.gz because associated file /usr/share/man/man1/xzdiff.1.gz (of link group lzma) doesn't exist

#7 42.45 update-alternatives: warning: skip creation of /usr/share/man/man1/lzcmp.1.gz because associated file /usr/share/man/man1/xzcmp.1.gz (of link group lzma) doesn't exist

#7 42.45 update-alternatives: warning: skip creation of /usr/share/man/man1/lzgrep.1.gz because associated file /usr/share/man/man1/xzgrep.1.gz (of link group lzma) doesn't exist

#7 42.45 update-alternatives: warning: skip creation of /usr/share/man/man1/lzegrep.1.gz because associated file /usr/share/man/man1/xzegrep.1.gz (of link group lzma) doesn't exist

#7 42.45 update-alternatives: warning: skip creation of /usr/share/man/man1/lzfgrep.1.gz because associated file /usr/share/man/man1/xzfgrep.1.gz (of link group lzma) doesn't exist

#7 42.46 Setting up libquadmath0:amd64 (10.5.0-1ubuntu1~20.04) ...

#7 42.48 Setting up libssl-dev:amd64 (1.1.1f-1ubuntu2.21) ...

#7 42.51 Setting up libmpc3:amd64 (1.1.0-1) ...

#7 42.53 Setting up libatomic1:amd64 (10.5.0-1ubuntu1~20.04) ...

#7 42.56 Setting up libdpkg-perl (1.19.7ubuntu3.2) ...

#7 42.58 Setting up libubsan1:amd64 (10.5.0-1ubuntu1~20.04) ...

#7 42.61 Setting up libcrypt-dev:amd64 (1:4.4.10-10ubuntu4) ...

#7 42.63 Setting up libisl22:amd64 (0.22.1-1) ...

#7 42.66 Setting up libbinutils:amd64 (2.34-6ubuntu1.8) ...

#7 42.69 Setting up libc-dev-bin (2.31-0ubuntu9.14) ...

#7 42.74 Setting up libalgorithm-diff-xs-perl (0.04-6) ...

#7 42.77 Setting up libcc1-0:amd64 (10.5.0-1ubuntu1~20.04) ...

#7 42.80 Setting up liblocale-gettext-perl (1.07-4) ...

#7 42.82 Setting up liblsan0:amd64 (10.5.0-1ubuntu1~20.04) ...

#7 42.85 Setting up libitm1:amd64 (10.5.0-1ubuntu1~20.04) ...

#7 42.87 Setting up gcc-9-base:amd64 (9.4.0-1ubuntu1~20.04.2) ...

#7 42.90 Setting up libalgorithm-merge-perl (0.08-3) ...

#7 42.92 Setting up libtsan0:amd64 (10.5.0-1ubuntu1~20.04) ...

#7 42.95 Setting up libctf0:amd64 (2.34-6ubuntu1.8) ...

#7 42.97 Setting up libnspr4-dev (2:4.25-1) ...

#7 43.00 Setting up manpages-dev (5.05-1) ...

#7 43.02 Setting up libnss3:amd64 (2:3.49.1-1ubuntu1.9) ...

#7 43.05 Setting up libasan5:amd64 (9.4.0-1ubuntu1~20.04.2) ...

#7 43.07 Setting up libnss3-dev:amd64 (2:3.49.1-1ubuntu1.9) ...

#7 43.10 Setting up cpp-9 (9.4.0-1ubuntu1~20.04.2) ...

#7 43.12 Setting up libc6-dev:amd64 (2.31-0ubuntu9.14) ...

#7 43.14 Setting up libgdbm-dev:amd64 (1.18.1-5) ...

#7 43.17 Setting up binutils-x86-64-linux-gnu (2.34-6ubuntu1.8) ...

#7 43.19 Setting up libbz2-dev:amd64 (1.0.8-2) ...

#7 43.22 Setting up libncurses-dev:amd64 (6.2-0ubuntu2.1) ...

#7 43.25 Setting up binutils (2.34-6ubuntu1.8) ...

#7 43.27 Setting up libreadline-dev:amd64 (8.0-4) ...

#7 43.30 Setting up dpkg-dev (1.19.7ubuntu3.2) ...

#7 43.34 Setting up libgcc-9-dev:amd64 (9.4.0-1ubuntu1~20.04.2) ...

#7 43.37 Setting up libsqlite3-dev:amd64 (3.31.1-4ubuntu0.6) ...

#7 43.39 Setting up zlib1g-dev:amd64 (1:1.2.11.dfsg-2ubuntu1.5) ...

#7 43.41 Setting up cpp (4:9.3.0-1ubuntu2) ...

#7 43.45 Setting up libncurses5-dev:amd64 (6.2-0ubuntu2.1) ...

#7 43.47 Setting up gcc-9 (9.4.0-1ubuntu1~20.04.2) ...

#7 43.50 Setting up libstdc++-9-dev:amd64 (9.4.0-1ubuntu1~20.04.2) ...

#7 43.52 Setting up gcc (4:9.3.0-1ubuntu2) ...

#7 43.56 Setting up g++-9 (9.4.0-1ubuntu1~20.04.2) ...

#7 43.58 Setting up g++ (4:9.3.0-1ubuntu2) ...

#7 43.61 update-alternatives: using /usr/bin/g++ to provide /usr/bin/c++ (c++) in auto mode

#7 43.61 update-alternatives: warning: skip creation of /usr/share/man/man1/c++.1.gz because associated file /usr/share/man/man1/g++.1.gz (of link group c++) doesn't exist

#7 43.62 Setting up build-essential (12.8ubuntu1.1) ...

#7 43.65 Processing triggers for libc-bin (2.31-0ubuntu9.12) ...

#7 43.72 --2024-02-15 08:23:55--  https://www.python.org/ftp/python/3.10.9/Python-3.10.9.tar.xz
#7 43.72 Resolving www.python.org (www.python.org)... 146.75.120.223, 146.75.120.223, 2a04:4e42:8e::223
#7 43.74 Connecting to www.python.org (www.python.org)|146.75.120.223|:443... connected.
#7 43.78 HTTP request sent, awaiting response... 200 OK
#7 43.79 Length: 19612112 (19M) [application/octet-stream]
#7 43.79 Saving to: 'Python-3.10.9.tar.xz'
#7 43.79 
#7 43.79      0K .......... .......... .......... .......... ..........  0% 3.21M 6s
#7 43.80     50K .......... .......... .......... .......... ..........  0% 10.0M 4s
#7 43.81    100K .......... .......... .......... .......... ..........  0% 6.27M 4s
#7 43.82    150K .......... .......... .......... .......... ..........  1% 17.5M 3s
#7 43.82    200K .......... .......... .......... .......... ..........  1% 32.8M 2s
#7 43.82    250K .......... .......... .......... .......... ..........  1% 2.94M 3s
#7 43.84    300K .......... .......... .......... .......... ..........  1% 13.1M 3s
#7 43.84    350K .......... .......... .......... .......... ..........  2% 12.0M 3s
#7 43.85    400K .......... .......... .......... .......... ..........  2% 12.2M 3s
#7 43.85    450K .......... .......... .......... .......... ..........  2% 18.0M 2s
#7 43.85    500K .......... .......... .......... .......... ..........  2% 46.0M 2s
#7 43.85    550K .......... .......... .......... .......... ..........  3% 33.4M 2s
#7 43.86    600K .......... .......... .......... .......... ..........  3% 16.6M 2s
#7 43.86    650K .......... .......... .......... .......... ..........  3% 25.8M 2s
#7 43.86    700K .......... .......... .......... .......... ..........  3% 23.6M 2s
#7 43.86    750K .......... .......... .......... .......... ..........  4% 19.0M 2s
#7 43.87    800K .......... .......... .......... .......... ..........  4% 48.2M 2s
#7 43.87    850K .......... .......... .......... .......... ..........  4% 81.7M 2s
#7 43.87    900K .......... .......... .......... .......... ..........  4% 50.1M 1s
#7 43.87    950K .......... .......... .......... .......... ..........  5% 23.9M 1s
#7 43.87   1000K .......... .......... .......... .......... ..........  5% 36.4M 1s
#7 43.87   1050K .......... .......... .......... .......... ..........  5% 20.2M 1s
#7 43.87   1100K .......... .......... .......... .......... ..........  6% 52.7M 1s
#7 43.87   1150K .......... .......... .......... .......... ..........  6% 44.4M 1s
#7 43.88   1200K .......... .......... .......... .......... ..........  6% 36.2M 1s
#7 43.88   1250K .......... .......... .......... .......... ..........  6% 26.9M 1s
#7 43.88   1300K .......... .......... .......... .......... ..........  7% 42.8M 1s
#7 43.88   1350K .......... .......... .......... .......... ..........  7% 37.0M 1s
#7 43.88   1400K .......... .......... .......... .......... ..........  7% 32.5M 1s
#7 43.88   1450K .......... .......... .......... .......... ..........  7% 36.7M 1s
#7 43.88   1500K .......... .......... .......... .......... ..........  8% 30.0M 1s
#7 43.89   1550K .......... .......... .......... .......... ..........  8%  239M 1s
#7 43.89   1600K .......... .......... .......... .......... ..........  8% 67.8M 1s
#7 43.89   1650K .......... .......... .......... .......... ..........  8% 38.7M 1s
#7 43.89   1700K .......... .......... .......... .......... ..........  9% 55.0M 1s
#7 43.89   1750K .......... .......... .......... .......... ..........  9% 52.9M 1s
#7 43.89   1800K .......... .......... .......... .......... ..........  9% 50.5M 1s
#7 43.89   1850K .......... .......... .......... .......... ..........  9% 37.8M 1s
#7 43.89   1900K .......... .......... .......... .......... .......... 10% 56.1M 1s
#7 43.89   1950K .......... .......... .......... .......... .......... 10% 41.0M 1s
#7 43.89   2000K .......... .......... .......... .......... .......... 10% 48.9M 1s
#7 43.89   2050K .......... .......... .......... .......... .......... 10% 50.1M 1s
#7 43.90   2100K .......... .......... .......... .......... .......... 11% 57.9M 1s
#7 43.90   2150K .......... .......... .......... .......... .......... 11% 45.2M 1s
#7 43.90   2200K .......... .......... .......... .......... .......... 11% 53.9M 1s
#7 43.90   2250K .......... .......... .......... .......... .......... 12% 44.5M 1s
#7 43.90   2300K .......... .......... .......... .......... .......... 12% 57.8M 1s
#7 43.90   2350K .......... .......... .......... .......... .......... 12% 30.8M 1s
#7 43.90   2400K .......... .......... .......... .......... .......... 12% 53.7M 1s
#7 43.90   2450K .......... .......... .......... .......... .......... 13% 66.8M 1s
#7 43.90   2500K .......... .......... .......... .......... .......... 13% 73.7M 1s
#7 43.90   2550K .......... .......... .......... .......... .......... 13% 62.4M 1s
#7 43.91   2600K .......... .......... .......... .......... .......... 13% 45.4M 1s
#7 43.91   2650K .......... .......... .......... .......... .......... 14% 49.7M 1s
#7 43.91   2700K .......... .......... .......... .......... .......... 14% 54.4M 1s
#7 43.91   2750K .......... .......... .......... .......... .......... 14% 43.8M 1s
#7 43.91   2800K .......... .......... .......... .......... .......... 14% 49.6M 1s
#7 43.91   2850K .......... .......... .......... .......... .......... 15% 56.4M 1s
#7 43.91   2900K .......... .......... .......... .......... .......... 15% 51.7M 1s
#7 43.91   2950K .......... .......... .......... .......... .......... 15% 55.6M 1s
#7 43.91   3000K .......... .......... .......... .......... .......... 15% 52.2M 1s
#7 43.91   3050K .......... .......... .......... .......... .......... 16% 41.5M 1s
#7 43.92   3100K .......... .......... .......... .......... .......... 16% 48.5M 1s
#7 43.92   3150K .......... .......... .......... .......... .......... 16% 44.1M 1s
#7 43.92   3200K .......... .......... .......... .......... .......... 16% 59.9M 1s
#7 43.92   3250K .......... .......... .......... .......... .......... 17% 50.4M 1s
#7 43.92   3300K .......... .......... .......... .......... .......... 17% 43.8M 1s
#7 43.92   3350K .......... .......... .......... .......... .......... 17% 60.8M 1s
#7 43.92   3400K .......... .......... .......... .......... .......... 18% 58.6M 1s
#7 43.92   3450K .......... .......... .......... .......... .......... 18% 54.9M 1s
#7 43.92   3500K .......... .......... .......... .......... .......... 18% 57.8M 1s
#7 43.92   3550K .......... .......... .......... .......... .......... 18% 48.4M 1s
#7 43.92   3600K .......... .......... .......... .......... .......... 19% 55.0M 1s
#7 43.93   3650K .......... .......... .......... .......... .......... 19% 59.0M 1s
#7 43.93   3700K .......... .......... .......... .......... .......... 19% 53.2M 1s
#7 43.93   3750K .......... .......... .......... .......... .......... 19% 63.1M 1s
#7 43.93   3800K .......... .......... .......... .......... .......... 20% 58.3M 1s
#7 43.93   3850K .......... .......... .......... .......... .......... 20% 53.3M 1s
#7 43.93   3900K .......... .......... .......... .......... .......... 20% 54.7M 1s
#7 43.93   3950K .......... .......... .......... .......... .......... 20% 44.9M 1s
#7 43.93   4000K .......... .......... .......... .......... .......... 21% 50.1M 1s
#7 43.93   4050K .......... .......... .......... .......... .......... 21% 49.3M 1s
#7 43.93   4100K .......... .......... .......... .......... .......... 21% 55.4M 1s
#7 43.93   4150K .......... .......... .......... .......... .......... 21% 41.3M 1s
#7 43.94   4200K .......... .......... .......... .......... .......... 22% 46.6M 1s
#7 43.94   4250K .......... .......... .......... .......... .......... 22% 52.4M 1s
#7 43.94   4300K .......... .......... .......... .......... .......... 22% 58.9M 1s
#7 43.94   4350K .......... .......... .......... .......... .......... 22% 39.4M 1s
#7 43.94   4400K .......... .......... .......... .......... .......... 23% 65.6M 0s
#7 43.94   4450K .......... .......... .......... .......... .......... 23% 46.0M 0s
#7 43.94   4500K .......... .......... .......... .......... .......... 23% 54.0M 0s
#7 43.94   4550K .......... .......... .......... .......... .......... 24% 48.4M 0s
#7 43.94   4600K .......... .......... .......... .......... .......... 24% 50.0M 0s
#7 43.94   4650K .......... .......... .......... .......... .......... 24% 68.9M 0s
#7 43.95   4700K .......... .......... .......... .......... .......... 24% 51.8M 0s
#7 43.95   4750K .......... .......... .......... .......... .......... 25% 42.2M 0s
#7 43.95   4800K .......... .......... .......... .......... .......... 25% 34.6M 0s
#7 43.95   4850K .......... .......... .......... .......... .......... 25% 56.7M 0s
#7 43.95   4900K .......... .......... .......... .......... .......... 25% 50.3M 0s
#7 43.95   4950K .......... .......... .......... .......... .......... 26% 70.5M 0s
#7 43.95   5000K .......... .......... .......... .......... .......... 26% 41.7M 0s
#7 43.95   5050K .......... .......... .......... .......... .......... 26% 58.8M 0s
#7 43.95   5100K .......... .......... .......... .......... .......... 26% 50.8M 0s
#7 43.95   5150K .......... .......... .......... .......... .......... 27% 43.4M 0s
#7 43.96   5200K .......... .......... .......... .......... .......... 27% 61.9M 0s
#7 43.96   5250K .......... .......... .......... .......... .......... 27% 40.8M 0s
#7 43.96   5300K .......... .......... .......... .......... .......... 27% 67.5M 0s
#7 43.96   5350K .......... .......... .......... .......... .......... 28% 57.3M 0s
#7 43.96   5400K .......... .......... .......... .......... .......... 28% 41.3M 0s
#7 43.96   5450K .......... .......... .......... .......... .......... 28% 76.6M 0s
#7 43.96   5500K .......... .......... .......... .......... .......... 28% 53.8M 0s
#7 43.96   5550K .......... .......... .......... .......... .......... 29% 32.8M 0s
#7 43.96   5600K .......... .......... .......... .......... .......... 29%  112M 0s
#7 43.96   5650K .......... .......... .......... .......... .......... 29% 48.7M 0s
#7 43.96   5700K .......... .......... .......... .......... .......... 30% 54.5M 0s
#7 43.97   5750K .......... .......... .......... .......... .......... 30% 54.1M 0s
#7 43.97   5800K .......... .......... .......... .......... .......... 30% 59.5M 0s
#7 43.97   5850K .......... .......... .......... .......... .......... 30% 66.9M 0s
#7 43.97   5900K .......... .......... .......... .......... .......... 31% 39.3M 0s
#7 43.97   5950K .......... .......... .......... .......... .......... 31% 37.1M 0s
#7 43.97   6000K .......... .......... .......... .......... .......... 31% 74.7M 0s
#7 43.97   6050K .......... .......... .......... .......... .......... 31% 55.3M 0s
#7 43.97   6100K .......... .......... .......... .......... .......... 32% 55.1M 0s
#7 43.97   6150K .......... .......... .......... .......... .......... 32% 40.3M 0s
#7 43.97   6200K .......... .......... .......... .......... .......... 32% 61.0M 0s
#7 43.97   6250K .......... .......... .......... .......... .......... 32% 50.3M 0s
#7 43.98   6300K .......... .......... .......... .......... .......... 33% 59.0M 0s
#7 43.98   6350K .......... .......... .......... .......... .......... 33% 56.2M 0s
#7 43.98   6400K .......... .......... .......... .......... .......... 33% 55.2M 0s
#7 43.98   6450K .......... .......... .......... .......... .......... 33% 48.4M 0s
#7 43.98   6500K .......... .......... .......... .......... .......... 34% 64.3M 0s
#7 43.98   6550K .......... .......... .......... .......... .......... 34% 40.7M 0s
#7 43.98   6600K .......... .......... .......... .......... .......... 34% 38.3M 0s
#7 43.98   6650K .......... .......... .......... .......... .......... 34% 59.3M 0s
#7 43.98   6700K .......... .......... .......... .......... .......... 35% 48.6M 0s
#7 43.98   6750K .......... .......... .......... .......... .......... 35% 36.8M 0s
#7 43.99   6800K .......... .......... .......... .......... .......... 35% 44.9M 0s
#7 43.99   6850K .......... .......... .......... .......... .......... 36% 59.1M 0s
#7 43.99   6900K .......... .......... .......... .......... .......... 36% 62.0M 0s
#7 43.99   6950K .......... .......... .......... .......... .......... 36% 50.0M 0s
#7 43.99   7000K .......... .......... .......... .......... .......... 36% 63.7M 0s
#7 43.99   7050K .......... .......... .......... .......... .......... 37% 53.3M 0s
#7 43.99   7100K .......... .......... .......... .......... .......... 37% 58.5M 0s
#7 43.99   7150K .......... .......... .......... .......... .......... 37% 44.7M 0s
#7 43.99   7200K .......... .......... .......... .......... .......... 37% 55.5M 0s
#7 43.99   7250K .......... .......... .......... .......... .......... 38% 66.6M 0s
#7 43.99   7300K .......... .......... .......... .......... .......... 38% 48.1M 0s
#7 44.00   7350K .......... .......... .......... .......... .......... 38% 53.0M 0s
#7 44.00   7400K .......... .......... .......... .......... .......... 38% 52.1M 0s
#7 44.00   7450K .......... .......... .......... .......... .......... 39% 62.5M 0s
#7 44.00   7500K .......... .......... .......... .......... .......... 39% 59.5M 0s
#7 44.00   7550K .......... .......... .......... .......... .......... 39% 41.3M 0s
#7 44.00   7600K .......... .......... .......... .......... .......... 39% 60.2M 0s
#7 44.00   7650K .......... .......... .......... .......... .......... 40% 35.5M 0s
#7 44.00   7700K .......... .......... .......... .......... .......... 40% 64.2M 0s
#7 44.00   7750K .......... .......... .......... .......... .......... 40% 46.4M 0s
#7 44.00   7800K .......... .......... .......... .......... .......... 40% 54.7M 0s
#7 44.01   7850K .......... .......... .......... .......... .......... 41% 60.9M 0s
#7 44.01   7900K .......... .......... .......... .......... .......... 41% 52.9M 0s
#7 44.01   7950K .......... .......... .......... .......... .......... 41% 52.9M 0s
#7 44.01   8000K .......... .......... .......... .......... .......... 42% 53.2M 0s
#7 44.01   8050K .......... .......... .......... .......... .......... 42% 50.1M 0s
#7 44.01   8100K .......... .......... .......... .......... .......... 42% 45.0M 0s
#7 44.01   8150K .......... .......... .......... .......... .......... 42% 46.3M 0s
#7 44.01   8200K .......... .......... .......... .......... .......... 43% 54.5M 0s
#7 44.01   8250K .......... .......... .......... .......... .......... 43% 53.7M 0s
#7 44.01   8300K .......... .......... .......... .......... .......... 43% 63.2M 0s
#7 44.01   8350K .......... .......... .......... .......... .......... 43% 60.0M 0s
#7 44.02   8400K .......... .......... .......... .......... .......... 44% 58.0M 0s
#7 44.02   8450K .......... .......... .......... .......... .......... 44% 58.6M 0s
#7 44.02   8500K .......... .......... .......... .......... .......... 44% 23.7M 0s
#7 44.02   8550K .......... .......... .......... .......... .......... 44%  106M 0s
#7 44.02   8600K .......... .......... .......... .......... .......... 45% 49.8M 0s
#7 44.02   8650K .......... .......... .......... .......... .......... 45% 54.5M 0s
#7 44.02   8700K .......... .......... .......... .......... .......... 45% 50.3M 0s
#7 44.02   8750K .......... .......... .......... .......... .......... 45% 54.2M 0s
#7 44.02   8800K .......... .......... .......... .......... .......... 46% 55.7M 0s
#7 44.02   8850K .......... .......... .......... .......... .......... 46% 48.7M 0s
#7 44.03   8900K .......... .......... .......... .......... .......... 46% 70.9M 0s
#7 44.03   8950K .......... .......... .......... .......... .......... 46% 45.2M 0s
#7 44.03   9000K .......... .......... .......... .......... .......... 47% 57.5M 0s
#7 44.03   9050K .......... .......... .......... .......... .......... 47% 67.1M 0s
#7 44.03   9100K .......... .......... .......... .......... .......... 47% 52.2M 0s
#7 44.03   9150K .......... .......... .......... .......... .......... 48% 47.6M 0s
#7 44.03   9200K .......... .......... .......... .......... .......... 48% 51.4M 0s
#7 44.03   9250K .......... .......... .......... .......... .......... 48% 57.0M 0s
#7 44.03   9300K .......... .......... .......... .......... .......... 48% 58.8M 0s
#7 44.03   9350K .......... .......... .......... .......... .......... 49% 12.7M 0s
#7 44.04   9400K .......... .......... .......... .......... .......... 49% 63.5M 0s
#7 44.04   9450K .......... .......... .......... .......... .......... 49% 53.0M 0s
#7 44.04   9500K .......... .......... .......... .......... .......... 49% 47.3M 0s
#7 44.04   9550K .......... .......... .......... .......... .......... 50% 51.9M 0s
#7 44.04   9600K .......... .......... .......... .......... .......... 50% 50.3M 0s
#7 44.04   9650K .......... .......... .......... .......... .......... 50% 53.4M 0s
#7 44.04   9700K .......... .......... .......... .......... .......... 50% 62.2M 0s
#7 44.04   9750K .......... .......... .......... .......... .......... 51% 40.9M 0s
#7 44.04   9800K .......... .......... .......... .......... .......... 51% 56.0M 0s
#7 44.05   9850K .......... .......... .......... .......... .......... 51% 80.3M 0s
#7 44.05   9900K .......... .......... .......... .......... .......... 51% 43.9M 0s
#7 44.05   9950K .......... .......... .......... .......... .......... 52% 49.4M 0s
#7 44.05  10000K .......... .......... .......... .......... .......... 52% 53.9M 0s
#7 44.05  10050K .......... .......... .......... .......... .......... 52% 51.0M 0s
#7 44.05  10100K .......... .......... .......... .......... .......... 52% 45.8M 0s
#7 44.05  10150K .......... .......... .......... .......... .......... 53% 40.7M 0s
#7 44.05  10200K .......... .......... .......... .......... .......... 53% 43.5M 0s
#7 44.05  10250K .......... .......... .......... .......... .......... 53% 60.8M 0s
#7 44.05  10300K .......... .......... .......... .......... .......... 54% 49.1M 0s
#7 44.05  10350K .......... .......... .......... .......... .......... 54% 28.7M 0s
#7 44.06  10400K .......... .......... .......... .......... .......... 54% 59.7M 0s
#7 44.06  10450K .......... .......... .......... .......... .......... 54% 54.9M 0s
#7 44.06  10500K .......... .......... .......... .......... .......... 55% 61.1M 0s
#7 44.06  10550K .......... .......... .......... .......... .......... 55% 51.9M 0s
#7 44.06  10600K .......... .......... .......... .......... .......... 55% 55.4M 0s
#7 44.06  10650K .......... .......... .......... .......... .......... 55% 68.1M 0s
#7 44.06  10700K .......... .......... .......... .......... .......... 56% 62.9M 0s
#7 44.06  10750K .......... .......... .......... .......... .......... 56% 37.9M 0s
#7 44.06  10800K .......... .......... .......... .......... .......... 56% 52.2M 0s
#7 44.06  10850K .......... .......... .......... .......... .......... 56% 39.0M 0s
#7 44.07  10900K .......... .......... .......... .......... .......... 57% 39.8M 0s
#7 44.07  10950K .......... .......... .......... .......... .......... 57% 37.9M 0s
#7 44.07  11000K .......... .......... .......... .......... .......... 57% 27.0M 0s
#7 44.07  11050K .......... .......... .......... .......... .......... 57% 39.1M 0s
#7 44.07  11100K .......... .......... .......... .......... .......... 58% 48.9M 0s
#7 44.07  11150K .......... .......... .......... .......... .......... 58% 47.1M 0s
#7 44.07  11200K .......... .......... .......... .......... .......... 58% 44.6M 0s
#7 44.07  11250K .......... .......... .......... .......... .......... 59% 58.4M 0s
#7 44.08  11300K .......... .......... .......... .......... .......... 59% 51.9M 0s
#7 44.08  11350K .......... .......... .......... .......... .......... 59% 56.6M 0s
#7 44.08  11400K .......... .......... .......... .......... .......... 59% 53.8M 0s
#7 44.08  11450K .......... .......... .......... .......... .......... 60% 56.2M 0s
#7 44.08  11500K .......... .......... .......... .......... .......... 60% 53.7M 0s
#7 44.08  11550K .......... .......... .......... .......... .......... 60% 45.2M 0s
#7 44.08  11600K .......... .......... .......... .......... .......... 60% 50.1M 0s
#7 44.08  11650K .......... .......... .......... .......... .......... 61% 66.0M 0s
#7 44.08  11700K .......... .......... .......... .......... .......... 61% 57.2M 0s
#7 44.08  11750K .......... .......... .......... .......... .......... 61% 53.2M 0s
#7 44.08  11800K .......... .......... .......... .......... .......... 61% 35.4M 0s
#7 44.09  11850K .......... .......... .......... .......... .......... 62% 63.5M 0s
#7 44.09  11900K .......... .......... .......... .......... .......... 62% 62.1M 0s
#7 44.09  11950K .......... .......... .......... .......... .......... 62% 43.4M 0s
#7 44.09  12000K .......... .......... .......... .......... .......... 62% 51.0M 0s
#7 44.09  12050K .......... .......... .......... .......... .......... 63% 60.6M 0s
#7 44.09  12100K .......... .......... .......... .......... .......... 63% 55.3M 0s
#7 44.09  12150K .......... .......... .......... .......... .......... 63% 40.6M 0s
#7 44.09  12200K .......... .......... .......... .......... .......... 63% 54.0M 0s
#7 44.09  12250K .......... .......... .......... .......... .......... 64% 58.4M 0s
#7 44.09  12300K .......... .......... .......... .......... .......... 64% 55.4M 0s
#7 44.10  12350K .......... .......... .......... .......... .......... 64% 39.4M 0s
#7 44.10  12400K .......... .......... .......... .......... .......... 65% 55.0M 0s
#7 44.10  12450K .......... .......... .......... .......... .......... 65% 59.4M 0s
#7 44.10  12500K .......... .......... .......... .......... .......... 65% 60.7M 0s
#7 44.10  12550K .......... .......... .......... .......... .......... 65% 55.3M 0s
#7 44.10  12600K .......... .......... .......... .......... .......... 66% 51.7M 0s
#7 44.10  12650K .......... .......... .......... .......... .......... 66% 44.1M 0s
#7 44.10  12700K .......... .......... .......... .......... .......... 66% 54.8M 0s
#7 44.10  12750K .......... .......... .......... .......... .......... 66% 42.9M 0s
#7 44.10  12800K .......... .......... .......... .......... .......... 67% 62.7M 0s
#7 44.10  12850K .......... .......... .......... .......... .......... 67% 49.6M 0s
#7 44.11  12900K .......... .......... .......... .......... .......... 67% 64.9M 0s
#7 44.11  12950K .......... .......... .......... .......... .......... 67% 58.6M 0s
#7 44.11  13000K .......... .......... .......... .......... .......... 68% 50.6M 0s
#7 44.11  13050K .......... .......... .......... .......... .......... 68% 68.5M 0s
#7 44.11  13100K .......... .......... .......... .......... .......... 68% 55.8M 0s
#7 44.11  13150K .......... .......... .......... .......... .......... 68% 47.7M 0s
#7 44.11  13200K .......... .......... .......... .......... .......... 69% 62.5M 0s
#7 44.11  13250K .......... .......... .......... .......... .......... 69% 55.2M 0s
#7 44.11  13300K .......... .......... .......... .......... .......... 69% 57.5M 0s
#7 44.11  13350K .......... .......... .......... .......... .......... 69% 49.1M 0s
#7 44.11  13400K .......... .......... .......... .......... .......... 70% 67.3M 0s
#7 44.11  13450K .......... .......... .......... .......... .......... 70% 48.0M 0s
#7 44.12  13500K .......... .......... .......... .......... .......... 70% 70.9M 0s
#7 44.12  13550K .......... .......... .......... .......... .......... 71% 49.8M 0s
#7 44.12  13600K .......... .......... .......... .......... .......... 71% 48.0M 0s
#7 44.12  13650K .......... .......... .......... .......... .......... 71% 42.3M 0s
#7 44.12  13700K .......... .......... .......... .......... .......... 71% 48.7M 0s
#7 44.12  13750K .......... .......... .......... .......... .......... 72% 47.3M 0s
#7 44.12  13800K .......... .......... .......... .......... .......... 72% 65.1M 0s
#7 44.12  13850K .......... .......... .......... .......... .......... 72% 54.3M 0s
#7 44.12  13900K .......... .......... .......... .......... .......... 72% 44.3M 0s
#7 44.12  13950K .......... .......... .......... .......... .......... 73% 37.6M 0s
#7 44.13  14000K .......... .......... .......... .......... .......... 73% 58.6M 0s
#7 44.13  14050K .......... .......... .......... .......... .......... 73% 66.2M 0s
#7 44.13  14100K .......... .......... .......... .......... .......... 73% 45.2M 0s
#7 44.13  14150K .......... .......... .......... .......... .......... 74% 54.0M 0s
#7 44.13  14200K .......... .......... .......... .......... .......... 74% 75.7M 0s
#7 44.13  14250K .......... .......... .......... .......... .......... 74% 57.0M 0s
#7 44.13  14300K .......... .......... .......... .......... .......... 74% 42.6M 0s
#7 44.13  14350K .......... .......... .......... .......... .......... 75% 46.6M 0s
#7 44.13  14400K .......... .......... .......... .......... .......... 75% 37.4M 0s
#7 44.13  14450K .......... .......... .......... .......... .......... 75% 51.1M 0s
#7 44.14  14500K .......... .......... .......... .......... .......... 75% 41.2M 0s
#7 44.14  14550K .......... .......... .......... .......... .......... 76% 38.6M 0s
#7 44.14  14600K .......... .......... .......... .......... .......... 76% 62.8M 0s
#7 44.14  14650K .......... .......... .......... .......... .......... 76% 48.9M 0s
#7 44.14  14700K .......... .......... .......... .......... .......... 77% 55.9M 0s
#7 44.14  14750K .......... .......... .......... .......... .......... 77% 48.7M 0s
#7 44.14  14800K .......... .......... .......... .......... .......... 77% 57.5M 0s
#7 44.14  14850K .......... .......... .......... .......... .......... 77% 58.4M 0s
#7 44.14  14900K .......... .......... .......... .......... .......... 78% 56.4M 0s
#7 44.14  14950K .......... .......... .......... .......... .......... 78% 61.0M 0s
#7 44.14  15000K .......... .......... .......... .......... .......... 78% 48.1M 0s
#7 44.15  15050K .......... .......... .......... .......... .......... 78% 56.9M 0s
#7 44.15  15100K .......... .......... .......... .......... .......... 79% 61.3M 0s
#7 44.15  15150K .......... .......... .......... .......... .......... 79% 41.0M 0s
#7 44.15  15200K .......... .......... .......... .......... .......... 79% 59.2M 0s
#7 44.15  15250K .......... .......... .......... .......... .......... 79% 66.5M 0s
#7 44.15  15300K .......... .......... .......... .......... .......... 80% 64.4M 0s
#7 44.15  15350K .......... .......... .......... .......... .......... 80% 47.6M 0s
#7 44.15  15400K .......... .......... .......... .......... .......... 80% 41.5M 0s
#7 44.15  15450K .......... .......... .......... .......... .......... 80% 51.5M 0s
#7 44.15  15500K .......... .......... .......... .......... .......... 81% 75.3M 0s
#7 44.15  15550K .......... .......... .......... .......... .......... 81% 39.2M 0s
#7 44.16  15600K .......... .......... .......... .......... .......... 81% 52.2M 0s
#7 44.16  15650K .......... .......... .......... .......... .......... 81% 49.1M 0s
#7 44.16  15700K .......... .......... .......... .......... .......... 82% 71.2M 0s
#7 44.16  15750K .......... .......... .......... .......... .......... 82% 53.4M 0s
#7 44.16  15800K .......... .......... .......... .......... .......... 82% 45.4M 0s
#7 44.16  15850K .......... .......... .......... .......... .......... 83% 46.3M 0s
#7 44.16  15900K .......... .......... .......... .......... .......... 83% 58.0M 0s
#7 44.16  15950K .......... .......... .......... .......... .......... 83% 42.7M 0s
#7 44.16  16000K .......... .......... .......... .......... .......... 83% 59.2M 0s
#7 44.16  16050K .......... .......... .......... .......... .......... 84% 65.8M 0s
#7 44.17  16100K .......... .......... .......... .......... .......... 84% 56.8M 0s
#7 44.17  16150K .......... .......... .......... .......... .......... 84% 56.2M 0s
#7 44.17  16200K .......... .......... .......... .......... .......... 84% 58.5M 0s
#7 44.17  16250K .......... .......... .......... .......... .......... 85% 46.6M 0s
#7 44.17  16300K .......... .......... .......... .......... .......... 85% 47.8M 0s
#7 44.17  16350K .......... .......... .......... .......... .......... 85% 52.6M 0s
#7 44.17  16400K .......... .......... .......... .......... .......... 85% 56.0M 0s
#7 44.17  16450K .......... .......... .......... .......... .......... 86% 59.5M 0s
#7 44.17  16500K .......... .......... .......... .......... .......... 86% 61.7M 0s
#7 44.17  16550K .......... .......... .......... .......... .......... 86% 55.4M 0s
#7 44.17  16600K .......... .......... .......... .......... .......... 86% 52.5M 0s
#7 44.18  16650K .......... .......... .......... .......... .......... 87% 60.7M 0s
#7 44.18  16700K .......... .......... .......... .......... .......... 87% 54.9M 0s
#7 44.18  16750K .......... .......... .......... .......... .......... 87% 37.4M 0s
#7 44.18  16800K .......... .......... .......... .......... .......... 87% 54.7M 0s
#7 44.18  16850K .......... .......... .......... .......... .......... 88% 68.7M 0s
#7 44.18  16900K .......... .......... .......... .......... .......... 88% 52.9M 0s
#7 44.18  16950K .......... .......... .......... .......... .......... 88% 70.7M 0s
#7 44.18  17000K .......... .......... .......... .......... .......... 89% 64.8M 0s
#7 44.18  17050K .......... .......... .......... .......... .......... 89% 46.9M 0s
#7 44.18  17100K .......... .......... .......... .......... .......... 89% 60.7M 0s
#7 44.18  17150K .......... .......... .......... .......... .......... 89% 35.2M 0s
#7 44.19  17200K .......... .......... .......... .......... .......... 90% 52.3M 0s
#7 44.19  17250K .......... .......... .......... .......... .......... 90% 54.2M 0s
#7 44.19  17300K .......... .......... .......... .......... .......... 90% 55.9M 0s
#7 44.19  17350K .......... .......... .......... .......... .......... 90% 47.4M 0s
#7 44.19  17400K .......... .......... .......... .......... .......... 91% 59.2M 0s
#7 44.19  17450K .......... .......... .......... .......... .......... 91% 55.6M 0s
#7 44.19  17500K .......... .......... .......... .......... .......... 91% 48.2M 0s
#7 44.19  17550K .......... .......... .......... .......... .......... 91% 47.5M 0s
#7 44.19  17600K .......... .......... .......... .......... .......... 92% 40.1M 0s
#7 44.19  17650K .......... .......... .......... .......... .......... 92% 60.3M 0s
#7 44.19  17700K .......... .......... .......... .......... .......... 92% 69.1M 0s
#7 44.20  17750K .......... .......... .......... .......... .......... 92% 49.3M 0s
#7 44.20  17800K .......... .......... .......... .......... .......... 93% 74.3M 0s
#7 44.20  17850K .......... .......... .......... .......... .......... 93% 46.3M 0s
#7 44.20  17900K .......... .......... .......... .......... .......... 93% 69.3M 0s
#7 44.20  17950K .......... .......... .......... .......... .......... 93% 41.3M 0s
#7 44.20  18000K .......... .......... .......... .......... .......... 94% 63.9M 0s
#7 44.20  18050K .......... .......... .......... .......... .......... 94% 43.7M 0s
#7 44.20  18100K .......... .......... .......... .......... .......... 94% 53.8M 0s
#7 44.20  18150K .......... .......... .......... .......... .......... 95% 63.5M 0s
#7 44.20  18200K .......... .......... .......... .......... .......... 95% 55.1M 0s
#7 44.20  18250K .......... .......... .......... .......... .......... 95% 51.9M 0s
#7 44.21  18300K .......... .......... .......... .......... .......... 95% 55.4M 0s
#7 44.21  18350K .......... .......... .......... .......... .......... 96% 38.1M 0s
#7 44.21  18400K .......... .......... .......... .......... .......... 96% 66.3M 0s
#7 44.21  18450K .......... .......... .......... .......... .......... 96% 58.0M 0s
#7 44.21  18500K .......... .......... .......... .......... .......... 96% 57.2M 0s
#7 44.21  18550K .......... .......... .......... .......... .......... 97% 53.8M 0s
#7 44.21  18600K .......... .......... .......... .......... .......... 97% 52.2M 0s
#7 44.21  18650K .......... .......... .......... .......... .......... 97% 64.2M 0s
#7 44.21  18700K .......... .......... .......... .......... .......... 97% 56.1M 0s
#7 44.21  18750K .......... .......... .......... .......... .......... 98% 41.9M 0s
#7 44.21  18800K .......... .......... .......... .......... .......... 98% 70.2M 0s
#7 44.22  18850K .......... .......... .......... .......... .......... 98% 44.7M 0s
#7 44.22  18900K .......... .......... .......... .......... .......... 98% 73.3M 0s
#7 44.22  18950K .......... .......... .......... .......... .......... 99% 40.0M 0s
#7 44.22  19000K .......... .......... .......... .......... .......... 99% 37.7M 0s
#7 44.22  19050K .......... .......... .......... .......... .......... 99% 54.3M 0s
#7 44.22  19100K .......... .......... .......... .......... .......... 99% 58.9M 0s
#7 44.22  19150K ..                                                    100% 58.2M=0.4s
#7 44.22 
#7 44.22 2024-02-15 08:23:55 (43.3 MB/s) - 'Python-3.10.9.tar.xz' saved [19612112/19612112]
#7 44.22 
#7 45.31 checking build system type... x86_64-pc-linux-gnu
#7 45.34 checking host system type... x86_64-pc-linux-gnu
#7 45.34 checking for python3.10... no
#7 45.34 checking for python3... no
#7 45.34 checking for python... no
#7 45.34 checking for --enable-universalsdk... no
#7 45.34 checking for --with-universal-archs... no
#7 45.34 checking MACHDEP... "linux"
#7 45.35 checking for gcc... gcc
#7 45.36 checking whether the C compiler works... yes
#7 45.37 checking for C compiler default output file name... a.out
#7 45.37 checking for suffix of executables... 
#7 45.39 checking whether we are cross compiling... no
#7 45.41 checking for suffix of object files... o
#7 45.42 checking whether we are using the GNU C compiler... yes
#7 45.43 checking whether gcc accepts -g... yes
#7 45.44 checking for gcc option to accept ISO C89... none needed
#7 45.46 checking how to run the C preprocessor... gcc -E
#7 45.47 checking for grep that handles long lines and -e... /usr/bin/grep
#7 45.48 checking for a sed that does not truncate output... /usr/bin/sed
#7 45.48 checking for --with-cxx-main=<compiler>... no
#7 45.48 checking for g++... no
#7 45.48 configure:
#7 45.48 
#7 45.48   By default, distutils will build C++ extension modules with "g++".
#7 45.48   If this is not intended, then set CXX on the configure command line.
#7 45.48   
#7 45.48 checking for the platform triplet based on compiler characteristics... x86_64-linux-gnu
#7 45.48 checking for multiarch... x86_64-linux-gnu
#7 45.48 checking for -Wl,--no-as-needed... yes
#7 45.50 checking for egrep... /usr/bin/grep -E
#7 45.50 checking for ANSI C header files... yes
#7 45.55 checking for sys/types.h... yes
#7 45.56 checking for sys/stat.h... yes
#7 45.58 checking for stdlib.h... yes
#7 45.59 checking for string.h... yes
#7 45.61 checking for memory.h... yes
#7 45.63 checking for strings.h... yes
#7 45.64 checking for inttypes.h... yes
#7 45.66 checking for stdint.h... yes
#7 45.67 checking for unistd.h... yes
#7 45.69 checking minix/config.h usability... no
#7 45.70 checking minix/config.h presence... no
#7 45.71 checking for minix/config.h... no
#7 45.71 checking whether it is safe to define __EXTENSIONS__... yes
#7 45.72 checking for the Android API level... not Android
#7 45.73 checking for --with-suffix... 
#7 45.73 checking for case-insensitive build directory... no
#7 45.73 checking LIBRARY... libpython$(VERSION)$(ABIFLAGS).a
#7 45.73 checking LINKCC... $(PURIFY) $(MAINCC)
#7 45.73 checking EXPORTSYMS... 
#7 45.73 checking for GNU ld... yes
#7 45.73 checking for --enable-shared... no
#7 45.73 checking for --enable-profiling... no
#7 45.73 checking LDLIBRARY... libpython$(VERSION)$(ABIFLAGS).a
#7 45.73 checking for ar... ar
#7 45.73 checking for readelf... readelf
#7 45.73 checking for a BSD-compatible install... /usr/bin/install -c
#7 45.74 checking for a thread-safe mkdir -p... /usr/bin/mkdir -p
#7 45.74 checking for --with-pydebug... no
#7 45.74 checking for --with-trace-refs... no
#7 45.74 checking for --with-assertions... no
#7 45.74 checking for --enable-optimizations... yes
#7 45.74 checking whether C compiler accepts -fno-semantic-interposition... yes
#7 45.75 checking PROFILE_TASK... -m test --pgo --timeout=$(TESTTIMEOUT)
#7 45.75 checking for --with-lto... no
#7 45.75 checking for llvm-profdata... no
#7 45.76 checking for -Wextra... yes
#7 45.77 checking whether gcc accepts and needs -fno-strict-aliasing... no
#7 45.79 checking if we can turn off gcc unused result warning... yes
#7 45.80 checking if we can turn off gcc unused parameter warning... yes
#7 45.81 checking if we can turn off gcc missing field initializers warning... yes
#7 45.82 checking if we can turn on gcc mixed sign comparison warning... yes
#7 45.83 checking if we can turn on gcc unreachable code warning... no
#7 45.84 checking if we can turn on gcc strict-prototypes warning... no
#7 45.85 checking if we can make implicit function declaration an error in gcc... yes
#7 45.86 checking if we can use visibility in gcc... yes
#7 45.87 checking whether pthreads are available without options... no
#7 45.89 checking whether gcc accepts -Kpthread... no
#7 45.90 checking whether gcc accepts -Kthread... no
#7 45.90 checking whether gcc accepts -pthread... yes
#7 45.92 checking whether g++ also accepts flags for thread support... yes
#7 45.95 checking for ANSI C header files... (cached) yes
#7 45.95 checking asm/types.h usability... yes
#7 45.96 checking asm/types.h presence... yes
#7 45.97 checking for asm/types.h... yes
#7 45.97 checking crypt.h usability... yes
#7 45.98 checking crypt.h presence... yes
#7 45.99 checking for crypt.h... yes
#7 45.99 checking conio.h usability... no
#7 46.00 checking conio.h presence... no
#7 46.01 checking for conio.h... no
#7 46.01 checking direct.h usability... no
#7 46.02 checking direct.h presence... no
#7 46.03 checking for direct.h... no
#7 46.03 checking dlfcn.h usability... yes
#7 46.05 checking dlfcn.h presence... yes
#7 46.05 checking for dlfcn.h... yes
#7 46.05 checking errno.h usability... yes
#7 46.07 checking errno.h presence... yes
#7 46.07 checking for errno.h... yes
#7 46.08 checking fcntl.h usability... yes
#7 46.09 checking fcntl.h presence... yes
#7 46.09 checking for fcntl.h... yes
#7 46.10 checking grp.h usability... yes
#7 46.11 checking grp.h presence... yes
#7 46.11 checking for grp.h... yes
#7 46.12 checking ieeefp.h usability... no
#7 46.13 checking ieeefp.h presence... no
#7 46.14 checking for ieeefp.h... no
#7 46.14 checking io.h usability... no
#7 46.15 checking io.h presence... no
#7 46.16 checking for io.h... no
#7 46.16 checking langinfo.h usability... yes
#7 46.17 checking langinfo.h presence... yes
#7 46.18 checking for langinfo.h... yes
#7 46.18 checking libintl.h usability... yes
#7 46.19 checking libintl.h presence... yes
#7 46.20 checking for libintl.h... yes
#7 46.20 checking process.h usability... no
#7 46.21 checking process.h presence... no
#7 46.22 checking for process.h... no
#7 46.22 checking pthread.h usability... yes
#7 46.24 checking pthread.h presence... yes
#7 46.24 checking for pthread.h... yes
#7 46.25 checking sched.h usability... yes
#7 46.26 checking sched.h presence... yes
#7 46.26 checking for sched.h... yes
#7 46.27 checking shadow.h usability... yes
#7 46.28 checking shadow.h presence... yes
#7 46.28 checking for shadow.h... yes
#7 46.29 checking signal.h usability... yes
#7 46.30 checking signal.h presence... yes
#7 46.31 checking for signal.h... yes
#7 46.31 checking stropts.h usability... no
#7 46.32 checking stropts.h presence... no
#7 46.33 checking for stropts.h... no
#7 46.33 checking termios.h usability... yes
#7 46.35 checking termios.h presence... yes
#7 46.35 checking for termios.h... yes
#7 46.35 checking utime.h usability... yes
#7 46.37 checking utime.h presence... yes
#7 46.37 checking for utime.h... yes
#7 46.38 checking poll.h usability... yes
#7 46.39 checking poll.h presence... yes
#7 46.39 checking for poll.h... yes
#7 46.40 checking sys/devpoll.h usability... no
#7 46.41 checking sys/devpoll.h presence... no
#7 46.42 checking for sys/devpoll.h... no
#7 46.42 checking sys/epoll.h usability... yes
#7 46.43 checking sys/epoll.h presence... yes
#7 46.44 checking for sys/epoll.h... yes
#7 46.44 checking sys/poll.h usability... yes
#7 46.45 checking sys/poll.h presence... yes
#7 46.46 checking for sys/poll.h... yes
#7 46.46 checking sys/audioio.h usability... no
#7 46.47 checking sys/audioio.h presence... no
#7 46.48 checking for sys/audioio.h... no
#7 46.48 checking sys/xattr.h usability... yes
#7 46.50 checking sys/xattr.h presence... yes
#7 46.50 checking for sys/xattr.h... yes
#7 46.50 checking sys/bsdtty.h usability... no
#7 46.52 checking sys/bsdtty.h presence... no
#7 46.52 checking for sys/bsdtty.h... no
#7 46.52 checking sys/event.h usability... no
#7 46.54 checking sys/event.h presence... no
#7 46.54 checking for sys/event.h... no
#7 46.54 checking sys/file.h usability... yes
#7 46.56 checking sys/file.h presence... yes
#7 46.56 checking for sys/file.h... yes
#7 46.57 checking sys/ioctl.h usability... yes
#7 46.58 checking sys/ioctl.h presence... yes
#7 46.58 checking for sys/ioctl.h... yes
#7 46.59 checking sys/kern_control.h usability... no
#7 46.60 checking sys/kern_control.h presence... no
#7 46.61 checking for sys/kern_control.h... no
#7 46.61 checking sys/loadavg.h usability... no
#7 46.62 checking sys/loadavg.h presence... no
#7 46.63 checking for sys/loadavg.h... no
#7 46.63 checking sys/lock.h usability... no
#7 46.64 checking sys/lock.h presence... no
#7 46.65 checking for sys/lock.h... no
#7 46.65 checking sys/mkdev.h usability... no
#7 46.66 checking sys/mkdev.h presence... no
#7 46.67 checking for sys/mkdev.h... no
#7 46.67 checking sys/modem.h usability... no
#7 46.68 checking sys/modem.h presence... no
#7 46.69 checking for sys/modem.h... no
#7 46.69 checking sys/param.h usability... yes
#7 46.71 checking sys/param.h presence... yes
#7 46.71 checking for sys/param.h... yes
#7 46.72 checking sys/random.h usability... yes
#7 46.73 checking sys/random.h presence... yes
#7 46.74 checking for sys/random.h... yes
#7 46.74 checking sys/select.h usability... yes
#7 46.75 checking sys/select.h presence... yes
#7 46.76 checking for sys/select.h... yes
#7 46.76 checking sys/sendfile.h usability... yes
#7 46.78 checking sys/sendfile.h presence... yes
#7 46.78 checking for sys/sendfile.h... yes
#7 46.78 checking sys/socket.h usability... yes
#7 46.80 checking sys/socket.h presence... yes
#7 46.80 checking for sys/socket.h... yes
#7 46.81 checking sys/statvfs.h usability... yes
#7 46.82 checking sys/statvfs.h presence... yes
#7 46.82 checking for sys/statvfs.h... yes
#7 46.83 checking for sys/stat.h... (cached) yes
#7 46.83 checking sys/syscall.h usability... yes
#7 46.84 checking sys/syscall.h presence... yes
#7 46.85 checking for sys/syscall.h... yes
#7 46.85 checking sys/sys_domain.h usability... no
#7 46.87 checking sys/sys_domain.h presence... no
#7 46.87 checking for sys/sys_domain.h... no
#7 46.87 checking sys/termio.h usability... no
#7 46.89 checking sys/termio.h presence... no
#7 46.89 checking for sys/termio.h... no
#7 46.89 checking sys/time.h usability... yes
#7 46.91 checking sys/time.h presence... yes
#7 46.91 checking for sys/time.h... yes
#7 46.92 checking sys/times.h usability... yes
#7 46.93 checking sys/times.h presence... yes
#7 46.93 checking for sys/times.h... yes
#7 46.94 checking for sys/types.h... (cached) yes
#7 46.94 checking sys/uio.h usability... yes
#7 46.95 checking sys/uio.h presence... yes
#7 46.96 checking for sys/uio.h... yes
#7 46.96 checking sys/un.h usability... yes
#7 46.97 checking sys/un.h presence... yes
#7 46.98 checking for sys/un.h... yes
#7 46.98 checking sys/utsname.h usability... yes
#7 47.00 checking sys/utsname.h presence... yes
#7 47.00 checking for sys/utsname.h... yes
#7 47.01 checking sys/wait.h usability... yes
#7 47.02 checking sys/wait.h presence... yes
#7 47.03 checking for sys/wait.h... yes
#7 47.03 checking pty.h usability... yes
#7 47.04 checking pty.h presence... yes
#7 47.05 checking for pty.h... yes
#7 47.05 checking libutil.h usability... no
#7 47.06 checking libutil.h presence... no
#7 47.07 checking for libutil.h... no
#7 47.07 checking sys/resource.h usability... yes
#7 47.09 checking sys/resource.h presence... yes
#7 47.09 checking for sys/resource.h... yes
#7 47.09 checking netpacket/packet.h usability... yes
#7 47.11 checking netpacket/packet.h presence... yes
#7 47.11 checking for netpacket/packet.h... yes
#7 47.11 checking sysexits.h usability... yes
#7 47.13 checking sysexits.h presence... yes
#7 47.13 checking for sysexits.h... yes
#7 47.13 checking bluetooth.h usability... no
#7 47.15 checking bluetooth.h presence... no
#7 47.15 checking for bluetooth.h... no
#7 47.16 checking linux/tipc.h usability... yes
#7 47.17 checking linux/tipc.h presence... yes
#7 47.17 checking for linux/tipc.h... yes
#7 47.18 checking linux/random.h usability... yes
#7 47.19 checking linux/random.h presence... yes
#7 47.20 checking for linux/random.h... yes
#7 47.20 checking spawn.h usability... yes
#7 47.21 checking spawn.h presence... yes
#7 47.22 checking for spawn.h... yes
#7 47.22 checking util.h usability... no
#7 47.24 checking util.h presence... no
#7 47.24 checking for util.h... no
#7 47.24 checking alloca.h usability... yes
#7 47.26 checking alloca.h presence... yes
#7 47.26 checking for alloca.h... yes
#7 47.26 checking endian.h usability... yes
#7 47.28 checking endian.h presence... yes
#7 47.28 checking for endian.h... yes
#7 47.28 checking sys/endian.h usability... no
#7 47.30 checking sys/endian.h presence... no
#7 47.30 checking for sys/endian.h... no
#7 47.31 checking sys/sysmacros.h usability... yes
#7 47.32 checking sys/sysmacros.h presence... yes
#7 47.32 checking for sys/sysmacros.h... yes
#7 47.33 checking linux/auxvec.h usability... yes
#7 47.34 checking linux/auxvec.h presence... yes
#7 47.35 checking for linux/auxvec.h... yes
#7 47.35 checking sys/auxv.h usability... yes
#7 47.36 checking sys/auxv.h presence... yes
#7 47.37 checking for sys/auxv.h... yes
#7 47.37 checking linux/memfd.h usability... yes
#7 47.39 checking linux/memfd.h presence... yes
#7 47.39 checking for linux/memfd.h... yes
#7 47.39 checking linux/wait.h usability... yes
#7 47.41 checking linux/wait.h presence... yes
#7 47.41 checking for linux/wait.h... yes
#7 47.41 checking sys/memfd.h usability... no
#7 47.43 checking sys/memfd.h presence... no
#7 47.43 checking for sys/memfd.h... no
#7 47.44 checking sys/mman.h usability... yes
#7 47.45 checking sys/mman.h presence... yes
#7 47.45 checking for sys/mman.h... yes
#7 47.46 checking sys/eventfd.h usability... yes
#7 47.47 checking sys/eventfd.h presence... yes
#7 47.48 checking for sys/eventfd.h... yes
#7 47.48 checking for dirent.h that defines DIR... yes
#7 47.49 checking for library containing opendir... none required
#7 47.51 checking whether sys/types.h defines makedev... no
#7 47.53 checking for sys/mkdev.h... (cached) no
#7 47.54 checking for sys/sysmacros.h... (cached) yes
#7 47.54 checking bluetooth/bluetooth.h usability... no
#7 47.55 checking bluetooth/bluetooth.h presence... no
#7 47.55 checking for bluetooth/bluetooth.h... no
#7 47.55 checking for net/if.h... yes
#7 47.57 checking for linux/netlink.h... yes
#7 47.58 checking for linux/qrtr.h... yes
#7 47.59 checking for linux/vm_sockets.h... yes
#7 47.60 checking for linux/can.h... yes
#7 47.61 checking for linux/can/bcm.h... yes
#7 47.63 checking for linux/can/j1939.h... yes
#7 47.64 checking for linux/can/raw.h... yes
#7 47.65 checking for clock_t in time.h... yes
#7 47.66 checking for makedev... yes
#7 47.68 checking for le64toh... yes
#7 47.70 checking for mode_t... yes
#7 47.73 checking for off_t... yes
#7 47.76 checking for pid_t... yes
#7 47.79 checking for size_t... yes
#7 47.82 checking for uid_t in sys/types.h... yes
#7 47.82 checking for ssize_t... yes
#7 47.85 checking for __uint128_t... yes
#7 47.88 checking size of int... 4
#7 47.91 checking size of long... 8
#7 47.93 checking alignment of long... 8
#7 47.96 checking size of long long... 8
#7 47.99 checking size of void *... 8
#7 48.01 checking size of short... 2
#7 48.04 checking size of float... 4
#7 48.06 checking size of double... 8
#7 48.09 checking size of fpos_t... 16
#7 48.12 checking size of size_t... 8
#7 48.14 checking alignment of size_t... 8
#7 48.17 checking size of pid_t... 4
#7 48.19 checking size of uintptr_t... 8
#7 48.22 checking for long double... yes
#7 48.22 checking size of long double... 16
#7 48.25 checking size of _Bool... 1
#7 48.27 checking size of off_t... 8
#7 48.30 checking whether to enable large file support... no
#7 48.30 checking size of time_t... 8
#7 48.32 checking for pthread_t... yes
#7 48.33 checking size of pthread_t... 8
#7 48.36 checking size of pthread_key_t... 4
#7 48.38 checking whether pthread_key_t is compatible with int... yes
#7 48.39 checking for --enable-framework... no
#7 48.39 checking for dyld... no
#7 48.39 checking for --with-address-sanitizer... no
#7 48.39 checking for --with-memory-sanitizer... no
#7 48.39 checking for --with-undefined-behavior-sanitizer... no
#7 48.39 checking the extension of shared libraries... .so
#7 48.39 checking LDSHARED... $(CC) -shared
#7 48.39 checking CCSHARED... -fPIC
#7 48.39 checking LINKFORSHARED... -Xlinker -export-dynamic
#7 48.39 checking CFLAGSFORSHARED... 
#7 48.39 checking SHLIBS... $(LIBS)
#7 48.39 checking for sendfile in -lsendfile... no
#7 48.41 checking for dlopen in -ldl... yes
#7 48.43 checking for shl_load in -ldld... no
#7 48.45 checking uuid/uuid.h usability... no
#7 48.46 checking uuid/uuid.h presence... no
#7 48.47 checking for uuid/uuid.h... no
#7 48.47 checking uuid.h usability... no
#7 48.48 checking uuid.h presence... no
#7 48.49 checking for uuid.h... no
#7 48.49 checking for uuid_generate_time_safe... no
#7 48.50 checking for uuid_generate_time in -luuid... no
#7 48.51 checking for uuid_create... no
#7 48.52 checking for uuid_enc_be... no
#7 48.53 checking for library containing sem_init... -lpthread
#7 48.57 checking for textdomain in -lintl... no
#7 48.58 checking aligned memory access is required... no
#7 48.61 checking for --with-hash-algorithm... default
#7 48.61 checking for --with-tzpath... "/usr/share/zoneinfo:/usr/lib/zoneinfo:/usr/share/lib/zoneinfo:/etc/zoneinfo"
#7 48.61 checking for t_open in -lnsl... no
#7 48.63 checking for socket in -lsocket... no
#7 48.64 checking for --with-libs... no
#7 48.64 checking for pkg-config... no
#7 48.64 checking for --with-system-expat... no
#7 48.64 checking for --with-system-ffi... yes
#7 48.64 checking for --with-system-libmpdec... no
#7 48.64 checking for --with-decimal-contextvar... yes
#7 48.65 checking for --enable-loadable-sqlite-extensions... no
#7 48.65 checking for --with-tcltk-includes... default
#7 48.65 checking for --with-tcltk-libs... default
#7 48.65 checking for --with-dbmliborder... 
#7 48.65 checking if PTHREAD_SCOPE_SYSTEM is supported... yes
#7 48.67 checking for pthread_sigmask... yes
#7 48.69 checking for pthread_getcpuclockid... yes
#7 48.72 checking if --enable-ipv6 is specified... yes
#7 48.73 checking if RFC2553 API is available... yes
#7 48.74 checking ipv6 stack type... linux-glibc
#7 48.76 checking for CAN_RAW_FD_FRAMES... yes
#7 48.77 checking for CAN_RAW_JOIN_FILTERS... yes
#7 48.78 checking for --with-doc-strings... yes
#7 48.78 checking for --with-pymalloc... yes
#7 48.78 checking for --with-c-locale-coercion... yes
#7 48.78 checking for --with-valgrind... no
#7 48.78 checking for --with-dtrace... no
#7 48.78 checking for dlopen... yes
#7 48.80 checking DYNLOADFILE... dynload_shlib.o
#7 48.80 checking MACHDEP_OBJS... none
#7 48.80 checking for alarm... yes
#7 48.82 checking for accept4... yes
#7 48.85 checking for setitimer... yes
#7 48.87 checking for getitimer... yes
#7 48.89 checking for bind_textdomain_codeset... yes
#7 48.92 checking for chown... yes
#7 48.94 checking for clock... yes
#7 48.96 checking for confstr... yes
#7 48.99 checking for close_range... no
#7 49.01 checking for copy_file_range... yes
#7 49.03 checking for ctermid... yes
#7 49.06 checking for dup3... yes
#7 49.08 checking for execv... yes
#7 49.10 checking for explicit_bzero... yes
#7 49.13 checking for explicit_memset... no
#7 49.15 checking for faccessat... yes
#7 49.17 checking for fchmod... yes
#7 49.20 checking for fchmodat... yes
#7 49.22 checking for fchown... yes
#7 49.24 checking for fchownat... yes
#7 49.26 checking for fdwalk... no
#7 49.29 checking for fexecve... yes
#7 49.31 checking for fdopendir... yes
#7 49.34 checking for fork... yes
#7 49.36 checking for fpathconf... yes
#7 49.38 checking for fstatat... yes
#7 49.41 checking for ftime... yes
#7 49.43 checking for ftruncate... yes
#7 49.45 checking for futimesat... yes
#7 49.48 checking for futimens... yes
#7 49.50 checking for futimes... yes
#7 49.52 checking for gai_strerror... yes
#7 49.54 checking for getentropy... yes
#7 49.57 checking for getgrgid_r... yes
#7 49.59 checking for getgrnam_r... yes
#7 49.61 checking for getgrouplist... yes
#7 49.63 checking for getgroups... yes
#7 49.66 checking for getlogin... yes
#7 49.68 checking for getloadavg... yes
#7 49.71 checking for getpeername... yes
#7 49.73 checking for getpgid... yes
#7 49.75 checking for getpid... yes
#7 49.77 checking for getpriority... yes
#7 49.80 checking for getresuid... yes
#7 49.82 checking for getresgid... yes
#7 49.84 checking for getpwent... yes
#7 49.87 checking for getpwnam_r... yes
#7 49.89 checking for getpwuid_r... yes
#7 49.91 checking for getspnam... yes
#7 49.93 checking for getspent... yes
#7 49.96 checking for getsid... yes
#7 49.98 checking for getwd... yes
#7 50.01 checking for if_nameindex... yes
#7 50.03 checking for initgroups... yes
#7 50.05 checking for kill... yes
#7 50.08 checking for killpg... yes
#7 50.10 checking for lchown... yes
#7 50.12 checking for lockf... yes
#7 50.14 checking for linkat... yes
#7 50.17 checking for lstat... yes
#7 50.19 checking for lutimes... yes
#7 50.21 checking for mmap... yes
#7 50.24 checking for memrchr... yes
#7 50.26 checking for mbrtowc... yes
#7 50.28 checking for mkdirat... yes
#7 50.30 checking for mkfifo... yes
#7 50.33 checking for madvise... yes
#7 50.35 checking for mkfifoat... yes
#7 50.37 checking for mknod... yes
#7 50.39 checking for mknodat... yes
#7 50.42 checking for mktime... yes
#7 50.44 checking for mremap... yes
#7 50.46 checking for nice... yes
#7 50.49 checking for openat... yes
#7 50.51 checking for pathconf... yes
#7 50.53 checking for pause... yes
#7 50.55 checking for pipe2... yes
#7 50.58 checking for plock... no
#7 50.60 checking for poll... yes
#7 50.62 checking for posix_fallocate... yes
#7 50.65 checking for posix_fadvise... yes
#7 50.67 checking for posix_spawn... yes
#7 50.69 checking for posix_spawnp... yes
#7 50.72 checking for pread... yes
#7 50.74 checking for preadv... yes
#7 50.76 checking for preadv2... yes
#7 50.79 checking for pthread_condattr_setclock... yes
#7 50.81 checking for pthread_init... no
#7 50.83 checking for pthread_kill... yes
#7 50.86 checking for pwrite... yes
#7 50.88 checking for pwritev... yes
#7 50.90 checking for pwritev2... yes
#7 50.93 checking for readlink... yes
#7 50.95 checking for readlinkat... yes
#7 50.97 checking for readv... yes
#7 50.99 checking for realpath... yes
#7 51.02 checking for renameat... yes
#7 51.04 checking for sem_open... yes
#7 51.06 checking for sem_timedwait... yes
#7 51.09 checking for sem_clockwait... yes
#7 51.11 checking for sem_getvalue... yes
#7 51.13 checking for sem_unlink... yes
#7 51.16 checking for sendfile... yes
#7 51.18 checking for setegid... yes
#7 51.20 checking for seteuid... yes
#7 51.22 checking for setgid... yes
#7 51.25 checking for sethostname... yes
#7 51.27 checking for setlocale... yes
#7 51.29 checking for setregid... yes
#7 51.32 checking for setreuid... yes
#7 51.34 checking for setresuid... yes
#7 51.36 checking for setresgid... yes
#7 51.38 checking for setsid... yes
#7 51.41 checking for setpgid... yes
#7 51.43 checking for setpgrp... yes
#7 51.45 checking for setpriority... yes
#7 51.48 checking for setuid... yes
#7 51.50 checking for setvbuf... yes
#7 51.52 checking for sched_get_priority_max... yes
#7 51.55 checking for sched_setaffinity... yes
#7 51.57 checking for sched_setscheduler... yes
#7 51.59 checking for sched_setparam... yes
#7 51.61 checking for sched_rr_get_interval... yes
#7 51.64 checking for sigaction... yes
#7 51.66 checking for sigaltstack... yes
#7 51.68 checking for sigfillset... yes
#7 51.71 checking for siginterrupt... yes
#7 51.73 checking for sigpending... yes
#7 51.76 checking for sigrelse... yes
#7 51.78 checking for sigtimedwait... yes
#7 51.80 checking for sigwait... yes
#7 51.83 checking for sigwaitinfo... yes
#7 51.85 checking for snprintf... yes
#7 51.87 checking for splice... yes
#7 51.90 checking for strftime... yes
#7 51.92 checking for strlcpy... no
#7 51.94 checking for strsignal... yes
#7 51.97 checking for symlinkat... yes
#7 51.99 checking for sync... yes
#7 52.01 checking for sysconf... yes
#7 52.03 checking for tcgetpgrp... yes
#7 52.06 checking for tcsetpgrp... yes
#7 52.08 checking for tempnam... yes
#7 52.10 checking for timegm... yes
#7 52.13 checking for times... yes
#7 52.15 checking for tmpfile... yes
#7 52.17 checking for tmpnam... yes
#7 52.20 checking for tmpnam_r... yes
#7 52.22 checking for truncate... yes
#7 52.24 checking for uname... yes
#7 52.27 checking for unlinkat... yes
#7 52.29 checking for utimensat... yes
#7 52.31 checking for utimes... yes
#7 52.34 checking for vfork... yes
#7 52.36 checking for waitid... yes
#7 52.38 checking for waitpid... yes
#7 52.41 checking for wait3... yes
#7 52.43 checking for wait4... yes
#7 52.45 checking for wcscoll... yes
#7 52.48 checking for wcsftime... yes
#7 52.50 checking for wcsxfrm... yes
#7 52.52 checking for wmemcmp... yes
#7 52.54 checking for writev... yes
#7 52.57 checking for _getpty... no
#7 52.59 checking for rtpSpawn... no
#7 52.62 checking whether dirfd is declared... yes
#7 52.63 checking for chroot... yes
#7 52.64 checking for link... yes
#7 52.65 checking for symlink... yes
#7 52.67 checking for fchdir... yes
#7 52.68 checking for fsync... yes
#7 52.69 checking for fdatasync... yes
#7 52.70 checking for epoll... yes
#7 52.72 checking for epoll_create1... yes
#7 52.73 checking for kqueue... no
#7 52.74 checking for prlimit... yes
#7 52.75 checking for _dyld_shared_cache_contains_path... no
#7 52.76 checking for memfd_create... yes
#7 52.77 checking for eventfd... yes
#7 52.78 checking for ctermid_r... no
#7 52.79 checking for flock declaration... yes
#7 52.80 checking for flock... yes
#7 52.82 checking for getpagesize... yes
#7 52.83 checking for broken unsetenv... no
#7 52.85 checking for true... true
#7 52.85 checking for inet_aton in -lc... yes
#7 52.87 checking for chflags... no
#7 52.89 checking for lchflags... no
#7 52.91 checking for inflateCopy in -lz... yes
#7 52.93 checking for hstrerror... yes
#7 52.96 checking for inet_aton... yes
#7 52.98 checking for inet_pton... yes
#7 52.99 checking for setgroups... yes
#7 53.00 checking for openpty... no
#7 53.03 checking for openpty in -lutil... yes
#7 53.05 checking for forkpty... yes
#7 53.07 checking for fseek64... no
#7 53.09 checking for fseeko... yes
#7 53.12 checking for fstatvfs... yes
#7 53.14 checking for ftell64... no
#7 53.16 checking for ftello... yes
#7 53.18 checking for statvfs... yes
#7 53.21 checking for dup2... yes
#7 53.23 checking for getpgrp... yes
#7 53.26 checking for setpgrp... (cached) yes
#7 53.27 checking for library containing crypt... -lcrypt
#7 53.31 checking for library containing crypt_r... none required
#7 53.33 checking for crypt_r... yes
#7 53.36 checking for clock_gettime... yes
#7 53.38 checking for clock_getres... yes
#7 53.40 checking for clock_settime... yes
#7 53.42 checking for major... yes
#7 53.44 checking for getaddrinfo... yes
#7 53.47 checking getaddrinfo bug... no
#7 53.49 checking for getnameinfo... yes
#7 53.51 checking whether time.h and sys/time.h may both be included... yes
#7 53.52 checking whether struct tm is in sys/time.h or time.h... time.h
#7 53.54 checking for struct tm.tm_zone... yes
#7 53.55 checking for struct stat.st_rdev... yes
#7 53.57 checking for struct stat.st_blksize... yes
#7 53.59 checking for struct stat.st_flags... no
#7 53.61 checking for struct stat.st_gen... no
#7 53.64 checking for struct stat.st_birthtime... no
#7 53.67 checking for struct stat.st_blocks... yes
#7 53.68 checking for struct passwd.pw_gecos... yes
#7 53.70 checking for struct passwd.pw_passwd... yes
#7 53.71 checking for siginfo_t.si_band... yes
#7 53.72 checking for time.h that defines altzone... no
#7 53.73 checking whether sys/select.h and sys/time.h may both be included... yes
#7 53.74 checking for addrinfo... yes
#7 53.76 checking for sockaddr_storage... yes
#7 53.77 checking for sockaddr_alg... yes
#7 53.78 checking for an ANSI C-conforming const... yes
#7 53.79 checking for working signed char... yes
#7 53.80 checking for prototypes... yes
#7 53.81 checking for variable length prototypes and stdarg.h... yes
#7 53.82 checking for socketpair... yes
#7 53.84 checking if sockaddr has sa_len member... no
#7 53.85 checking for gethostbyname_r... yes
#7 53.87 checking gethostbyname_r with 6 args... yes
#7 53.88 checking for __fpu_control... yes
#7 53.90 checking for --with-libm=STRING... default LIBM="-lm"
#7 53.90 checking for --with-libc=STRING... default LIBC=""
#7 53.90 checking for x64 gcc inline assembler... yes
#7 53.92 checking whether float word ordering is bigendian... no
#7 53.93 checking whether we can use gcc inline assembler to get and set x87 control word... yes
#7 53.95 checking whether we can use gcc inline assembler to get and set mc68881 fpcr... no
#7 53.96 checking for x87-style double rounding... no
#7 54.00 checking for acosh... yes
#7 54.02 checking for asinh... yes
#7 54.05 checking for atanh... yes
#7 54.08 checking for copysign... yes
#7 54.11 checking for erf... yes
#7 54.14 checking for erfc... yes
#7 54.16 checking for expm1... yes
#7 54.19 checking for finite... yes
#7 54.22 checking for gamma... yes
#7 54.25 checking for hypot... yes
#7 54.28 checking for lgamma... yes
#7 54.30 checking for log1p... yes
#7 54.33 checking for log2... yes
#7 54.36 checking for round... yes
#7 54.39 checking for tgamma... yes
#7 54.42 checking whether isinf is declared... yes
#7 54.44 checking whether isnan is declared... yes
#7 54.46 checking whether isfinite is declared... yes
#7 54.48 checking whether POSIX semaphores are enabled... yes
#7 54.51 checking for broken sem_getvalue... no
#7 54.54 checking whether RTLD_LAZY is declared... yes
#7 54.55 checking whether RTLD_NOW is declared... yes
#7 54.57 checking whether RTLD_GLOBAL is declared... yes
#7 54.58 checking whether RTLD_LOCAL is declared... yes
#7 54.59 checking whether RTLD_NODELETE is declared... yes
#7 54.61 checking whether RTLD_NOLOAD is declared... yes
#7 54.62 checking whether RTLD_DEEPBIND is declared... yes
#7 54.63 checking whether RTLD_MEMBER is declared... no
#7 54.64 checking digit size for Python's longs... no value specified
#7 54.64 checking wchar.h usability... yes
#7 54.66 checking wchar.h presence... yes
#7 54.66 checking for wchar.h... yes
#7 54.66 checking size of wchar_t... 4
#7 54.69 checking for UCS-4 tcl... no
#7 54.70 checking whether wchar_t is signed... yes
#7 54.72 checking whether wchar_t is usable... no
#7 54.72 checking whether byte ordering is bigendian... no
#7 54.75 checking ABIFLAGS... 
#7 54.75 checking SOABI... cpython-310-x86_64-linux-gnu
#7 54.75 checking LDVERSION... $(VERSION)$(ABIFLAGS)
#7 54.75 checking for --with-platlibdir... no
#7 54.75 checking for --with-wheel-pkg-dir... no
#7 54.75 checking whether right shift extends the sign bit... yes
#7 54.77 checking for getc_unlocked() and friends... yes
#7 54.79 checking how to link readline libs... -lreadline
#7 54.82 checking whether rl_completion_append_character is declared... yes
#7 54.83 checking whether rl_completion_suppress_append is declared... yes
#7 54.85 checking for rl_pre_input_hook in -lreadline... yes
#7 54.87 checking for rl_completion_display_matches_hook in -lreadline... yes
#7 54.90 checking for rl_resize_terminal in -lreadline... yes
#7 54.92 checking for rl_completion_matches in -lreadline... yes
#7 54.94 checking whether rl_catch_signals is declared... yes
#7 54.96 checking for append_history in -lreadline... yes
#7 54.98 checking for broken nice()... no
#7 55.00 checking for broken poll()... no
#7 55.03 checking for working tzset()... yes
#7 55.05 checking for tv_nsec in struct stat... yes
#7 55.07 checking for tv_nsec2 in struct stat... no
#7 55.08 checking curses.h usability... yes
#7 55.10 checking curses.h presence... yes
#7 55.10 checking for curses.h... yes
#7 55.11 checking ncurses.h usability... yes
#7 55.12 checking ncurses.h presence... yes
#7 55.13 checking for ncurses.h... yes
#7 55.13 checking for term.h... yes
#7 55.15 checking whether mvwdelch is an expression... yes
#7 55.17 checking whether WINDOW has _flags... yes
#7 55.18 checking for is_pad... yes
#7 55.20 checking for is_term_resized... yes
#7 55.21 checking for resize_term... yes
#7 55.23 checking for resizeterm... yes
#7 55.24 checking for immedok... yes
#7 55.26 checking for syncok... yes
#7 55.27 checking for wchgat... yes
#7 55.29 checking for filter... yes
#7 55.30 checking for has_key... yes
#7 55.32 checking for typeahead... yes
#7 55.34 checking for use_env... yes
#7 55.35 configure: checking for device files
#7 55.35 checking for /dev/ptmx... yes
#7 55.35 checking for /dev/ptc... no
#7 55.35 checking for %zd printf() format support... yes
#7 55.38 checking for socklen_t... yes
#7 55.40 checking for broken mbstowcs... no
#7 55.42 checking for --with-computed-gotos... no value specified
#7 55.42 checking whether gcc -pthread supports computed gotos... yes
#7 55.44 checking for build directories... done
#7 55.44 checking for -O2... yes
#7 55.45 checking for glibc _FORTIFY_SOURCE/memmove bug... no
#7 55.48 checking for gcc ipa-pure-const bug... no
#7 55.51 checking for stdatomic.h... yes
#7 55.53 checking for builtin __atomic_load_n and __atomic_store_n functions... yes
#7 55.55 checking for ensurepip... upgrade
#7 55.55 checking if the dirent structure of a d_type field... yes
#7 55.57 checking for the Linux getrandom() syscall... yes
#7 55.59 checking for the getrandom() function... yes
#7 55.61 checking for library containing shm_open... -lrt
#7 55.66 checking for sys/mman.h... (cached) yes
#7 55.66 checking for shm_open... yes
#7 55.69 checking for shm_unlink... yes
#7 55.71 checking for pkg-config... no
#7 55.71 checking for openssl/ssl.h in /usr/local/ssl... no
#7 55.71 checking for openssl/ssl.h in /usr/lib/ssl... no
#7 55.71 checking for openssl/ssl.h in /usr/ssl... no
#7 55.71 checking for openssl/ssl.h in /usr/pkg... no
#7 55.71 checking for openssl/ssl.h in /usr/local... no
#7 55.71 checking for openssl/ssl.h in /usr... yes
#7 55.71 checking whether compiling and linking against OpenSSL works... yes
#7 55.78 checking for --with-openssl-rpath... 
#7 55.78 checking whether OpenSSL provides required APIs... yes
#7 55.84 checking for --with-ssl-default-suites... python
#7 55.84 checking for --with-builtin-hashlib-hashes... md5,sha1,sha256,sha512,sha3,blake2
#7 55.84 checking for --with-experimental-isolated-subinterpreters... no
#7 55.84 checking for --with-static-libpython... yes
#7 55.84 checking for --disable-test-modules... no
#7 55.86 configure: creating ./config.status
#7 55.90 config.status: creating Makefile.pre
#7 55.90 config.status: creating Misc/python.pc
#7 55.91 config.status: creating Misc/python-embed.pc
#7 55.92 config.status: creating Misc/python-config.sh
#7 55.92 config.status: creating Modules/ld_so_aix
#7 55.93 config.status: creating pyconfig.h
#7 55.93 creating Modules/Setup.local
#7 55.93 creating Makefile
#7 56.00 Running code to generate profile data (this can take a while):
#7 56.00 # First, we need to create a clean build with profile generation
#7 56.00 # enabled.
#7 56.00 make profile-gen-stamp
#7 56.00 make[1]: Entering directory '/Python-3.10.9'
#7 56.00 make clean
#7 56.00 make[2]: Entering directory '/Python-3.10.9'
#7 56.00 find . -depth -name '__pycache__' -exec rm -rf {} ';'
#7 56.01 find . -name '*.py[co]' -exec rm -f {} ';'
#7 56.01 find . -name '*.[oa]' -exec rm -f {} ';'
#7 56.01 find . -name '*.s[ol]' -exec rm -f {} ';'
#7 56.02 find . -name '*.so.[0-9]*.[0-9]*' -exec rm -f {} ';'
#7 56.02 find . -name '*.lst' -exec rm -f {} ';'
#7 56.02 find build -name 'fficonfig.h' -exec rm -f {} ';' || true
#7 56.02 find: 'build': No such file or directory
#7 56.02 find build -name '*.py' -exec rm -f {} ';' || true
#7 56.03 find: 'build': No such file or directory
#7 56.03 find build -name '*.py[co]' -exec rm -f {} ';' || true
#7 56.03 find: 'build': No such file or directory
#7 56.03 rm -f pybuilddir.txt
#7 56.03 rm -f Lib/lib2to3/*Grammar*.pickle
#7 56.03 rm -f Programs/_testembed Programs/_freeze_importlib
#7 56.03 find build -type f -a ! -name '*.gc??' -exec rm -f {} ';'
#7 56.03 find: 'build': No such file or directory
#7 56.03 make[2]: [Makefile:1928: clean-retain-profile] Error 1 (ignored)
#7 56.03 rm -f Include/pydtrace_probes.h
#7 56.03 rm -f profile-gen-stamp
#7 56.03 make[3]: Entering directory '/Python-3.10.9'
#7 56.03 find . -name '*.gc??' -exec rm -f {} ';'
#7 56.04 find . -name '*.profclang?' -exec rm -f {} ';'
#7 56.04 find . -name '*.dyn' -exec rm -f {} ';'
#7 56.04 rm -f /Python-3.10.9/coverage.info
#7 56.04 rm -rf /Python-3.10.9/lcov-report
#7 56.04 rm -f profile-run-stamp
#7 56.04 make[3]: Leaving directory '/Python-3.10.9'
#7 56.04 make[2]: Leaving directory '/Python-3.10.9'
#7 56.04 touch profile-clean-stamp
#7 56.05 Building with support for profile generation:
#7 56.05 make build_all_generate_profile
#7 56.05 make[2]: Entering directory '/Python-3.10.9'
#7 56.05 make build_all CFLAGS_NODIST=" -fprofile-generate" LDFLAGS_NODIST=" -fprofile-generate" LIBS="-lcrypt -lpthread -ldl  -lutil -lm"
#7 56.05 make[3]: Entering directory '/Python-3.10.9'
#7 56.05 gcc -pthread -c -Wno-unused-result -Wsign-compare -DNDEBUG -g -fwrapv -O3 -Wall    -fno-semantic-interposition -std=c99 -Wextra -Wno-unused-result -Wno-unused-parameter -Wno-missing-field-initializers -Werror=implicit-function-declaration -fvisibility=hidden -fprofile-generate -I./Include/internal  -I. -I./Include    -DPy_BUILD_CORE -o Programs/python.o ./Programs/python.c
#7 56.05 gcc -pthread -c -Wno-unused-result -Wsign-compare -DNDEBUG -g -fwrapv -O3 -Wall    -fno-semantic-interposition -std=c99 -Wextra -Wno-unused-result -Wno-unused-parameter -Wno-missing-field-initializers -Werror=implicit-function-declaration -fvisibility=hidden -fprofile-generate -I./Include/internal  -I. -I./Include    -DPy_BUILD_CORE -o Parser/token.o Parser/token.c
#7 56.05 gcc -pthread -c -Wno-unused-result -Wsign-compare -DNDEBUG -g -fwrapv -O3 -Wall    -fno-semantic-interposition -std=c99 -Wextra -Wno-unused-result -Wno-unused-parameter -Wno-missing-field-initializers -Werror=implicit-function-declaration -fvisibility=hidden -fprofile-generate -I./Include/internal  -I. -I./Include    -DPy_BUILD_CORE -o Parser/pegen.o Parser/pegen.c
#7 56.05 gcc -pthread -c -Wno-unused-result -Wsign-compare -DNDEBUG -g -fwrapv -O3 -Wall    -fno-semantic-interposition -std=c99 -Wextra -Wno-unused-result -Wno-unused-parameter -Wno-missing-field-initializers -Werror=implicit-function-declaration -fvisibility=hidden -fprofile-generate -I./Include/internal  -I. -I./Include    -DPy_BUILD_CORE -o Parser/parser.o Parser/parser.c
#7 56.05 gcc -pthread -c -Wno-unused-result -Wsign-compare -DNDEBUG -g -fwrapv -O3 -Wall    -fno-semantic-interposition -std=c99 -Wextra -Wno-unused-result -Wno-unused-parameter -Wno-missing-field-initializers -Werror=implicit-function-declaration -fvisibility=hidden -fprofile-generate -I./Include/internal  -I. -I./Include    -DPy_BUILD_CORE -o Parser/string_parser.o Parser/string_parser.c
#7 56.05 gcc -pthread -c -Wno-unused-result -Wsign-compare -DNDEBUG -g -fwrapv -O3 -Wall    -fno-semantic-interposition -std=c99 -Wextra -Wno-unused-result -Wno-unused-parameter -Wno-missing-field-initializers -Werror=implicit-function-declaration -fvisibility=hidden -fprofile-generate -I./Include/internal  -I. -I./Include    -DPy_BUILD_CORE -o Parser/peg_api.o Parser/peg_api.c
#7 56.05 gcc -pthread -c -Wno-unused-result -Wsign-compare -DNDEBUG -g -fwrapv -O3 -Wall    -fno-semantic-interposition -std=c99 -Wextra -Wno-unused-result -Wno-unused-parameter -Wno-missing-field-initializers -Werror=implicit-function-declaration -fvisibility=hidden -fprofile-generate -I./Include/internal  -I. -I./Include    -DPy_BUILD_CORE -o Parser/myreadline.o Parser/myreadline.c
#7 56.06 gcc -pthread -c -Wno-unused-result -Wsign-compare -DNDEBUG -g -fwrapv -O3 -Wall    -fno-semantic-interposition -std=c99 -Wextra -Wno-unused-result -Wno-unused-parameter -Wno-missing-field-initializers -Werror=implicit-function-declaration -fvisibility=hidden -fprofile-generate -I./Include/internal  -I. -I./Include    -DPy_BUILD_CORE -o Parser/tokenizer.o Parser/tokenizer.c
#7 56.06 gcc -pthread -c -Wno-unused-result -Wsign-compare -DNDEBUG -g -fwrapv -O3 -Wall    -fno-semantic-interposition -std=c99 -Wextra -Wno-unused-result -Wno-unused-parameter -Wno-missing-field-initializers -Werror=implicit-function-declaration -fvisibility=hidden -fprofile-generate -I./Include/internal  -I. -I./Include    -DPy_BUILD_CORE -o Objects/abstract.o Objects/abstract.c
#7 56.06 gcc -pthread -c -Wno-unused-result -Wsign-compare -DNDEBUG -g -fwrapv -O3 -Wall    -fno-semantic-interposition -std=c99 -Wextra -Wno-unused-result -Wno-unused-parameter -Wno-missing-field-initializers -Werror=implicit-function-declaration -fvisibility=hidden -fprofile-generate -I./Include/internal  -I. -I./Include    -DPy_BUILD_CORE -o Objects/accu.o Objects/accu.c
#7 56.06 gcc -pthread -c -Wno-unused-result -Wsign-compare -DNDEBUG -g -fwrapv -O3 -Wall    -fno-semantic-interposition -std=c99 -Wextra -Wno-unused-result -Wno-unused-parameter -Wno-missing-field-initializers -Werror=implicit-function-declaration -fvisibility=hidden -fprofile-generate -I./Include/internal  -I. -I./Include    -DPy_BUILD_CORE -o Objects/boolobject.o Objects/boolobject.c
#7 56.06 gcc -pthread -c -Wno-unused-result -Wsign-compare -DNDEBUG -g -fwrapv -O3 -Wall    -fno-semantic-interposition -std=c99 -Wextra -Wno-unused-result -Wno-unused-parameter -Wno-missing-field-initializers -Werror=implicit-function-declaration -fvisibility=hidden -fprofile-generate -I./Include/internal  -I. -I./Include    -DPy_BUILD_CORE -o Objects/bytes_methods.o Objects/bytes_methods.c
#7 56.06 gcc -pthread -c -Wno-unused-result -Wsign-compare -DNDEBUG -g -fwrapv -O3 -Wall    -fno-semantic-interposition -std=c99 -Wextra -Wno-unused-result -Wno-unused-parameter -Wno-missing-field-initializers -Werror=implicit-function-declaration -fvisibility=hidden -fprofile-generate -I./Include/internal  -I. -I./Include    -DPy_BUILD_CORE -o Objects/bytearrayobject.o Objects/bytearrayobject.c
#7 56.06 gcc -pthread -c -Wno-unused-result -Wsign-compare -DNDEBUG -g -fwrapv -O3 -Wall    -fno-semantic-interposition -std=c99 -Wextra -Wno-unused-result -Wno-unused-parameter -Wno-missing-field-initializers -Werror=implicit-function-declaration -fvisibility=hidden -fprofile-generate -I./Include/internal  -I. -I./Include    -DPy_BUILD_CORE -o Objects/bytesobject.o Objects/bytesobject.c
#7 56.06 gcc -pthread -c -Wno-unused-result -Wsign-compare -DNDEBUG -g -fwrapv -O3 -Wall    -fno-semantic-interposition -std=c99 -Wextra -Wno-unused-result -Wno-unused-parameter -Wno-missing-field-initializers -Werror=implicit-function-declaration -fvisibility=hidden -fprofile-generate -I./Include/internal  -I. -I./Include    -DPy_BUILD_CORE -o Objects/call.o Objects/call.c
#7 56.06 gcc -pthread -c -Wno-unused-result -Wsign-compare -DNDEBUG -g -fwrapv -O3 -Wall    -fno-semantic-interposition -std=c99 -Wextra -Wno-unused-result -Wno-unused-parameter -Wno-missing-field-initializers -Werror=implicit-function-declaration -fvisibility=hidden -fprofile-generate -I./Include/internal  -I. -I./Include    -DPy_BUILD_CORE -o Objects/capsule.o Objects/capsule.c
#7 56.07 gcc -pthread -c -Wno-unused-result -Wsign-compare -DNDEBUG -g -fwrapv -O3 -Wall    -fno-semantic-interposition -std=c99 -Wextra -Wno-unused-result -Wno-unused-parameter -Wno-missing-field-initializers -Werror=implicit-function-declaration -fvisibility=hidden -fprofile-generate -I./Include/internal  -I. -I./Include    -DPy_BUILD_CORE -o Objects/cellobject.o Objects/cellobject.c
#7 56.07 gcc -pthread -c -Wno-unused-result -Wsign-compare -DNDEBUG -g -fwrapv -O3 -Wall    -fno-semantic-interposition -std=c99 -Wextra -Wno-unused-result -Wno-unused-parameter -Wno-missing-field-initializers -Werror=implicit-function-declaration -fvisibility=hidden -fprofile-generate -I./Include/internal  -I. -I./Include    -DPy_BUILD_CORE -o Objects/classobject.o Objects/classobject.c
#7 56.07 gcc -pthread -c -Wno-unused-result -Wsign-compare -DNDEBUG -g -fwrapv -O3 -Wall    -fno-semantic-interposition -std=c99 -Wextra -Wno-unused-result -Wno-unused-parameter -Wno-missing-field-initializers -Werror=implicit-function-declaration -fvisibility=hidden -fprofile-generate -I./Include/internal  -I. -I./Include    -DPy_BUILD_CORE -o Objects/codeobject.o Objects/codeobject.c
#7 56.07 gcc -pthread -c -Wno-unused-result -Wsign-compare -DNDEBUG -g -fwrapv -O3 -Wall    -fno-semantic-interposition -std=c99 -Wextra -Wno-unused-result -Wno-unused-parameter -Wno-missing-field-initializers -Werror=implicit-function-declaration -fvisibility=hidden -fprofile-generate -I./Include/internal  -I. -I./Include    -DPy_BUILD_CORE -o Objects/complexobject.o Objects/complexobject.c
#7 56.07 gcc -pthread -c -Wno-unused-result -Wsign-compare -DNDEBUG -g -fwrapv -O3 -Wall    -fno-semantic-interposition -std=c99 -Wextra -Wno-unused-result -Wno-unused-parameter -Wno-missing-field-initializers -Werror=implicit-function-declaration -fvisibility=hidden -fprofile-generate -I./Include/internal  -I. -I./Include    -DPy_BUILD_CORE -o Objects/descrobject.o Objects/descrobject.c
#7 56.07 gcc -pthread -c -Wno-unused-result -Wsign-compare -DNDEBUG -g -fwrapv -O3 -Wall    -fno-semantic-interposition -std=c99 -Wextra -Wno-unused-result -Wno-unused-parameter -Wno-missing-field-initializers -Werror=implicit-function-declaration -fvisibility=hidden -fprofile-generate -I./Include/internal  -I. -I./Include    -DPy_BUILD_CORE -o Objects/enumobject.o Objects/enumobject.c
#7 56.09 gcc -pthread -c -Wno-unused-result -Wsign-compare -DNDEBUG -g -fwrapv -O3 -Wall    -fno-semantic-interposition -std=c99 -Wextra -Wno-unused-result -Wno-unused-parameter -Wno-missing-field-initializers -Werror=implicit-function-declaration -fvisibility=hidden -fprofile-generate -I./Include/internal  -I. -I./Include    -DPy_BUILD_CORE -o Objects/exceptions.o Objects/exceptions.c
#7 56.09 gcc -pthread -c -Wno-unused-result -Wsign-compare -DNDEBUG -g -fwrapv -O3 -Wall    -fno-semantic-interposition -std=c99 -Wextra -Wno-unused-result -Wno-unused-parameter -Wno-missing-field-initializers -Werror=implicit-function-declaration -fvisibility=hidden -fprofile-generate -I./Include/internal  -I. -I./Include    -DPy_BUILD_CORE -o Objects/genericaliasobject.o Objects/genericaliasobject.c
#7 56.15 gcc -pthread -c -Wno-unused-result -Wsign-compare -DNDEBUG -g -fwrapv -O3 -Wall    -fno-semantic-interposition -std=c99 -Wextra -Wno-unused-result -Wno-unused-parameter -Wno-missing-field-initializers -Werror=implicit-function-declaration -fvisibility=hidden -fprofile-generate -I./Include/internal  -I. -I./Include    -DPy_BUILD_CORE -o Objects/genobject.o Objects/genobject.c
#7 56.17 gcc -pthread -c -Wno-unused-result -Wsign-compare -DNDEBUG -g -fwrapv -O3 -Wall    -fno-semantic-interposition -std=c99 -Wextra -Wno-unused-result -Wno-unused-parameter -Wno-missing-field-initializers -Werror=implicit-function-declaration -fvisibility=hidden -fprofile-generate -I./Include/internal  -I. -I./Include    -DPy_BUILD_CORE -o Objects/fileobject.o Objects/fileobject.c
#7 56.19 gcc -pthread -c -Wno-unused-result -Wsign-compare -DNDEBUG -g -fwrapv -O3 -Wall    -fno-semantic-interposition -std=c99 -Wextra -Wno-unused-result -Wno-unused-parameter -Wno-missing-field-initializers -Werror=implicit-function-declaration -fvisibility=hidden -fprofile-generate -I./Include/internal  -I. -I./Include    -DPy_BUILD_CORE -o Objects/floatobject.o Objects/floatobject.c
#7 56.19 gcc -pthread -c -Wno-unused-result -Wsign-compare -DNDEBUG -g -fwrapv -O3 -Wall    -fno-semantic-interposition -std=c99 -Wextra -Wno-unused-result -Wno-unused-parameter -Wno-missing-field-initializers -Werror=implicit-function-declaration -fvisibility=hidden -fprofile-generate -I./Include/internal  -I. -I./Include    -DPy_BUILD_CORE -o Objects/frameobject.o Objects/frameobject.c
#7 56.20 gcc -pthread -c -Wno-unused-result -Wsign-compare -DNDEBUG -g -fwrapv -O3 -Wall    -fno-semantic-interposition -std=c99 -Wextra -Wno-unused-result -Wno-unused-parameter -Wno-missing-field-initializers -Werror=implicit-function-declaration -fvisibility=hidden -fprofile-generate -I./Include/internal  -I. -I./Include    -DPy_BUILD_CORE -o Objects/funcobject.o Objects/funcobject.c
#7 56.22 gcc -pthread -c -Wno-unused-result -Wsign-compare -DNDEBUG -g -fwrapv -O3 -Wall    -fno-semantic-interposition -std=c99 -Wextra -Wno-unused-result -Wno-unused-parameter -Wno-missing-field-initializers -Werror=implicit-function-declaration -fvisibility=hidden -fprofile-generate -I./Include/internal  -I. -I./Include    -DPy_BUILD_CORE -o Objects/interpreteridobject.o Objects/interpreteridobject.c
#7 56.25 gcc -pthread -c -Wno-unused-result -Wsign-compare -DNDEBUG -g -fwrapv -O3 -Wall    -fno-semantic-interposition -std=c99 -Wextra -Wno-unused-result -Wno-unused-parameter -Wno-missing-field-initializers -Werror=implicit-function-declaration -fvisibility=hidden -fprofile-generate -I./Include/internal  -I. -I./Include    -DPy_BUILD_CORE -o Objects/iterobject.o Objects/iterobject.c
#7 56.26 gcc -pthread -c -Wno-unused-result -Wsign-compare -DNDEBUG -g -fwrapv -O3 -Wall    -fno-semantic-interposition -std=c99 -Wextra -Wno-unused-result -Wno-unused-parameter -Wno-missing-field-initializers -Werror=implicit-function-declaration -fvisibility=hidden -fprofile-generate -I./Include/internal  -I. -I./Include    -DPy_BUILD_CORE -o Objects/listobject.o Objects/listobject.c
#7 56.34 gcc -pthread -c -Wno-unused-result -Wsign-compare -DNDEBUG -g -fwrapv -O3 -Wall    -fno-semantic-interposition -std=c99 -Wextra -Wno-unused-result -Wno-unused-parameter -Wno-missing-field-initializers -Werror=implicit-function-declaration -fvisibility=hidden -fprofile-generate -I./Include/internal  -I. -I./Include    -DPy_BUILD_CORE -o Objects/longobject.o Objects/longobject.c
#7 56.35 gcc -pthread -c -Wno-unused-result -Wsign-compare -DNDEBUG -g -fwrapv -O3 -Wall    -fno-semantic-interposition -std=c99 -Wextra -Wno-unused-result -Wno-unused-parameter -Wno-missing-field-initializers -Werror=implicit-function-declaration -fvisibility=hidden -fprofile-generate -I./Include/internal  -I. -I./Include    -DPy_BUILD_CORE -o Objects/dictobject.o Objects/dictobject.c
#7 56.43 gcc -pthread -c -Wno-unused-result -Wsign-compare -DNDEBUG -g -fwrapv -O3 -Wall    -fno-semantic-interposition -std=c99 -Wextra -Wno-unused-result -Wno-unused-parameter -Wno-missing-field-initializers -Werror=implicit-function-declaration -fvisibility=hidden -fprofile-generate -I./Include/internal  -I. -I./Include    -DPy_BUILD_CORE -o Objects/odictobject.o Objects/odictobject.c
#7 56.45 gcc -pthread -c -Wno-unused-result -Wsign-compare -DNDEBUG -g -fwrapv -O3 -Wall    -fno-semantic-interposition -std=c99 -Wextra -Wno-unused-result -Wno-unused-parameter -Wno-missing-field-initializers -Werror=implicit-function-declaration -fvisibility=hidden -fprofile-generate -I./Include/internal  -I. -I./Include    -DPy_BUILD_CORE -o Objects/memoryobject.o Objects/memoryobject.c
#7 56.46 gcc -pthread -c -Wno-unused-result -Wsign-compare -DNDEBUG -g -fwrapv -O3 -Wall    -fno-semantic-interposition -std=c99 -Wextra -Wno-unused-result -Wno-unused-parameter -Wno-missing-field-initializers -Werror=implicit-function-declaration -fvisibility=hidden -fprofile-generate -I./Include/internal  -I. -I./Include    -DPy_BUILD_CORE -o Objects/methodobject.o Objects/methodobject.c
#7 56.50 gcc -pthread -c -Wno-unused-result -Wsign-compare -DNDEBUG -g -fwrapv -O3 -Wall    -fno-semantic-interposition -std=c99 -Wextra -Wno-unused-result -Wno-unused-parameter -Wno-missing-field-initializers -Werror=implicit-function-declaration -fvisibility=hidden -fprofile-generate -I./Include/internal  -I. -I./Include    -DPy_BUILD_CORE -o Objects/moduleobject.o Objects/moduleobject.c
#7 56.53 gcc -pthread -c -Wno-unused-result -Wsign-compare -DNDEBUG -g -fwrapv -O3 -Wall    -fno-semantic-interposition -std=c99 -Wextra -Wno-unused-result -Wno-unused-parameter -Wno-missing-field-initializers -Werror=implicit-function-declaration -fvisibility=hidden -fprofile-generate -I./Include/internal  -I. -I./Include    -DPy_BUILD_CORE -o Objects/namespaceobject.o Objects/namespaceobject.c
#7 56.55 gcc -pthread -c -Wno-unused-result -Wsign-compare -DNDEBUG -g -fwrapv -O3 -Wall    -fno-semantic-interposition -std=c99 -Wextra -Wno-unused-result -Wno-unused-parameter -Wno-missing-field-initializers -Werror=implicit-function-declaration -fvisibility=hidden -fprofile-generate -I./Include/internal  -I. -I./Include    -DPy_BUILD_CORE -o Objects/object.o Objects/object.c
#7 56.57 gcc -pthread -c -Wno-unused-result -Wsign-compare -DNDEBUG -g -fwrapv -O3 -Wall    -fno-semantic-interposition -std=c99 -Wextra -Wno-unused-result -Wno-unused-parameter -Wno-missing-field-initializers -Werror=implicit-function-declaration -fvisibility=hidden -fprofile-generate -I./Include/internal  -I. -I./Include    -DPy_BUILD_CORE -o Objects/obmalloc.o Objects/obmalloc.c
#7 56.60 gcc -pthread -c -Wno-unused-result -Wsign-compare -DNDEBUG -g -fwrapv -O3 -Wall    -fno-semantic-interposition -std=c99 -Wextra -Wno-unused-result -Wno-unused-parameter -Wno-missing-field-initializers -Werror=implicit-function-declaration -fvisibility=hidden -fprofile-generate -I./Include/internal  -I. -I./Include    -DPy_BUILD_CORE -o Objects/picklebufobject.o Objects/picklebufobject.c
#7 56.67 gcc -pthread -c -Wno-unused-result -Wsign-compare -DNDEBUG -g -fwrapv -O3 -Wall    -fno-semantic-interposition -std=c99 -Wextra -Wno-unused-result -Wno-unused-parameter -Wno-missing-field-initializers -Werror=implicit-function-declaration -fvisibility=hidden -fprofile-generate -I./Include/internal  -I. -I./Include    -DPy_BUILD_CORE -o Objects/rangeobject.o Objects/rangeobject.c
#7 56.69 Objects/obmalloc.c:1413:1: warning: always_inline function might not be inlinable [-Wattributes]
#7 56.69  1413 | arena_map_get(block *p, int create)
#7 56.69       | ^~~~~~~~~~~~~
#7 56.72 gcc -pthread -c -Wno-unused-result -Wsign-compare -DNDEBUG -g -fwrapv -O3 -Wall    -fno-semantic-interposition -std=c99 -Wextra -Wno-unused-result -Wno-unused-parameter -Wno-missing-field-initializers -Werror=implicit-function-declaration -fvisibility=hidden -fprofile-generate -I./Include/internal  -I. -I./Include    -DPy_BUILD_CORE -o Objects/setobject.o Objects/setobject.c
#7 56.75 gcc -pthread -c -Wno-unused-result -Wsign-compare -DNDEBUG -g -fwrapv -O3 -Wall    -fno-semantic-interposition -std=c99 -Wextra -Wno-unused-result -Wno-unused-parameter -Wno-missing-field-initializers -Werror=implicit-function-declaration -fvisibility=hidden -fprofile-generate -I./Include/internal  -I. -I./Include    -DPy_BUILD_CORE -o Objects/sliceobject.o Objects/sliceobject.c
#7 56.77 gcc -pthread -c -Wno-unused-result -Wsign-compare -DNDEBUG -g -fwrapv -O3 -Wall    -fno-semantic-interposition -std=c99 -Wextra -Wno-unused-result -Wno-unused-parameter -Wno-missing-field-initializers -Werror=implicit-function-declaration -fvisibility=hidden -fprofile-generate -I./Include/internal  -I. -I./Include    -DPy_BUILD_CORE -o Objects/structseq.o Objects/structseq.c
#7 56.77 gcc -pthread -c -Wno-unused-result -Wsign-compare -DNDEBUG -g -fwrapv -O3 -Wall    -fno-semantic-interposition -std=c99 -Wextra -Wno-unused-result -Wno-unused-parameter -Wno-missing-field-initializers -Werror=implicit-function-declaration -fvisibility=hidden -fprofile-generate -I./Include/internal  -I. -I./Include    -DPy_BUILD_CORE -o Objects/tupleobject.o Objects/tupleobject.c
#7 56.82 gcc -pthread -c -Wno-unused-result -Wsign-compare -DNDEBUG -g -fwrapv -O3 -Wall    -fno-semantic-interposition -std=c99 -Wextra -Wno-unused-result -Wno-unused-parameter -Wno-missing-field-initializers -Werror=implicit-function-declaration -fvisibility=hidden -fprofile-generate -I./Include/internal  -I. -I./Include    -DPy_BUILD_CORE -o Objects/typeobject.o Objects/typeobject.c
#7 56.82 gcc -pthread -c -Wno-unused-result -Wsign-compare -DNDEBUG -g -fwrapv -O3 -Wall    -fno-semantic-interposition -std=c99 -Wextra -Wno-unused-result -Wno-unused-parameter -Wno-missing-field-initializers -Werror=implicit-function-declaration -fvisibility=hidden -fprofile-generate -I./Include/internal  -I. -I./Include    -DPy_BUILD_CORE -o Objects/unicodeobject.o Objects/unicodeobject.c
#7 56.84 gcc -pthread -c -Wno-unused-result -Wsign-compare -DNDEBUG -g -fwrapv -O3 -Wall    -fno-semantic-interposition -std=c99 -Wextra -Wno-unused-result -Wno-unused-parameter -Wno-missing-field-initializers -Werror=implicit-function-declaration -fvisibility=hidden -fprofile-generate -I./Include/internal  -I. -I./Include    -DPy_BUILD_CORE -o Objects/unicodectype.o Objects/unicodectype.c
#7 56.88 gcc -pthread -c -Wno-unused-result -Wsign-compare -DNDEBUG -g -fwrapv -O3 -Wall    -fno-semantic-interposition -std=c99 -Wextra -Wno-unused-result -Wno-unused-parameter -Wno-missing-field-initializers -Werror=implicit-function-declaration -fvisibility=hidden -fprofile-generate -I./Include/internal  -I. -I./Include    -DPy_BUILD_CORE -o Objects/unionobject.o Objects/unionobject.c
#7 56.97 gcc -pthread -c -Wno-unused-result -Wsign-compare -DNDEBUG -g -fwrapv -O3 -Wall    -fno-semantic-interposition -std=c99 -Wextra -Wno-unused-result -Wno-unused-parameter -Wno-missing-field-initializers -Werror=implicit-function-declaration -fvisibility=hidden -fprofile-generate -I./Include/internal  -I. -I./Include    -DPy_BUILD_CORE -o Objects/weakrefobject.o Objects/weakrefobject.c
#7 57.00 gcc -pthread -c -Wno-unused-result -Wsign-compare -DNDEBUG -g -fwrapv -O3 -Wall    -fno-semantic-interposition -std=c99 -Wextra -Wno-unused-result -Wno-unused-parameter -Wno-missing-field-initializers -Werror=implicit-function-declaration -fvisibility=hidden -fprofile-generate -I./Include/internal  -I. -I./Include    -DPy_BUILD_CORE -o Python/_warnings.o Python/_warnings.c
#7 57.05 gcc -pthread -c -Wno-unused-result -Wsign-compare -DNDEBUG -g -fwrapv -O3 -Wall    -fno-semantic-interposition -std=c99 -Wextra -Wno-unused-result -Wno-unused-parameter -Wno-missing-field-initializers -Werror=implicit-function-declaration -fvisibility=hidden -fprofile-generate -I./Include/internal  -I. -I./Include    -DPy_BUILD_CORE -o Python/Python-ast.o Python/Python-ast.c
#7 57.06 gcc -pthread -c -Wno-unused-result -Wsign-compare -DNDEBUG -g -fwrapv -O3 -Wall    -fno-semantic-interposition -std=c99 -Wextra -Wno-unused-result -Wno-unused-parameter -Wno-missing-field-initializers -Werror=implicit-function-declaration -fvisibility=hidden -fprofile-generate -I./Include/internal  -I. -I./Include    -DPy_BUILD_CORE -o Python/asdl.o Python/asdl.c
#7 57.09 gcc -pthread -c -Wno-unused-result -Wsign-compare -DNDEBUG -g -fwrapv -O3 -Wall    -fno-semantic-interposition -std=c99 -Wextra -Wno-unused-result -Wno-unused-parameter -Wno-missing-field-initializers -Werror=implicit-function-declaration -fvisibility=hidden -fprofile-generate -I./Include/internal  -I. -I./Include    -DPy_BUILD_CORE -o Python/ast.o Python/ast.c
#7 57.11 gcc -pthread -c -Wno-unused-result -Wsign-compare -DNDEBUG -g -fwrapv -O3 -Wall    -fno-semantic-interposition -std=c99 -Wextra -Wno-unused-result -Wno-unused-parameter -Wno-missing-field-initializers -Werror=implicit-function-declaration -fvisibility=hidden -fprofile-generate -I./Include/internal  -I. -I./Include    -DPy_BUILD_CORE -o Python/ast_opt.o Python/ast_opt.c
#7 57.14 gcc -pthread -c -Wno-unused-result -Wsign-compare -DNDEBUG -g -fwrapv -O3 -Wall    -fno-semantic-interposition -std=c99 -Wextra -Wno-unused-result -Wno-unused-parameter -Wno-missing-field-initializers -Werror=implicit-function-declaration -fvisibility=hidden -fprofile-generate -I./Include/internal  -I. -I./Include    -DPy_BUILD_CORE -o Python/ast_unparse.o Python/ast_unparse.c
#7 57.16 gcc -pthread -c -Wno-unused-result -Wsign-compare -DNDEBUG -g -fwrapv -O3 -Wall    -fno-semantic-interposition -std=c99 -Wextra -Wno-unused-result -Wno-unused-parameter -Wno-missing-field-initializers -Werror=implicit-function-declaration -fvisibility=hidden -fprofile-generate -I./Include/internal  -I. -I./Include    -DPy_BUILD_CORE -o Python/bltinmodule.o Python/bltinmodule.c
#7 57.17 gcc -pthread -c -Wno-unused-result -Wsign-compare -DNDEBUG -g -fwrapv -O3 -Wall    -fno-semantic-interposition -std=c99 -Wextra -Wno-unused-result -Wno-unused-parameter -Wno-missing-field-initializers -Werror=implicit-function-declaration -fvisibility=hidden -fprofile-generate -I./Include/internal  -I. -I./Include    -DPy_BUILD_CORE -o Python/ceval.o Python/ceval.c
#7 57.23 gcc -pthread -c -Wno-unused-result -Wsign-compare -DNDEBUG -g -fwrapv -O3 -Wall    -fno-semantic-interposition -std=c99 -Wextra -Wno-unused-result -Wno-unused-parameter -Wno-missing-field-initializers -Werror=implicit-function-declaration -fvisibility=hidden -fprofile-generate -I./Include/internal  -I. -I./Include    -DPy_BUILD_CORE -o Python/codecs.o Python/codecs.c
#7 57.27 gcc -pthread -c -Wno-unused-result -Wsign-compare -DNDEBUG -g -fwrapv -O3 -Wall    -fno-semantic-interposition -std=c99 -Wextra -Wno-unused-result -Wno-unused-parameter -Wno-missing-field-initializers -Werror=implicit-function-declaration -fvisibility=hidden -fprofile-generate -I./Include/internal  -I. -I./Include    -DPy_BUILD_CORE -o Python/compile.o Python/compile.c
#7 57.30 gcc -pthread -c -Wno-unused-result -Wsign-compare -DNDEBUG -g -fwrapv -O3 -Wall    -fno-semantic-interposition -std=c99 -Wextra -Wno-unused-result -Wno-unused-parameter -Wno-missing-field-initializers -Werror=implicit-function-declaration -fvisibility=hidden -fprofile-generate -I./Include/internal  -I. -I./Include    -DPy_BUILD_CORE -o Python/context.o Python/context.c
#7 57.31 gcc -pthread -c -Wno-unused-result -Wsign-compare -DNDEBUG -g -fwrapv -O3 -Wall    -fno-semantic-interposition -std=c99 -Wextra -Wno-unused-result -Wno-unused-parameter -Wno-missing-field-initializers -Werror=implicit-function-declaration -fvisibility=hidden -fprofile-generate -I./Include/internal  -I. -I./Include    -DPy_BUILD_CORE -o Python/dynamic_annotations.o Python/dynamic_annotations.c
#7 57.33 gcc -pthread -c -Wno-unused-result -Wsign-compare -DNDEBUG -g -fwrapv -O3 -Wall    -fno-semantic-interposition -std=c99 -Wextra -Wno-unused-result -Wno-unused-parameter -Wno-missing-field-initializers -Werror=implicit-function-declaration -fvisibility=hidden -fprofile-generate -I./Include/internal  -I. -I./Include    -DPy_BUILD_CORE -o Python/errors.o Python/errors.c
#7 57.50 gcc -pthread -c -Wno-unused-result -Wsign-compare -DNDEBUG -g -fwrapv -O3 -Wall    -fno-semantic-interposition -std=c99 -Wextra -Wno-unused-result -Wno-unused-parameter -Wno-missing-field-initializers -Werror=implicit-function-declaration -fvisibility=hidden -fprofile-generate -I./Include/internal  -I. -I./Include    -DPy_BUILD_CORE -o Python/frozenmain.o Python/frozenmain.c
#7 57.53 gcc -pthread -c -Wno-unused-result -Wsign-compare -DNDEBUG -g -fwrapv -O3 -Wall    -fno-semantic-interposition -std=c99 -Wextra -Wno-unused-result -Wno-unused-parameter -Wno-missing-field-initializers -Werror=implicit-function-declaration -fvisibility=hidden -fprofile-generate -I./Include/internal  -I. -I./Include    -DPy_BUILD_CORE -o Python/future.o Python/future.c
#7 57.58 gcc -pthread -c -Wno-unused-result -Wsign-compare -DNDEBUG -g -fwrapv -O3 -Wall    -fno-semantic-interposition -std=c99 -Wextra -Wno-unused-result -Wno-unused-parameter -Wno-missing-field-initializers -Werror=implicit-function-declaration -fvisibility=hidden -fprofile-generate -I./Include/internal  -I. -I./Include    -DPy_BUILD_CORE -o Python/getargs.o Python/getargs.c
#7 57.59 gcc -pthread -c -Wno-unused-result -Wsign-compare -DNDEBUG -g -fwrapv -O3 -Wall    -fno-semantic-interposition -std=c99 -Wextra -Wno-unused-result -Wno-unused-parameter -Wno-missing-field-initializers -Werror=implicit-function-declaration -fvisibility=hidden -fprofile-generate -I./Include/internal  -I. -I./Include    -DPy_BUILD_CORE -o Python/getcompiler.o Python/getcompiler.c
#7 57.64 gcc -pthread -c -Wno-unused-result -Wsign-compare -DNDEBUG -g -fwrapv -O3 -Wall    -fno-semantic-interposition -std=c99 -Wextra -Wno-unused-result -Wno-unused-parameter -Wno-missing-field-initializers -Werror=implicit-function-declaration -fvisibility=hidden -fprofile-generate -I./Include/internal  -I. -I./Include    -DPy_BUILD_CORE -o Python/getcopyright.o Python/getcopyright.c
#7 57.66 gcc -pthread -c -Wno-unused-result -Wsign-compare -DNDEBUG -g -fwrapv -O3 -Wall    -fno-semantic-interposition -std=c99 -Wextra -Wno-unused-result -Wno-unused-parameter -Wno-missing-field-initializers -Werror=implicit-function-declaration -fvisibility=hidden -fprofile-generate -I./Include/internal  -I. -I./Include    -DPy_BUILD_CORE -DPLATFORM='"linux"' -o Python/getplatform.o ./Python/getplatform.c
#7 57.67 gcc -pthread -c -Wno-unused-result -Wsign-compare -DNDEBUG -g -fwrapv -O3 -Wall    -fno-semantic-interposition -std=c99 -Wextra -Wno-unused-result -Wno-unused-parameter -Wno-missing-field-initializers -Werror=implicit-function-declaration -fvisibility=hidden -fprofile-generate -I./Include/internal  -I. -I./Include    -DPy_BUILD_CORE -o Python/getversion.o Python/getversion.c
#7 57.68 gcc -pthread -c -Wno-unused-result -Wsign-compare -DNDEBUG -g -fwrapv -O3 -Wall    -fno-semantic-interposition -std=c99 -Wextra -Wno-unused-result -Wno-unused-parameter -Wno-missing-field-initializers -Werror=implicit-function-declaration -fvisibility=hidden -fprofile-generate -I./Include/internal  -I. -I./Include    -DPy_BUILD_CORE -o Python/hamt.o Python/hamt.c
#7 57.70 gcc -pthread -c -Wno-unused-result -Wsign-compare -DNDEBUG -g -fwrapv -O3 -Wall    -fno-semantic-interposition -std=c99 -Wextra -Wno-unused-result -Wno-unused-parameter -Wno-missing-field-initializers -Werror=implicit-function-declaration -fvisibility=hidden -fprofile-generate -I./Include/internal  -I. -I./Include    -DPy_BUILD_CORE -o Python/hashtable.o Python/hashtable.c
#7 57.73 gcc -pthread -c -Wno-unused-result -Wsign-compare -DNDEBUG -g -fwrapv -O3 -Wall    -fno-semantic-interposition -std=c99 -Wextra -Wno-unused-result -Wno-unused-parameter -Wno-missing-field-initializers -Werror=implicit-function-declaration -fvisibility=hidden -fprofile-generate -I./Include/internal  -I. -I./Include    -DPy_BUILD_CORE -o Python/import.o Python/import.c
#7 57.74 gcc -pthread -c -Wno-unused-result -Wsign-compare -DNDEBUG -g -fwrapv -O3 -Wall    -fno-semantic-interposition -std=c99 -Wextra -Wno-unused-result -Wno-unused-parameter -Wno-missing-field-initializers -Werror=implicit-function-declaration -fvisibility=hidden -fprofile-generate -I./Include/internal  -I. -I./Include    -DPy_BUILD_CORE -I. -o Python/importdl.o ./Python/importdl.c
#7 57.78 gcc -pthread -c -Wno-unused-result -Wsign-compare -DNDEBUG -g -fwrapv -O3 -Wall    -fno-semantic-interposition -std=c99 -Wextra -Wno-unused-result -Wno-unused-parameter -Wno-missing-field-initializers -Werror=implicit-function-declaration -fvisibility=hidden -fprofile-generate -I./Include/internal  -I. -I./Include    -DPy_BUILD_CORE \
#7 57.78 	-DPLATLIBDIR='"lib"' \
#7 57.78 	-o Python/initconfig.o ./Python/initconfig.c
#7 57.78 gcc -pthread -c -Wno-unused-result -Wsign-compare -DNDEBUG -g -fwrapv -O3 -Wall    -fno-semantic-interposition -std=c99 -Wextra -Wno-unused-result -Wno-unused-parameter -Wno-missing-field-initializers -Werror=implicit-function-declaration -fvisibility=hidden -fprofile-generate -I./Include/internal  -I. -I./Include    -DPy_BUILD_CORE -o Python/marshal.o Python/marshal.c
#7 57.79 gcc -pthread -c -Wno-unused-result -Wsign-compare -DNDEBUG -g -fwrapv -O3 -Wall    -fno-semantic-interposition -std=c99 -Wextra -Wno-unused-result -Wno-unused-parameter -Wno-missing-field-initializers -Werror=implicit-function-declaration -fvisibility=hidden -fprofile-generate -I./Include/internal  -I. -I./Include    -DPy_BUILD_CORE -o Python/modsupport.o Python/modsupport.c
#7 57.80 gcc -pthread -c -Wno-unused-result -Wsign-compare -DNDEBUG -g -fwrapv -O3 -Wall    -fno-semantic-interposition -std=c99 -Wextra -Wno-unused-result -Wno-unused-parameter -Wno-missing-field-initializers -Werror=implicit-function-declaration -fvisibility=hidden -fprofile-generate -I./Include/internal  -I. -I./Include    -DPy_BUILD_CORE -o Python/mysnprintf.o Python/mysnprintf.c
#7 57.83 gcc -pthread -c -Wno-unused-result -Wsign-compare -DNDEBUG -g -fwrapv -O3 -Wall    -fno-semantic-interposition -std=c99 -Wextra -Wno-unused-result -Wno-unused-parameter -Wno-missing-field-initializers -Werror=implicit-function-declaration -fvisibility=hidden -fprofile-generate -I./Include/internal  -I. -I./Include    -DPy_BUILD_CORE -o Python/mystrtoul.o Python/mystrtoul.c
#7 57.90 gcc -pthread -c -Wno-unused-result -Wsign-compare -DNDEBUG -g -fwrapv -O3 -Wall    -fno-semantic-interposition -std=c99 -Wextra -Wno-unused-result -Wno-unused-parameter -Wno-missing-field-initializers -Werror=implicit-function-declaration -fvisibility=hidden -fprofile-generate -I./Include/internal  -I. -I./Include    -DPy_BUILD_CORE -o Python/pathconfig.o Python/pathconfig.c
#7 57.90 gcc -pthread -c -Wno-unused-result -Wsign-compare -DNDEBUG -g -fwrapv -O3 -Wall    -fno-semantic-interposition -std=c99 -Wextra -Wno-unused-result -Wno-unused-parameter -Wno-missing-field-initializers -Werror=implicit-function-declaration -fvisibility=hidden -fprofile-generate -I./Include/internal  -I. -I./Include    -DPy_BUILD_CORE -o Python/preconfig.o Python/preconfig.c
#7 57.93 gcc -pthread -c -Wno-unused-result -Wsign-compare -DNDEBUG -g -fwrapv -O3 -Wall    -fno-semantic-interposition -std=c99 -Wextra -Wno-unused-result -Wno-unused-parameter -Wno-missing-field-initializers -Werror=implicit-function-declaration -fvisibility=hidden -fprofile-generate -I./Include/internal  -I. -I./Include    -DPy_BUILD_CORE -o Python/pyarena.o Python/pyarena.c
#7 57.95 gcc -pthread -c -Wno-unused-result -Wsign-compare -DNDEBUG -g -fwrapv -O3 -Wall    -fno-semantic-interposition -std=c99 -Wextra -Wno-unused-result -Wno-unused-parameter -Wno-missing-field-initializers -Werror=implicit-function-declaration -fvisibility=hidden -fprofile-generate -I./Include/internal  -I. -I./Include    -DPy_BUILD_CORE -o Python/pyctype.o Python/pyctype.c
#7 57.97 gcc -pthread -c -Wno-unused-result -Wsign-compare -DNDEBUG -g -fwrapv -O3 -Wall    -fno-semantic-interposition -std=c99 -Wextra -Wno-unused-result -Wno-unused-parameter -Wno-missing-field-initializers -Werror=implicit-function-declaration -fvisibility=hidden -fprofile-generate -I./Include/internal  -I. -I./Include    -DPy_BUILD_CORE -o Python/pyfpe.o Python/pyfpe.c
#7 57.99 gcc -pthread -c -Wno-unused-result -Wsign-compare -DNDEBUG -g -fwrapv -O3 -Wall    -fno-semantic-interposition -std=c99 -Wextra -Wno-unused-result -Wno-unused-parameter -Wno-missing-field-initializers -Werror=implicit-function-declaration -fvisibility=hidden -fprofile-generate -I./Include/internal  -I. -I./Include    -DPy_BUILD_CORE -o Python/pyhash.o Python/pyhash.c
#7 58.05 gcc -pthread -c -Wno-unused-result -Wsign-compare -DNDEBUG -g -fwrapv -O3 -Wall    -fno-semantic-interposition -std=c99 -Wextra -Wno-unused-result -Wno-unused-parameter -Wno-missing-field-initializers -Werror=implicit-function-declaration -fvisibility=hidden -fprofile-generate -I./Include/internal  -I. -I./Include    -DPy_BUILD_CORE -o Python/pylifecycle.o Python/pylifecycle.c
#7 58.05 gcc -pthread -c -Wno-unused-result -Wsign-compare -DNDEBUG -g -fwrapv -O3 -Wall    -fno-semantic-interposition -std=c99 -Wextra -Wno-unused-result -Wno-unused-parameter -Wno-missing-field-initializers -Werror=implicit-function-declaration -fvisibility=hidden -fprofile-generate -I./Include/internal  -I. -I./Include    -DPy_BUILD_CORE -o Python/pymath.o Python/pymath.c
#7 58.09 gcc -pthread -c -Wno-unused-result -Wsign-compare -DNDEBUG -g -fwrapv -O3 -Wall    -fno-semantic-interposition -std=c99 -Wextra -Wno-unused-result -Wno-unused-parameter -Wno-missing-field-initializers -Werror=implicit-function-declaration -fvisibility=hidden -fprofile-generate -I./Include/internal  -I. -I./Include    -DPy_BUILD_CORE -o Python/pystate.o Python/pystate.c
#7 58.09 gcc -pthread -c -Wno-unused-result -Wsign-compare -DNDEBUG -g -fwrapv -O3 -Wall    -fno-semantic-interposition -std=c99 -Wextra -Wno-unused-result -Wno-unused-parameter -Wno-missing-field-initializers -Werror=implicit-function-declaration -fvisibility=hidden -fprofile-generate -I./Include/internal  -I. -I./Include    -DPy_BUILD_CORE -o Python/pythonrun.o Python/pythonrun.c
#7 58.10 gcc -pthread -c -Wno-unused-result -Wsign-compare -DNDEBUG -g -fwrapv -O3 -Wall    -fno-semantic-interposition -std=c99 -Wextra -Wno-unused-result -Wno-unused-parameter -Wno-missing-field-initializers -Werror=implicit-function-declaration -fvisibility=hidden -fprofile-generate -I./Include/internal  -I. -I./Include    -DPy_BUILD_CORE -o Python/pytime.o Python/pytime.c
#7 58.15 gcc -pthread -c -Wno-unused-result -Wsign-compare -DNDEBUG -g -fwrapv -O3 -Wall    -fno-semantic-interposition -std=c99 -Wextra -Wno-unused-result -Wno-unused-parameter -Wno-missing-field-initializers -Werror=implicit-function-declaration -fvisibility=hidden -fprofile-generate -I./Include/internal  -I. -I./Include    -DPy_BUILD_CORE -o Python/bootstrap_hash.o Python/bootstrap_hash.c
#7 58.17 gcc -pthread -c -Wno-unused-result -Wsign-compare -DNDEBUG -g -fwrapv -O3 -Wall    -fno-semantic-interposition -std=c99 -Wextra -Wno-unused-result -Wno-unused-parameter -Wno-missing-field-initializers -Werror=implicit-function-declaration -fvisibility=hidden -fprofile-generate -I./Include/internal  -I. -I./Include    -DPy_BUILD_CORE -o Python/structmember.o Python/structmember.c
#7 58.19 gcc -pthread -c -Wno-unused-result -Wsign-compare -DNDEBUG -g -fwrapv -O3 -Wall    -fno-semantic-interposition -std=c99 -Wextra -Wno-unused-result -Wno-unused-parameter -Wno-missing-field-initializers -Werror=implicit-function-declaration -fvisibility=hidden -fprofile-generate -I./Include/internal  -I. -I./Include    -DPy_BUILD_CORE -o Python/symtable.o Python/symtable.c
#7 58.25 gcc -pthread -c -Wno-unused-result -Wsign-compare -DNDEBUG -g -fwrapv -O3 -Wall    -fno-semantic-interposition -std=c99 -Wextra -Wno-unused-result -Wno-unused-parameter -Wno-missing-field-initializers -Werror=implicit-function-declaration -fvisibility=hidden -fprofile-generate -I./Include/internal  -I. -I./Include    -DPy_BUILD_CORE \
#7 58.25 	-DABIFLAGS='""' \
#7 58.25 	-DMULTIARCH=\"x86_64-linux-gnu\" \
#7 58.25 	-o Python/sysmodule.o ./Python/sysmodule.c
#7 58.26 gcc -pthread -c -Wno-unused-result -Wsign-compare -DNDEBUG -g -fwrapv -O3 -Wall    -fno-semantic-interposition -std=c99 -Wextra -Wno-unused-result -Wno-unused-parameter -Wno-missing-field-initializers -Werror=implicit-function-declaration -fvisibility=hidden -fprofile-generate -I./Include/internal  -I. -I./Include    -DPy_BUILD_CORE -o Python/thread.o Python/thread.c
#7 58.33 gcc -pthread -c -Wno-unused-result -Wsign-compare -DNDEBUG -g -fwrapv -O3 -Wall    -fno-semantic-interposition -std=c99 -Wextra -Wno-unused-result -Wno-unused-parameter -Wno-missing-field-initializers -Werror=implicit-function-declaration -fvisibility=hidden -fprofile-generate -I./Include/internal  -I. -I./Include    -DPy_BUILD_CORE -o Python/traceback.o Python/traceback.c
#7 58.34 gcc -pthread -c -Wno-unused-result -Wsign-compare -DNDEBUG -g -fwrapv -O3 -Wall    -fno-semantic-interposition -std=c99 -Wextra -Wno-unused-result -Wno-unused-parameter -Wno-missing-field-initializers -Werror=implicit-function-declaration -fvisibility=hidden -fprofile-generate -I./Include/internal  -I. -I./Include    -DPy_BUILD_CORE -o Python/getopt.o Python/getopt.c
#7 58.40 gcc -pthread -c -Wno-unused-result -Wsign-compare -DNDEBUG -g -fwrapv -O3 -Wall    -fno-semantic-interposition -std=c99 -Wextra -Wno-unused-result -Wno-unused-parameter -Wno-missing-field-initializers -Werror=implicit-function-declaration -fvisibility=hidden -fprofile-generate -I./Include/internal  -I. -I./Include    -DPy_BUILD_CORE -o Python/pystrcmp.o Python/pystrcmp.c
#7 58.41 gcc -pthread -c -Wno-unused-result -Wsign-compare -DNDEBUG -g -fwrapv -O3 -Wall    -fno-semantic-interposition -std=c99 -Wextra -Wno-unused-result -Wno-unused-parameter -Wno-missing-field-initializers -Werror=implicit-function-declaration -fvisibility=hidden -fprofile-generate -I./Include/internal  -I. -I./Include    -DPy_BUILD_CORE -o Python/pystrtod.o Python/pystrtod.c
#7 58.46 gcc -pthread -c -Wno-unused-result -Wsign-compare -DNDEBUG -g -fwrapv -O3 -Wall    -fno-semantic-interposition -std=c99 -Wextra -Wno-unused-result -Wno-unused-parameter -Wno-missing-field-initializers -Werror=implicit-function-declaration -fvisibility=hidden -fprofile-generate -I./Include/internal  -I. -I./Include    -DPy_BUILD_CORE -o Python/pystrhex.o Python/pystrhex.c
#7 58.52 gcc -pthread -c -Wno-unused-result -Wsign-compare -DNDEBUG -g -fwrapv -O3 -Wall    -fno-semantic-interposition -std=c99 -Wextra -Wno-unused-result -Wno-unused-parameter -Wno-missing-field-initializers -Werror=implicit-function-declaration -fvisibility=hidden -fprofile-generate -I./Include/internal  -I. -I./Include    -DPy_BUILD_CORE  -o Python/dtoa.o Python/dtoa.c
#7 58.52 gcc -pthread -c -Wno-unused-result -Wsign-compare -DNDEBUG -g -fwrapv -O3 -Wall    -fno-semantic-interposition -std=c99 -Wextra -Wno-unused-result -Wno-unused-parameter -Wno-missing-field-initializers -Werror=implicit-function-declaration -fvisibility=hidden -fprofile-generate -I./Include/internal  -I. -I./Include    -DPy_BUILD_CORE -o Python/formatter_unicode.o Python/formatter_unicode.c
#7 58.54 gcc -pthread -c -Wno-unused-result -Wsign-compare -DNDEBUG -g -fwrapv -O3 -Wall    -fno-semantic-interposition -std=c99 -Wextra -Wno-unused-result -Wno-unused-parameter -Wno-missing-field-initializers -Werror=implicit-function-declaration -fvisibility=hidden -fprofile-generate -I./Include/internal  -I. -I./Include    -DPy_BUILD_CORE -o Python/fileutils.o Python/fileutils.c
#7 58.61 gcc -pthread -c -Wno-unused-result -Wsign-compare -DNDEBUG -g -fwrapv -O3 -Wall    -fno-semantic-interposition -std=c99 -Wextra -Wno-unused-result -Wno-unused-parameter -Wno-missing-field-initializers -Werror=implicit-function-declaration -fvisibility=hidden -fprofile-generate -I./Include/internal  -I. -I./Include    -DPy_BUILD_CORE -o Python/suggestions.o Python/suggestions.c
#7 58.66 gcc -pthread -c -Wno-unused-result -Wsign-compare -DNDEBUG -g -fwrapv -O3 -Wall    -fno-semantic-interposition -std=c99 -Wextra -Wno-unused-result -Wno-unused-parameter -Wno-missing-field-initializers -Werror=implicit-function-declaration -fvisibility=hidden -fprofile-generate -I./Include/internal  -I. -I./Include    -DPy_BUILD_CORE \
#7 58.66 	-DSOABI='"cpython-310-x86_64-linux-gnu"' \
#7 58.66 	-o Python/dynload_shlib.o ./Python/dynload_shlib.c
#7 58.66 gcc -pthread -c -Wno-unused-result -Wsign-compare -DNDEBUG -g -fwrapv -O3 -Wall    -fno-semantic-interposition -std=c99 -Wextra -Wno-unused-result -Wno-unused-parameter -Wno-missing-field-initializers -Werror=implicit-function-declaration -fvisibility=hidden -fprofile-generate -I./Include/internal  -I. -I./Include    -DPy_BUILD_CORE -o Modules/config.o Modules/config.c
#7 58.67 gcc -pthread -c -Wno-unused-result -Wsign-compare -DNDEBUG -g -fwrapv -O3 -Wall    -fno-semantic-interposition -std=c99 -Wextra -Wno-unused-result -Wno-unused-parameter -Wno-missing-field-initializers -Werror=implicit-function-declaration -fvisibility=hidden -fprofile-generate -I./Include/internal  -I. -I./Include    -DPy_BUILD_CORE -DPYTHONPATH='""' \
#7 58.67 	-DPREFIX='"/usr/local"' \
#7 58.67 	-DEXEC_PREFIX='"/usr/local"' \
#7 58.67 	-DVERSION='"3.10"' \
#7 58.67 	-DVPATH='""' \
#7 58.67 	-o Modules/getpath.o ./Modules/getpath.c
#7 58.75 gcc -pthread -c -Wno-unused-result -Wsign-compare -DNDEBUG -g -fwrapv -O3 -Wall    -fno-semantic-interposition -std=c99 -Wextra -Wno-unused-result -Wno-unused-parameter -Wno-missing-field-initializers -Werror=implicit-function-declaration -fvisibility=hidden -fprofile-generate -I./Include/internal  -I. -I./Include    -DPy_BUILD_CORE -o Modules/main.o Modules/main.c
#7 58.78 gcc -pthread -c -Wno-unused-result -Wsign-compare -DNDEBUG -g -fwrapv -O3 -Wall    -fno-semantic-interposition -std=c99 -Wextra -Wno-unused-result -Wno-unused-parameter -Wno-missing-field-initializers -Werror=implicit-function-declaration -fvisibility=hidden -fprofile-generate -I./Include/internal  -I. -I./Include    -DPy_BUILD_CORE -o Modules/gcmodule.o Modules/gcmodule.c
#7 58.79 gcc -pthread -Wno-unused-result -Wsign-compare -DNDEBUG -g -fwrapv -O3 -Wall    -fno-semantic-interposition -std=c99 -Wextra -Wno-unused-result -Wno-unused-parameter -Wno-missing-field-initializers -Werror=implicit-function-declaration -fvisibility=hidden -fprofile-generate -I./Include/internal  -I. -I./Include    -DPy_BUILD_CORE_BUILTIN  -DPy_BUILD_CORE_BUILTIN -I./Include/internal -c ./Modules/posixmodule.c -o Modules/posixmodule.o
#7 58.81 gcc -pthread -Wno-unused-result -Wsign-compare -DNDEBUG -g -fwrapv -O3 -Wall    -fno-semantic-interposition -std=c99 -Wextra -Wno-unused-result -Wno-unused-parameter -Wno-missing-field-initializers -Werror=implicit-function-declaration -fvisibility=hidden -fprofile-generate -I./Include/internal  -I. -I./Include    -DPy_BUILD_CORE_BUILTIN  -c ./Modules/errnomodule.c -o Modules/errnomodule.o
#7 58.81 gcc -pthread -Wno-unused-result -Wsign-compare -DNDEBUG -g -fwrapv -O3 -Wall    -fno-semantic-interposition -std=c99 -Wextra -Wno-unused-result -Wno-unused-parameter -Wno-missing-field-initializers -Werror=implicit-function-declaration -fvisibility=hidden -fprofile-generate -I./Include/internal  -I. -I./Include    -DPy_BUILD_CORE_BUILTIN  -c ./Modules/pwdmodule.c -o Modules/pwdmodule.o
#7 58.84 gcc -pthread -Wno-unused-result -Wsign-compare -DNDEBUG -g -fwrapv -O3 -Wall    -fno-semantic-interposition -std=c99 -Wextra -Wno-unused-result -Wno-unused-parameter -Wno-missing-field-initializers -Werror=implicit-function-declaration -fvisibility=hidden -fprofile-generate -I./Include/internal  -I. -I./Include    -DPy_BUILD_CORE_BUILTIN  -DPy_BUILD_CORE_BUILTIN -c ./Modules/_sre.c -o Modules/_sre.o
#7 58.85 gcc -pthread -Wno-unused-result -Wsign-compare -DNDEBUG -g -fwrapv -O3 -Wall    -fno-semantic-interposition -std=c99 -Wextra -Wno-unused-result -Wno-unused-parameter -Wno-missing-field-initializers -Werror=implicit-function-declaration -fvisibility=hidden -fprofile-generate -I./Include/internal  -I. -I./Include    -DPy_BUILD_CORE_BUILTIN  -c ./Modules/_codecsmodule.c -o Modules/_codecsmodule.o
#7 58.86 gcc -pthread -Wno-unused-result -Wsign-compare -DNDEBUG -g -fwrapv -O3 -Wall    -fno-semantic-interposition -std=c99 -Wextra -Wno-unused-result -Wno-unused-parameter -Wno-missing-field-initializers -Werror=implicit-function-declaration -fvisibility=hidden -fprofile-generate -I./Include/internal  -I. -I./Include    -DPy_BUILD_CORE_BUILTIN  -c ./Modules/_weakref.c -o Modules/_weakref.o
#7 58.93 gcc -pthread -Wno-unused-result -Wsign-compare -DNDEBUG -g -fwrapv -O3 -Wall    -fno-semantic-interposition -std=c99 -Wextra -Wno-unused-result -Wno-unused-parameter -Wno-missing-field-initializers -Werror=implicit-function-declaration -fvisibility=hidden -fprofile-generate -I./Include/internal  -I. -I./Include    -DPy_BUILD_CORE_BUILTIN  -DPy_BUILD_CORE_BUILTIN -I./Include/internal -c ./Modules/_functoolsmodule.c -o Modules/_functoolsmodule.o
#7 59.00 gcc -pthread -Wno-unused-result -Wsign-compare -DNDEBUG -g -fwrapv -O3 -Wall    -fno-semantic-interposition -std=c99 -Wextra -Wno-unused-result -Wno-unused-parameter -Wno-missing-field-initializers -Werror=implicit-function-declaration -fvisibility=hidden -fprofile-generate -I./Include/internal  -I. -I./Include    -DPy_BUILD_CORE_BUILTIN  -DPy_BUILD_CORE_BUILTIN -c ./Modules/_operator.c -o Modules/_operator.o
#7 59.00 gcc -pthread -Wno-unused-result -Wsign-compare -DNDEBUG -g -fwrapv -O3 -Wall    -fno-semantic-interposition -std=c99 -Wextra -Wno-unused-result -Wno-unused-parameter -Wno-missing-field-initializers -Werror=implicit-function-declaration -fvisibility=hidden -fprofile-generate -I./Include/internal  -I. -I./Include    -DPy_BUILD_CORE_BUILTIN  -c ./Modules/_collectionsmodule.c -o Modules/_collectionsmodule.o
#7 59.05 gcc -pthread -Wno-unused-result -Wsign-compare -DNDEBUG -g -fwrapv -O3 -Wall    -fno-semantic-interposition -std=c99 -Wextra -Wno-unused-result -Wno-unused-parameter -Wno-missing-field-initializers -Werror=implicit-function-declaration -fvisibility=hidden -fprofile-generate -I./Include/internal  -I. -I./Include    -DPy_BUILD_CORE_BUILTIN  -DPy_BUILD_CORE_BUILTIN -c ./Modules/_abc.c -o Modules/_abc.o
#7 59.06 gcc -pthread -Wno-unused-result -Wsign-compare -DNDEBUG -g -fwrapv -O3 -Wall    -fno-semantic-interposition -std=c99 -Wextra -Wno-unused-result -Wno-unused-parameter -Wno-missing-field-initializers -Werror=implicit-function-declaration -fvisibility=hidden -fprofile-generate -I./Include/internal  -I. -I./Include    -DPy_BUILD_CORE_BUILTIN  -c ./Modules/itertoolsmodule.c -o Modules/itertoolsmodule.o
#7 59.07 gcc -pthread -Wno-unused-result -Wsign-compare -DNDEBUG -g -fwrapv -O3 -Wall    -fno-semantic-interposition -std=c99 -Wextra -Wno-unused-result -Wno-unused-parameter -Wno-missing-field-initializers -Werror=implicit-function-declaration -fvisibility=hidden -fprofile-generate -I./Include/internal  -I. -I./Include    -DPy_BUILD_CORE_BUILTIN  -c ./Modules/atexitmodule.c -o Modules/atexitmodule.o
#7 59.07 gcc -pthread -Wno-unused-result -Wsign-compare -DNDEBUG -g -fwrapv -O3 -Wall    -fno-semantic-interposition -std=c99 -Wextra -Wno-unused-result -Wno-unused-parameter -Wno-missing-field-initializers -Werror=implicit-function-declaration -fvisibility=hidden -fprofile-generate -I./Include/internal  -I. -I./Include    -DPy_BUILD_CORE_BUILTIN  -DPy_BUILD_CORE_BUILTIN -I./Include/internal -c ./Modules/signalmodule.c -o Modules/signalmodule.o
#7 59.13 gcc -pthread -Wno-unused-result -Wsign-compare -DNDEBUG -g -fwrapv -O3 -Wall    -fno-semantic-interposition -std=c99 -Wextra -Wno-unused-result -Wno-unused-parameter -Wno-missing-field-initializers -Werror=implicit-function-declaration -fvisibility=hidden -fprofile-generate -I./Include/internal  -I. -I./Include    -DPy_BUILD_CORE_BUILTIN  -c ./Modules/_stat.c -o Modules/_stat.o
#7 59.15 gcc -pthread -Wno-unused-result -Wsign-compare -DNDEBUG -g -fwrapv -O3 -Wall    -fno-semantic-interposition -std=c99 -Wextra -Wno-unused-result -Wno-unused-parameter -Wno-missing-field-initializers -Werror=implicit-function-declaration -fvisibility=hidden -fprofile-generate -I./Include/internal  -I. -I./Include    -DPy_BUILD_CORE_BUILTIN  -DPy_BUILD_CORE_BUILTIN -I./Include/internal -c ./Modules/timemodule.c -o Modules/timemodule.o
#7 59.18 gcc -pthread -Wno-unused-result -Wsign-compare -DNDEBUG -g -fwrapv -O3 -Wall    -fno-semantic-interposition -std=c99 -Wextra -Wno-unused-result -Wno-unused-parameter -Wno-missing-field-initializers -Werror=implicit-function-declaration -fvisibility=hidden -fprofile-generate -I./Include/internal  -I. -I./Include    -DPy_BUILD_CORE_BUILTIN  -DPy_BUILD_CORE_BUILTIN -I./Include/internal -c ./Modules/_threadmodule.c -o Modules/_threadmodule.o
#7 59.25 gcc -pthread -Wno-unused-result -Wsign-compare -DNDEBUG -g -fwrapv -O3 -Wall    -fno-semantic-interposition -std=c99 -Wextra -Wno-unused-result -Wno-unused-parameter -Wno-missing-field-initializers -Werror=implicit-function-declaration -fvisibility=hidden -fprofile-generate -I./Include/internal  -I. -I./Include    -DPy_BUILD_CORE_BUILTIN  -DPy_BUILD_CORE_BUILTIN -c ./Modules/_localemodule.c -o Modules/_localemodule.o
#7 59.25 gcc -pthread -Wno-unused-result -Wsign-compare -DNDEBUG -g -fwrapv -O3 -Wall    -fno-semantic-interposition -std=c99 -Wextra -Wno-unused-result -Wno-unused-parameter -Wno-missing-field-initializers -Werror=implicit-function-declaration -fvisibility=hidden -fprofile-generate -I./Include/internal  -I. -I./Include    -DPy_BUILD_CORE_BUILTIN  -DPy_BUILD_CORE_BUILTIN -I./Include/internal -I./Modules/_io -c ./Modules/_io/_iomodule.c -o Modules/_iomodule.o
#7 59.38 gcc -pthread -Wno-unused-result -Wsign-compare -DNDEBUG -g -fwrapv -O3 -Wall    -fno-semantic-interposition -std=c99 -Wextra -Wno-unused-result -Wno-unused-parameter -Wno-missing-field-initializers -Werror=implicit-function-declaration -fvisibility=hidden -fprofile-generate -I./Include/internal  -I. -I./Include    -DPy_BUILD_CORE_BUILTIN  -DPy_BUILD_CORE_BUILTIN -I./Include/internal -I./Modules/_io -c ./Modules/_io/iobase.c -o Modules/iobase.o
#7 59.39 gcc -pthread -Wno-unused-result -Wsign-compare -DNDEBUG -g -fwrapv -O3 -Wall    -fno-semantic-interposition -std=c99 -Wextra -Wno-unused-result -Wno-unused-parameter -Wno-missing-field-initializers -Werror=implicit-function-declaration -fvisibility=hidden -fprofile-generate -I./Include/internal  -I. -I./Include    -DPy_BUILD_CORE_BUILTIN  -DPy_BUILD_CORE_BUILTIN -I./Include/internal -I./Modules/_io -c ./Modules/_io/fileio.c -o Modules/fileio.o
#7 59.47 gcc -pthread -Wno-unused-result -Wsign-compare -DNDEBUG -g -fwrapv -O3 -Wall    -fno-semantic-interposition -std=c99 -Wextra -Wno-unused-result -Wno-unused-parameter -Wno-missing-field-initializers -Werror=implicit-function-declaration -fvisibility=hidden -fprofile-generate -I./Include/internal  -I. -I./Include    -DPy_BUILD_CORE_BUILTIN  -DPy_BUILD_CORE_BUILTIN -I./Include/internal -I./Modules/_io -c ./Modules/_io/bytesio.c -o Modules/bytesio.o
#7 59.50 gcc -pthread -Wno-unused-result -Wsign-compare -DNDEBUG -g -fwrapv -O3 -Wall    -fno-semantic-interposition -std=c99 -Wextra -Wno-unused-result -Wno-unused-parameter -Wno-missing-field-initializers -Werror=implicit-function-declaration -fvisibility=hidden -fprofile-generate -I./Include/internal  -I. -I./Include    -DPy_BUILD_CORE_BUILTIN  -DPy_BUILD_CORE_BUILTIN -I./Include/internal -I./Modules/_io -c ./Modules/_io/bufferedio.c -o Modules/bufferedio.o
#7 59.58 gcc -pthread -Wno-unused-result -Wsign-compare -DNDEBUG -g -fwrapv -O3 -Wall    -fno-semantic-interposition -std=c99 -Wextra -Wno-unused-result -Wno-unused-parameter -Wno-missing-field-initializers -Werror=implicit-function-declaration -fvisibility=hidden -fprofile-generate -I./Include/internal  -I. -I./Include    -DPy_BUILD_CORE_BUILTIN  -DPy_BUILD_CORE_BUILTIN -I./Include/internal -I./Modules/_io -c ./Modules/_io/textio.c -o Modules/textio.o
#7 59.59 gcc -pthread -Wno-unused-result -Wsign-compare -DNDEBUG -g -fwrapv -O3 -Wall    -fno-semantic-interposition -std=c99 -Wextra -Wno-unused-result -Wno-unused-parameter -Wno-missing-field-initializers -Werror=implicit-function-declaration -fvisibility=hidden -fprofile-generate -I./Include/internal  -I. -I./Include    -DPy_BUILD_CORE_BUILTIN  -DPy_BUILD_CORE_BUILTIN -I./Include/internal -I./Modules/_io -c ./Modules/_io/stringio.c -o Modules/stringio.o
#7 59.59 gcc -pthread -Wno-unused-result -Wsign-compare -DNDEBUG -g -fwrapv -O3 -Wall    -fno-semantic-interposition -std=c99 -Wextra -Wno-unused-result -Wno-unused-parameter -Wno-missing-field-initializers -Werror=implicit-function-declaration -fvisibility=hidden -fprofile-generate -I./Include/internal  -I. -I./Include    -DPy_BUILD_CORE_BUILTIN  -c ./Modules/faulthandler.c -o Modules/faulthandler.o
#7 59.62 gcc -pthread -Wno-unused-result -Wsign-compare -DNDEBUG -g -fwrapv -O3 -Wall    -fno-semantic-interposition -std=c99 -Wextra -Wno-unused-result -Wno-unused-parameter -Wno-missing-field-initializers -Werror=implicit-function-declaration -fvisibility=hidden -fprofile-generate -I./Include/internal  -I. -I./Include    -DPy_BUILD_CORE_BUILTIN  -c ./Modules/_tracemalloc.c -o Modules/_tracemalloc.o
#7 59.63 gcc -pthread -Wno-unused-result -Wsign-compare -DNDEBUG -g -fwrapv -O3 -Wall    -fno-semantic-interposition -std=c99 -Wextra -Wno-unused-result -Wno-unused-parameter -Wno-missing-field-initializers -Werror=implicit-function-declaration -fvisibility=hidden -fprofile-generate -I./Include/internal  -I. -I./Include    -DPy_BUILD_CORE_BUILTIN  -c ./Modules/symtablemodule.c -o Modules/symtablemodule.o
#7 59.64 gcc -pthread -Wno-unused-result -Wsign-compare -DNDEBUG -g -fwrapv -O3 -Wall    -fno-semantic-interposition -std=c99 -Wextra -Wno-unused-result -Wno-unused-parameter -Wno-missing-field-initializers -Werror=implicit-function-declaration -fvisibility=hidden -fprofile-generate -I./Include/internal  -I. -I./Include    -DPy_BUILD_CORE_BUILTIN  -c ./Modules/xxsubtype.c -o Modules/xxsubtype.o
#7 59.65 gcc -pthread -c -Wno-unused-result -Wsign-compare -DNDEBUG -g -fwrapv -O3 -Wall    -fno-semantic-interposition -std=c99 -Wextra -Wno-unused-result -Wno-unused-parameter -Wno-missing-field-initializers -Werror=implicit-function-declaration -fvisibility=hidden -fprofile-generate -I./Include/internal  -I. -I./Include    -DPy_BUILD_CORE -o Python/frozen.o Python/frozen.c
#7 59.68 gcc -pthread -c -fPIC -Wno-unused-result -Wsign-compare -DNDEBUG -g -fwrapv -O3 -Wall    -fno-semantic-interposition -std=c99 -Wextra -Wno-unused-result -Wno-unused-parameter -Wno-missing-field-initializers -Werror=implicit-function-declaration -fvisibility=hidden -fprofile-generate -I./Include/internal  -I. -I./Include    -DPy_BUILD_CORE -o Modules/_math.o Modules/_math.c
#7 59.72 /usr/bin/install -c -m 644 ./Tools/gdb/libpython.py python-gdb.py
#7 59.73 gcc -pthread -c -Wno-unused-result -Wsign-compare -DNDEBUG -g -fwrapv -O3 -Wall    -fno-semantic-interposition -std=c99 -Wextra -Wno-unused-result -Wno-unused-parameter -Wno-missing-field-initializers -Werror=implicit-function-declaration -fvisibility=hidden -fprofile-generate -I./Include/internal  -I. -I./Include    -DPy_BUILD_CORE -o Programs/_testembed.o ./Programs/_testembed.c
#7 59.74 sed -e "s,@EXENAME@,/usr/local/bin/python3.10," < ./Misc/python-config.in >python-config.py
#7 59.75 LC_ALL=C sed -e 's,\$(\([A-Za-z0-9_]*\)),\$\{\1\},g' < Misc/python-config.sh >python-config
#7 64.99 gcc -pthread -c -Wno-unused-result -Wsign-compare -DNDEBUG -g -fwrapv -O3 -Wall    -fno-semantic-interposition -std=c99 -Wextra -Wno-unused-result -Wno-unused-parameter -Wno-missing-field-initializers -Werror=implicit-function-declaration -fvisibility=hidden -fprofile-generate -I./Include/internal  -I. -I./Include    -DPy_BUILD_CORE \
#7 64.99       -DGITVERSION="\"`LC_ALL=C `\"" \
#7 64.99       -DGITTAG="\"`LC_ALL=C `\"" \
#7 64.99       -DGITBRANCH="\"`LC_ALL=C `\"" \
#7 64.99       -o Modules/getbuildinfo.o ./Modules/getbuildinfo.c
#7 65.04 rm -f libpython3.10.a
#7 65.04 ar rcs libpython3.10.a Modules/getbuildinfo.o Parser/token.o  Parser/pegen.o Parser/parser.o Parser/string_parser.o Parser/peg_api.o Parser/myreadline.o Parser/tokenizer.o Objects/abstract.o Objects/accu.o Objects/boolobject.o Objects/bytes_methods.o Objects/bytearrayobject.o Objects/bytesobject.o Objects/call.o Objects/capsule.o Objects/cellobject.o Objects/classobject.o Objects/codeobject.o Objects/complexobject.o Objects/descrobject.o Objects/enumobject.o Objects/exceptions.o Objects/genericaliasobject.o Objects/genobject.o Objects/fileobject.o Objects/floatobject.o Objects/frameobject.o Objects/funcobject.o Objects/interpreteridobject.o Objects/iterobject.o Objects/listobject.o Objects/longobject.o Objects/dictobject.o Objects/odictobject.o Objects/memoryobject.o Objects/methodobject.o Objects/moduleobject.o Objects/namespaceobject.o Objects/object.o Objects/obmalloc.o Objects/picklebufobject.o Objects/rangeobject.o Objects/setobject.o Objects/sliceobject.o Objects/structseq.o Objects/tupleobject.o Objects/typeobject.o Objects/unicodeobject.o Objects/unicodectype.o Objects/unionobject.o Objects/weakrefobject.o Python/_warnings.o Python/Python-ast.o Python/asdl.o Python/ast.o Python/ast_opt.o Python/ast_unparse.o Python/bltinmodule.o Python/ceval.o Python/codecs.o Python/compile.o Python/context.o Python/dynamic_annotations.o Python/errors.o Python/frozenmain.o Python/future.o Python/getargs.o Python/getcompiler.o Python/getcopyright.o Python/getplatform.o Python/getversion.o Python/hamt.o Python/hashtable.o Python/import.o Python/importdl.o Python/initconfig.o Python/marshal.o Python/modsupport.o Python/mysnprintf.o Python/mystrtoul.o Python/pathconfig.o Python/preconfig.o Python/pyarena.o Python/pyctype.o Python/pyfpe.o Python/pyhash.o Python/pylifecycle.o Python/pymath.o Python/pystate.o Python/pythonrun.o Python/pytime.o Python/bootstrap_hash.o Python/structmember.o Python/symtable.o Python/sysmodule.o Python/thread.o Python/traceback.o Python/getopt.o Python/pystrcmp.o Python/pystrtod.o Python/pystrhex.o Python/dtoa.o Python/formatter_unicode.o Python/fileutils.o Python/suggestions.o Python/dynload_shlib.o    Modules/config.o Modules/getpath.o Modules/main.o Modules/gcmodule.o Modules/posixmodule.o  Modules/errnomodule.o  Modules/pwdmodule.o  Modules/_sre.o  Modules/_codecsmodule.o  Modules/_weakref.o  Modules/_functoolsmodule.o  Modules/_operator.o  Modules/_collectionsmodule.o  Modules/_abc.o  Modules/itertoolsmodule.o  Modules/atexitmodule.o  Modules/signalmodule.o  Modules/_stat.o  Modules/timemodule.o  Modules/_threadmodule.o  Modules/_localemodule.o  Modules/_iomodule.o Modules/iobase.o Modules/fileio.o Modules/bytesio.o Modules/bufferedio.o Modules/textio.o Modules/stringio.o  Modules/faulthandler.o  Modules/_tracemalloc.o  Modules/symtablemodule.o  Modules/xxsubtype.o Python/frozen.o
#7 65.08 gcc -pthread   -fno-semantic-interposition -fprofile-generate -Xlinker -export-dynamic -o python Programs/python.o libpython3.10.a -lcrypt -lpthread -ldl  -lutil -lm   -lm 
#7 65.08 gcc -pthread   -fno-semantic-interposition -fprofile-generate -Xlinker -export-dynamic -o Programs/_testembed Programs/_testembed.o libpython3.10.a -lcrypt -lpthread -ldl  -lutil -lm   -lm 
#7 65.26 ./python -E -S -m sysconfig --generate-posix-vars ;\
#7 65.26 if test $? -ne 0 ; then \
#7 65.26 	echo "generate-posix-vars failed" ; \
#7 65.26 	rm -f ./pybuilddir.txt ; \
#7 65.26 	exit 1 ; \
#7 65.26 fi
#7 65.76  CC='gcc -pthread' LDSHARED='gcc -pthread -shared   -fno-semantic-interposition -fprofile-generate' OPT='-DNDEBUG -g -fwrapv -O3 -Wall' 	_TCLTK_INCLUDES='' _TCLTK_LIBS='' 	./python -E ./setup.py  build
#7 66.22 running build
#7 66.22 running build_ext
#7 66.33 INFO: Can't locate Tcl/Tk libs and/or headers
#7 66.37 building '_struct' extension
#7 66.37 creating build/temp.linux-x86_64-3.10/Python-3.10.9
#7 66.37 creating build/temp.linux-x86_64-3.10/Python-3.10.9/Modules
#7 66.37 building 'array' extension
#7 66.37 building '_contextvars' extension
#7 66.37 gcc -pthread -fPIC -Wno-unused-result -Wsign-compare -DNDEBUG -g -fwrapv -O3 -Wall -fno-semantic-interposition -std=c99 -Wextra -Wno-unused-result -Wno-unused-parameter -Wno-missing-field-initializers -Werror=implicit-function-declaration -fvisibility=hidden -fprofile-generate -I./Include/internal -I./Include -I. -I/usr/include/x86_64-linux-gnu -I/usr/local/include -I/Python-3.10.9/Include -I/Python-3.10.9 -c /Python-3.10.9/Modules/_struct.c -o build/temp.linux-x86_64-3.10/Python-3.10.9/Modules/_struct.o -DPy_BUILD_CORE_MODULE
#7 66.37 building 'cmath' extension
#7 66.37 building 'math' extension
#7 66.37 gcc -pthread -fPIC -Wno-unused-result -Wsign-compare -DNDEBUG -g -fwrapv -O3 -Wall -fno-semantic-interposition -std=c99 -Wextra -Wno-unused-result -Wno-unused-parameter -Wno-missing-field-initializers -Werror=implicit-function-declaration -fvisibility=hidden -fprofile-generate -I./Include/internal -I./Include -I. -I/usr/include/x86_64-linux-gnu -I/usr/local/include -I/Python-3.10.9/Include -I/Python-3.10.9 -c /Python-3.10.9/Modules/_contextvarsmodule.c -o build/temp.linux-x86_64-3.10/Python-3.10.9/Modules/_contextvarsmodule.o
#7 66.37 building '_zoneinfo' extension
#7 66.37 building '_random' extension
#7 66.37 building '_bisect' extension
#7 66.37 gcc -pthread -fPIC -Wno-unused-result -Wsign-compare -DNDEBUG -g -fwrapv -O3 -Wall -fno-semantic-interposition -std=c99 -Wextra -Wno-unused-result -Wno-unused-parameter -Wno-missing-field-initializers -Werror=implicit-function-declaration -fvisibility=hidden -fprofile-generate -I./Include/internal -I./Include -I. -I/usr/include/x86_64-linux-gnu -I/usr/local/include -I/Python-3.10.9/Include -I/Python-3.10.9 -c /Python-3.10.9/Modules/mathmodule.c -o build/temp.linux-x86_64-3.10/Python-3.10.9/Modules/mathmodule.o -DPy_BUILD_CORE_MODULE
#7 66.37 building '_heapq' extension
#7 66.37 gcc -pthread -fPIC -Wno-unused-result -Wsign-compare -DNDEBUG -g -fwrapv -O3 -Wall -fno-semantic-interposition -std=c99 -Wextra -Wno-unused-result -Wno-unused-parameter -Wno-missing-field-initializers -Werror=implicit-function-declaration -fvisibility=hidden -fprofile-generate -I./Include/internal -I./Include -I. -I/usr/include/x86_64-linux-gnu -I/usr/local/include -I/Python-3.10.9/Include -I/Python-3.10.9 -c /Python-3.10.9/Modules/_randommodule.c -o build/temp.linux-x86_64-3.10/Python-3.10.9/Modules/_randommodule.o -DPy_BUILD_CORE_MODULE
#7 66.37 gcc -pthread -fPIC -Wno-unused-result -Wsign-compare -DNDEBUG -g -fwrapv -O3 -Wall -fno-semantic-interposition -std=c99 -Wextra -Wno-unused-result -Wno-unused-parameter -Wno-missing-field-initializers -Werror=implicit-function-declaration -fvisibility=hidden -fprofile-generate -I./Include/internal -I./Include -I. -I/usr/include/x86_64-linux-gnu -I/usr/local/include -I/Python-3.10.9/Include -I/Python-3.10.9 -c /Python-3.10.9/Modules/_bisectmodule.c -o build/temp.linux-x86_64-3.10/Python-3.10.9/Modules/_bisectmodule.o
#7 66.37 gcc -pthread -fPIC -Wno-unused-result -Wsign-compare -DNDEBUG -g -fwrapv -O3 -Wall -fno-semantic-interposition -std=c99 -Wextra -Wno-unused-result -Wno-unused-parameter -Wno-missing-field-initializers -Werror=implicit-function-declaration -fvisibility=hidden -fprofile-generate -I./Include/internal -I./Include -I. -I/usr/include/x86_64-linux-gnu -I/usr/local/include -I/Python-3.10.9/Include -I/Python-3.10.9 -c /Python-3.10.9/Modules/cmathmodule.c -o build/temp.linux-x86_64-3.10/Python-3.10.9/Modules/cmathmodule.o -DPy_BUILD_CORE_MODULE
#7 66.37 building '_pickle' extension
#7 66.38 building '_lsprof' extension
#7 66.38 building 'unicodedata' extension
#7 66.38 gcc -pthread -fPIC -Wno-unused-result -Wsign-compare -DNDEBUG -g -fwrapv -O3 -Wall -fno-semantic-interposition -std=c99 -Wextra -Wno-unused-result -Wno-unused-parameter -Wno-missing-field-initializers -Werror=implicit-function-declaration -fvisibility=hidden -fprofile-generate -I./Include/internal -I./Include -I. -I/usr/include/x86_64-linux-gnu -I/usr/local/include -I/Python-3.10.9/Include -I/Python-3.10.9 -c /Python-3.10.9/Modules/_zoneinfo.c -o build/temp.linux-x86_64-3.10/Python-3.10.9/Modules/_zoneinfo.o -DPy_BUILD_CORE_MODULE
#7 66.38 building '_datetime' extension
#7 66.38 building '_queue' extension
#7 66.38 building '_statistics' extension
#7 66.38 building 'fcntl' extension
#7 66.38 building '_json' extension
#7 66.38 gcc -pthread -fPIC -Wno-unused-result -Wsign-compare -DNDEBUG -g -fwrapv -O3 -Wall -fno-semantic-interposition -std=c99 -Wextra -Wno-unused-result -Wno-unused-parameter -Wno-missing-field-initializers -Werror=implicit-function-declaration -fvisibility=hidden -fprofile-generate -I./Include/internal -I./Include -I. -I/usr/include/x86_64-linux-gnu -I/usr/local/include -I/Python-3.10.9/Include -I/Python-3.10.9 -c /Python-3.10.9/Modules/_lsprof.c -o build/temp.linux-x86_64-3.10/Python-3.10.9/Modules/_lsprof.o
#7 66.39 building 'select' extension
#7 66.39 gcc -pthread -fPIC -Wno-unused-result -Wsign-compare -DNDEBUG -g -fwrapv -O3 -Wall -fno-semantic-interposition -std=c99 -Wextra -Wno-unused-result -Wno-unused-parameter -Wno-missing-field-initializers -Werror=implicit-function-declaration -fvisibility=hidden -fprofile-generate -I./Include/internal -I./Include -I. -I/usr/include/x86_64-linux-gnu -I/usr/local/include -I/Python-3.10.9/Include -I/Python-3.10.9 -c /Python-3.10.9/Modules/selectmodule.c -o build/temp.linux-x86_64-3.10/Python-3.10.9/Modules/selectmodule.o
#7 66.39 building '_asyncio' extension
#7 66.39 gcc -pthread -fPIC -Wno-unused-result -Wsign-compare -DNDEBUG -g -fwrapv -O3 -Wall -fno-semantic-interposition -std=c99 -Wextra -Wno-unused-result -Wno-unused-parameter -Wno-missing-field-initializers -Werror=implicit-function-declaration -fvisibility=hidden -fprofile-generate -I./Include/internal -I./Include -I. -I/usr/include/x86_64-linux-gnu -I/usr/local/include -I/Python-3.10.9/Include -I/Python-3.10.9 -c /Python-3.10.9/Modules/_heapqmodule.c -o build/temp.linux-x86_64-3.10/Python-3.10.9/Modules/_heapqmodule.o -DPy_BUILD_CORE_MODULE
#7 66.39 gcc -pthread -fPIC -Wno-unused-result -Wsign-compare -DNDEBUG -g -fwrapv -O3 -Wall -fno-semantic-interposition -std=c99 -Wextra -Wno-unused-result -Wno-unused-parameter -Wno-missing-field-initializers -Werror=implicit-function-declaration -fvisibility=hidden -fprofile-generate -I./Include/internal -I./Include -I. -I/usr/include/x86_64-linux-gnu -I/usr/local/include -I/Python-3.10.9/Include -I/Python-3.10.9 -c /Python-3.10.9/Modules/_queuemodule.c -o build/temp.linux-x86_64-3.10/Python-3.10.9/Modules/_queuemodule.o -DPy_BUILD_CORE_MODULE
#7 66.39 gcc -pthread -fPIC -Wno-unused-result -Wsign-compare -DNDEBUG -g -fwrapv -O3 -Wall -fno-semantic-interposition -std=c99 -Wextra -Wno-unused-result -Wno-unused-parameter -Wno-missing-field-initializers -Werror=implicit-function-declaration -fvisibility=hidden -fprofile-generate -I./Include/internal -I./Include -I. -I/usr/include/x86_64-linux-gnu -I/usr/local/include -I/Python-3.10.9/Include -I/Python-3.10.9 -c /Python-3.10.9/Modules/arraymodule.c -o build/temp.linux-x86_64-3.10/Python-3.10.9/Modules/arraymodule.o -DPy_BUILD_CORE_MODULE
#7 66.39 gcc -pthread -fPIC -Wno-unused-result -Wsign-compare -DNDEBUG -g -fwrapv -O3 -Wall -fno-semantic-interposition -std=c99 -Wextra -Wno-unused-result -Wno-unused-parameter -Wno-missing-field-initializers -Werror=implicit-function-declaration -fvisibility=hidden -fprofile-generate -I./Include/internal -I./Include -I. -I/usr/include/x86_64-linux-gnu -I/usr/local/include -I/Python-3.10.9/Include -I/Python-3.10.9 -c /Python-3.10.9/Modules/fcntlmodule.c -o build/temp.linux-x86_64-3.10/Python-3.10.9/Modules/fcntlmodule.o
#7 66.40 gcc -pthread -fPIC -Wno-unused-result -Wsign-compare -DNDEBUG -g -fwrapv -O3 -Wall -fno-semantic-interposition -std=c99 -Wextra -Wno-unused-result -Wno-unused-parameter -Wno-missing-field-initializers -Werror=implicit-function-declaration -fvisibility=hidden -fprofile-generate -I./Include/internal -I./Include -I. -I/usr/include/x86_64-linux-gnu -I/usr/local/include -I/Python-3.10.9/Include -I/Python-3.10.9 -c /Python-3.10.9/Modules/_json.c -o build/temp.linux-x86_64-3.10/Python-3.10.9/Modules/_json.o -DPy_BUILD_CORE_MODULE
#7 66.40 building 'spwd' extension
#7 66.40 building 'syslog' extension
#7 66.40 building '_opcode' extension
#7 66.40 gcc -pthread -fPIC -Wno-unused-result -Wsign-compare -DNDEBUG -g -fwrapv -O3 -Wall -fno-semantic-interposition -std=c99 -Wextra -Wno-unused-result -Wno-unused-parameter -Wno-missing-field-initializers -Werror=implicit-function-declaration -fvisibility=hidden -fprofile-generate -I./Include/internal -I./Include -I. -I/usr/include/x86_64-linux-gnu -I/usr/local/include -I/Python-3.10.9/Include -I/Python-3.10.9 -c /Python-3.10.9/Modules/_asynciomodule.c -o build/temp.linux-x86_64-3.10/Python-3.10.9/Modules/_asynciomodule.o -DPy_BUILD_CORE_MODULE
#7 66.40 gcc -pthread -fPIC -Wno-unused-result -Wsign-compare -DNDEBUG -g -fwrapv -O3 -Wall -fno-semantic-interposition -std=c99 -Wextra -Wno-unused-result -Wno-unused-parameter -Wno-missing-field-initializers -Werror=implicit-function-declaration -fvisibility=hidden -fprofile-generate -I./Include/internal -I./Include -I. -I/usr/include/x86_64-linux-gnu -I/usr/local/include -I/Python-3.10.9/Include -I/Python-3.10.9 -c /Python-3.10.9/Modules/_statisticsmodule.c -o build/temp.linux-x86_64-3.10/Python-3.10.9/Modules/_statisticsmodule.o
#7 66.40 building 'grp' extension
#7 66.40 building 'mmap' extension
#7 66.40 gcc -pthread -fPIC -Wno-unused-result -Wsign-compare -DNDEBUG -g -fwrapv -O3 -Wall -fno-semantic-interposition -std=c99 -Wextra -Wno-unused-result -Wno-unused-parameter -Wno-missing-field-initializers -Werror=implicit-function-declaration -fvisibility=hidden -fprofile-generate -I./Include/internal -I./Include -I. -I/usr/include/x86_64-linux-gnu -I/usr/local/include -I/Python-3.10.9/Include -I/Python-3.10.9 -c /Python-3.10.9/Modules/mmapmodule.c -o build/temp.linux-x86_64-3.10/Python-3.10.9/Modules/mmapmodule.o
#7 66.41 gcc -pthread -fPIC -Wno-unused-result -Wsign-compare -DNDEBUG -g -fwrapv -O3 -Wall -fno-semantic-interposition -std=c99 -Wextra -Wno-unused-result -Wno-unused-parameter -Wno-missing-field-initializers -Werror=implicit-function-declaration -fvisibility=hidden -fprofile-generate -I./Include/internal -I./Include -I. -I/usr/include/x86_64-linux-gnu -I/usr/local/include -I/Python-3.10.9/Include -I/Python-3.10.9 -c /Python-3.10.9/Modules/_datetimemodule.c -o build/temp.linux-x86_64-3.10/Python-3.10.9/Modules/_datetimemodule.o -DPy_BUILD_CORE_MODULE
#7 66.41 gcc -pthread -fPIC -Wno-unused-result -Wsign-compare -DNDEBUG -g -fwrapv -O3 -Wall -fno-semantic-interposition -std=c99 -Wextra -Wno-unused-result -Wno-unused-parameter -Wno-missing-field-initializers -Werror=implicit-function-declaration -fvisibility=hidden -fprofile-generate -I./Include/internal -I./Include -I. -I/usr/include/x86_64-linux-gnu -I/usr/local/include -I/Python-3.10.9/Include -I/Python-3.10.9 -c /Python-3.10.9/Modules/_opcode.c -o build/temp.linux-x86_64-3.10/Python-3.10.9/Modules/_opcode.o
#7 66.41 gcc -pthread -fPIC -Wno-unused-result -Wsign-compare -DNDEBUG -g -fwrapv -O3 -Wall -fno-semantic-interposition -std=c99 -Wextra -Wno-unused-result -Wno-unused-parameter -Wno-missing-field-initializers -Werror=implicit-function-declaration -fvisibility=hidden -fprofile-generate -I./Include/internal -I./Include -I. -I/usr/include/x86_64-linux-gnu -I/usr/local/include -I/Python-3.10.9/Include -I/Python-3.10.9 -c /Python-3.10.9/Modules/spwdmodule.c -o build/temp.linux-x86_64-3.10/Python-3.10.9/Modules/spwdmodule.o
#7 66.41 gcc -pthread -fPIC -Wno-unused-result -Wsign-compare -DNDEBUG -g -fwrapv -O3 -Wall -fno-semantic-interposition -std=c99 -Wextra -Wno-unused-result -Wno-unused-parameter -Wno-missing-field-initializers -Werror=implicit-function-declaration -fvisibility=hidden -fprofile-generate -I./Include/internal -I./Include -I. -I/usr/include/x86_64-linux-gnu -I/usr/local/include -I/Python-3.10.9/Include -I/Python-3.10.9 -c /Python-3.10.9/Modules/syslogmodule.c -o build/temp.linux-x86_64-3.10/Python-3.10.9/Modules/syslogmodule.o
#7 66.41 gcc -pthread -fPIC -Wno-unused-result -Wsign-compare -DNDEBUG -g -fwrapv -O3 -Wall -fno-semantic-interposition -std=c99 -Wextra -Wno-unused-result -Wno-unused-parameter -Wno-missing-field-initializers -Werror=implicit-function-declaration -fvisibility=hidden -fprofile-generate -I./Include/internal -I./Include -I. -I/usr/include/x86_64-linux-gnu -I/usr/local/include -I/Python-3.10.9/Include -I/Python-3.10.9 -c /Python-3.10.9/Modules/_pickle.c -o build/temp.linux-x86_64-3.10/Python-3.10.9/Modules/_pickle.o -DPy_BUILD_CORE_MODULE
#7 66.42 gcc -pthread -fPIC -Wno-unused-result -Wsign-compare -DNDEBUG -g -fwrapv -O3 -Wall -fno-semantic-interposition -std=c99 -Wextra -Wno-unused-result -Wno-unused-parameter -Wno-missing-field-initializers -Werror=implicit-function-declaration -fvisibility=hidden -fprofile-generate -I./Include/internal -I./Include -I. -I/usr/include/x86_64-linux-gnu -I/usr/local/include -I/Python-3.10.9/Include -I/Python-3.10.9 -c /Python-3.10.9/Modules/grpmodule.c -o build/temp.linux-x86_64-3.10/Python-3.10.9/Modules/grpmodule.o
#7 66.42 gcc -pthread -fPIC -Wno-unused-result -Wsign-compare -DNDEBUG -g -fwrapv -O3 -Wall -fno-semantic-interposition -std=c99 -Wextra -Wno-unused-result -Wno-unused-parameter -Wno-missing-field-initializers -Werror=implicit-function-declaration -fvisibility=hidden -fprofile-generate -I./Include/internal -I./Include -I. -I/usr/include/x86_64-linux-gnu -I/usr/local/include -I/Python-3.10.9/Include -I/Python-3.10.9 -c /Python-3.10.9/Modules/unicodedata.c -o build/temp.linux-x86_64-3.10/Python-3.10.9/Modules/unicodedata.o -DPy_BUILD_CORE_MODULE
#7 66.47 gcc -pthread -shared -fno-semantic-interposition -fprofile-generate build/temp.linux-x86_64-3.10/Python-3.10.9/Modules/_contextvarsmodule.o -L/usr/lib/x86_64-linux-gnu -L/usr/local/lib -o build/lib.linux-x86_64-3.10/_contextvars.cpython-310-x86_64-linux-gnu.so
#7 66.51 building '_xxsubinterpreters' extension
#7 66.51 gcc -pthread -fPIC -Wno-unused-result -Wsign-compare -DNDEBUG -g -fwrapv -O3 -Wall -fno-semantic-interposition -std=c99 -Wextra -Wno-unused-result -Wno-unused-parameter -Wno-missing-field-initializers -Werror=implicit-function-declaration -fvisibility=hidden -fprofile-generate -I./Include/internal -I./Include -I. -I/usr/include/x86_64-linux-gnu -I/usr/local/include -I/Python-3.10.9/Include -I/Python-3.10.9 -c /Python-3.10.9/Modules/_xxsubinterpretersmodule.c -o build/temp.linux-x86_64-3.10/Python-3.10.9/Modules/_xxsubinterpretersmodule.o
#7 66.53 gcc -pthread -shared -fno-semantic-interposition -fprofile-generate build/temp.linux-x86_64-3.10/Python-3.10.9/Modules/_statisticsmodule.o -L/usr/lib/x86_64-linux-gnu -L/usr/local/lib -o build/lib.linux-x86_64-3.10/_statistics.cpython-310-x86_64-linux-gnu.so
#7 66.54 gcc -pthread -shared -fno-semantic-interposition -fprofile-generate build/temp.linux-x86_64-3.10/Python-3.10.9/Modules/_opcode.o -L/usr/lib/x86_64-linux-gnu -L/usr/local/lib -o build/lib.linux-x86_64-3.10/_opcode.cpython-310-x86_64-linux-gnu.so
#7 66.55 building 'audioop' extension
#7 66.55 gcc -pthread -fPIC -Wno-unused-result -Wsign-compare -DNDEBUG -g -fwrapv -O3 -Wall -fno-semantic-interposition -std=c99 -Wextra -Wno-unused-result -Wno-unused-parameter -Wno-missing-field-initializers -Werror=implicit-function-declaration -fvisibility=hidden -fprofile-generate -I./Include/internal -I./Include -I. -I/usr/include/x86_64-linux-gnu -I/usr/local/include -I/Python-3.10.9/Include -I/Python-3.10.9 -c /Python-3.10.9/Modules/audioop.c -o build/temp.linux-x86_64-3.10/Python-3.10.9/Modules/audioop.o
#7 66.57 building '_csv' extension
#7 66.57 gcc -pthread -fPIC -Wno-unused-result -Wsign-compare -DNDEBUG -g -fwrapv -O3 -Wall -fno-semantic-interposition -std=c99 -Wextra -Wno-unused-result -Wno-unused-parameter -Wno-missing-field-initializers -Werror=implicit-function-declaration -fvisibility=hidden -fprofile-generate -I./Include/internal -I./Include -I. -I/usr/include/x86_64-linux-gnu -I/usr/local/include -I/Python-3.10.9/Include -I/Python-3.10.9 -c /Python-3.10.9/Modules/_csv.c -o build/temp.linux-x86_64-3.10/Python-3.10.9/Modules/_csv.o
#7 66.58 gcc -pthread -shared -fno-semantic-interposition -fprofile-generate build/temp.linux-x86_64-3.10/Python-3.10.9/Modules/spwdmodule.o -L/usr/lib/x86_64-linux-gnu -L/usr/local/lib -o build/lib.linux-x86_64-3.10/spwd.cpython-310-x86_64-linux-gnu.so
#7 66.60 building '_posixsubprocess' extension
#7 66.61 gcc -pthread -fPIC -Wno-unused-result -Wsign-compare -DNDEBUG -g -fwrapv -O3 -Wall -fno-semantic-interposition -std=c99 -Wextra -Wno-unused-result -Wno-unused-parameter -Wno-missing-field-initializers -Werror=implicit-function-declaration -fvisibility=hidden -fprofile-generate -I./Include/internal -I./Include -I. -I/usr/include/x86_64-linux-gnu -I/usr/local/include -I/Python-3.10.9/Include -I/Python-3.10.9 -c /Python-3.10.9/Modules/_posixsubprocess.c -o build/temp.linux-x86_64-3.10/Python-3.10.9/Modules/_posixsubprocess.o -DPy_BUILD_CORE_MODULE
#7 66.64 gcc -pthread -shared -fno-semantic-interposition -fprofile-generate build/temp.linux-x86_64-3.10/Python-3.10.9/Modules/_bisectmodule.o -L/usr/lib/x86_64-linux-gnu -L/usr/local/lib -o build/lib.linux-x86_64-3.10/_bisect.cpython-310-x86_64-linux-gnu.so
#7 66.65 gcc -pthread -shared -fno-semantic-interposition -fprofile-generate build/temp.linux-x86_64-3.10/Python-3.10.9/Modules/fcntlmodule.o -L/usr/lib/x86_64-linux-gnu -L/usr/local/lib -o build/lib.linux-x86_64-3.10/fcntl.cpython-310-x86_64-linux-gnu.so
#7 66.66 gcc -pthread -shared -fno-semantic-interposition -fprofile-generate build/temp.linux-x86_64-3.10/Python-3.10.9/Modules/syslogmodule.o -L/usr/lib/x86_64-linux-gnu -L/usr/local/lib -o build/lib.linux-x86_64-3.10/syslog.cpython-310-x86_64-linux-gnu.so
#7 66.67 gcc -pthread -shared -fno-semantic-interposition -fprofile-generate build/temp.linux-x86_64-3.10/Python-3.10.9/Modules/_queuemodule.o -L/usr/lib/x86_64-linux-gnu -L/usr/local/lib -o build/lib.linux-x86_64-3.10/_queue.cpython-310-x86_64-linux-gnu.so
#7 66.67 building '_testcapi' extension
#7 66.67 gcc -pthread -fPIC -Wno-unused-result -Wsign-compare -DNDEBUG -g -fwrapv -O3 -Wall -fno-semantic-interposition -std=c99 -Wextra -Wno-unused-result -Wno-unused-parameter -Wno-missing-field-initializers -Werror=implicit-function-declaration -fvisibility=hidden -fprofile-generate -I./Include/internal -I./Include -I. -I/usr/include/x86_64-linux-gnu -I/usr/local/include -I/Python-3.10.9/Include -I/Python-3.10.9 -c /Python-3.10.9/Modules/_testcapimodule.c -o build/temp.linux-x86_64-3.10/Python-3.10.9/Modules/_testcapimodule.o
#7 66.67 gcc -pthread -shared -fno-semantic-interposition -fprofile-generate build/temp.linux-x86_64-3.10/Python-3.10.9/Modules/_randommodule.o -L/usr/lib/x86_64-linux-gnu -L/usr/local/lib -o build/lib.linux-x86_64-3.10/_random.cpython-310-x86_64-linux-gnu.so
#7 66.68 gcc -pthread -shared -fno-semantic-interposition -fprofile-generate build/temp.linux-x86_64-3.10/Python-3.10.9/Modules/grpmodule.o -L/usr/lib/x86_64-linux-gnu -L/usr/local/lib -o build/lib.linux-x86_64-3.10/grp.cpython-310-x86_64-linux-gnu.so
#7 66.68 gcc -pthread -shared -fno-semantic-interposition -fprofile-generate build/temp.linux-x86_64-3.10/Python-3.10.9/Modules/_heapqmodule.o -L/usr/lib/x86_64-linux-gnu -L/usr/local/lib -o build/lib.linux-x86_64-3.10/_heapq.cpython-310-x86_64-linux-gnu.so
#7 66.69 building '_testinternalcapi' extension
#7 66.69 gcc -pthread -fPIC -Wno-unused-result -Wsign-compare -DNDEBUG -g -fwrapv -O3 -Wall -fno-semantic-interposition -std=c99 -Wextra -Wno-unused-result -Wno-unused-parameter -Wno-missing-field-initializers -Werror=implicit-function-declaration -fvisibility=hidden -fprofile-generate -I./Include/internal -I./Include -I. -I/usr/include/x86_64-linux-gnu -I/usr/local/include -I/Python-3.10.9/Include -I/Python-3.10.9 -c /Python-3.10.9/Modules/_testinternalcapi.c -o build/temp.linux-x86_64-3.10/Python-3.10.9/Modules/_testinternalcapi.o -DPy_BUILD_CORE_MODULE
#7 66.70 building '_testbuffer' extension
#7 66.70 gcc -pthread -fPIC -Wno-unused-result -Wsign-compare -DNDEBUG -g -fwrapv -O3 -Wall -fno-semantic-interposition -std=c99 -Wextra -Wno-unused-result -Wno-unused-parameter -Wno-missing-field-initializers -Werror=implicit-function-declaration -fvisibility=hidden -fprofile-generate -I./Include/internal -I./Include -I. -I/usr/include/x86_64-linux-gnu -I/usr/local/include -I/Python-3.10.9/Include -I/Python-3.10.9 -c /Python-3.10.9/Modules/_testbuffer.c -o build/temp.linux-x86_64-3.10/Python-3.10.9/Modules/_testbuffer.o
#7 66.70 building '_testimportmultiple' extension
#7 66.70 gcc -pthread -fPIC -Wno-unused-result -Wsign-compare -DNDEBUG -g -fwrapv -O3 -Wall -fno-semantic-interposition -std=c99 -Wextra -Wno-unused-result -Wno-unused-parameter -Wno-missing-field-initializers -Werror=implicit-function-declaration -fvisibility=hidden -fprofile-generate -I./Include/internal -I./Include -I. -I/usr/include/x86_64-linux-gnu -I/usr/local/include -I/Python-3.10.9/Include -I/Python-3.10.9 -c /Python-3.10.9/Modules/_testimportmultiple.c -o build/temp.linux-x86_64-3.10/Python-3.10.9/Modules/_testimportmultiple.o
#7 66.71 building '_testmultiphase' extension
#7 66.71 gcc -pthread -fPIC -Wno-unused-result -Wsign-compare -DNDEBUG -g -fwrapv -O3 -Wall -fno-semantic-interposition -std=c99 -Wextra -Wno-unused-result -Wno-unused-parameter -Wno-missing-field-initializers -Werror=implicit-function-declaration -fvisibility=hidden -fprofile-generate -I./Include/internal -I./Include -I. -I/usr/include/x86_64-linux-gnu -I/usr/local/include -I/Python-3.10.9/Include -I/Python-3.10.9 -c /Python-3.10.9/Modules/_testmultiphase.c -o build/temp.linux-x86_64-3.10/Python-3.10.9/Modules/_testmultiphase.o
#7 66.72 building '_xxtestfuzz' extension
#7 66.72 creating build/temp.linux-x86_64-3.10/Python-3.10.9/Modules/_xxtestfuzz
#7 66.72 building 'readline' extension
#7 66.72 gcc -pthread -fPIC -Wno-unused-result -Wsign-compare -DNDEBUG -g -fwrapv -O3 -Wall -fno-semantic-interposition -std=c99 -Wextra -Wno-unused-result -Wno-unused-parameter -Wno-missing-field-initializers -Werror=implicit-function-declaration -fvisibility=hidden -fprofile-generate -I./Include/internal -I./Include -I. -I/usr/include/x86_64-linux-gnu -I/usr/local/include -I/Python-3.10.9/Include -I/Python-3.10.9 -c /Python-3.10.9/Modules/readline.c -o build/temp.linux-x86_64-3.10/Python-3.10.9/Modules/readline.o
#7 66.72 gcc -pthread -fPIC -Wno-unused-result -Wsign-compare -DNDEBUG -g -fwrapv -O3 -Wall -fno-semantic-interposition -std=c99 -Wextra -Wno-unused-result -Wno-unused-parameter -Wno-missing-field-initializers -Werror=implicit-function-declaration -fvisibility=hidden -fprofile-generate -I./Include/internal -I./Include -I. -I/usr/include/x86_64-linux-gnu -I/usr/local/include -I/Python-3.10.9/Include -I/Python-3.10.9 -c /Python-3.10.9/Modules/_xxtestfuzz/_xxtestfuzz.c -o build/temp.linux-x86_64-3.10/Python-3.10.9/Modules/_xxtestfuzz/_xxtestfuzz.o
#7 66.72 gcc -pthread -fPIC -Wno-unused-result -Wsign-compare -DNDEBUG -g -fwrapv -O3 -Wall -fno-semantic-interposition -std=c99 -Wextra -Wno-unused-result -Wno-unused-parameter -Wno-missing-field-initializers -Werror=implicit-function-declaration -fvisibility=hidden -fprofile-generate -I./Include/internal -I./Include -I. -I/usr/include/x86_64-linux-gnu -I/usr/local/include -I/Python-3.10.9/Include -I/Python-3.10.9 -c /Python-3.10.9/Modules/rotatingtree.c -o build/temp.linux-x86_64-3.10/Python-3.10.9/Modules/rotatingtree.o
#7 66.78 gcc -pthread -shared -fno-semantic-interposition -fprofile-generate build/temp.linux-x86_64-3.10/Python-3.10.9/Modules/_lsprof.o build/temp.linux-x86_64-3.10/Python-3.10.9/Modules/rotatingtree.o -L/usr/lib/x86_64-linux-gnu -L/usr/local/lib -o build/lib.linux-x86_64-3.10/_lsprof.cpython-310-x86_64-linux-gnu.so
#7 66.81 building '_curses' extension
#7 66.81 gcc -pthread -fPIC -Wno-unused-result -Wsign-compare -DNDEBUG -g -fwrapv -O3 -Wall -fno-semantic-interposition -std=c99 -Wextra -Wno-unused-result -Wno-unused-parameter -Wno-missing-field-initializers -Werror=implicit-function-declaration -fvisibility=hidden -fprofile-generate -I./Include/internal -DHAVE_NCURSESW=1 -I/usr/include/ncursesw -I./Include -I. -I/usr/include/x86_64-linux-gnu -I/usr/local/include -I/Python-3.10.9/Include -I/Python-3.10.9 -c /Python-3.10.9/Modules/_cursesmodule.c -o build/temp.linux-x86_64-3.10/Python-3.10.9/Modules/_cursesmodule.o -DPy_BUILD_CORE_MODULE
#7 66.82 gcc -pthread -shared -fno-semantic-interposition -fprofile-generate build/temp.linux-x86_64-3.10/Python-3.10.9/Modules/_testimportmultiple.o -L/usr/lib/x86_64-linux-gnu -L/usr/local/lib -o build/lib.linux-x86_64-3.10/_testimportmultiple.cpython-310-x86_64-linux-gnu.so
#7 66.82 gcc -pthread -fPIC -Wno-unused-result -Wsign-compare -DNDEBUG -g -fwrapv -O3 -Wall -fno-semantic-interposition -std=c99 -Wextra -Wno-unused-result -Wno-unused-parameter -Wno-missing-field-initializers -Werror=implicit-function-declaration -fvisibility=hidden -fprofile-generate -I./Include/internal -I./Include -I. -I/usr/include/x86_64-linux-gnu -I/usr/local/include -I/Python-3.10.9/Include -I/Python-3.10.9 -c /Python-3.10.9/Modules/_xxtestfuzz/fuzzer.c -o build/temp.linux-x86_64-3.10/Python-3.10.9/Modules/_xxtestfuzz/fuzzer.o
#7 66.84 gcc -pthread -shared -fno-semantic-interposition -fprofile-generate build/temp.linux-x86_64-3.10/Python-3.10.9/Modules/mmapmodule.o -L/usr/lib/x86_64-linux-gnu -L/usr/local/lib -o build/lib.linux-x86_64-3.10/mmap.cpython-310-x86_64-linux-gnu.so
#7 66.84 building '_curses_panel' extension
#7 66.85 gcc -pthread -fPIC -Wno-unused-result -Wsign-compare -DNDEBUG -g -fwrapv -O3 -Wall -fno-semantic-interposition -std=c99 -Wextra -Wno-unused-result -Wno-unused-parameter -Wno-missing-field-initializers -Werror=implicit-function-declaration -fvisibility=hidden -fprofile-generate -I./Include/internal -DHAVE_NCURSESW=1 -I/usr/include/ncursesw -I./Include -I. -I/usr/include/x86_64-linux-gnu -I/usr/local/include -I/Python-3.10.9/Include -I/Python-3.10.9 -c /Python-3.10.9/Modules/_curses_panel.c -o build/temp.linux-x86_64-3.10/Python-3.10.9/Modules/_curses_panel.o
#7 66.87 building '_crypt' extension
#7 66.87 gcc -pthread -fPIC -Wno-unused-result -Wsign-compare -DNDEBUG -g -fwrapv -O3 -Wall -fno-semantic-interposition -std=c99 -Wextra -Wno-unused-result -Wno-unused-parameter -Wno-missing-field-initializers -Werror=implicit-function-declaration -fvisibility=hidden -fprofile-generate -I./Include/internal -I./Include -I. -I/usr/include/x86_64-linux-gnu -I/usr/local/include -I/Python-3.10.9/Include -I/Python-3.10.9 -c /Python-3.10.9/Modules/_cryptmodule.c -o build/temp.linux-x86_64-3.10/Python-3.10.9/Modules/_cryptmodule.o
#7 66.92 gcc -pthread -shared -fno-semantic-interposition -fprofile-generate build/temp.linux-x86_64-3.10/Python-3.10.9/Modules/selectmodule.o -L/usr/lib/x86_64-linux-gnu -L/usr/local/lib -o build/lib.linux-x86_64-3.10/select.cpython-310-x86_64-linux-gnu.so
#7 66.93 gcc -pthread -shared -fno-semantic-interposition -fprofile-generate build/temp.linux-x86_64-3.10/Python-3.10.9/Modules/_posixsubprocess.o -L/usr/lib/x86_64-linux-gnu -L/usr/local/lib -o build/lib.linux-x86_64-3.10/_posixsubprocess.cpython-310-x86_64-linux-gnu.so
#7 66.95 building '_socket' extension
#7 66.95 gcc -pthread -fPIC -Wno-unused-result -Wsign-compare -DNDEBUG -g -fwrapv -O3 -Wall -fno-semantic-interposition -std=c99 -Wextra -Wno-unused-result -Wno-unused-parameter -Wno-missing-field-initializers -Werror=implicit-function-declaration -fvisibility=hidden -fprofile-generate -I./Include/internal -I./Include -I. -I/usr/include/x86_64-linux-gnu -I/usr/local/include -I/Python-3.10.9/Include -I/Python-3.10.9 -c /Python-3.10.9/Modules/socketmodule.c -o build/temp.linux-x86_64-3.10/Python-3.10.9/Modules/socketmodule.o
#7 66.96 gcc -pthread -shared -fno-semantic-interposition -fprofile-generate build/temp.linux-x86_64-3.10/Python-3.10.9/Modules/_testinternalcapi.o -L/usr/lib/x86_64-linux-gnu -L/usr/local/lib -o build/lib.linux-x86_64-3.10/_testinternalcapi.cpython-310-x86_64-linux-gnu.so
#7 66.97 building '_ssl' extension
#7 66.97 gcc -pthread -fPIC -Wno-unused-result -Wsign-compare -DNDEBUG -g -fwrapv -O3 -Wall -fno-semantic-interposition -std=c99 -Wextra -Wno-unused-result -Wno-unused-parameter -Wno-missing-field-initializers -Werror=implicit-function-declaration -fvisibility=hidden -fprofile-generate -I./Include/internal -I/usr/include -I./Include -I. -I/usr/include/x86_64-linux-gnu -I/usr/local/include -I/Python-3.10.9/Include -I/Python-3.10.9 -c /Python-3.10.9/Modules/_ssl.c -o build/temp.linux-x86_64-3.10/Python-3.10.9/Modules/_ssl.o
#7 66.98 gcc -pthread -shared -fno-semantic-interposition -fprofile-generate build/temp.linux-x86_64-3.10/Python-3.10.9/Modules/_cryptmodule.o -L/usr/lib/x86_64-linux-gnu -L/usr/local/lib -lcrypt -o build/lib.linux-x86_64-3.10/_crypt.cpython-310-x86_64-linux-gnu.so
#7 66.99 building '_hashlib' extension
#7 66.99 gcc -pthread -fPIC -Wno-unused-result -Wsign-compare -DNDEBUG -g -fwrapv -O3 -Wall -fno-semantic-interposition -std=c99 -Wextra -Wno-unused-result -Wno-unused-parameter -Wno-missing-field-initializers -Werror=implicit-function-declaration -fvisibility=hidden -fprofile-generate -I./Include/internal -I/usr/include -I./Include -I. -I/usr/include/x86_64-linux-gnu -I/usr/local/include -I/Python-3.10.9/Include -I/Python-3.10.9 -c /Python-3.10.9/Modules/_hashopenssl.c -o build/temp.linux-x86_64-3.10/Python-3.10.9/Modules/_hashopenssl.o
#7 67.01 building '_sha256' extension
#7 67.01 gcc -pthread -fPIC -Wno-unused-result -Wsign-compare -DNDEBUG -g -fwrapv -O3 -Wall -fno-semantic-interposition -std=c99 -Wextra -Wno-unused-result -Wno-unused-parameter -Wno-missing-field-initializers -Werror=implicit-function-declaration -fvisibility=hidden -fprofile-generate -I./Include/internal -I./Include -I. -I/usr/include/x86_64-linux-gnu -I/usr/local/include -I/Python-3.10.9/Include -I/Python-3.10.9 -c /Python-3.10.9/Modules/sha256module.c -o build/temp.linux-x86_64-3.10/Python-3.10.9/Modules/sha256module.o -DPy_BUILD_CORE_MODULE
#7 67.07 gcc -pthread -shared -fno-semantic-interposition -fprofile-generate build/temp.linux-x86_64-3.10/Python-3.10.9/Modules/_testmultiphase.o -L/usr/lib/x86_64-linux-gnu -L/usr/local/lib -o build/lib.linux-x86_64-3.10/_testmultiphase.cpython-310-x86_64-linux-gnu.so
#7 67.09 gcc -pthread -shared -fno-semantic-interposition -fprofile-generate build/temp.linux-x86_64-3.10/Python-3.10.9/Modules/_xxtestfuzz/_xxtestfuzz.o build/temp.linux-x86_64-3.10/Python-3.10.9/Modules/_xxtestfuzz/fuzzer.o -L/usr/lib/x86_64-linux-gnu -L/usr/local/lib -o build/lib.linux-x86_64-3.10/_xxtestfuzz.cpython-310-x86_64-linux-gnu.so
#7 67.10 building '_sha512' extension
#7 67.10 gcc -pthread -fPIC -Wno-unused-result -Wsign-compare -DNDEBUG -g -fwrapv -O3 -Wall -fno-semantic-interposition -std=c99 -Wextra -Wno-unused-result -Wno-unused-parameter -Wno-missing-field-initializers -Werror=implicit-function-declaration -fvisibility=hidden -fprofile-generate -I./Include/internal -I./Include -I. -I/usr/include/x86_64-linux-gnu -I/usr/local/include -I/Python-3.10.9/Include -I/Python-3.10.9 -c /Python-3.10.9/Modules/sha512module.c -o build/temp.linux-x86_64-3.10/Python-3.10.9/Modules/sha512module.o -DPy_BUILD_CORE_MODULE
#7 67.11 building '_md5' extension
#7 67.11 gcc -pthread -fPIC -Wno-unused-result -Wsign-compare -DNDEBUG -g -fwrapv -O3 -Wall -fno-semantic-interposition -std=c99 -Wextra -Wno-unused-result -Wno-unused-parameter -Wno-missing-field-initializers -Werror=implicit-function-declaration -fvisibility=hidden -fprofile-generate -I./Include/internal -I./Include -I. -I/usr/include/x86_64-linux-gnu -I/usr/local/include -I/Python-3.10.9/Include -I/Python-3.10.9 -c /Python-3.10.9/Modules/md5module.c -o build/temp.linux-x86_64-3.10/Python-3.10.9/Modules/md5module.o
#7 67.17 gcc -pthread -shared -fno-semantic-interposition -fprofile-generate build/temp.linux-x86_64-3.10/Python-3.10.9/Modules/_zoneinfo.o -L/usr/lib/x86_64-linux-gnu -L/usr/local/lib -o build/lib.linux-x86_64-3.10/_zoneinfo.cpython-310-x86_64-linux-gnu.so
#7 67.18 gcc -pthread -shared -fno-semantic-interposition -fprofile-generate build/temp.linux-x86_64-3.10/Python-3.10.9/Modules/_curses_panel.o -L/usr/lib/x86_64-linux-gnu -L/usr/local/lib -lpanelw -lncursesw -o build/lib.linux-x86_64-3.10/_curses_panel.cpython-310-x86_64-linux-gnu.so
#7 67.21 building '_sha1' extension
#7 67.21 gcc -pthread -fPIC -Wno-unused-result -Wsign-compare -DNDEBUG -g -fwrapv -O3 -Wall -fno-semantic-interposition -std=c99 -Wextra -Wno-unused-result -Wno-unused-parameter -Wno-missing-field-initializers -Werror=implicit-function-declaration -fvisibility=hidden -fprofile-generate -I./Include/internal -I./Include -I. -I/usr/include/x86_64-linux-gnu -I/usr/local/include -I/Python-3.10.9/Include -I/Python-3.10.9 -c /Python-3.10.9/Modules/sha1module.c -o build/temp.linux-x86_64-3.10/Python-3.10.9/Modules/sha1module.o
#7 67.21 building '_blake2' extension
#7 67.22 creating build/temp.linux-x86_64-3.10/Python-3.10.9/Modules/_blake2
#7 67.22 gcc -pthread -fPIC -Wno-unused-result -Wsign-compare -DNDEBUG -g -fwrapv -O3 -Wall -fno-semantic-interposition -std=c99 -Wextra -Wno-unused-result -Wno-unused-parameter -Wno-missing-field-initializers -Werror=implicit-function-declaration -fvisibility=hidden -fprofile-generate -I./Include/internal -I./Include -I. -I/usr/include/x86_64-linux-gnu -I/usr/local/include -I/Python-3.10.9/Include -I/Python-3.10.9 -c /Python-3.10.9/Modules/_blake2/blake2b_impl.c -o build/temp.linux-x86_64-3.10/Python-3.10.9/Modules/_blake2/blake2b_impl.o
#7 67.24 gcc -pthread -shared -fno-semantic-interposition -fprofile-generate build/temp.linux-x86_64-3.10/Python-3.10.9/Modules/_xxsubinterpretersmodule.o -L/usr/lib/x86_64-linux-gnu -L/usr/local/lib -o build/lib.linux-x86_64-3.10/_xxsubinterpreters.cpython-310-x86_64-linux-gnu.so
#7 67.24 gcc -pthread -shared -fno-semantic-interposition -fprofile-generate build/temp.linux-x86_64-3.10/Python-3.10.9/Modules/_csv.o -L/usr/lib/x86_64-linux-gnu -L/usr/local/lib -o build/lib.linux-x86_64-3.10/_csv.cpython-310-x86_64-linux-gnu.so
#7 67.26 building '_sha3' extension
#7 67.27 creating build/temp.linux-x86_64-3.10/Python-3.10.9/Modules/_sha3
#7 67.27 building '_gdbm' extension
#7 67.27 gcc -pthread -fPIC -Wno-unused-result -Wsign-compare -DNDEBUG -g -fwrapv -O3 -Wall -fno-semantic-interposition -std=c99 -Wextra -Wno-unused-result -Wno-unused-parameter -Wno-missing-field-initializers -Werror=implicit-function-declaration -fvisibility=hidden -fprofile-generate -I./Include/internal -I./Include -I. -I/usr/include/x86_64-linux-gnu -I/usr/local/include -I/Python-3.10.9/Include -I/Python-3.10.9 -c /Python-3.10.9/Modules/_gdbmmodule.c -o build/temp.linux-x86_64-3.10/Python-3.10.9/Modules/_gdbmmodule.o
#7 67.27 gcc -pthread -fPIC -Wno-unused-result -Wsign-compare -DNDEBUG -g -fwrapv -O3 -Wall -fno-semantic-interposition -std=c99 -Wextra -Wno-unused-result -Wno-unused-parameter -Wno-missing-field-initializers -Werror=implicit-function-declaration -fvisibility=hidden -fprofile-generate -I./Include/internal -I./Include -I. -I/usr/include/x86_64-linux-gnu -I/usr/local/include -I/Python-3.10.9/Include -I/Python-3.10.9 -c /Python-3.10.9/Modules/_sha3/sha3module.c -o build/temp.linux-x86_64-3.10/Python-3.10.9/Modules/_sha3/sha3module.o
#7 67.30 gcc -pthread -shared -fno-semantic-interposition -fprofile-generate build/temp.linux-x86_64-3.10/Python-3.10.9/Modules/readline.o -L/usr/lib/termcap -L/usr/lib/x86_64-linux-gnu -L/usr/local/lib -lreadline -o build/lib.linux-x86_64-3.10/readline.cpython-310-x86_64-linux-gnu.so
#7 67.31 gcc -pthread -shared -fno-semantic-interposition -fprofile-generate build/temp.linux-x86_64-3.10/Python-3.10.9/Modules/_struct.o -L/usr/lib/x86_64-linux-gnu -L/usr/local/lib -o build/lib.linux-x86_64-3.10/_struct.cpython-310-x86_64-linux-gnu.so
#7 67.33 building '_sqlite3' extension
#7 67.33 creating build/temp.linux-x86_64-3.10/Python-3.10.9/Modules/_sqlite
#7 67.33 gcc -pthread -fPIC -Wno-unused-result -Wsign-compare -DNDEBUG -g -fwrapv -O3 -Wall -fno-semantic-interposition -std=c99 -Wextra -Wno-unused-result -Wno-unused-parameter -Wno-missing-field-initializers -Werror=implicit-function-declaration -fvisibility=hidden -fprofile-generate -I./Include/internal -DSQLITE_OMIT_LOAD_EXTENSION=1 -IModules/_sqlite -I/usr/include -I./Include -I. -I/usr/include/x86_64-linux-gnu -I/usr/local/include -I/Python-3.10.9/Include -I/Python-3.10.9 -c /Python-3.10.9/Modules/_sqlite/cache.c -o build/temp.linux-x86_64-3.10/Python-3.10.9/Modules/_sqlite/cache.o
#7 67.35 building 'termios' extension
#7 67.35 gcc -pthread -fPIC -Wno-unused-result -Wsign-compare -DNDEBUG -g -fwrapv -O3 -Wall -fno-semantic-interposition -std=c99 -Wextra -Wno-unused-result -Wno-unused-parameter -Wno-missing-field-initializers -Werror=implicit-function-declaration -fvisibility=hidden -fprofile-generate -I./Include/internal -I./Include -I. -I/usr/include/x86_64-linux-gnu -I/usr/local/include -I/Python-3.10.9/Include -I/Python-3.10.9 -c /Python-3.10.9/Modules/termios.c -o build/temp.linux-x86_64-3.10/Python-3.10.9/Modules/termios.o
#7 67.41 gcc -pthread -shared -fno-semantic-interposition -fprofile-generate build/temp.linux-x86_64-3.10/Python-3.10.9/Modules/_json.o -L/usr/lib/x86_64-linux-gnu -L/usr/local/lib -o build/lib.linux-x86_64-3.10/_json.cpython-310-x86_64-linux-gnu.so
#7 67.42 gcc -pthread -shared -fno-semantic-interposition -fprofile-generate build/temp.linux-x86_64-3.10/Python-3.10.9/Modules/md5module.o -L/usr/lib/x86_64-linux-gnu -L/usr/local/lib -o build/lib.linux-x86_64-3.10/_md5.cpython-310-x86_64-linux-gnu.so
#7 67.44 building 'resource' extension
#7 67.44 gcc -pthread -fPIC -Wno-unused-result -Wsign-compare -DNDEBUG -g -fwrapv -O3 -Wall -fno-semantic-interposition -std=c99 -Wextra -Wno-unused-result -Wno-unused-parameter -Wno-missing-field-initializers -Werror=implicit-function-declaration -fvisibility=hidden -fprofile-generate -I./Include/internal -I./Include -I. -I/usr/include/x86_64-linux-gnu -I/usr/local/include -I/Python-3.10.9/Include -I/Python-3.10.9 -c /Python-3.10.9/Modules/resource.c -o build/temp.linux-x86_64-3.10/Python-3.10.9/Modules/resource.o
#7 67.45 gcc -pthread -shared -fno-semantic-interposition -fprofile-generate build/temp.linux-x86_64-3.10/Python-3.10.9/Modules/mathmodule.o Modules/_math.o -L/usr/lib/x86_64-linux-gnu -L/usr/local/lib -lm -o build/lib.linux-x86_64-3.10/math.cpython-310-x86_64-linux-gnu.so
#7 67.45 building 'ossaudiodev' extension
#7 67.45 gcc -pthread -fPIC -Wno-unused-result -Wsign-compare -DNDEBUG -g -fwrapv -O3 -Wall -fno-semantic-interposition -std=c99 -Wextra -Wno-unused-result -Wno-unused-parameter -Wno-missing-field-initializers -Werror=implicit-function-declaration -fvisibility=hidden -fprofile-generate -I./Include/internal -I./Include -I. -I/usr/include/x86_64-linux-gnu -I/usr/local/include -I/Python-3.10.9/Include -I/Python-3.10.9 -c /Python-3.10.9/Modules/ossaudiodev.c -o build/temp.linux-x86_64-3.10/Python-3.10.9/Modules/ossaudiodev.o
#7 67.49 gcc -pthread -shared -fno-semantic-interposition -fprofile-generate build/temp.linux-x86_64-3.10/Python-3.10.9/Modules/sha1module.o -L/usr/lib/x86_64-linux-gnu -L/usr/local/lib -o build/lib.linux-x86_64-3.10/_sha1.cpython-310-x86_64-linux-gnu.so
#7 67.50 building 'nis' extension
#7 67.50 gcc -pthread -fPIC -Wno-unused-result -Wsign-compare -DNDEBUG -g -fwrapv -O3 -Wall -fno-semantic-interposition -std=c99 -Wextra -Wno-unused-result -Wno-unused-parameter -Wno-missing-field-initializers -Werror=implicit-function-declaration -fvisibility=hidden -fprofile-generate -I./Include/internal -I./Include -I. -I/usr/include/x86_64-linux-gnu -I/usr/local/include -I/Python-3.10.9/Include -I/Python-3.10.9 -c /Python-3.10.9/Modules/nismodule.c -o build/temp.linux-x86_64-3.10/Python-3.10.9/Modules/nismodule.o
#7 67.51 gcc -pthread -shared -fno-semantic-interposition -fprofile-generate build/temp.linux-x86_64-3.10/Python-3.10.9/Modules/sha256module.o -L/usr/lib/x86_64-linux-gnu -L/usr/local/lib -o build/lib.linux-x86_64-3.10/_sha256.cpython-310-x86_64-linux-gnu.so
#7 67.52 gcc -pthread -fPIC -Wno-unused-result -Wsign-compare -DNDEBUG -g -fwrapv -O3 -Wall -fno-semantic-interposition -std=c99 -Wextra -Wno-unused-result -Wno-unused-parameter -Wno-missing-field-initializers -Werror=implicit-function-declaration -fvisibility=hidden -fprofile-generate -I./Include/internal -DSQLITE_OMIT_LOAD_EXTENSION=1 -IModules/_sqlite -I/usr/include -I./Include -I. -I/usr/include/x86_64-linux-gnu -I/usr/local/include -I/Python-3.10.9/Include -I/Python-3.10.9 -c /Python-3.10.9/Modules/_sqlite/connection.c -o build/temp.linux-x86_64-3.10/Python-3.10.9/Modules/_sqlite/connection.o
#7 67.52 building 'zlib' extension
#7 67.52 gcc -pthread -fPIC -Wno-unused-result -Wsign-compare -DNDEBUG -g -fwrapv -O3 -Wall -fno-semantic-interposition -std=c99 -Wextra -Wno-unused-result -Wno-unused-parameter -Wno-missing-field-initializers -Werror=implicit-function-declaration -fvisibility=hidden -fprofile-generate -I./Include/internal -I./Include -I. -I/usr/include/x86_64-linux-gnu -I/usr/local/include -I/Python-3.10.9/Include -I/Python-3.10.9 -c /Python-3.10.9/Modules/zlibmodule.c -o build/temp.linux-x86_64-3.10/Python-3.10.9/Modules/zlibmodule.o
#7 67.54 building 'binascii' extension
#7 67.54 gcc -pthread -fPIC -Wno-unused-result -Wsign-compare -DNDEBUG -g -fwrapv -O3 -Wall -fno-semantic-interposition -std=c99 -Wextra -Wno-unused-result -Wno-unused-parameter -Wno-missing-field-initializers -Werror=implicit-function-declaration -fvisibility=hidden -fprofile-generate -I./Include/internal -I./Include -I. -I/usr/include/x86_64-linux-gnu -I/usr/local/include -I/Python-3.10.9/Include -I/Python-3.10.9 -c /Python-3.10.9/Modules/binascii.c -o build/temp.linux-x86_64-3.10/Python-3.10.9/Modules/binascii.o -DUSE_ZLIB_CRC32
#7 67.57 gcc -pthread -shared -fno-semantic-interposition -fprofile-generate build/temp.linux-x86_64-3.10/Python-3.10.9/Modules/arraymodule.o -L/usr/lib/x86_64-linux-gnu -L/usr/local/lib -o build/lib.linux-x86_64-3.10/array.cpython-310-x86_64-linux-gnu.so
#7 67.60 building '_bz2' extension
#7 67.60 gcc -pthread -fPIC -Wno-unused-result -Wsign-compare -DNDEBUG -g -fwrapv -O3 -Wall -fno-semantic-interposition -std=c99 -Wextra -Wno-unused-result -Wno-unused-parameter -Wno-missing-field-initializers -Werror=implicit-function-declaration -fvisibility=hidden -fprofile-generate -I./Include/internal -I./Include -I. -I/usr/include/x86_64-linux-gnu -I/usr/local/include -I/Python-3.10.9/Include -I/Python-3.10.9 -c /Python-3.10.9/Modules/_bz2module.c -o build/temp.linux-x86_64-3.10/Python-3.10.9/Modules/_bz2module.o
#7 67.60 gcc -pthread -shared -fno-semantic-interposition -fprofile-generate build/temp.linux-x86_64-3.10/Python-3.10.9/Modules/termios.o -L/usr/lib/x86_64-linux-gnu -L/usr/local/lib -o build/lib.linux-x86_64-3.10/termios.cpython-310-x86_64-linux-gnu.so
#7 67.61 gcc -pthread -shared -fno-semantic-interposition -fprofile-generate build/temp.linux-x86_64-3.10/Python-3.10.9/Modules/audioop.o -L/usr/lib/x86_64-linux-gnu -L/usr/local/lib -lm -o build/lib.linux-x86_64-3.10/audioop.cpython-310-x86_64-linux-gnu.so
#7 67.64 building '_lzma' extension
#7 67.64 gcc -pthread -fPIC -Wno-unused-result -Wsign-compare -DNDEBUG -g -fwrapv -O3 -Wall -fno-semantic-interposition -std=c99 -Wextra -Wno-unused-result -Wno-unused-parameter -Wno-missing-field-initializers -Werror=implicit-function-declaration -fvisibility=hidden -fprofile-generate -I./Include/internal -I./Include -I. -I/usr/include/x86_64-linux-gnu -I/usr/local/include -I/Python-3.10.9/Include -I/Python-3.10.9 -c /Python-3.10.9/Modules/_lzmamodule.c -o build/temp.linux-x86_64-3.10/Python-3.10.9/Modules/_lzmamodule.o
#7 67.64 gcc -pthread -shared -fno-semantic-interposition -fprofile-generate build/temp.linux-x86_64-3.10/Python-3.10.9/Modules/_gdbmmodule.o -L/usr/lib/x86_64-linux-gnu -L/usr/local/lib -lgdbm -o build/lib.linux-x86_64-3.10/_gdbm.cpython-310-x86_64-linux-gnu.so
#7 67.64 building 'pyexpat' extension
#7 67.64 creating build/temp.linux-x86_64-3.10/Python-3.10.9/Modules/expat
#7 67.64 gcc -pthread -fPIC -Wno-unused-result -Wsign-compare -DNDEBUG -g -fwrapv -O3 -Wall -fno-semantic-interposition -std=c99 -Wextra -Wno-unused-result -Wno-unused-parameter -Wno-missing-field-initializers -Werror=implicit-function-declaration -fvisibility=hidden -fprofile-generate -I./Include/internal -DHAVE_EXPAT_CONFIG_H=1 -DXML_POOR_ENTROPY=1 -DUSE_PYEXPAT_CAPI -I/Python-3.10.9/Modules/expat -I./Include -I. -I/usr/include/x86_64-linux-gnu -I/usr/local/include -I/Python-3.10.9/Include -I/Python-3.10.9 -c /Python-3.10.9/Modules/expat/xmlparse.c -o build/temp.linux-x86_64-3.10/Python-3.10.9/Modules/expat/xmlparse.o -Wno-unreachable-code
#7 67.66 gcc -pthread -shared -fno-semantic-interposition -fprofile-generate build/temp.linux-x86_64-3.10/Python-3.10.9/Modules/resource.o -L/usr/lib/x86_64-linux-gnu -L/usr/local/lib -o build/lib.linux-x86_64-3.10/resource.cpython-310-x86_64-linux-gnu.so
#7 67.67 building '_elementtree' extension
#7 67.67 gcc -pthread -fPIC -Wno-unused-result -Wsign-compare -DNDEBUG -g -fwrapv -O3 -Wall -fno-semantic-interposition -std=c99 -Wextra -Wno-unused-result -Wno-unused-parameter -Wno-missing-field-initializers -Werror=implicit-function-declaration -fvisibility=hidden -fprofile-generate -I./Include/internal -DHAVE_EXPAT_CONFIG_H=1 -DXML_POOR_ENTROPY=1 -DUSE_PYEXPAT_CAPI -I/Python-3.10.9/Modules/expat -I./Include -I. -I/usr/include/x86_64-linux-gnu -I/usr/local/include -I/Python-3.10.9/Include -I/Python-3.10.9 -c /Python-3.10.9/Modules/_elementtree.c -o build/temp.linux-x86_64-3.10/Python-3.10.9/Modules/_elementtree.o
#7 67.70 building '_multibytecodec' extension
#7 67.70 creating build/temp.linux-x86_64-3.10/Python-3.10.9/Modules/cjkcodecs
#7 67.70 gcc -pthread -fPIC -Wno-unused-result -Wsign-compare -DNDEBUG -g -fwrapv -O3 -Wall -fno-semantic-interposition -std=c99 -Wextra -Wno-unused-result -Wno-unused-parameter -Wno-missing-field-initializers -Werror=implicit-function-declaration -fvisibility=hidden -fprofile-generate -I./Include/internal -I./Include -I. -I/usr/include/x86_64-linux-gnu -I/usr/local/include -I/Python-3.10.9/Include -I/Python-3.10.9 -c /Python-3.10.9/Modules/cjkcodecs/multibytecodec.c -o build/temp.linux-x86_64-3.10/Python-3.10.9/Modules/cjkcodecs/multibytecodec.o
#7 67.72 gcc -pthread -shared -fno-semantic-interposition -fprofile-generate build/temp.linux-x86_64-3.10/Python-3.10.9/Modules/sha512module.o -L/usr/lib/x86_64-linux-gnu -L/usr/local/lib -o build/lib.linux-x86_64-3.10/_sha512.cpython-310-x86_64-linux-gnu.so
#7 67.72 gcc -pthread -shared -fno-semantic-interposition -fprofile-generate build/temp.linux-x86_64-3.10/Python-3.10.9/Modules/_asynciomodule.o -L/usr/lib/x86_64-linux-gnu -L/usr/local/lib -o build/lib.linux-x86_64-3.10/_asyncio.cpython-310-x86_64-linux-gnu.so
#7 67.73 gcc -pthread -shared -fno-semantic-interposition -fprofile-generate build/temp.linux-x86_64-3.10/Python-3.10.9/Modules/_testbuffer.o -L/usr/lib/x86_64-linux-gnu -L/usr/local/lib -o build/lib.linux-x86_64-3.10/_testbuffer.cpython-310-x86_64-linux-gnu.so
#7 67.74 gcc -pthread -shared -fno-semantic-interposition -fprofile-generate build/temp.linux-x86_64-3.10/Python-3.10.9/Modules/nismodule.o -L/usr/lib/x86_64-linux-gnu -L/usr/local/lib -lnsl -o build/lib.linux-x86_64-3.10/nis.cpython-310-x86_64-linux-gnu.so
#7 67.75 building '_codecs_kr' extension
#7 67.75 gcc -pthread -fPIC -Wno-unused-result -Wsign-compare -DNDEBUG -g -fwrapv -O3 -Wall -fno-semantic-interposition -std=c99 -Wextra -Wno-unused-result -Wno-unused-parameter -Wno-missing-field-initializers -Werror=implicit-function-declaration -fvisibility=hidden -fprofile-generate -I./Include/internal -I./Include -I. -I/usr/include/x86_64-linux-gnu -I/usr/local/include -I/Python-3.10.9/Include -I/Python-3.10.9 -c /Python-3.10.9/Modules/cjkcodecs/_codecs_kr.c -o build/temp.linux-x86_64-3.10/Python-3.10.9/Modules/cjkcodecs/_codecs_kr.o
#7 67.76 building '_codecs_jp' extension
#7 67.76 gcc -pthread -fPIC -Wno-unused-result -Wsign-compare -DNDEBUG -g -fwrapv -O3 -Wall -fno-semantic-interposition -std=c99 -Wextra -Wno-unused-result -Wno-unused-parameter -Wno-missing-field-initializers -Werror=implicit-function-declaration -fvisibility=hidden -fprofile-generate -I./Include/internal -I./Include -I. -I/usr/include/x86_64-linux-gnu -I/usr/local/include -I/Python-3.10.9/Include -I/Python-3.10.9 -c /Python-3.10.9/Modules/cjkcodecs/_codecs_jp.c -o build/temp.linux-x86_64-3.10/Python-3.10.9/Modules/cjkcodecs/_codecs_jp.o
#7 67.77 building '_codecs_cn' extension
#7 67.77 gcc -pthread -fPIC -Wno-unused-result -Wsign-compare -DNDEBUG -g -fwrapv -O3 -Wall -fno-semantic-interposition -std=c99 -Wextra -Wno-unused-result -Wno-unused-parameter -Wno-missing-field-initializers -Werror=implicit-function-declaration -fvisibility=hidden -fprofile-generate -I./Include/internal -I./Include -I. -I/usr/include/x86_64-linux-gnu -I/usr/local/include -I/Python-3.10.9/Include -I/Python-3.10.9 -c /Python-3.10.9/Modules/cjkcodecs/_codecs_cn.c -o build/temp.linux-x86_64-3.10/Python-3.10.9/Modules/cjkcodecs/_codecs_cn.o
#7 67.78 building '_codecs_tw' extension
#7 67.78 gcc -pthread -fPIC -Wno-unused-result -Wsign-compare -DNDEBUG -g -fwrapv -O3 -Wall -fno-semantic-interposition -std=c99 -Wextra -Wno-unused-result -Wno-unused-parameter -Wno-missing-field-initializers -Werror=implicit-function-declaration -fvisibility=hidden -fprofile-generate -I./Include/internal -I./Include -I. -I/usr/include/x86_64-linux-gnu -I/usr/local/include -I/Python-3.10.9/Include -I/Python-3.10.9 -c /Python-3.10.9/Modules/cjkcodecs/_codecs_tw.c -o build/temp.linux-x86_64-3.10/Python-3.10.9/Modules/cjkcodecs/_codecs_tw.o
#7 67.83 gcc -pthread -shared -fno-semantic-interposition -fprofile-generate build/temp.linux-x86_64-3.10/Python-3.10.9/Modules/_hashopenssl.o -L/usr/lib -L/usr/lib/x86_64-linux-gnu -L/usr/local/lib -lssl -lcrypto -o build/lib.linux-x86_64-3.10/_hashlib.cpython-310-x86_64-linux-gnu.so
#7 67.87 gcc -pthread -fPIC -Wno-unused-result -Wsign-compare -DNDEBUG -g -fwrapv -O3 -Wall -fno-semantic-interposition -std=c99 -Wextra -Wno-unused-result -Wno-unused-parameter -Wno-missing-field-initializers -Werror=implicit-function-declaration -fvisibility=hidden -fprofile-generate -I./Include/internal -I./Include -I. -I/usr/include/x86_64-linux-gnu -I/usr/local/include -I/Python-3.10.9/Include -I/Python-3.10.9 -c /Python-3.10.9/Modules/_blake2/blake2module.c -o build/temp.linux-x86_64-3.10/Python-3.10.9/Modules/_blake2/blake2module.o
#7 67.94 building '_codecs_hk' extension
#7 67.94 gcc -pthread -fPIC -Wno-unused-result -Wsign-compare -DNDEBUG -g -fwrapv -O3 -Wall -fno-semantic-interposition -std=c99 -Wextra -Wno-unused-result -Wno-unused-parameter -Wno-missing-field-initializers -Werror=implicit-function-declaration -fvisibility=hidden -fprofile-generate -I./Include/internal -I./Include -I. -I/usr/include/x86_64-linux-gnu -I/usr/local/include -I/Python-3.10.9/Include -I/Python-3.10.9 -c /Python-3.10.9/Modules/cjkcodecs/_codecs_hk.c -o build/temp.linux-x86_64-3.10/Python-3.10.9/Modules/cjkcodecs/_codecs_hk.o
#7 67.97 gcc -pthread -shared -fno-semantic-interposition -fprofile-generate build/temp.linux-x86_64-3.10/Python-3.10.9/Modules/ossaudiodev.o -L/usr/lib/x86_64-linux-gnu -L/usr/local/lib -o build/lib.linux-x86_64-3.10/ossaudiodev.cpython-310-x86_64-linux-gnu.so
#7 68.00 building '_codecs_iso2022' extension
#7 68.00 gcc -pthread -fPIC -Wno-unused-result -Wsign-compare -DNDEBUG -g -fwrapv -O3 -Wall -fno-semantic-interposition -std=c99 -Wextra -Wno-unused-result -Wno-unused-parameter -Wno-missing-field-initializers -Werror=implicit-function-declaration -fvisibility=hidden -fprofile-generate -I./Include/internal -I./Include -I. -I/usr/include/x86_64-linux-gnu -I/usr/local/include -I/Python-3.10.9/Include -I/Python-3.10.9 -c /Python-3.10.9/Modules/cjkcodecs/_codecs_iso2022.c -o build/temp.linux-x86_64-3.10/Python-3.10.9/Modules/cjkcodecs/_codecs_iso2022.o
#7 68.00 gcc -pthread -shared -fno-semantic-interposition -fprofile-generate build/temp.linux-x86_64-3.10/Python-3.10.9/Modules/_bz2module.o -L/usr/lib/x86_64-linux-gnu -L/usr/local/lib -lbz2 -o build/lib.linux-x86_64-3.10/_bz2.cpython-310-x86_64-linux-gnu.so
#7 68.03 gcc -pthread -fPIC -Wno-unused-result -Wsign-compare -DNDEBUG -g -fwrapv -O3 -Wall -fno-semantic-interposition -std=c99 -Wextra -Wno-unused-result -Wno-unused-parameter -Wno-missing-field-initializers -Werror=implicit-function-declaration -fvisibility=hidden -fprofile-generate -I./Include/internal -I./Include -I. -I/usr/include/x86_64-linux-gnu -I/usr/local/include -I/Python-3.10.9/Include -I/Python-3.10.9 -c /Python-3.10.9/Modules/_blake2/blake2s_impl.c -o build/temp.linux-x86_64-3.10/Python-3.10.9/Modules/_blake2/blake2s_impl.o
#7 68.04 building '_decimal' extension
#7 68.04 creating build/temp.linux-x86_64-3.10/Python-3.10.9/Modules/_decimal
#7 68.04 creating build/temp.linux-x86_64-3.10/Python-3.10.9/Modules/_decimal/libmpdec
#7 68.04 gcc -pthread -fPIC -Wno-unused-result -Wsign-compare -DNDEBUG -g -fwrapv -O3 -Wall -fno-semantic-interposition -std=c99 -Wextra -Wno-unused-result -Wno-unused-parameter -Wno-missing-field-initializers -Werror=implicit-function-declaration -fvisibility=hidden -fprofile-generate -I./Include/internal -DCONFIG_64=1 -DASM=1 -I/Python-3.10.9/Modules/_decimal/libmpdec -I./Include -I. -I/usr/include/x86_64-linux-gnu -I/usr/local/include -I/Python-3.10.9/Include -I/Python-3.10.9 -c /Python-3.10.9/Modules/_decimal/_decimal.c -o build/temp.linux-x86_64-3.10/Python-3.10.9/Modules/_decimal/_decimal.o
#7 68.07 gcc -pthread -shared -fno-semantic-interposition -fprofile-generate build/temp.linux-x86_64-3.10/Python-3.10.9/Modules/cjkcodecs/_codecs_tw.o -L/usr/lib/x86_64-linux-gnu -L/usr/local/lib -o build/lib.linux-x86_64-3.10/_codecs_tw.cpython-310-x86_64-linux-gnu.so
#7 68.10 building '_ctypes_test' extension
#7 68.10 creating build/temp.linux-x86_64-3.10/Python-3.10.9/Modules/_ctypes
#7 68.10 gcc -pthread -fPIC -Wno-unused-result -Wsign-compare -DNDEBUG -g -fwrapv -O3 -Wall -fno-semantic-interposition -std=c99 -Wextra -Wno-unused-result -Wno-unused-parameter -Wno-missing-field-initializers -Werror=implicit-function-declaration -fvisibility=hidden -fprofile-generate -I./Include/internal -I./Include -I. -I/usr/include/x86_64-linux-gnu -I/usr/local/include -I/Python-3.10.9/Include -I/Python-3.10.9 -c /Python-3.10.9/Modules/_ctypes/_ctypes_test.c -o build/temp.linux-x86_64-3.10/Python-3.10.9/Modules/_ctypes/_ctypes_test.o
#7 68.11 gcc -pthread -shared -fno-semantic-interposition -fprofile-generate build/temp.linux-x86_64-3.10/Python-3.10.9/Modules/unicodedata.o -L/usr/lib/x86_64-linux-gnu -L/usr/local/lib -o build/lib.linux-x86_64-3.10/unicodedata.cpython-310-x86_64-linux-gnu.so
#7 68.14 building '_multiprocessing' extension
#7 68.14 creating build/temp.linux-x86_64-3.10/Python-3.10.9/Modules/_multiprocessing
#7 68.14 gcc -pthread -fPIC -Wno-unused-result -Wsign-compare -DNDEBUG -g -fwrapv -O3 -Wall -fno-semantic-interposition -std=c99 -Wextra -Wno-unused-result -Wno-unused-parameter -Wno-missing-field-initializers -Werror=implicit-function-declaration -fvisibility=hidden -fprofile-generate -I./Include/internal -IModules/_multiprocessing -I./Include -I. -I/usr/include/x86_64-linux-gnu -I/usr/local/include -I/Python-3.10.9/Include -I/Python-3.10.9 -c /Python-3.10.9/Modules/_multiprocessing/multiprocessing.c -o build/temp.linux-x86_64-3.10/Python-3.10.9/Modules/_multiprocessing/multiprocessing.o
#7 68.16 gcc -pthread -shared -fno-semantic-interposition -fprofile-generate build/temp.linux-x86_64-3.10/Python-3.10.9/Modules/cmathmodule.o Modules/_math.o -L/usr/lib/x86_64-linux-gnu -L/usr/local/lib -lm -o build/lib.linux-x86_64-3.10/cmath.cpython-310-x86_64-linux-gnu.so
#7 68.17 gcc -pthread -shared -fno-semantic-interposition -fprofile-generate build/temp.linux-x86_64-3.10/Python-3.10.9/Modules/cjkcodecs/_codecs_kr.o -L/usr/lib/x86_64-linux-gnu -L/usr/local/lib -o build/lib.linux-x86_64-3.10/_codecs_kr.cpython-310-x86_64-linux-gnu.so
#7 68.20 building '_posixshmem' extension
#7 68.20 gcc -pthread -fPIC -Wno-unused-result -Wsign-compare -DNDEBUG -g -fwrapv -O3 -Wall -fno-semantic-interposition -std=c99 -Wextra -Wno-unused-result -Wno-unused-parameter -Wno-missing-field-initializers -Werror=implicit-function-declaration -fvisibility=hidden -fprofile-generate -I./Include/internal -IModules/_multiprocessing -I./Include -I. -I/usr/include/x86_64-linux-gnu -I/usr/local/include -I/Python-3.10.9/Include -I/Python-3.10.9 -c /Python-3.10.9/Modules/_multiprocessing/posixshmem.c -o build/temp.linux-x86_64-3.10/Python-3.10.9/Modules/_multiprocessing/posixshmem.o
#7 68.21 building 'xxlimited' extension
#7 68.21 gcc -pthread -fPIC -Wno-unused-result -Wsign-compare -DNDEBUG -g -fwrapv -O3 -Wall -fno-semantic-interposition -std=c99 -Wextra -Wno-unused-result -Wno-unused-parameter -Wno-missing-field-initializers -Werror=implicit-function-declaration -fvisibility=hidden -fprofile-generate -I./Include/internal -I./Include -I. -I/usr/include/x86_64-linux-gnu -I/usr/local/include -I/Python-3.10.9/Include -I/Python-3.10.9 -c /Python-3.10.9/Modules/xxlimited.c -o build/temp.linux-x86_64-3.10/Python-3.10.9/Modules/xxlimited.o
#7 68.21 gcc -pthread -shared -fno-semantic-interposition -fprofile-generate build/temp.linux-x86_64-3.10/Python-3.10.9/Modules/binascii.o -L/usr/lib/x86_64-linux-gnu -L/usr/local/lib -lz -o build/lib.linux-x86_64-3.10/binascii.cpython-310-x86_64-linux-gnu.so
#7 68.24 gcc -pthread -shared -fno-semantic-interposition -fprofile-generate build/temp.linux-x86_64-3.10/Python-3.10.9/Modules/_lzmamodule.o -L/usr/lib/x86_64-linux-gnu -L/usr/local/lib -llzma -o build/lib.linux-x86_64-3.10/_lzma.cpython-310-x86_64-linux-gnu.so
#7 68.26 building 'xxlimited_35' extension
#7 68.26 gcc -pthread -fPIC -Wno-unused-result -Wsign-compare -DNDEBUG -g -fwrapv -O3 -Wall -fno-semantic-interposition -std=c99 -Wextra -Wno-unused-result -Wno-unused-parameter -Wno-missing-field-initializers -Werror=implicit-function-declaration -fvisibility=hidden -fprofile-generate -I./Include/internal -I./Include -I. -I/usr/include/x86_64-linux-gnu -I/usr/local/include -I/Python-3.10.9/Include -I/Python-3.10.9 -c /Python-3.10.9/Modules/xxlimited_35.c -o build/temp.linux-x86_64-3.10/Python-3.10.9/Modules/xxlimited_35.o
#7 68.26 gcc -pthread -shared -fno-semantic-interposition -fprofile-generate build/temp.linux-x86_64-3.10/Python-3.10.9/Modules/cjkcodecs/_codecs_cn.o -L/usr/lib/x86_64-linux-gnu -L/usr/local/lib -o build/lib.linux-x86_64-3.10/_codecs_cn.cpython-310-x86_64-linux-gnu.so
#7 68.28 building '_ctypes' extension
#7 68.28 gcc -pthread -fPIC -Wno-unused-result -Wsign-compare -DNDEBUG -g -fwrapv -O3 -Wall -fno-semantic-interposition -std=c99 -Wextra -Wno-unused-result -Wno-unused-parameter -Wno-missing-field-initializers -Werror=implicit-function-declaration -fvisibility=hidden -fprofile-generate -I./Include/internal -I/usr/include/x86_64-linux-gnu -I./Include -I. -I/usr/include/x86_64-linux-gnu -I/usr/local/include -I/Python-3.10.9/Include -I/Python-3.10.9 -c /Python-3.10.9/Modules/_ctypes/_ctypes.c -o build/temp.linux-x86_64-3.10/Python-3.10.9/Modules/_ctypes/_ctypes.o -DPy_BUILD_CORE_MODULE -DHAVE_FFI_PREP_CIF_VAR=1 -DHAVE_FFI_PREP_CLOSURE_LOC=1 -DHAVE_FFI_CLOSURE_ALLOC=1
#7 68.30 gcc -pthread -fPIC -Wno-unused-result -Wsign-compare -DNDEBUG -g -fwrapv -O3 -Wall -fno-semantic-interposition -std=c99 -Wextra -Wno-unused-result -Wno-unused-parameter -Wno-missing-field-initializers -Werror=implicit-function-declaration -fvisibility=hidden -fprofile-generate -I./Include/internal -IModules/_multiprocessing -I./Include -I. -I/usr/include/x86_64-linux-gnu -I/usr/local/include -I/Python-3.10.9/Include -I/Python-3.10.9 -c /Python-3.10.9/Modules/_multiprocessing/semaphore.c -o build/temp.linux-x86_64-3.10/Python-3.10.9/Modules/_multiprocessing/semaphore.o
#7 68.34 gcc -pthread -fPIC -Wno-unused-result -Wsign-compare -DNDEBUG -g -fwrapv -O3 -Wall -fno-semantic-interposition -std=c99 -Wextra -Wno-unused-result -Wno-unused-parameter -Wno-missing-field-initializers -Werror=implicit-function-declaration -fvisibility=hidden -fprofile-generate -I./Include/internal -DSQLITE_OMIT_LOAD_EXTENSION=1 -IModules/_sqlite -I/usr/include -I./Include -I. -I/usr/include/x86_64-linux-gnu -I/usr/local/include -I/Python-3.10.9/Include -I/Python-3.10.9 -c /Python-3.10.9/Modules/_sqlite/cursor.c -o build/temp.linux-x86_64-3.10/Python-3.10.9/Modules/_sqlite/cursor.o
#7 68.36 gcc -pthread -shared -fno-semantic-interposition -fprofile-generate build/temp.linux-x86_64-3.10/Python-3.10.9/Modules/_multiprocessing/posixshmem.o -L/usr/lib/x86_64-linux-gnu -L/usr/local/lib -lrt -o build/lib.linux-x86_64-3.10/_posixshmem.cpython-310-x86_64-linux-gnu.so
#7 68.38 gcc -pthread -shared -fno-semantic-interposition -fprofile-generate build/temp.linux-x86_64-3.10/Python-3.10.9/Modules/cjkcodecs/_codecs_hk.o -L/usr/lib/x86_64-linux-gnu -L/usr/local/lib -o build/lib.linux-x86_64-3.10/_codecs_hk.cpython-310-x86_64-linux-gnu.so
#7 68.39 gcc -pthread -shared -fno-semantic-interposition -fprofile-generate build/temp.linux-x86_64-3.10/Python-3.10.9/Modules/xxlimited.o -L/usr/lib/x86_64-linux-gnu -L/usr/local/lib -o build/lib.linux-x86_64-3.10/xxlimited.cpython-310-x86_64-linux-gnu.so
#7 68.39 gcc -pthread -shared -fno-semantic-interposition -fprofile-generate build/temp.linux-x86_64-3.10/Python-3.10.9/Modules/zlibmodule.o -L/usr/lib/x86_64-linux-gnu -L/usr/local/lib -lz -o build/lib.linux-x86_64-3.10/zlib.cpython-310-x86_64-linux-gnu.so
#7 68.41 gcc -pthread -shared -fno-semantic-interposition -fprofile-generate build/temp.linux-x86_64-3.10/Python-3.10.9/Modules/xxlimited_35.o -L/usr/lib/x86_64-linux-gnu -L/usr/local/lib -o build/lib.linux-x86_64-3.10/xxlimited_35.cpython-310-x86_64-linux-gnu.so
#7 68.47 gcc -pthread -shared -fno-semantic-interposition -fprofile-generate build/temp.linux-x86_64-3.10/Python-3.10.9/Modules/socketmodule.o -L/usr/lib/x86_64-linux-gnu -L/usr/local/lib -o build/lib.linux-x86_64-3.10/_socket.cpython-310-x86_64-linux-gnu.so
#7 68.51 gcc -pthread -shared -fno-semantic-interposition -fprofile-generate build/temp.linux-x86_64-3.10/Python-3.10.9/Modules/cjkcodecs/_codecs_jp.o -L/usr/lib/x86_64-linux-gnu -L/usr/local/lib -o build/lib.linux-x86_64-3.10/_codecs_jp.cpython-310-x86_64-linux-gnu.so
#7 68.52 gcc -pthread -shared -fno-semantic-interposition -fprofile-generate build/temp.linux-x86_64-3.10/Python-3.10.9/Modules/cjkcodecs/multibytecodec.o -L/usr/lib/x86_64-linux-gnu -L/usr/local/lib -o build/lib.linux-x86_64-3.10/_multibytecodec.cpython-310-x86_64-linux-gnu.so
#7 68.53 gcc -pthread -shared -fno-semantic-interposition -fprofile-generate build/temp.linux-x86_64-3.10/Python-3.10.9/Modules/_blake2/blake2b_impl.o build/temp.linux-x86_64-3.10/Python-3.10.9/Modules/_blake2/blake2module.o build/temp.linux-x86_64-3.10/Python-3.10.9/Modules/_blake2/blake2s_impl.o -L/usr/lib/x86_64-linux-gnu -L/usr/local/lib -o build/lib.linux-x86_64-3.10/_blake2.cpython-310-x86_64-linux-gnu.so
#7 68.54 gcc -pthread -shared -fno-semantic-interposition -fprofile-generate build/temp.linux-x86_64-3.10/Python-3.10.9/Modules/_multiprocessing/multiprocessing.o build/temp.linux-x86_64-3.10/Python-3.10.9/Modules/_multiprocessing/semaphore.o -L/usr/lib/x86_64-linux-gnu -L/usr/local/lib -o build/lib.linux-x86_64-3.10/_multiprocessing.cpython-310-x86_64-linux-gnu.so
#7 68.55 gcc -pthread -shared -fno-semantic-interposition -fprofile-generate build/temp.linux-x86_64-3.10/Python-3.10.9/Modules/_ctypes/_ctypes_test.o -L/usr/lib/x86_64-linux-gnu -L/usr/local/lib -lm -o build/lib.linux-x86_64-3.10/_ctypes_test.cpython-310-x86_64-linux-gnu.so
#7 68.56 gcc -pthread -shared -fno-semantic-interposition -fprofile-generate build/temp.linux-x86_64-3.10/Python-3.10.9/Modules/cjkcodecs/_codecs_iso2022.o -L/usr/lib/x86_64-linux-gnu -L/usr/local/lib -o build/lib.linux-x86_64-3.10/_codecs_iso2022.cpython-310-x86_64-linux-gnu.so
#7 68.62 gcc -pthread -shared -fno-semantic-interposition -fprofile-generate build/temp.linux-x86_64-3.10/Python-3.10.9/Modules/_datetimemodule.o -L/usr/lib/x86_64-linux-gnu -L/usr/local/lib -lm -o build/lib.linux-x86_64-3.10/_datetime.cpython-310-x86_64-linux-gnu.so
#7 68.76 gcc -pthread -fPIC -Wno-unused-result -Wsign-compare -DNDEBUG -g -fwrapv -O3 -Wall -fno-semantic-interposition -std=c99 -Wextra -Wno-unused-result -Wno-unused-parameter -Wno-missing-field-initializers -Werror=implicit-function-declaration -fvisibility=hidden -fprofile-generate -I./Include/internal -DSQLITE_OMIT_LOAD_EXTENSION=1 -IModules/_sqlite -I/usr/include -I./Include -I. -I/usr/include/x86_64-linux-gnu -I/usr/local/include -I/Python-3.10.9/Include -I/Python-3.10.9 -c /Python-3.10.9/Modules/_sqlite/microprotocols.c -o build/temp.linux-x86_64-3.10/Python-3.10.9/Modules/_sqlite/microprotocols.o
#7 68.85 gcc -pthread -fPIC -Wno-unused-result -Wsign-compare -DNDEBUG -g -fwrapv -O3 -Wall -fno-semantic-interposition -std=c99 -Wextra -Wno-unused-result -Wno-unused-parameter -Wno-missing-field-initializers -Werror=implicit-function-declaration -fvisibility=hidden -fprofile-generate -I./Include/internal -DSQLITE_OMIT_LOAD_EXTENSION=1 -IModules/_sqlite -I/usr/include -I./Include -I. -I/usr/include/x86_64-linux-gnu -I/usr/local/include -I/Python-3.10.9/Include -I/Python-3.10.9 -c /Python-3.10.9/Modules/_sqlite/module.c -o build/temp.linux-x86_64-3.10/Python-3.10.9/Modules/_sqlite/module.o
#7 68.95 gcc -pthread -shared -fno-semantic-interposition -fprofile-generate build/temp.linux-x86_64-3.10/Python-3.10.9/Modules/_cursesmodule.o -L/usr/lib/x86_64-linux-gnu -L/usr/local/lib -lncursesw -o build/lib.linux-x86_64-3.10/_curses.cpython-310-x86_64-linux-gnu.so
#7 68.98 gcc -pthread -shared -fno-semantic-interposition -fprofile-generate build/temp.linux-x86_64-3.10/Python-3.10.9/Modules/_ssl.o -L/usr/lib -L/usr/lib/x86_64-linux-gnu -L/usr/local/lib -lssl -lcrypto -o build/lib.linux-x86_64-3.10/_ssl.cpython-310-x86_64-linux-gnu.so
#7 69.01 gcc -pthread -shared -fno-semantic-interposition -fprofile-generate build/temp.linux-x86_64-3.10/Python-3.10.9/Modules/_pickle.o -L/usr/lib/x86_64-linux-gnu -L/usr/local/lib -o build/lib.linux-x86_64-3.10/_pickle.cpython-310-x86_64-linux-gnu.so
#7 69.02 gcc -pthread -fPIC -Wno-unused-result -Wsign-compare -DNDEBUG -g -fwrapv -O3 -Wall -fno-semantic-interposition -std=c99 -Wextra -Wno-unused-result -Wno-unused-parameter -Wno-missing-field-initializers -Werror=implicit-function-declaration -fvisibility=hidden -fprofile-generate -I./Include/internal -DSQLITE_OMIT_LOAD_EXTENSION=1 -IModules/_sqlite -I/usr/include -I./Include -I. -I/usr/include/x86_64-linux-gnu -I/usr/local/include -I/Python-3.10.9/Include -I/Python-3.10.9 -c /Python-3.10.9/Modules/_sqlite/prepare_protocol.c -o build/temp.linux-x86_64-3.10/Python-3.10.9/Modules/_sqlite/prepare_protocol.o
#7 69.08 gcc -pthread -fPIC -Wno-unused-result -Wsign-compare -DNDEBUG -g -fwrapv -O3 -Wall -fno-semantic-interposition -std=c99 -Wextra -Wno-unused-result -Wno-unused-parameter -Wno-missing-field-initializers -Werror=implicit-function-declaration -fvisibility=hidden -fprofile-generate -I./Include/internal -DSQLITE_OMIT_LOAD_EXTENSION=1 -IModules/_sqlite -I/usr/include -I./Include -I. -I/usr/include/x86_64-linux-gnu -I/usr/local/include -I/Python-3.10.9/Include -I/Python-3.10.9 -c /Python-3.10.9/Modules/_sqlite/row.c -o build/temp.linux-x86_64-3.10/Python-3.10.9/Modules/_sqlite/row.o
#7 69.09 gcc -pthread -shared -fno-semantic-interposition -fprofile-generate build/temp.linux-x86_64-3.10/Python-3.10.9/Modules/_testcapimodule.o -L/usr/lib/x86_64-linux-gnu -L/usr/local/lib -o build/lib.linux-x86_64-3.10/_testcapi.cpython-310-x86_64-linux-gnu.so
#7 69.16 gcc -pthread -shared -fno-semantic-interposition -fprofile-generate build/temp.linux-x86_64-3.10/Python-3.10.9/Modules/_elementtree.o -L/usr/lib/x86_64-linux-gnu -L/usr/local/lib -lm -o build/lib.linux-x86_64-3.10/_elementtree.cpython-310-x86_64-linux-gnu.so
#7 69.21 gcc -pthread -fPIC -Wno-unused-result -Wsign-compare -DNDEBUG -g -fwrapv -O3 -Wall -fno-semantic-interposition -std=c99 -Wextra -Wno-unused-result -Wno-unused-parameter -Wno-missing-field-initializers -Werror=implicit-function-declaration -fvisibility=hidden -fprofile-generate -I./Include/internal -DSQLITE_OMIT_LOAD_EXTENSION=1 -IModules/_sqlite -I/usr/include -I./Include -I. -I/usr/include/x86_64-linux-gnu -I/usr/local/include -I/Python-3.10.9/Include -I/Python-3.10.9 -c /Python-3.10.9/Modules/_sqlite/statement.c -o build/temp.linux-x86_64-3.10/Python-3.10.9/Modules/_sqlite/statement.o
#7 69.35 gcc -pthread -fPIC -Wno-unused-result -Wsign-compare -DNDEBUG -g -fwrapv -O3 -Wall -fno-semantic-interposition -std=c99 -Wextra -Wno-unused-result -Wno-unused-parameter -Wno-missing-field-initializers -Werror=implicit-function-declaration -fvisibility=hidden -fprofile-generate -I./Include/internal -DSQLITE_OMIT_LOAD_EXTENSION=1 -IModules/_sqlite -I/usr/include -I./Include -I. -I/usr/include/x86_64-linux-gnu -I/usr/local/include -I/Python-3.10.9/Include -I/Python-3.10.9 -c /Python-3.10.9/Modules/_sqlite/util.c -o build/temp.linux-x86_64-3.10/Python-3.10.9/Modules/_sqlite/util.o
#7 69.40 gcc -pthread -fPIC -Wno-unused-result -Wsign-compare -DNDEBUG -g -fwrapv -O3 -Wall -fno-semantic-interposition -std=c99 -Wextra -Wno-unused-result -Wno-unused-parameter -Wno-missing-field-initializers -Werror=implicit-function-declaration -fvisibility=hidden -fprofile-generate -I./Include/internal -I/usr/include/x86_64-linux-gnu -I./Include -I. -I/usr/include/x86_64-linux-gnu -I/usr/local/include -I/Python-3.10.9/Include -I/Python-3.10.9 -c /Python-3.10.9/Modules/_ctypes/callbacks.c -o build/temp.linux-x86_64-3.10/Python-3.10.9/Modules/_ctypes/callbacks.o -DPy_BUILD_CORE_MODULE -DHAVE_FFI_PREP_CIF_VAR=1 -DHAVE_FFI_PREP_CLOSURE_LOC=1 -DHAVE_FFI_CLOSURE_ALLOC=1
#7 69.42 gcc -pthread -shared -fno-semantic-interposition -fprofile-generate build/temp.linux-x86_64-3.10/Python-3.10.9/Modules/_sqlite/cache.o build/temp.linux-x86_64-3.10/Python-3.10.9/Modules/_sqlite/connection.o build/temp.linux-x86_64-3.10/Python-3.10.9/Modules/_sqlite/cursor.o build/temp.linux-x86_64-3.10/Python-3.10.9/Modules/_sqlite/microprotocols.o build/temp.linux-x86_64-3.10/Python-3.10.9/Modules/_sqlite/module.o build/temp.linux-x86_64-3.10/Python-3.10.9/Modules/_sqlite/prepare_protocol.o build/temp.linux-x86_64-3.10/Python-3.10.9/Modules/_sqlite/row.o build/temp.linux-x86_64-3.10/Python-3.10.9/Modules/_sqlite/statement.o build/temp.linux-x86_64-3.10/Python-3.10.9/Modules/_sqlite/util.o -L/usr/lib/x86_64-linux-gnu -L/usr/local/lib -lsqlite3 -o build/lib.linux-x86_64-3.10/_sqlite3.cpython-310-x86_64-linux-gnu.so
#7 69.47 gcc -pthread -fPIC -Wno-unused-result -Wsign-compare -DNDEBUG -g -fwrapv -O3 -Wall -fno-semantic-interposition -std=c99 -Wextra -Wno-unused-result -Wno-unused-parameter -Wno-missing-field-initializers -Werror=implicit-function-declaration -fvisibility=hidden -fprofile-generate -I./Include/internal -DHAVE_EXPAT_CONFIG_H=1 -DXML_POOR_ENTROPY=1 -DUSE_PYEXPAT_CAPI -I/Python-3.10.9/Modules/expat -I./Include -I. -I/usr/include/x86_64-linux-gnu -I/usr/local/include -I/Python-3.10.9/Include -I/Python-3.10.9 -c /Python-3.10.9/Modules/expat/xmlrole.c -o build/temp.linux-x86_64-3.10/Python-3.10.9/Modules/expat/xmlrole.o -Wno-unreachable-code
#7 69.53 gcc -pthread -fPIC -Wno-unused-result -Wsign-compare -DNDEBUG -g -fwrapv -O3 -Wall -fno-semantic-interposition -std=c99 -Wextra -Wno-unused-result -Wno-unused-parameter -Wno-missing-field-initializers -Werror=implicit-function-declaration -fvisibility=hidden -fprofile-generate -I./Include/internal -I/usr/include/x86_64-linux-gnu -I./Include -I. -I/usr/include/x86_64-linux-gnu -I/usr/local/include -I/Python-3.10.9/Include -I/Python-3.10.9 -c /Python-3.10.9/Modules/_ctypes/callproc.c -o build/temp.linux-x86_64-3.10/Python-3.10.9/Modules/_ctypes/callproc.o -DPy_BUILD_CORE_MODULE -DHAVE_FFI_PREP_CIF_VAR=1 -DHAVE_FFI_PREP_CLOSURE_LOC=1 -DHAVE_FFI_CLOSURE_ALLOC=1
#7 69.70 gcc -pthread -fPIC -Wno-unused-result -Wsign-compare -DNDEBUG -g -fwrapv -O3 -Wall -fno-semantic-interposition -std=c99 -Wextra -Wno-unused-result -Wno-unused-parameter -Wno-missing-field-initializers -Werror=implicit-function-declaration -fvisibility=hidden -fprofile-generate -I./Include/internal -DHAVE_EXPAT_CONFIG_H=1 -DXML_POOR_ENTROPY=1 -DUSE_PYEXPAT_CAPI -I/Python-3.10.9/Modules/expat -I./Include -I. -I/usr/include/x86_64-linux-gnu -I/usr/local/include -I/Python-3.10.9/Include -I/Python-3.10.9 -c /Python-3.10.9/Modules/expat/xmltok.c -o build/temp.linux-x86_64-3.10/Python-3.10.9/Modules/expat/xmltok.o -Wno-unreachable-code
#7 69.73 gcc -pthread -shared -fno-semantic-interposition -fprofile-generate build/temp.linux-x86_64-3.10/Python-3.10.9/Modules/_sha3/sha3module.o -L/usr/lib/x86_64-linux-gnu -L/usr/local/lib -o build/lib.linux-x86_64-3.10/_sha3.cpython-310-x86_64-linux-gnu.so
#7 69.79 gcc -pthread -fPIC -Wno-unused-result -Wsign-compare -DNDEBUG -g -fwrapv -O3 -Wall -fno-semantic-interposition -std=c99 -Wextra -Wno-unused-result -Wno-unused-parameter -Wno-missing-field-initializers -Werror=implicit-function-declaration -fvisibility=hidden -fprofile-generate -I./Include/internal -I/usr/include/x86_64-linux-gnu -I./Include -I. -I/usr/include/x86_64-linux-gnu -I/usr/local/include -I/Python-3.10.9/Include -I/Python-3.10.9 -c /Python-3.10.9/Modules/_ctypes/cfield.c -o build/temp.linux-x86_64-3.10/Python-3.10.9/Modules/_ctypes/cfield.o -DPy_BUILD_CORE_MODULE -DHAVE_FFI_PREP_CIF_VAR=1 -DHAVE_FFI_PREP_CLOSURE_LOC=1 -DHAVE_FFI_CLOSURE_ALLOC=1
#7 70.15 gcc -pthread -fPIC -Wno-unused-result -Wsign-compare -DNDEBUG -g -fwrapv -O3 -Wall -fno-semantic-interposition -std=c99 -Wextra -Wno-unused-result -Wno-unused-parameter -Wno-missing-field-initializers -Werror=implicit-function-declaration -fvisibility=hidden -fprofile-generate -I./Include/internal -I/usr/include/x86_64-linux-gnu -I./Include -I. -I/usr/include/x86_64-linux-gnu -I/usr/local/include -I/Python-3.10.9/Include -I/Python-3.10.9 -c /Python-3.10.9/Modules/_ctypes/stgdict.c -o build/temp.linux-x86_64-3.10/Python-3.10.9/Modules/_ctypes/stgdict.o -DPy_BUILD_CORE_MODULE -DHAVE_FFI_PREP_CIF_VAR=1 -DHAVE_FFI_PREP_CLOSURE_LOC=1 -DHAVE_FFI_CLOSURE_ALLOC=1
#7 70.36 gcc -pthread -shared -fno-semantic-interposition -fprofile-generate build/temp.linux-x86_64-3.10/Python-3.10.9/Modules/_ctypes/_ctypes.o build/temp.linux-x86_64-3.10/Python-3.10.9/Modules/_ctypes/callbacks.o build/temp.linux-x86_64-3.10/Python-3.10.9/Modules/_ctypes/callproc.o build/temp.linux-x86_64-3.10/Python-3.10.9/Modules/_ctypes/cfield.o build/temp.linux-x86_64-3.10/Python-3.10.9/Modules/_ctypes/stgdict.o -L/usr/lib/x86_64-linux-gnu -L/usr/local/lib -lffi -ldl -o build/lib.linux-x86_64-3.10/_ctypes.cpython-310-x86_64-linux-gnu.so
#7 70.42 gcc -pthread -fPIC -Wno-unused-result -Wsign-compare -DNDEBUG -g -fwrapv -O3 -Wall -fno-semantic-interposition -std=c99 -Wextra -Wno-unused-result -Wno-unused-parameter -Wno-missing-field-initializers -Werror=implicit-function-declaration -fvisibility=hidden -fprofile-generate -I./Include/internal -DCONFIG_64=1 -DASM=1 -I/Python-3.10.9/Modules/_decimal/libmpdec -I./Include -I. -I/usr/include/x86_64-linux-gnu -I/usr/local/include -I/Python-3.10.9/Include -I/Python-3.10.9 -c /Python-3.10.9/Modules/_decimal/libmpdec/basearith.c -o build/temp.linux-x86_64-3.10/Python-3.10.9/Modules/_decimal/libmpdec/basearith.o
#7 70.61 gcc -pthread -fPIC -Wno-unused-result -Wsign-compare -DNDEBUG -g -fwrapv -O3 -Wall -fno-semantic-interposition -std=c99 -Wextra -Wno-unused-result -Wno-unused-parameter -Wno-missing-field-initializers -Werror=implicit-function-declaration -fvisibility=hidden -fprofile-generate -I./Include/internal -DCONFIG_64=1 -DASM=1 -I/Python-3.10.9/Modules/_decimal/libmpdec -I./Include -I. -I/usr/include/x86_64-linux-gnu -I/usr/local/include -I/Python-3.10.9/Include -I/Python-3.10.9 -c /Python-3.10.9/Modules/_decimal/libmpdec/constants.c -o build/temp.linux-x86_64-3.10/Python-3.10.9/Modules/_decimal/libmpdec/constants.o
#7 70.62 gcc -pthread -fPIC -Wno-unused-result -Wsign-compare -DNDEBUG -g -fwrapv -O3 -Wall -fno-semantic-interposition -std=c99 -Wextra -Wno-unused-result -Wno-unused-parameter -Wno-missing-field-initializers -Werror=implicit-function-declaration -fvisibility=hidden -fprofile-generate -I./Include/internal -DCONFIG_64=1 -DASM=1 -I/Python-3.10.9/Modules/_decimal/libmpdec -I./Include -I. -I/usr/include/x86_64-linux-gnu -I/usr/local/include -I/Python-3.10.9/Include -I/Python-3.10.9 -c /Python-3.10.9/Modules/_decimal/libmpdec/context.c -o build/temp.linux-x86_64-3.10/Python-3.10.9/Modules/_decimal/libmpdec/context.o
#7 70.70 gcc -pthread -fPIC -Wno-unused-result -Wsign-compare -DNDEBUG -g -fwrapv -O3 -Wall -fno-semantic-interposition -std=c99 -Wextra -Wno-unused-result -Wno-unused-parameter -Wno-missing-field-initializers -Werror=implicit-function-declaration -fvisibility=hidden -fprofile-generate -I./Include/internal -DCONFIG_64=1 -DASM=1 -I/Python-3.10.9/Modules/_decimal/libmpdec -I./Include -I. -I/usr/include/x86_64-linux-gnu -I/usr/local/include -I/Python-3.10.9/Include -I/Python-3.10.9 -c /Python-3.10.9/Modules/_decimal/libmpdec/convolute.c -o build/temp.linux-x86_64-3.10/Python-3.10.9/Modules/_decimal/libmpdec/convolute.o
#7 70.77 gcc -pthread -fPIC -Wno-unused-result -Wsign-compare -DNDEBUG -g -fwrapv -O3 -Wall -fno-semantic-interposition -std=c99 -Wextra -Wno-unused-result -Wno-unused-parameter -Wno-missing-field-initializers -Werror=implicit-function-declaration -fvisibility=hidden -fprofile-generate -I./Include/internal -DCONFIG_64=1 -DASM=1 -I/Python-3.10.9/Modules/_decimal/libmpdec -I./Include -I. -I/usr/include/x86_64-linux-gnu -I/usr/local/include -I/Python-3.10.9/Include -I/Python-3.10.9 -c /Python-3.10.9/Modules/_decimal/libmpdec/crt.c -o build/temp.linux-x86_64-3.10/Python-3.10.9/Modules/_decimal/libmpdec/crt.o
#7 70.83 gcc -pthread -fPIC -Wno-unused-result -Wsign-compare -DNDEBUG -g -fwrapv -O3 -Wall -fno-semantic-interposition -std=c99 -Wextra -Wno-unused-result -Wno-unused-parameter -Wno-missing-field-initializers -Werror=implicit-function-declaration -fvisibility=hidden -fprofile-generate -I./Include/internal -DCONFIG_64=1 -DASM=1 -I/Python-3.10.9/Modules/_decimal/libmpdec -I./Include -I. -I/usr/include/x86_64-linux-gnu -I/usr/local/include -I/Python-3.10.9/Include -I/Python-3.10.9 -c /Python-3.10.9/Modules/_decimal/libmpdec/difradix2.c -o build/temp.linux-x86_64-3.10/Python-3.10.9/Modules/_decimal/libmpdec/difradix2.o
#7 70.90 gcc -pthread -fPIC -Wno-unused-result -Wsign-compare -DNDEBUG -g -fwrapv -O3 -Wall -fno-semantic-interposition -std=c99 -Wextra -Wno-unused-result -Wno-unused-parameter -Wno-missing-field-initializers -Werror=implicit-function-declaration -fvisibility=hidden -fprofile-generate -I./Include/internal -DCONFIG_64=1 -DASM=1 -I/Python-3.10.9/Modules/_decimal/libmpdec -I./Include -I. -I/usr/include/x86_64-linux-gnu -I/usr/local/include -I/Python-3.10.9/Include -I/Python-3.10.9 -c /Python-3.10.9/Modules/_decimal/libmpdec/fnt.c -o build/temp.linux-x86_64-3.10/Python-3.10.9/Modules/_decimal/libmpdec/fnt.o
#7 70.92 gcc -pthread -fPIC -Wno-unused-result -Wsign-compare -DNDEBUG -g -fwrapv -O3 -Wall -fno-semantic-interposition -std=c99 -Wextra -Wno-unused-result -Wno-unused-parameter -Wno-missing-field-initializers -Werror=implicit-function-declaration -fvisibility=hidden -fprofile-generate -I./Include/internal -DCONFIG_64=1 -DASM=1 -I/Python-3.10.9/Modules/_decimal/libmpdec -I./Include -I. -I/usr/include/x86_64-linux-gnu -I/usr/local/include -I/Python-3.10.9/Include -I/Python-3.10.9 -c /Python-3.10.9/Modules/_decimal/libmpdec/fourstep.c -o build/temp.linux-x86_64-3.10/Python-3.10.9/Modules/_decimal/libmpdec/fourstep.o
#7 71.01 gcc -pthread -fPIC -Wno-unused-result -Wsign-compare -DNDEBUG -g -fwrapv -O3 -Wall -fno-semantic-interposition -std=c99 -Wextra -Wno-unused-result -Wno-unused-parameter -Wno-missing-field-initializers -Werror=implicit-function-declaration -fvisibility=hidden -fprofile-generate -I./Include/internal -DCONFIG_64=1 -DASM=1 -I/Python-3.10.9/Modules/_decimal/libmpdec -I./Include -I. -I/usr/include/x86_64-linux-gnu -I/usr/local/include -I/Python-3.10.9/Include -I/Python-3.10.9 -c /Python-3.10.9/Modules/_decimal/libmpdec/io.c -o build/temp.linux-x86_64-3.10/Python-3.10.9/Modules/_decimal/libmpdec/io.o
#7 71.31 gcc -pthread -fPIC -Wno-unused-result -Wsign-compare -DNDEBUG -g -fwrapv -O3 -Wall -fno-semantic-interposition -std=c99 -Wextra -Wno-unused-result -Wno-unused-parameter -Wno-missing-field-initializers -Werror=implicit-function-declaration -fvisibility=hidden -fprofile-generate -I./Include/internal -DCONFIG_64=1 -DASM=1 -I/Python-3.10.9/Modules/_decimal/libmpdec -I./Include -I. -I/usr/include/x86_64-linux-gnu -I/usr/local/include -I/Python-3.10.9/Include -I/Python-3.10.9 -c /Python-3.10.9/Modules/_decimal/libmpdec/mpalloc.c -o build/temp.linux-x86_64-3.10/Python-3.10.9/Modules/_decimal/libmpdec/mpalloc.o
#7 71.33 gcc -pthread -fPIC -Wno-unused-result -Wsign-compare -DNDEBUG -g -fwrapv -O3 -Wall -fno-semantic-interposition -std=c99 -Wextra -Wno-unused-result -Wno-unused-parameter -Wno-missing-field-initializers -Werror=implicit-function-declaration -fvisibility=hidden -fprofile-generate -I./Include/internal -DHAVE_EXPAT_CONFIG_H=1 -DXML_POOR_ENTROPY=1 -DUSE_PYEXPAT_CAPI -I/Python-3.10.9/Modules/expat -I./Include -I. -I/usr/include/x86_64-linux-gnu -I/usr/local/include -I/Python-3.10.9/Include -I/Python-3.10.9 -c /Python-3.10.9/Modules/pyexpat.c -o build/temp.linux-x86_64-3.10/Python-3.10.9/Modules/pyexpat.o -Wno-unreachable-code
#7 71.38 gcc -pthread -fPIC -Wno-unused-result -Wsign-compare -DNDEBUG -g -fwrapv -O3 -Wall -fno-semantic-interposition -std=c99 -Wextra -Wno-unused-result -Wno-unused-parameter -Wno-missing-field-initializers -Werror=implicit-function-declaration -fvisibility=hidden -fprofile-generate -I./Include/internal -DCONFIG_64=1 -DASM=1 -I/Python-3.10.9/Modules/_decimal/libmpdec -I./Include -I. -I/usr/include/x86_64-linux-gnu -I/usr/local/include -I/Python-3.10.9/Include -I/Python-3.10.9 -c /Python-3.10.9/Modules/_decimal/libmpdec/mpdecimal.c -o build/temp.linux-x86_64-3.10/Python-3.10.9/Modules/_decimal/libmpdec/mpdecimal.o
#7 71.89 gcc -pthread -shared -fno-semantic-interposition -fprofile-generate build/temp.linux-x86_64-3.10/Python-3.10.9/Modules/expat/xmlparse.o build/temp.linux-x86_64-3.10/Python-3.10.9/Modules/expat/xmlrole.o build/temp.linux-x86_64-3.10/Python-3.10.9/Modules/expat/xmltok.o build/temp.linux-x86_64-3.10/Python-3.10.9/Modules/pyexpat.o -L/usr/lib/x86_64-linux-gnu -L/usr/local/lib -lm -o build/lib.linux-x86_64-3.10/pyexpat.cpython-310-x86_64-linux-gnu.so
#7 73.44 gcc -pthread -fPIC -Wno-unused-result -Wsign-compare -DNDEBUG -g -fwrapv -O3 -Wall -fno-semantic-interposition -std=c99 -Wextra -Wno-unused-result -Wno-unused-parameter -Wno-missing-field-initializers -Werror=implicit-function-declaration -fvisibility=hidden -fprofile-generate -I./Include/internal -DCONFIG_64=1 -DASM=1 -I/Python-3.10.9/Modules/_decimal/libmpdec -I./Include -I. -I/usr/include/x86_64-linux-gnu -I/usr/local/include -I/Python-3.10.9/Include -I/Python-3.10.9 -c /Python-3.10.9/Modules/_decimal/libmpdec/numbertheory.c -o build/temp.linux-x86_64-3.10/Python-3.10.9/Modules/_decimal/libmpdec/numbertheory.o
#7 73.49 gcc -pthread -fPIC -Wno-unused-result -Wsign-compare -DNDEBUG -g -fwrapv -O3 -Wall -fno-semantic-interposition -std=c99 -Wextra -Wno-unused-result -Wno-unused-parameter -Wno-missing-field-initializers -Werror=implicit-function-declaration -fvisibility=hidden -fprofile-generate -I./Include/internal -DCONFIG_64=1 -DASM=1 -I/Python-3.10.9/Modules/_decimal/libmpdec -I./Include -I. -I/usr/include/x86_64-linux-gnu -I/usr/local/include -I/Python-3.10.9/Include -I/Python-3.10.9 -c /Python-3.10.9/Modules/_decimal/libmpdec/sixstep.c -o build/temp.linux-x86_64-3.10/Python-3.10.9/Modules/_decimal/libmpdec/sixstep.o
#7 73.57 gcc -pthread -fPIC -Wno-unused-result -Wsign-compare -DNDEBUG -g -fwrapv -O3 -Wall -fno-semantic-interposition -std=c99 -Wextra -Wno-unused-result -Wno-unused-parameter -Wno-missing-field-initializers -Werror=implicit-function-declaration -fvisibility=hidden -fprofile-generate -I./Include/internal -DCONFIG_64=1 -DASM=1 -I/Python-3.10.9/Modules/_decimal/libmpdec -I./Include -I. -I/usr/include/x86_64-linux-gnu -I/usr/local/include -I/Python-3.10.9/Include -I/Python-3.10.9 -c /Python-3.10.9/Modules/_decimal/libmpdec/transpose.c -o build/temp.linux-x86_64-3.10/Python-3.10.9/Modules/_decimal/libmpdec/transpose.o
#7 73.65 gcc -pthread -shared -fno-semantic-interposition -fprofile-generate build/temp.linux-x86_64-3.10/Python-3.10.9/Modules/_decimal/_decimal.o build/temp.linux-x86_64-3.10/Python-3.10.9/Modules/_decimal/libmpdec/basearith.o build/temp.linux-x86_64-3.10/Python-3.10.9/Modules/_decimal/libmpdec/constants.o build/temp.linux-x86_64-3.10/Python-3.10.9/Modules/_decimal/libmpdec/context.o build/temp.linux-x86_64-3.10/Python-3.10.9/Modules/_decimal/libmpdec/convolute.o build/temp.linux-x86_64-3.10/Python-3.10.9/Modules/_decimal/libmpdec/crt.o build/temp.linux-x86_64-3.10/Python-3.10.9/Modules/_decimal/libmpdec/difradix2.o build/temp.linux-x86_64-3.10/Python-3.10.9/Modules/_decimal/libmpdec/fnt.o build/temp.linux-x86_64-3.10/Python-3.10.9/Modules/_decimal/libmpdec/fourstep.o build/temp.linux-x86_64-3.10/Python-3.10.9/Modules/_decimal/libmpdec/io.o build/temp.linux-x86_64-3.10/Python-3.10.9/Modules/_decimal/libmpdec/mpalloc.o build/temp.linux-x86_64-3.10/Python-3.10.9/Modules/_decimal/libmpdec/mpdecimal.o build/temp.linux-x86_64-3.10/Python-3.10.9/Modules/_decimal/libmpdec/numbertheory.o build/temp.linux-x86_64-3.10/Python-3.10.9/Modules/_decimal/libmpdec/sixstep.o build/temp.linux-x86_64-3.10/Python-3.10.9/Modules/_decimal/libmpdec/transpose.o -L/usr/lib/x86_64-linux-gnu -L/usr/local/lib -lm -o build/lib.linux-x86_64-3.10/_decimal.cpython-310-x86_64-linux-gnu.so
#7 74.09 
#7 74.09 The necessary bits to build these optional modules were not found:
#7 74.09 _dbm                  _tkinter              _uuid              
#7 74.09 To find the necessary bits, look in setup.py in detect_modules() for the module's name.
#7 74.09 
#7 74.09 
#7 74.09 The following modules found by detect_modules() in setup.py, have been
#7 74.09 built by the Makefile instead, as configured by the Setup files:
#7 74.09 _abc                  pwd                   time               
#7 74.09 
#7 74.09 running build_scripts
#7 74.09 creating build/scripts-3.10
#7 74.09 copying and adjusting /Python-3.10.9/Tools/scripts/pydoc3 -> build/scripts-3.10
#7 74.09 copying and adjusting /Python-3.10.9/Tools/scripts/idle3 -> build/scripts-3.10
#7 74.09 copying and adjusting /Python-3.10.9/Tools/scripts/2to3 -> build/scripts-3.10
#7 74.09 changing mode of build/scripts-3.10/pydoc3 from 644 to 755
#7 74.09 changing mode of build/scripts-3.10/idle3 from 644 to 755
#7 74.09 changing mode of build/scripts-3.10/2to3 from 644 to 755
#7 74.09 renaming build/scripts-3.10/pydoc3 to build/scripts-3.10/pydoc3.10
#7 74.09 renaming build/scripts-3.10/idle3 to build/scripts-3.10/idle3.10
#7 74.09 renaming build/scripts-3.10/2to3 to build/scripts-3.10/2to3-3.10
#7 74.12 make[3]: Leaving directory '/Python-3.10.9'
#7 74.12 make[2]: Leaving directory '/Python-3.10.9'
#7 74.12 touch profile-gen-stamp
#7 74.12 make[1]: Leaving directory '/Python-3.10.9'
#7 74.12 # Next, run the profile task to generate the profile information.
#7 74.13 make run_profile_task
#7 74.13 make[1]: Entering directory '/Python-3.10.9'
#7 74.13 ./python -m test --pgo --timeout=1200 || true
#7 74.44 0:00:00 load avg: 4.29 Run tests sequentially (timeout: 20 min)
#7 74.44 0:00:00 load avg: 4.29 [ 1/44] test_array
#7 75.61 0:00:01 load avg: 4.29 [ 2/44] test_base64
#7 76.02 0:00:01 load avg: 4.29 [ 3/44] test_binascii
#7 76.13 0:00:01 load avg: 4.29 [ 4/44] test_binop
#7 76.21 0:00:01 load avg: 4.29 [ 5/44] test_bisect
#7 76.34 0:00:01 load avg: 4.29 [ 6/44] test_bytes
#7 83.09 0:00:08 load avg: 3.78 [ 7/44] test_bz2
#7 83.84 0:00:09 load avg: 3.78 [ 8/44] test_cmath
#7 84.07 0:00:09 load avg: 3.78 [ 9/44] test_codecs
#7 86.79 0:00:12 load avg: 3.78 [10/44] test_collections
#7 88.41 0:00:13 load avg: 3.56 [11/44] test_complex
#7 88.95 0:00:14 load avg: 3.56 [12/44] test_dataclasses
#7 89.62 0:00:15 load avg: 3.56 [13/44] test_datetime
#7 96.34 0:00:21 load avg: 3.36 [14/44] test_decimal
#7 103.5 0:00:29 load avg: 2.99 [15/44] test_difflib
#7 105.4 0:00:30 load avg: 2.99 [16/44] test_embed
#7 113.4 0:00:38 load avg: 2.69 [17/44] test_float
#7 113.9 0:00:39 load avg: 2.69 [18/44] test_fstring
#7 115.3 0:00:40 load avg: 2.69 [19/44] test_functools
#7 115.9 0:00:41 load avg: 2.69 [20/44] test_generators
#7 116.3 0:00:41 load avg: 2.69 [21/44] test_hashlib
#7 117.5 0:00:43 load avg: 2.55 [22/44] test_heapq
#7 118.9 0:00:44 load avg: 2.55 [23/44] test_int
#7 120.7 0:00:46 load avg: 2.55 [24/44] test_itertools
#7 127.3 0:00:52 load avg: 2.31 [25/44] test_json
#7 130.7 0:00:56 load avg: 2.31 [26/44] test_long
#7 137.3 0:01:02 load avg: 2.11 [27/44] test_lzma
#7 137.6 0:01:03 load avg: 2.11 [28/44] test_math
#7 144.0 0:01:09 load avg: 2.02 [29/44] test_memoryview
#7 144.7 0:01:10 load avg: 2.02 [30/44] test_operator
#7 144.9 0:01:10 load avg: 2.02 [31/44] test_ordered_dict
#7 146.3 0:01:11 load avg: 2.02 [32/44] test_patma
#7 146.6 0:01:12 load avg: 2.02 [33/44] test_pickle
#7 158.3 0:01:23 load avg: 1.79 [34/44] test_pprint
#7 158.7 0:01:24 load avg: 1.79 [35/44] test_re
#7 160.5 0:01:26 load avg: 1.79 [36/44] test_set
#7 170.1 0:01:35 load avg: 1.67 [37/44] test_sqlite
#7 171.8 0:01:37 load avg: 1.67 [38/44] test_statistics
#7 175.6 0:01:41 load avg: 1.62 [39/44] test_struct
#7 176.7 0:01:42 load avg: 1.62 [40/44] test_tabnanny
#7 177.3 0:01:42 load avg: 1.49 [41/44] test_time
#7 179.6 0:01:45 load avg: 1.49 [42/44] test_unicode
#7 183.6 0:01:49 load avg: 1.45 [43/44] test_xml_etree
#7 184.5 0:01:50 load avg: 1.45 [44/44] test_xml_etree_c
#7 185.8 
#7 185.8 Total duration: 1 min 51 sec
#7 185.8 Tests result: SUCCESS
#7 185.9 make[1]: Leaving directory '/Python-3.10.9'
#7 185.9 make build_all_merge_profile
#7 185.9 make[1]: Entering directory '/Python-3.10.9'
#7 185.9 true
#7 185.9 make[1]: Leaving directory '/Python-3.10.9'
#7 185.9 # Remove profile generation binary since we are done with it.
#7 185.9 make clean-retain-profile
#7 185.9 make[1]: Entering directory '/Python-3.10.9'
#7 185.9 find . -depth -name '__pycache__' -exec rm -rf {} ';'
#7 185.9 find . -name '*.py[co]' -exec rm -f {} ';'
#7 185.9 find . -name '*.[oa]' -exec rm -f {} ';'
#7 186.0 find . -name '*.s[ol]' -exec rm -f {} ';'
#7 186.1 find . -name '*.so.[0-9]*.[0-9]*' -exec rm -f {} ';'
#7 186.1 find . -name '*.lst' -exec rm -f {} ';'
#7 186.1 find build -name 'fficonfig.h' -exec rm -f {} ';' || true
#7 186.1 find build -name '*.py' -exec rm -f {} ';' || true
#7 186.1 find build -name '*.py[co]' -exec rm -f {} ';' || true
#7 186.1 rm -f pybuilddir.txt
#7 186.1 rm -f Lib/lib2to3/*Grammar*.pickle
#7 186.1 rm -f Programs/_testembed Programs/_freeze_importlib
#7 186.1 find build -type f -a ! -name '*.gc??' -exec rm -f {} ';'
#7 186.1 rm -f Include/pydtrace_probes.h
#7 186.1 rm -f profile-gen-stamp
#7 186.1 make[1]: Leaving directory '/Python-3.10.9'
#7 186.1 # This is an expensive target to build and it does not have proper
#7 186.1 # makefile dependency information.  So, we create a "stamp" file
#7 186.1 # to record its completion and avoid re-running it.
#7 186.1 touch profile-run-stamp
#7 186.1 Rebuilding with profile guided optimizations:
#7 186.1 rm -f profile-clean-stamp
#7 186.1 make build_all CFLAGS_NODIST=" -fprofile-use -fprofile-correction" LDFLAGS_NODIST=""
#7 186.1 make[1]: Entering directory '/Python-3.10.9'
#7 186.1 gcc -pthread -c -Wno-unused-result -Wsign-compare -DNDEBUG -g -fwrapv -O3 -Wall    -fno-semantic-interposition -std=c99 -Wextra -Wno-unused-result -Wno-unused-parameter -Wno-missing-field-initializers -Werror=implicit-function-declaration -fvisibility=hidden -fprofile-use -fprofile-correction -I./Include/internal  -I. -I./Include    -DPy_BUILD_CORE -o Programs/python.o ./Programs/python.c
#7 186.1 gcc -pthread -c -Wno-unused-result -Wsign-compare -DNDEBUG -g -fwrapv -O3 -Wall    -fno-semantic-interposition -std=c99 -Wextra -Wno-unused-result -Wno-unused-parameter -Wno-missing-field-initializers -Werror=implicit-function-declaration -fvisibility=hidden -fprofile-use -fprofile-correction -I./Include/internal  -I. -I./Include    -DPy_BUILD_CORE -o Parser/token.o Parser/token.c
#7 186.1 gcc -pthread -c -Wno-unused-result -Wsign-compare -DNDEBUG -g -fwrapv -O3 -Wall    -fno-semantic-interposition -std=c99 -Wextra -Wno-unused-result -Wno-unused-parameter -Wno-missing-field-initializers -Werror=implicit-function-declaration -fvisibility=hidden -fprofile-use -fprofile-correction -I./Include/internal  -I. -I./Include    -DPy_BUILD_CORE -o Parser/pegen.o Parser/pegen.c
#7 186.1 gcc -pthread -c -Wno-unused-result -Wsign-compare -DNDEBUG -g -fwrapv -O3 -Wall    -fno-semantic-interposition -std=c99 -Wextra -Wno-unused-result -Wno-unused-parameter -Wno-missing-field-initializers -Werror=implicit-function-declaration -fvisibility=hidden -fprofile-use -fprofile-correction -I./Include/internal  -I. -I./Include    -DPy_BUILD_CORE -o Parser/parser.o Parser/parser.c
#7 186.1 gcc -pthread -c -Wno-unused-result -Wsign-compare -DNDEBUG -g -fwrapv -O3 -Wall    -fno-semantic-interposition -std=c99 -Wextra -Wno-unused-result -Wno-unused-parameter -Wno-missing-field-initializers -Werror=implicit-function-declaration -fvisibility=hidden -fprofile-use -fprofile-correction -I./Include/internal  -I. -I./Include    -DPy_BUILD_CORE -o Parser/string_parser.o Parser/string_parser.c
#7 186.1 gcc -pthread -c -Wno-unused-result -Wsign-compare -DNDEBUG -g -fwrapv -O3 -Wall    -fno-semantic-interposition -std=c99 -Wextra -Wno-unused-result -Wno-unused-parameter -Wno-missing-field-initializers -Werror=implicit-function-declaration -fvisibility=hidden -fprofile-use -fprofile-correction -I./Include/internal  -I. -I./Include    -DPy_BUILD_CORE -o Parser/peg_api.o Parser/peg_api.c
#7 186.1 gcc -pthread -c -Wno-unused-result -Wsign-compare -DNDEBUG -g -fwrapv -O3 -Wall    -fno-semantic-interposition -std=c99 -Wextra -Wno-unused-result -Wno-unused-parameter -Wno-missing-field-initializers -Werror=implicit-function-declaration -fvisibility=hidden -fprofile-use -fprofile-correction -I./Include/internal  -I. -I./Include    -DPy_BUILD_CORE -o Parser/myreadline.o Parser/myreadline.c
#7 186.1 gcc -pthread -c -Wno-unused-result -Wsign-compare -DNDEBUG -g -fwrapv -O3 -Wall    -fno-semantic-interposition -std=c99 -Wextra -Wno-unused-result -Wno-unused-parameter -Wno-missing-field-initializers -Werror=implicit-function-declaration -fvisibility=hidden -fprofile-use -fprofile-correction -I./Include/internal  -I. -I./Include    -DPy_BUILD_CORE -o Parser/tokenizer.o Parser/tokenizer.c
#7 186.1 gcc -pthread -c -Wno-unused-result -Wsign-compare -DNDEBUG -g -fwrapv -O3 -Wall    -fno-semantic-interposition -std=c99 -Wextra -Wno-unused-result -Wno-unused-parameter -Wno-missing-field-initializers -Werror=implicit-function-declaration -fvisibility=hidden -fprofile-use -fprofile-correction -I./Include/internal  -I. -I./Include    -DPy_BUILD_CORE -o Objects/abstract.o Objects/abstract.c
#7 186.1 gcc -pthread -c -Wno-unused-result -Wsign-compare -DNDEBUG -g -fwrapv -O3 -Wall    -fno-semantic-interposition -std=c99 -Wextra -Wno-unused-result -Wno-unused-parameter -Wno-missing-field-initializers -Werror=implicit-function-declaration -fvisibility=hidden -fprofile-use -fprofile-correction -I./Include/internal  -I. -I./Include    -DPy_BUILD_CORE -o Objects/accu.o Objects/accu.c
#7 186.1 gcc -pthread -c -Wno-unused-result -Wsign-compare -DNDEBUG -g -fwrapv -O3 -Wall    -fno-semantic-interposition -std=c99 -Wextra -Wno-unused-result -Wno-unused-parameter -Wno-missing-field-initializers -Werror=implicit-function-declaration -fvisibility=hidden -fprofile-use -fprofile-correction -I./Include/internal  -I. -I./Include    -DPy_BUILD_CORE -o Objects/boolobject.o Objects/boolobject.c
#7 186.1 gcc -pthread -c -Wno-unused-result -Wsign-compare -DNDEBUG -g -fwrapv -O3 -Wall    -fno-semantic-interposition -std=c99 -Wextra -Wno-unused-result -Wno-unused-parameter -Wno-missing-field-initializers -Werror=implicit-function-declaration -fvisibility=hidden -fprofile-use -fprofile-correction -I./Include/internal  -I. -I./Include    -DPy_BUILD_CORE -o Objects/bytes_methods.o Objects/bytes_methods.c
#7 186.1 gcc -pthread -c -Wno-unused-result -Wsign-compare -DNDEBUG -g -fwrapv -O3 -Wall    -fno-semantic-interposition -std=c99 -Wextra -Wno-unused-result -Wno-unused-parameter -Wno-missing-field-initializers -Werror=implicit-function-declaration -fvisibility=hidden -fprofile-use -fprofile-correction -I./Include/internal  -I. -I./Include    -DPy_BUILD_CORE -o Objects/bytearrayobject.o Objects/bytearrayobject.c
#7 186.1 gcc -pthread -c -Wno-unused-result -Wsign-compare -DNDEBUG -g -fwrapv -O3 -Wall    -fno-semantic-interposition -std=c99 -Wextra -Wno-unused-result -Wno-unused-parameter -Wno-missing-field-initializers -Werror=implicit-function-declaration -fvisibility=hidden -fprofile-use -fprofile-correction -I./Include/internal  -I. -I./Include    -DPy_BUILD_CORE -o Objects/bytesobject.o Objects/bytesobject.c
#7 186.1 gcc -pthread -c -Wno-unused-result -Wsign-compare -DNDEBUG -g -fwrapv -O3 -Wall    -fno-semantic-interposition -std=c99 -Wextra -Wno-unused-result -Wno-unused-parameter -Wno-missing-field-initializers -Werror=implicit-function-declaration -fvisibility=hidden -fprofile-use -fprofile-correction -I./Include/internal  -I. -I./Include    -DPy_BUILD_CORE -o Objects/call.o Objects/call.c
#7 186.1 gcc -pthread -c -Wno-unused-result -Wsign-compare -DNDEBUG -g -fwrapv -O3 -Wall    -fno-semantic-interposition -std=c99 -Wextra -Wno-unused-result -Wno-unused-parameter -Wno-missing-field-initializers -Werror=implicit-function-declaration -fvisibility=hidden -fprofile-use -fprofile-correction -I./Include/internal  -I. -I./Include    -DPy_BUILD_CORE -o Objects/capsule.o Objects/capsule.c
#7 186.1 gcc -pthread -c -Wno-unused-result -Wsign-compare -DNDEBUG -g -fwrapv -O3 -Wall    -fno-semantic-interposition -std=c99 -Wextra -Wno-unused-result -Wno-unused-parameter -Wno-missing-field-initializers -Werror=implicit-function-declaration -fvisibility=hidden -fprofile-use -fprofile-correction -I./Include/internal  -I. -I./Include    -DPy_BUILD_CORE -o Objects/cellobject.o Objects/cellobject.c
#7 186.1 gcc -pthread -c -Wno-unused-result -Wsign-compare -DNDEBUG -g -fwrapv -O3 -Wall    -fno-semantic-interposition -std=c99 -Wextra -Wno-unused-result -Wno-unused-parameter -Wno-missing-field-initializers -Werror=implicit-function-declaration -fvisibility=hidden -fprofile-use -fprofile-correction -I./Include/internal  -I. -I./Include    -DPy_BUILD_CORE -o Objects/classobject.o Objects/classobject.c
#7 186.1 gcc -pthread -c -Wno-unused-result -Wsign-compare -DNDEBUG -g -fwrapv -O3 -Wall    -fno-semantic-interposition -std=c99 -Wextra -Wno-unused-result -Wno-unused-parameter -Wno-missing-field-initializers -Werror=implicit-function-declaration -fvisibility=hidden -fprofile-use -fprofile-correction -I./Include/internal  -I. -I./Include    -DPy_BUILD_CORE -o Objects/codeobject.o Objects/codeobject.c
#7 186.1 gcc -pthread -c -Wno-unused-result -Wsign-compare -DNDEBUG -g -fwrapv -O3 -Wall    -fno-semantic-interposition -std=c99 -Wextra -Wno-unused-result -Wno-unused-parameter -Wno-missing-field-initializers -Werror=implicit-function-declaration -fvisibility=hidden -fprofile-use -fprofile-correction -I./Include/internal  -I. -I./Include    -DPy_BUILD_CORE -o Objects/complexobject.o Objects/complexobject.c
#7 186.1 gcc -pthread -c -Wno-unused-result -Wsign-compare -DNDEBUG -g -fwrapv -O3 -Wall    -fno-semantic-interposition -std=c99 -Wextra -Wno-unused-result -Wno-unused-parameter -Wno-missing-field-initializers -Werror=implicit-function-declaration -fvisibility=hidden -fprofile-use -fprofile-correction -I./Include/internal  -I. -I./Include    -DPy_BUILD_CORE -o Objects/descrobject.o Objects/descrobject.c
#7 186.1 gcc -pthread -c -Wno-unused-result -Wsign-compare -DNDEBUG -g -fwrapv -O3 -Wall    -fno-semantic-interposition -std=c99 -Wextra -Wno-unused-result -Wno-unused-parameter -Wno-missing-field-initializers -Werror=implicit-function-declaration -fvisibility=hidden -fprofile-use -fprofile-correction -I./Include/internal  -I. -I./Include    -DPy_BUILD_CORE -o Objects/enumobject.o Objects/enumobject.c
#7 186.1 gcc -pthread -c -Wno-unused-result -Wsign-compare -DNDEBUG -g -fwrapv -O3 -Wall    -fno-semantic-interposition -std=c99 -Wextra -Wno-unused-result -Wno-unused-parameter -Wno-missing-field-initializers -Werror=implicit-function-declaration -fvisibility=hidden -fprofile-use -fprofile-correction -I./Include/internal  -I. -I./Include    -DPy_BUILD_CORE -o Objects/exceptions.o Objects/exceptions.c
#7 186.1 gcc -pthread -c -Wno-unused-result -Wsign-compare -DNDEBUG -g -fwrapv -O3 -Wall    -fno-semantic-interposition -std=c99 -Wextra -Wno-unused-result -Wno-unused-parameter -Wno-missing-field-initializers -Werror=implicit-function-declaration -fvisibility=hidden -fprofile-use -fprofile-correction -I./Include/internal  -I. -I./Include    -DPy_BUILD_CORE -o Objects/genericaliasobject.o Objects/genericaliasobject.c
#7 186.2 gcc -pthread -c -Wno-unused-result -Wsign-compare -DNDEBUG -g -fwrapv -O3 -Wall    -fno-semantic-interposition -std=c99 -Wextra -Wno-unused-result -Wno-unused-parameter -Wno-missing-field-initializers -Werror=implicit-function-declaration -fvisibility=hidden -fprofile-use -fprofile-correction -I./Include/internal  -I. -I./Include    -DPy_BUILD_CORE -o Objects/genobject.o Objects/genobject.c
#7 186.2 gcc -pthread -c -Wno-unused-result -Wsign-compare -DNDEBUG -g -fwrapv -O3 -Wall    -fno-semantic-interposition -std=c99 -Wextra -Wno-unused-result -Wno-unused-parameter -Wno-missing-field-initializers -Werror=implicit-function-declaration -fvisibility=hidden -fprofile-use -fprofile-correction -I./Include/internal  -I. -I./Include    -DPy_BUILD_CORE -o Objects/fileobject.o Objects/fileobject.c
#7 186.2 gcc -pthread -c -Wno-unused-result -Wsign-compare -DNDEBUG -g -fwrapv -O3 -Wall    -fno-semantic-interposition -std=c99 -Wextra -Wno-unused-result -Wno-unused-parameter -Wno-missing-field-initializers -Werror=implicit-function-declaration -fvisibility=hidden -fprofile-use -fprofile-correction -I./Include/internal  -I. -I./Include    -DPy_BUILD_CORE -o Objects/floatobject.o Objects/floatobject.c
#7 186.2 gcc -pthread -c -Wno-unused-result -Wsign-compare -DNDEBUG -g -fwrapv -O3 -Wall    -fno-semantic-interposition -std=c99 -Wextra -Wno-unused-result -Wno-unused-parameter -Wno-missing-field-initializers -Werror=implicit-function-declaration -fvisibility=hidden -fprofile-use -fprofile-correction -I./Include/internal  -I. -I./Include    -DPy_BUILD_CORE -o Objects/frameobject.o Objects/frameobject.c
#7 186.3 gcc -pthread -c -Wno-unused-result -Wsign-compare -DNDEBUG -g -fwrapv -O3 -Wall    -fno-semantic-interposition -std=c99 -Wextra -Wno-unused-result -Wno-unused-parameter -Wno-missing-field-initializers -Werror=implicit-function-declaration -fvisibility=hidden -fprofile-use -fprofile-correction -I./Include/internal  -I. -I./Include    -DPy_BUILD_CORE -o Objects/funcobject.o Objects/funcobject.c
#7 186.3 gcc -pthread -c -Wno-unused-result -Wsign-compare -DNDEBUG -g -fwrapv -O3 -Wall    -fno-semantic-interposition -std=c99 -Wextra -Wno-unused-result -Wno-unused-parameter -Wno-missing-field-initializers -Werror=implicit-function-declaration -fvisibility=hidden -fprofile-use -fprofile-correction -I./Include/internal  -I. -I./Include    -DPy_BUILD_CORE -o Objects/interpreteridobject.o Objects/interpreteridobject.c
#7 186.3 gcc -pthread -c -Wno-unused-result -Wsign-compare -DNDEBUG -g -fwrapv -O3 -Wall    -fno-semantic-interposition -std=c99 -Wextra -Wno-unused-result -Wno-unused-parameter -Wno-missing-field-initializers -Werror=implicit-function-declaration -fvisibility=hidden -fprofile-use -fprofile-correction -I./Include/internal  -I. -I./Include    -DPy_BUILD_CORE -o Objects/iterobject.o Objects/iterobject.c
#7 186.3 gcc -pthread -c -Wno-unused-result -Wsign-compare -DNDEBUG -g -fwrapv -O3 -Wall    -fno-semantic-interposition -std=c99 -Wextra -Wno-unused-result -Wno-unused-parameter -Wno-missing-field-initializers -Werror=implicit-function-declaration -fvisibility=hidden -fprofile-use -fprofile-correction -I./Include/internal  -I. -I./Include    -DPy_BUILD_CORE -o Objects/listobject.o Objects/listobject.c
#7 186.4 gcc -pthread -c -Wno-unused-result -Wsign-compare -DNDEBUG -g -fwrapv -O3 -Wall    -fno-semantic-interposition -std=c99 -Wextra -Wno-unused-result -Wno-unused-parameter -Wno-missing-field-initializers -Werror=implicit-function-declaration -fvisibility=hidden -fprofile-use -fprofile-correction -I./Include/internal  -I. -I./Include    -DPy_BUILD_CORE -o Objects/longobject.o Objects/longobject.c
#7 186.4 gcc -pthread -c -Wno-unused-result -Wsign-compare -DNDEBUG -g -fwrapv -O3 -Wall    -fno-semantic-interposition -std=c99 -Wextra -Wno-unused-result -Wno-unused-parameter -Wno-missing-field-initializers -Werror=implicit-function-declaration -fvisibility=hidden -fprofile-use -fprofile-correction -I./Include/internal  -I. -I./Include    -DPy_BUILD_CORE -o Objects/dictobject.o Objects/dictobject.c
#7 186.5 gcc -pthread -c -Wno-unused-result -Wsign-compare -DNDEBUG -g -fwrapv -O3 -Wall    -fno-semantic-interposition -std=c99 -Wextra -Wno-unused-result -Wno-unused-parameter -Wno-missing-field-initializers -Werror=implicit-function-declaration -fvisibility=hidden -fprofile-use -fprofile-correction -I./Include/internal  -I. -I./Include    -DPy_BUILD_CORE -o Objects/odictobject.o Objects/odictobject.c
#7 186.5 gcc -pthread -c -Wno-unused-result -Wsign-compare -DNDEBUG -g -fwrapv -O3 -Wall    -fno-semantic-interposition -std=c99 -Wextra -Wno-unused-result -Wno-unused-parameter -Wno-missing-field-initializers -Werror=implicit-function-declaration -fvisibility=hidden -fprofile-use -fprofile-correction -I./Include/internal  -I. -I./Include    -DPy_BUILD_CORE -o Objects/memoryobject.o Objects/memoryobject.c
#7 186.5 gcc -pthread -c -Wno-unused-result -Wsign-compare -DNDEBUG -g -fwrapv -O3 -Wall    -fno-semantic-interposition -std=c99 -Wextra -Wno-unused-result -Wno-unused-parameter -Wno-missing-field-initializers -Werror=implicit-function-declaration -fvisibility=hidden -fprofile-use -fprofile-correction -I./Include/internal  -I. -I./Include    -DPy_BUILD_CORE -o Objects/methodobject.o Objects/methodobject.c
#7 186.6 gcc -pthread -c -Wno-unused-result -Wsign-compare -DNDEBUG -g -fwrapv -O3 -Wall    -fno-semantic-interposition -std=c99 -Wextra -Wno-unused-result -Wno-unused-parameter -Wno-missing-field-initializers -Werror=implicit-function-declaration -fvisibility=hidden -fprofile-use -fprofile-correction -I./Include/internal  -I. -I./Include    -DPy_BUILD_CORE -o Objects/moduleobject.o Objects/moduleobject.c
#7 186.6 gcc -pthread -c -Wno-unused-result -Wsign-compare -DNDEBUG -g -fwrapv -O3 -Wall    -fno-semantic-interposition -std=c99 -Wextra -Wno-unused-result -Wno-unused-parameter -Wno-missing-field-initializers -Werror=implicit-function-declaration -fvisibility=hidden -fprofile-use -fprofile-correction -I./Include/internal  -I. -I./Include    -DPy_BUILD_CORE -o Objects/namespaceobject.o Objects/namespaceobject.c
#7 186.7 gcc -pthread -c -Wno-unused-result -Wsign-compare -DNDEBUG -g -fwrapv -O3 -Wall    -fno-semantic-interposition -std=c99 -Wextra -Wno-unused-result -Wno-unused-parameter -Wno-missing-field-initializers -Werror=implicit-function-declaration -fvisibility=hidden -fprofile-use -fprofile-correction -I./Include/internal  -I. -I./Include    -DPy_BUILD_CORE -o Objects/object.o Objects/object.c
#7 186.7 gcc -pthread -c -Wno-unused-result -Wsign-compare -DNDEBUG -g -fwrapv -O3 -Wall    -fno-semantic-interposition -std=c99 -Wextra -Wno-unused-result -Wno-unused-parameter -Wno-missing-field-initializers -Werror=implicit-function-declaration -fvisibility=hidden -fprofile-use -fprofile-correction -I./Include/internal  -I. -I./Include    -DPy_BUILD_CORE -o Objects/obmalloc.o Objects/obmalloc.c
#7 186.8 gcc -pthread -c -Wno-unused-result -Wsign-compare -DNDEBUG -g -fwrapv -O3 -Wall    -fno-semantic-interposition -std=c99 -Wextra -Wno-unused-result -Wno-unused-parameter -Wno-missing-field-initializers -Werror=implicit-function-declaration -fvisibility=hidden -fprofile-use -fprofile-correction -I./Include/internal  -I. -I./Include    -DPy_BUILD_CORE -o Objects/picklebufobject.o Objects/picklebufobject.c
#7 186.8 gcc -pthread -c -Wno-unused-result -Wsign-compare -DNDEBUG -g -fwrapv -O3 -Wall    -fno-semantic-interposition -std=c99 -Wextra -Wno-unused-result -Wno-unused-parameter -Wno-missing-field-initializers -Werror=implicit-function-declaration -fvisibility=hidden -fprofile-use -fprofile-correction -I./Include/internal  -I. -I./Include    -DPy_BUILD_CORE -o Objects/rangeobject.o Objects/rangeobject.c
#7 186.8 gcc -pthread -c -Wno-unused-result -Wsign-compare -DNDEBUG -g -fwrapv -O3 -Wall    -fno-semantic-interposition -std=c99 -Wextra -Wno-unused-result -Wno-unused-parameter -Wno-missing-field-initializers -Werror=implicit-function-declaration -fvisibility=hidden -fprofile-use -fprofile-correction -I./Include/internal  -I. -I./Include    -DPy_BUILD_CORE -o Objects/setobject.o Objects/setobject.c
#7 186.8 gcc -pthread -c -Wno-unused-result -Wsign-compare -DNDEBUG -g -fwrapv -O3 -Wall    -fno-semantic-interposition -std=c99 -Wextra -Wno-unused-result -Wno-unused-parameter -Wno-missing-field-initializers -Werror=implicit-function-declaration -fvisibility=hidden -fprofile-use -fprofile-correction -I./Include/internal  -I. -I./Include    -DPy_BUILD_CORE -o Objects/sliceobject.o Objects/sliceobject.c
#7 186.8 Objects/obmalloc.c:1413:1: warning: always_inline function might not be inlinable [-Wattributes]
#7 186.8  1413 | arena_map_get(block *p, int create)
#7 186.8       | ^~~~~~~~~~~~~
#7 186.9 gcc -pthread -c -Wno-unused-result -Wsign-compare -DNDEBUG -g -fwrapv -O3 -Wall    -fno-semantic-interposition -std=c99 -Wextra -Wno-unused-result -Wno-unused-parameter -Wno-missing-field-initializers -Werror=implicit-function-declaration -fvisibility=hidden -fprofile-use -fprofile-correction -I./Include/internal  -I. -I./Include    -DPy_BUILD_CORE -o Objects/structseq.o Objects/structseq.c
#7 186.9 gcc -pthread -c -Wno-unused-result -Wsign-compare -DNDEBUG -g -fwrapv -O3 -Wall    -fno-semantic-interposition -std=c99 -Wextra -Wno-unused-result -Wno-unused-parameter -Wno-missing-field-initializers -Werror=implicit-function-declaration -fvisibility=hidden -fprofile-use -fprofile-correction -I./Include/internal  -I. -I./Include    -DPy_BUILD_CORE -o Objects/tupleobject.o Objects/tupleobject.c
#7 186.9 gcc -pthread -c -Wno-unused-result -Wsign-compare -DNDEBUG -g -fwrapv -O3 -Wall    -fno-semantic-interposition -std=c99 -Wextra -Wno-unused-result -Wno-unused-parameter -Wno-missing-field-initializers -Werror=implicit-function-declaration -fvisibility=hidden -fprofile-use -fprofile-correction -I./Include/internal  -I. -I./Include    -DPy_BUILD_CORE -o Objects/typeobject.o Objects/typeobject.c
#7 187.0 gcc -pthread -c -Wno-unused-result -Wsign-compare -DNDEBUG -g -fwrapv -O3 -Wall    -fno-semantic-interposition -std=c99 -Wextra -Wno-unused-result -Wno-unused-parameter -Wno-missing-field-initializers -Werror=implicit-function-declaration -fvisibility=hidden -fprofile-use -fprofile-correction -I./Include/internal  -I. -I./Include    -DPy_BUILD_CORE -o Objects/unicodeobject.o Objects/unicodeobject.c
#7 187.0 gcc -pthread -c -Wno-unused-result -Wsign-compare -DNDEBUG -g -fwrapv -O3 -Wall    -fno-semantic-interposition -std=c99 -Wextra -Wno-unused-result -Wno-unused-parameter -Wno-missing-field-initializers -Werror=implicit-function-declaration -fvisibility=hidden -fprofile-use -fprofile-correction -I./Include/internal  -I. -I./Include    -DPy_BUILD_CORE -o Objects/unicodectype.o Objects/unicodectype.c
#7 187.0 gcc -pthread -c -Wno-unused-result -Wsign-compare -DNDEBUG -g -fwrapv -O3 -Wall    -fno-semantic-interposition -std=c99 -Wextra -Wno-unused-result -Wno-unused-parameter -Wno-missing-field-initializers -Werror=implicit-function-declaration -fvisibility=hidden -fprofile-use -fprofile-correction -I./Include/internal  -I. -I./Include    -DPy_BUILD_CORE -o Objects/unionobject.o Objects/unionobject.c
#7 187.0 gcc -pthread -c -Wno-unused-result -Wsign-compare -DNDEBUG -g -fwrapv -O3 -Wall    -fno-semantic-interposition -std=c99 -Wextra -Wno-unused-result -Wno-unused-parameter -Wno-missing-field-initializers -Werror=implicit-function-declaration -fvisibility=hidden -fprofile-use -fprofile-correction -I./Include/internal  -I. -I./Include    -DPy_BUILD_CORE -o Objects/weakrefobject.o Objects/weakrefobject.c
#7 187.0 gcc -pthread -c -Wno-unused-result -Wsign-compare -DNDEBUG -g -fwrapv -O3 -Wall    -fno-semantic-interposition -std=c99 -Wextra -Wno-unused-result -Wno-unused-parameter -Wno-missing-field-initializers -Werror=implicit-function-declaration -fvisibility=hidden -fprofile-use -fprofile-correction -I./Include/internal  -I. -I./Include    -DPy_BUILD_CORE -o Python/_warnings.o Python/_warnings.c
#7 187.1 gcc -pthread -c -Wno-unused-result -Wsign-compare -DNDEBUG -g -fwrapv -O3 -Wall    -fno-semantic-interposition -std=c99 -Wextra -Wno-unused-result -Wno-unused-parameter -Wno-missing-field-initializers -Werror=implicit-function-declaration -fvisibility=hidden -fprofile-use -fprofile-correction -I./Include/internal  -I. -I./Include    -DPy_BUILD_CORE -o Python/Python-ast.o Python/Python-ast.c
#7 187.1 gcc -pthread -c -Wno-unused-result -Wsign-compare -DNDEBUG -g -fwrapv -O3 -Wall    -fno-semantic-interposition -std=c99 -Wextra -Wno-unused-result -Wno-unused-parameter -Wno-missing-field-initializers -Werror=implicit-function-declaration -fvisibility=hidden -fprofile-use -fprofile-correction -I./Include/internal  -I. -I./Include    -DPy_BUILD_CORE -o Python/asdl.o Python/asdl.c
#7 187.2 gcc -pthread -c -Wno-unused-result -Wsign-compare -DNDEBUG -g -fwrapv -O3 -Wall    -fno-semantic-interposition -std=c99 -Wextra -Wno-unused-result -Wno-unused-parameter -Wno-missing-field-initializers -Werror=implicit-function-declaration -fvisibility=hidden -fprofile-use -fprofile-correction -I./Include/internal  -I. -I./Include    -DPy_BUILD_CORE -o Python/ast.o Python/ast.c
#7 187.2 gcc -pthread -c -Wno-unused-result -Wsign-compare -DNDEBUG -g -fwrapv -O3 -Wall    -fno-semantic-interposition -std=c99 -Wextra -Wno-unused-result -Wno-unused-parameter -Wno-missing-field-initializers -Werror=implicit-function-declaration -fvisibility=hidden -fprofile-use -fprofile-correction -I./Include/internal  -I. -I./Include    -DPy_BUILD_CORE -o Python/ast_opt.o Python/ast_opt.c
#7 187.3 gcc -pthread -c -Wno-unused-result -Wsign-compare -DNDEBUG -g -fwrapv -O3 -Wall    -fno-semantic-interposition -std=c99 -Wextra -Wno-unused-result -Wno-unused-parameter -Wno-missing-field-initializers -Werror=implicit-function-declaration -fvisibility=hidden -fprofile-use -fprofile-correction -I./Include/internal  -I. -I./Include    -DPy_BUILD_CORE -o Python/ast_unparse.o Python/ast_unparse.c
#7 187.3 gcc -pthread -c -Wno-unused-result -Wsign-compare -DNDEBUG -g -fwrapv -O3 -Wall    -fno-semantic-interposition -std=c99 -Wextra -Wno-unused-result -Wno-unused-parameter -Wno-missing-field-initializers -Werror=implicit-function-declaration -fvisibility=hidden -fprofile-use -fprofile-correction -I./Include/internal  -I. -I./Include    -DPy_BUILD_CORE -o Python/bltinmodule.o Python/bltinmodule.c
#7 187.3 gcc -pthread -c -Wno-unused-result -Wsign-compare -DNDEBUG -g -fwrapv -O3 -Wall    -fno-semantic-interposition -std=c99 -Wextra -Wno-unused-result -Wno-unused-parameter -Wno-missing-field-initializers -Werror=implicit-function-declaration -fvisibility=hidden -fprofile-use -fprofile-correction -I./Include/internal  -I. -I./Include    -DPy_BUILD_CORE -o Python/ceval.o Python/ceval.c
#7 187.4 gcc -pthread -c -Wno-unused-result -Wsign-compare -DNDEBUG -g -fwrapv -O3 -Wall    -fno-semantic-interposition -std=c99 -Wextra -Wno-unused-result -Wno-unused-parameter -Wno-missing-field-initializers -Werror=implicit-function-declaration -fvisibility=hidden -fprofile-use -fprofile-correction -I./Include/internal  -I. -I./Include    -DPy_BUILD_CORE -o Python/codecs.o Python/codecs.c
#7 187.4 gcc -pthread -c -Wno-unused-result -Wsign-compare -DNDEBUG -g -fwrapv -O3 -Wall    -fno-semantic-interposition -std=c99 -Wextra -Wno-unused-result -Wno-unused-parameter -Wno-missing-field-initializers -Werror=implicit-function-declaration -fvisibility=hidden -fprofile-use -fprofile-correction -I./Include/internal  -I. -I./Include    -DPy_BUILD_CORE -o Python/compile.o Python/compile.c
#7 187.5 gcc -pthread -c -Wno-unused-result -Wsign-compare -DNDEBUG -g -fwrapv -O3 -Wall    -fno-semantic-interposition -std=c99 -Wextra -Wno-unused-result -Wno-unused-parameter -Wno-missing-field-initializers -Werror=implicit-function-declaration -fvisibility=hidden -fprofile-use -fprofile-correction -I./Include/internal  -I. -I./Include    -DPy_BUILD_CORE -o Python/context.o Python/context.c
#7 187.5 gcc -pthread -c -Wno-unused-result -Wsign-compare -DNDEBUG -g -fwrapv -O3 -Wall    -fno-semantic-interposition -std=c99 -Wextra -Wno-unused-result -Wno-unused-parameter -Wno-missing-field-initializers -Werror=implicit-function-declaration -fvisibility=hidden -fprofile-use -fprofile-correction -I./Include/internal  -I. -I./Include    -DPy_BUILD_CORE -o Python/dynamic_annotations.o Python/dynamic_annotations.c
#7 187.5 gcc -pthread -c -Wno-unused-result -Wsign-compare -DNDEBUG -g -fwrapv -O3 -Wall    -fno-semantic-interposition -std=c99 -Wextra -Wno-unused-result -Wno-unused-parameter -Wno-missing-field-initializers -Werror=implicit-function-declaration -fvisibility=hidden -fprofile-use -fprofile-correction -I./Include/internal  -I. -I./Include    -DPy_BUILD_CORE -o Python/errors.o Python/errors.c
#7 187.5 gcc -pthread -c -Wno-unused-result -Wsign-compare -DNDEBUG -g -fwrapv -O3 -Wall    -fno-semantic-interposition -std=c99 -Wextra -Wno-unused-result -Wno-unused-parameter -Wno-missing-field-initializers -Werror=implicit-function-declaration -fvisibility=hidden -fprofile-use -fprofile-correction -I./Include/internal  -I. -I./Include    -DPy_BUILD_CORE -o Python/frozenmain.o Python/frozenmain.c
#7 187.6 gcc -pthread -c -Wno-unused-result -Wsign-compare -DNDEBUG -g -fwrapv -O3 -Wall    -fno-semantic-interposition -std=c99 -Wextra -Wno-unused-result -Wno-unused-parameter -Wno-missing-field-initializers -Werror=implicit-function-declaration -fvisibility=hidden -fprofile-use -fprofile-correction -I./Include/internal  -I. -I./Include    -DPy_BUILD_CORE -o Python/future.o Python/future.c
#7 187.6 gcc -pthread -c -Wno-unused-result -Wsign-compare -DNDEBUG -g -fwrapv -O3 -Wall    -fno-semantic-interposition -std=c99 -Wextra -Wno-unused-result -Wno-unused-parameter -Wno-missing-field-initializers -Werror=implicit-function-declaration -fvisibility=hidden -fprofile-use -fprofile-correction -I./Include/internal  -I. -I./Include    -DPy_BUILD_CORE -o Python/getargs.o Python/getargs.c
#7 187.6 Python/frozenmain.c: In function 'Py_FrozenMain':
#7 187.6 Python/frozenmain.c:129:1: warning: '/Python-3.10.9/Python/frozenmain.gcda' profile count data file not found [-Wmissing-profile]
#7 187.6   129 | }
#7 187.6       | ^
#7 187.7 gcc -pthread -c -Wno-unused-result -Wsign-compare -DNDEBUG -g -fwrapv -O3 -Wall    -fno-semantic-interposition -std=c99 -Wextra -Wno-unused-result -Wno-unused-parameter -Wno-missing-field-initializers -Werror=implicit-function-declaration -fvisibility=hidden -fprofile-use -fprofile-correction -I./Include/internal  -I. -I./Include    -DPy_BUILD_CORE -o Python/getcompiler.o Python/getcompiler.c
#7 187.7 gcc -pthread -c -Wno-unused-result -Wsign-compare -DNDEBUG -g -fwrapv -O3 -Wall    -fno-semantic-interposition -std=c99 -Wextra -Wno-unused-result -Wno-unused-parameter -Wno-missing-field-initializers -Werror=implicit-function-declaration -fvisibility=hidden -fprofile-use -fprofile-correction -I./Include/internal  -I. -I./Include    -DPy_BUILD_CORE -o Python/getcopyright.o Python/getcopyright.c
#7 187.7 gcc -pthread -c -Wno-unused-result -Wsign-compare -DNDEBUG -g -fwrapv -O3 -Wall    -fno-semantic-interposition -std=c99 -Wextra -Wno-unused-result -Wno-unused-parameter -Wno-missing-field-initializers -Werror=implicit-function-declaration -fvisibility=hidden -fprofile-use -fprofile-correction -I./Include/internal  -I. -I./Include    -DPy_BUILD_CORE -DPLATFORM='"linux"' -o Python/getplatform.o ./Python/getplatform.c
#7 187.7 gcc -pthread -c -Wno-unused-result -Wsign-compare -DNDEBUG -g -fwrapv -O3 -Wall    -fno-semantic-interposition -std=c99 -Wextra -Wno-unused-result -Wno-unused-parameter -Wno-missing-field-initializers -Werror=implicit-function-declaration -fvisibility=hidden -fprofile-use -fprofile-correction -I./Include/internal  -I. -I./Include    -DPy_BUILD_CORE -o Python/getversion.o Python/getversion.c
#7 187.8 gcc -pthread -c -Wno-unused-result -Wsign-compare -DNDEBUG -g -fwrapv -O3 -Wall    -fno-semantic-interposition -std=c99 -Wextra -Wno-unused-result -Wno-unused-parameter -Wno-missing-field-initializers -Werror=implicit-function-declaration -fvisibility=hidden -fprofile-use -fprofile-correction -I./Include/internal  -I. -I./Include    -DPy_BUILD_CORE -o Python/hamt.o Python/hamt.c
#7 187.8 gcc -pthread -c -Wno-unused-result -Wsign-compare -DNDEBUG -g -fwrapv -O3 -Wall    -fno-semantic-interposition -std=c99 -Wextra -Wno-unused-result -Wno-unused-parameter -Wno-missing-field-initializers -Werror=implicit-function-declaration -fvisibility=hidden -fprofile-use -fprofile-correction -I./Include/internal  -I. -I./Include    -DPy_BUILD_CORE -o Python/hashtable.o Python/hashtable.c
#7 187.8 gcc -pthread -c -Wno-unused-result -Wsign-compare -DNDEBUG -g -fwrapv -O3 -Wall    -fno-semantic-interposition -std=c99 -Wextra -Wno-unused-result -Wno-unused-parameter -Wno-missing-field-initializers -Werror=implicit-function-declaration -fvisibility=hidden -fprofile-use -fprofile-correction -I./Include/internal  -I. -I./Include    -DPy_BUILD_CORE -o Python/import.o Python/import.c
#7 187.8 gcc -pthread -c -Wno-unused-result -Wsign-compare -DNDEBUG -g -fwrapv -O3 -Wall    -fno-semantic-interposition -std=c99 -Wextra -Wno-unused-result -Wno-unused-parameter -Wno-missing-field-initializers -Werror=implicit-function-declaration -fvisibility=hidden -fprofile-use -fprofile-correction -I./Include/internal  -I. -I./Include    -DPy_BUILD_CORE -I. -o Python/importdl.o ./Python/importdl.c
#7 187.8 gcc -pthread -c -Wno-unused-result -Wsign-compare -DNDEBUG -g -fwrapv -O3 -Wall    -fno-semantic-interposition -std=c99 -Wextra -Wno-unused-result -Wno-unused-parameter -Wno-missing-field-initializers -Werror=implicit-function-declaration -fvisibility=hidden -fprofile-use -fprofile-correction -I./Include/internal  -I. -I./Include    -DPy_BUILD_CORE \
#7 187.8 	-DPLATLIBDIR='"lib"' \
#7 187.8 	-o Python/initconfig.o ./Python/initconfig.c
#7 187.9 gcc -pthread -c -Wno-unused-result -Wsign-compare -DNDEBUG -g -fwrapv -O3 -Wall    -fno-semantic-interposition -std=c99 -Wextra -Wno-unused-result -Wno-unused-parameter -Wno-missing-field-initializers -Werror=implicit-function-declaration -fvisibility=hidden -fprofile-use -fprofile-correction -I./Include/internal  -I. -I./Include    -DPy_BUILD_CORE -o Python/marshal.o Python/marshal.c
#7 187.9 gcc -pthread -c -Wno-unused-result -Wsign-compare -DNDEBUG -g -fwrapv -O3 -Wall    -fno-semantic-interposition -std=c99 -Wextra -Wno-unused-result -Wno-unused-parameter -Wno-missing-field-initializers -Werror=implicit-function-declaration -fvisibility=hidden -fprofile-use -fprofile-correction -I./Include/internal  -I. -I./Include    -DPy_BUILD_CORE -o Python/modsupport.o Python/modsupport.c
#7 187.9 gcc -pthread -c -Wno-unused-result -Wsign-compare -DNDEBUG -g -fwrapv -O3 -Wall    -fno-semantic-interposition -std=c99 -Wextra -Wno-unused-result -Wno-unused-parameter -Wno-missing-field-initializers -Werror=implicit-function-declaration -fvisibility=hidden -fprofile-use -fprofile-correction -I./Include/internal  -I. -I./Include    -DPy_BUILD_CORE -o Python/mysnprintf.o Python/mysnprintf.c
#7 188.0 gcc -pthread -c -Wno-unused-result -Wsign-compare -DNDEBUG -g -fwrapv -O3 -Wall    -fno-semantic-interposition -std=c99 -Wextra -Wno-unused-result -Wno-unused-parameter -Wno-missing-field-initializers -Werror=implicit-function-declaration -fvisibility=hidden -fprofile-use -fprofile-correction -I./Include/internal  -I. -I./Include    -DPy_BUILD_CORE -o Python/mystrtoul.o Python/mystrtoul.c
#7 188.0 gcc -pthread -c -Wno-unused-result -Wsign-compare -DNDEBUG -g -fwrapv -O3 -Wall    -fno-semantic-interposition -std=c99 -Wextra -Wno-unused-result -Wno-unused-parameter -Wno-missing-field-initializers -Werror=implicit-function-declaration -fvisibility=hidden -fprofile-use -fprofile-correction -I./Include/internal  -I. -I./Include    -DPy_BUILD_CORE -o Python/pathconfig.o Python/pathconfig.c
#7 188.0 gcc -pthread -c -Wno-unused-result -Wsign-compare -DNDEBUG -g -fwrapv -O3 -Wall    -fno-semantic-interposition -std=c99 -Wextra -Wno-unused-result -Wno-unused-parameter -Wno-missing-field-initializers -Werror=implicit-function-declaration -fvisibility=hidden -fprofile-use -fprofile-correction -I./Include/internal  -I. -I./Include    -DPy_BUILD_CORE -o Python/preconfig.o Python/preconfig.c
#7 188.1 gcc -pthread -c -Wno-unused-result -Wsign-compare -DNDEBUG -g -fwrapv -O3 -Wall    -fno-semantic-interposition -std=c99 -Wextra -Wno-unused-result -Wno-unused-parameter -Wno-missing-field-initializers -Werror=implicit-function-declaration -fvisibility=hidden -fprofile-use -fprofile-correction -I./Include/internal  -I. -I./Include    -DPy_BUILD_CORE -o Python/pyarena.o Python/pyarena.c
#7 188.2 gcc -pthread -c -Wno-unused-result -Wsign-compare -DNDEBUG -g -fwrapv -O3 -Wall    -fno-semantic-interposition -std=c99 -Wextra -Wno-unused-result -Wno-unused-parameter -Wno-missing-field-initializers -Werror=implicit-function-declaration -fvisibility=hidden -fprofile-use -fprofile-correction -I./Include/internal  -I. -I./Include    -DPy_BUILD_CORE -o Python/pyctype.o Python/pyctype.c
#7 188.2 gcc -pthread -c -Wno-unused-result -Wsign-compare -DNDEBUG -g -fwrapv -O3 -Wall    -fno-semantic-interposition -std=c99 -Wextra -Wno-unused-result -Wno-unused-parameter -Wno-missing-field-initializers -Werror=implicit-function-declaration -fvisibility=hidden -fprofile-use -fprofile-correction -I./Include/internal  -I. -I./Include    -DPy_BUILD_CORE -o Python/pyfpe.o Python/pyfpe.c
#7 188.2 Python/pyfpe.c: In function 'PyFPE_dummy':
#7 188.2 Python/pyfpe.c:15:1: warning: '/Python-3.10.9/Python/pyfpe.gcda' profile count data file not found [-Wmissing-profile]
#7 188.2    15 | }
#7 188.2       | ^
#7 188.2 gcc -pthread -c -Wno-unused-result -Wsign-compare -DNDEBUG -g -fwrapv -O3 -Wall    -fno-semantic-interposition -std=c99 -Wextra -Wno-unused-result -Wno-unused-parameter -Wno-missing-field-initializers -Werror=implicit-function-declaration -fvisibility=hidden -fprofile-use -fprofile-correction -I./Include/internal  -I. -I./Include    -DPy_BUILD_CORE -o Python/pyhash.o Python/pyhash.c
#7 188.2 gcc -pthread -c -Wno-unused-result -Wsign-compare -DNDEBUG -g -fwrapv -O3 -Wall    -fno-semantic-interposition -std=c99 -Wextra -Wno-unused-result -Wno-unused-parameter -Wno-missing-field-initializers -Werror=implicit-function-declaration -fvisibility=hidden -fprofile-use -fprofile-correction -I./Include/internal  -I. -I./Include    -DPy_BUILD_CORE -o Python/pylifecycle.o Python/pylifecycle.c
#7 188.2 gcc -pthread -c -Wno-unused-result -Wsign-compare -DNDEBUG -g -fwrapv -O3 -Wall    -fno-semantic-interposition -std=c99 -Wextra -Wno-unused-result -Wno-unused-parameter -Wno-missing-field-initializers -Werror=implicit-function-declaration -fvisibility=hidden -fprofile-use -fprofile-correction -I./Include/internal  -I. -I./Include    -DPy_BUILD_CORE -o Python/pymath.o Python/pymath.c
#7 188.3 gcc -pthread -c -Wno-unused-result -Wsign-compare -DNDEBUG -g -fwrapv -O3 -Wall    -fno-semantic-interposition -std=c99 -Wextra -Wno-unused-result -Wno-unused-parameter -Wno-missing-field-initializers -Werror=implicit-function-declaration -fvisibility=hidden -fprofile-use -fprofile-correction -I./Include/internal  -I. -I./Include    -DPy_BUILD_CORE -o Python/pystate.o Python/pystate.c
#7 188.3 gcc -pthread -c -Wno-unused-result -Wsign-compare -DNDEBUG -g -fwrapv -O3 -Wall    -fno-semantic-interposition -std=c99 -Wextra -Wno-unused-result -Wno-unused-parameter -Wno-missing-field-initializers -Werror=implicit-function-declaration -fvisibility=hidden -fprofile-use -fprofile-correction -I./Include/internal  -I. -I./Include    -DPy_BUILD_CORE -o Python/pythonrun.o Python/pythonrun.c
#7 188.3 gcc -pthread -c -Wno-unused-result -Wsign-compare -DNDEBUG -g -fwrapv -O3 -Wall    -fno-semantic-interposition -std=c99 -Wextra -Wno-unused-result -Wno-unused-parameter -Wno-missing-field-initializers -Werror=implicit-function-declaration -fvisibility=hidden -fprofile-use -fprofile-correction -I./Include/internal  -I. -I./Include    -DPy_BUILD_CORE -o Python/pytime.o Python/pytime.c
#7 188.3 gcc -pthread -c -Wno-unused-result -Wsign-compare -DNDEBUG -g -fwrapv -O3 -Wall    -fno-semantic-interposition -std=c99 -Wextra -Wno-unused-result -Wno-unused-parameter -Wno-missing-field-initializers -Werror=implicit-function-declaration -fvisibility=hidden -fprofile-use -fprofile-correction -I./Include/internal  -I. -I./Include    -DPy_BUILD_CORE -o Python/bootstrap_hash.o Python/bootstrap_hash.c
#7 188.3 gcc -pthread -c -Wno-unused-result -Wsign-compare -DNDEBUG -g -fwrapv -O3 -Wall    -fno-semantic-interposition -std=c99 -Wextra -Wno-unused-result -Wno-unused-parameter -Wno-missing-field-initializers -Werror=implicit-function-declaration -fvisibility=hidden -fprofile-use -fprofile-correction -I./Include/internal  -I. -I./Include    -DPy_BUILD_CORE -o Python/structmember.o Python/structmember.c
#7 188.4 gcc -pthread -c -Wno-unused-result -Wsign-compare -DNDEBUG -g -fwrapv -O3 -Wall    -fno-semantic-interposition -std=c99 -Wextra -Wno-unused-result -Wno-unused-parameter -Wno-missing-field-initializers -Werror=implicit-function-declaration -fvisibility=hidden -fprofile-use -fprofile-correction -I./Include/internal  -I. -I./Include    -DPy_BUILD_CORE -o Python/symtable.o Python/symtable.c
#7 188.4 gcc -pthread -c -Wno-unused-result -Wsign-compare -DNDEBUG -g -fwrapv -O3 -Wall    -fno-semantic-interposition -std=c99 -Wextra -Wno-unused-result -Wno-unused-parameter -Wno-missing-field-initializers -Werror=implicit-function-declaration -fvisibility=hidden -fprofile-use -fprofile-correction -I./Include/internal  -I. -I./Include    -DPy_BUILD_CORE \
#7 188.4 	-DABIFLAGS='""' \
#7 188.4 	-DMULTIARCH=\"x86_64-linux-gnu\" \
#7 188.4 	-o Python/sysmodule.o ./Python/sysmodule.c
#7 188.4 gcc -pthread -c -Wno-unused-result -Wsign-compare -DNDEBUG -g -fwrapv -O3 -Wall    -fno-semantic-interposition -std=c99 -Wextra -Wno-unused-result -Wno-unused-parameter -Wno-missing-field-initializers -Werror=implicit-function-declaration -fvisibility=hidden -fprofile-use -fprofile-correction -I./Include/internal  -I. -I./Include    -DPy_BUILD_CORE -o Python/thread.o Python/thread.c
#7 188.5 gcc -pthread -c -Wno-unused-result -Wsign-compare -DNDEBUG -g -fwrapv -O3 -Wall    -fno-semantic-interposition -std=c99 -Wextra -Wno-unused-result -Wno-unused-parameter -Wno-missing-field-initializers -Werror=implicit-function-declaration -fvisibility=hidden -fprofile-use -fprofile-correction -I./Include/internal  -I. -I./Include    -DPy_BUILD_CORE -o Python/traceback.o Python/traceback.c
#7 188.5 gcc -pthread -c -Wno-unused-result -Wsign-compare -DNDEBUG -g -fwrapv -O3 -Wall    -fno-semantic-interposition -std=c99 -Wextra -Wno-unused-result -Wno-unused-parameter -Wno-missing-field-initializers -Werror=implicit-function-declaration -fvisibility=hidden -fprofile-use -fprofile-correction -I./Include/internal  -I. -I./Include    -DPy_BUILD_CORE -o Python/getopt.o Python/getopt.c
#7 188.6 gcc -pthread -c -Wno-unused-result -Wsign-compare -DNDEBUG -g -fwrapv -O3 -Wall    -fno-semantic-interposition -std=c99 -Wextra -Wno-unused-result -Wno-unused-parameter -Wno-missing-field-initializers -Werror=implicit-function-declaration -fvisibility=hidden -fprofile-use -fprofile-correction -I./Include/internal  -I. -I./Include    -DPy_BUILD_CORE -o Python/pystrcmp.o Python/pystrcmp.c
#7 188.6 gcc -pthread -c -Wno-unused-result -Wsign-compare -DNDEBUG -g -fwrapv -O3 -Wall    -fno-semantic-interposition -std=c99 -Wextra -Wno-unused-result -Wno-unused-parameter -Wno-missing-field-initializers -Werror=implicit-function-declaration -fvisibility=hidden -fprofile-use -fprofile-correction -I./Include/internal  -I. -I./Include    -DPy_BUILD_CORE -o Python/pystrtod.o Python/pystrtod.c
#7 188.6 gcc -pthread -c -Wno-unused-result -Wsign-compare -DNDEBUG -g -fwrapv -O3 -Wall    -fno-semantic-interposition -std=c99 -Wextra -Wno-unused-result -Wno-unused-parameter -Wno-missing-field-initializers -Werror=implicit-function-declaration -fvisibility=hidden -fprofile-use -fprofile-correction -I./Include/internal  -I. -I./Include    -DPy_BUILD_CORE -o Python/pystrhex.o Python/pystrhex.c
#7 188.7 gcc -pthread -c -Wno-unused-result -Wsign-compare -DNDEBUG -g -fwrapv -O3 -Wall    -fno-semantic-interposition -std=c99 -Wextra -Wno-unused-result -Wno-unused-parameter -Wno-missing-field-initializers -Werror=implicit-function-declaration -fvisibility=hidden -fprofile-use -fprofile-correction -I./Include/internal  -I. -I./Include    -DPy_BUILD_CORE  -o Python/dtoa.o Python/dtoa.c
#7 188.7 gcc -pthread -c -Wno-unused-result -Wsign-compare -DNDEBUG -g -fwrapv -O3 -Wall    -fno-semantic-interposition -std=c99 -Wextra -Wno-unused-result -Wno-unused-parameter -Wno-missing-field-initializers -Werror=implicit-function-declaration -fvisibility=hidden -fprofile-use -fprofile-correction -I./Include/internal  -I. -I./Include    -DPy_BUILD_CORE -o Python/formatter_unicode.o Python/formatter_unicode.c
#7 188.8 gcc -pthread -c -Wno-unused-result -Wsign-compare -DNDEBUG -g -fwrapv -O3 -Wall    -fno-semantic-interposition -std=c99 -Wextra -Wno-unused-result -Wno-unused-parameter -Wno-missing-field-initializers -Werror=implicit-function-declaration -fvisibility=hidden -fprofile-use -fprofile-correction -I./Include/internal  -I. -I./Include    -DPy_BUILD_CORE -o Python/fileutils.o Python/fileutils.c
#7 188.8 gcc -pthread -c -Wno-unused-result -Wsign-compare -DNDEBUG -g -fwrapv -O3 -Wall    -fno-semantic-interposition -std=c99 -Wextra -Wno-unused-result -Wno-unused-parameter -Wno-missing-field-initializers -Werror=implicit-function-declaration -fvisibility=hidden -fprofile-use -fprofile-correction -I./Include/internal  -I. -I./Include    -DPy_BUILD_CORE -o Python/suggestions.o Python/suggestions.c
#7 188.8 gcc -pthread -c -Wno-unused-result -Wsign-compare -DNDEBUG -g -fwrapv -O3 -Wall    -fno-semantic-interposition -std=c99 -Wextra -Wno-unused-result -Wno-unused-parameter -Wno-missing-field-initializers -Werror=implicit-function-declaration -fvisibility=hidden -fprofile-use -fprofile-correction -I./Include/internal  -I. -I./Include    -DPy_BUILD_CORE \
#7 188.8 	-DSOABI='"cpython-310-x86_64-linux-gnu"' \
#7 188.8 	-o Python/dynload_shlib.o ./Python/dynload_shlib.c
#7 188.9 gcc -pthread -c -Wno-unused-result -Wsign-compare -DNDEBUG -g -fwrapv -O3 -Wall    -fno-semantic-interposition -std=c99 -Wextra -Wno-unused-result -Wno-unused-parameter -Wno-missing-field-initializers -Werror=implicit-function-declaration -fvisibility=hidden -fprofile-use -fprofile-correction -I./Include/internal  -I. -I./Include    -DPy_BUILD_CORE -o Modules/config.o Modules/config.c
#7 188.9 gcc -pthread -c -Wno-unused-result -Wsign-compare -DNDEBUG -g -fwrapv -O3 -Wall    -fno-semantic-interposition -std=c99 -Wextra -Wno-unused-result -Wno-unused-parameter -Wno-missing-field-initializers -Werror=implicit-function-declaration -fvisibility=hidden -fprofile-use -fprofile-correction -I./Include/internal  -I. -I./Include    -DPy_BUILD_CORE -DPYTHONPATH='""' \
#7 188.9 	-DPREFIX='"/usr/local"' \
#7 188.9 	-DEXEC_PREFIX='"/usr/local"' \
#7 188.9 	-DVERSION='"3.10"' \
#7 188.9 	-DVPATH='""' \
#7 188.9 	-o Modules/getpath.o ./Modules/getpath.c
#7 188.9 gcc -pthread -c -Wno-unused-result -Wsign-compare -DNDEBUG -g -fwrapv -O3 -Wall    -fno-semantic-interposition -std=c99 -Wextra -Wno-unused-result -Wno-unused-parameter -Wno-missing-field-initializers -Werror=implicit-function-declaration -fvisibility=hidden -fprofile-use -fprofile-correction -I./Include/internal  -I. -I./Include    -DPy_BUILD_CORE -o Modules/main.o Modules/main.c
#7 188.9 gcc -pthread -c -Wno-unused-result -Wsign-compare -DNDEBUG -g -fwrapv -O3 -Wall    -fno-semantic-interposition -std=c99 -Wextra -Wno-unused-result -Wno-unused-parameter -Wno-missing-field-initializers -Werror=implicit-function-declaration -fvisibility=hidden -fprofile-use -fprofile-correction -I./Include/internal  -I. -I./Include    -DPy_BUILD_CORE -o Modules/gcmodule.o Modules/gcmodule.c
#7 188.9 gcc -pthread -Wno-unused-result -Wsign-compare -DNDEBUG -g -fwrapv -O3 -Wall    -fno-semantic-interposition -std=c99 -Wextra -Wno-unused-result -Wno-unused-parameter -Wno-missing-field-initializers -Werror=implicit-function-declaration -fvisibility=hidden -fprofile-use -fprofile-correction -I./Include/internal  -I. -I./Include    -DPy_BUILD_CORE_BUILTIN  -DPy_BUILD_CORE_BUILTIN -I./Include/internal -c ./Modules/posixmodule.c -o Modules/posixmodule.o
#7 188.9 gcc -pthread -Wno-unused-result -Wsign-compare -DNDEBUG -g -fwrapv -O3 -Wall    -fno-semantic-interposition -std=c99 -Wextra -Wno-unused-result -Wno-unused-parameter -Wno-missing-field-initializers -Werror=implicit-function-declaration -fvisibility=hidden -fprofile-use -fprofile-correction -I./Include/internal  -I. -I./Include    -DPy_BUILD_CORE_BUILTIN  -c ./Modules/errnomodule.c -o Modules/errnomodule.o
#7 189.0 gcc -pthread -Wno-unused-result -Wsign-compare -DNDEBUG -g -fwrapv -O3 -Wall    -fno-semantic-interposition -std=c99 -Wextra -Wno-unused-result -Wno-unused-parameter -Wno-missing-field-initializers -Werror=implicit-function-declaration -fvisibility=hidden -fprofile-use -fprofile-correction -I./Include/internal  -I. -I./Include    -DPy_BUILD_CORE_BUILTIN  -c ./Modules/pwdmodule.c -o Modules/pwdmodule.o
#7 189.0 gcc -pthread -Wno-unused-result -Wsign-compare -DNDEBUG -g -fwrapv -O3 -Wall    -fno-semantic-interposition -std=c99 -Wextra -Wno-unused-result -Wno-unused-parameter -Wno-missing-field-initializers -Werror=implicit-function-declaration -fvisibility=hidden -fprofile-use -fprofile-correction -I./Include/internal  -I. -I./Include    -DPy_BUILD_CORE_BUILTIN  -DPy_BUILD_CORE_BUILTIN -c ./Modules/_sre.c -o Modules/_sre.o
#7 189.0 gcc -pthread -Wno-unused-result -Wsign-compare -DNDEBUG -g -fwrapv -O3 -Wall    -fno-semantic-interposition -std=c99 -Wextra -Wno-unused-result -Wno-unused-parameter -Wno-missing-field-initializers -Werror=implicit-function-declaration -fvisibility=hidden -fprofile-use -fprofile-correction -I./Include/internal  -I. -I./Include    -DPy_BUILD_CORE_BUILTIN  -c ./Modules/_codecsmodule.c -o Modules/_codecsmodule.o
#7 189.0 gcc -pthread -Wno-unused-result -Wsign-compare -DNDEBUG -g -fwrapv -O3 -Wall    -fno-semantic-interposition -std=c99 -Wextra -Wno-unused-result -Wno-unused-parameter -Wno-missing-field-initializers -Werror=implicit-function-declaration -fvisibility=hidden -fprofile-use -fprofile-correction -I./Include/internal  -I. -I./Include    -DPy_BUILD_CORE_BUILTIN  -c ./Modules/_weakref.c -o Modules/_weakref.o
#7 189.1 gcc -pthread -Wno-unused-result -Wsign-compare -DNDEBUG -g -fwrapv -O3 -Wall    -fno-semantic-interposition -std=c99 -Wextra -Wno-unused-result -Wno-unused-parameter -Wno-missing-field-initializers -Werror=implicit-function-declaration -fvisibility=hidden -fprofile-use -fprofile-correction -I./Include/internal  -I. -I./Include    -DPy_BUILD_CORE_BUILTIN  -DPy_BUILD_CORE_BUILTIN -I./Include/internal -c ./Modules/_functoolsmodule.c -o Modules/_functoolsmodule.o
#7 189.2 gcc -pthread -Wno-unused-result -Wsign-compare -DNDEBUG -g -fwrapv -O3 -Wall    -fno-semantic-interposition -std=c99 -Wextra -Wno-unused-result -Wno-unused-parameter -Wno-missing-field-initializers -Werror=implicit-function-declaration -fvisibility=hidden -fprofile-use -fprofile-correction -I./Include/internal  -I. -I./Include    -DPy_BUILD_CORE_BUILTIN  -DPy_BUILD_CORE_BUILTIN -c ./Modules/_operator.c -o Modules/_operator.o
#7 189.2 gcc -pthread -Wno-unused-result -Wsign-compare -DNDEBUG -g -fwrapv -O3 -Wall    -fno-semantic-interposition -std=c99 -Wextra -Wno-unused-result -Wno-unused-parameter -Wno-missing-field-initializers -Werror=implicit-function-declaration -fvisibility=hidden -fprofile-use -fprofile-correction -I./Include/internal  -I. -I./Include    -DPy_BUILD_CORE_BUILTIN  -c ./Modules/_collectionsmodule.c -o Modules/_collectionsmodule.o
#7 189.2 gcc -pthread -Wno-unused-result -Wsign-compare -DNDEBUG -g -fwrapv -O3 -Wall    -fno-semantic-interposition -std=c99 -Wextra -Wno-unused-result -Wno-unused-parameter -Wno-missing-field-initializers -Werror=implicit-function-declaration -fvisibility=hidden -fprofile-use -fprofile-correction -I./Include/internal  -I. -I./Include    -DPy_BUILD_CORE_BUILTIN  -DPy_BUILD_CORE_BUILTIN -c ./Modules/_abc.c -o Modules/_abc.o
#7 189.2 gcc -pthread -Wno-unused-result -Wsign-compare -DNDEBUG -g -fwrapv -O3 -Wall    -fno-semantic-interposition -std=c99 -Wextra -Wno-unused-result -Wno-unused-parameter -Wno-missing-field-initializers -Werror=implicit-function-declaration -fvisibility=hidden -fprofile-use -fprofile-correction -I./Include/internal  -I. -I./Include    -DPy_BUILD_CORE_BUILTIN  -c ./Modules/itertoolsmodule.c -o Modules/itertoolsmodule.o
#7 189.3 gcc -pthread -Wno-unused-result -Wsign-compare -DNDEBUG -g -fwrapv -O3 -Wall    -fno-semantic-interposition -std=c99 -Wextra -Wno-unused-result -Wno-unused-parameter -Wno-missing-field-initializers -Werror=implicit-function-declaration -fvisibility=hidden -fprofile-use -fprofile-correction -I./Include/internal  -I. -I./Include    -DPy_BUILD_CORE_BUILTIN  -c ./Modules/atexitmodule.c -o Modules/atexitmodule.o
#7 189.3 gcc -pthread -Wno-unused-result -Wsign-compare -DNDEBUG -g -fwrapv -O3 -Wall    -fno-semantic-interposition -std=c99 -Wextra -Wno-unused-result -Wno-unused-parameter -Wno-missing-field-initializers -Werror=implicit-function-declaration -fvisibility=hidden -fprofile-use -fprofile-correction -I./Include/internal  -I. -I./Include    -DPy_BUILD_CORE_BUILTIN  -DPy_BUILD_CORE_BUILTIN -I./Include/internal -c ./Modules/signalmodule.c -o Modules/signalmodule.o
#7 189.4 gcc -pthread -Wno-unused-result -Wsign-compare -DNDEBUG -g -fwrapv -O3 -Wall    -fno-semantic-interposition -std=c99 -Wextra -Wno-unused-result -Wno-unused-parameter -Wno-missing-field-initializers -Werror=implicit-function-declaration -fvisibility=hidden -fprofile-use -fprofile-correction -I./Include/internal  -I. -I./Include    -DPy_BUILD_CORE_BUILTIN  -c ./Modules/_stat.c -o Modules/_stat.o
#7 189.5 gcc -pthread -Wno-unused-result -Wsign-compare -DNDEBUG -g -fwrapv -O3 -Wall    -fno-semantic-interposition -std=c99 -Wextra -Wno-unused-result -Wno-unused-parameter -Wno-missing-field-initializers -Werror=implicit-function-declaration -fvisibility=hidden -fprofile-use -fprofile-correction -I./Include/internal  -I. -I./Include    -DPy_BUILD_CORE_BUILTIN  -DPy_BUILD_CORE_BUILTIN -I./Include/internal -c ./Modules/timemodule.c -o Modules/timemodule.o
#7 189.5 gcc -pthread -Wno-unused-result -Wsign-compare -DNDEBUG -g -fwrapv -O3 -Wall    -fno-semantic-interposition -std=c99 -Wextra -Wno-unused-result -Wno-unused-parameter -Wno-missing-field-initializers -Werror=implicit-function-declaration -fvisibility=hidden -fprofile-use -fprofile-correction -I./Include/internal  -I. -I./Include    -DPy_BUILD_CORE_BUILTIN  -DPy_BUILD_CORE_BUILTIN -I./Include/internal -c ./Modules/_threadmodule.c -o Modules/_threadmodule.o
#7 189.5 gcc -pthread -Wno-unused-result -Wsign-compare -DNDEBUG -g -fwrapv -O3 -Wall    -fno-semantic-interposition -std=c99 -Wextra -Wno-unused-result -Wno-unused-parameter -Wno-missing-field-initializers -Werror=implicit-function-declaration -fvisibility=hidden -fprofile-use -fprofile-correction -I./Include/internal  -I. -I./Include    -DPy_BUILD_CORE_BUILTIN  -DPy_BUILD_CORE_BUILTIN -c ./Modules/_localemodule.c -o Modules/_localemodule.o
#7 189.5 gcc -pthread -Wno-unused-result -Wsign-compare -DNDEBUG -g -fwrapv -O3 -Wall    -fno-semantic-interposition -std=c99 -Wextra -Wno-unused-result -Wno-unused-parameter -Wno-missing-field-initializers -Werror=implicit-function-declaration -fvisibility=hidden -fprofile-use -fprofile-correction -I./Include/internal  -I. -I./Include    -DPy_BUILD_CORE_BUILTIN  -DPy_BUILD_CORE_BUILTIN -I./Include/internal -I./Modules/_io -c ./Modules/_io/_iomodule.c -o Modules/_iomodule.o
#7 189.6 gcc -pthread -Wno-unused-result -Wsign-compare -DNDEBUG -g -fwrapv -O3 -Wall    -fno-semantic-interposition -std=c99 -Wextra -Wno-unused-result -Wno-unused-parameter -Wno-missing-field-initializers -Werror=implicit-function-declaration -fvisibility=hidden -fprofile-use -fprofile-correction -I./Include/internal  -I. -I./Include    -DPy_BUILD_CORE_BUILTIN  -DPy_BUILD_CORE_BUILTIN -I./Include/internal -I./Modules/_io -c ./Modules/_io/iobase.c -o Modules/iobase.o
#7 189.6 gcc -pthread -Wno-unused-result -Wsign-compare -DNDEBUG -g -fwrapv -O3 -Wall    -fno-semantic-interposition -std=c99 -Wextra -Wno-unused-result -Wno-unused-parameter -Wno-missing-field-initializers -Werror=implicit-function-declaration -fvisibility=hidden -fprofile-use -fprofile-correction -I./Include/internal  -I. -I./Include    -DPy_BUILD_CORE_BUILTIN  -DPy_BUILD_CORE_BUILTIN -I./Include/internal -I./Modules/_io -c ./Modules/_io/fileio.c -o Modules/fileio.o
#7 189.6 gcc -pthread -Wno-unused-result -Wsign-compare -DNDEBUG -g -fwrapv -O3 -Wall    -fno-semantic-interposition -std=c99 -Wextra -Wno-unused-result -Wno-unused-parameter -Wno-missing-field-initializers -Werror=implicit-function-declaration -fvisibility=hidden -fprofile-use -fprofile-correction -I./Include/internal  -I. -I./Include    -DPy_BUILD_CORE_BUILTIN  -DPy_BUILD_CORE_BUILTIN -I./Include/internal -I./Modules/_io -c ./Modules/_io/bytesio.c -o Modules/bytesio.o
#7 189.6 gcc -pthread -Wno-unused-result -Wsign-compare -DNDEBUG -g -fwrapv -O3 -Wall    -fno-semantic-interposition -std=c99 -Wextra -Wno-unused-result -Wno-unused-parameter -Wno-missing-field-initializers -Werror=implicit-function-declaration -fvisibility=hidden -fprofile-use -fprofile-correction -I./Include/internal  -I. -I./Include    -DPy_BUILD_CORE_BUILTIN  -DPy_BUILD_CORE_BUILTIN -I./Include/internal -I./Modules/_io -c ./Modules/_io/bufferedio.c -o Modules/bufferedio.o
#7 189.7 gcc -pthread -Wno-unused-result -Wsign-compare -DNDEBUG -g -fwrapv -O3 -Wall    -fno-semantic-interposition -std=c99 -Wextra -Wno-unused-result -Wno-unused-parameter -Wno-missing-field-initializers -Werror=implicit-function-declaration -fvisibility=hidden -fprofile-use -fprofile-correction -I./Include/internal  -I. -I./Include    -DPy_BUILD_CORE_BUILTIN  -DPy_BUILD_CORE_BUILTIN -I./Include/internal -I./Modules/_io -c ./Modules/_io/textio.c -o Modules/textio.o
#7 189.7 gcc -pthread -Wno-unused-result -Wsign-compare -DNDEBUG -g -fwrapv -O3 -Wall    -fno-semantic-interposition -std=c99 -Wextra -Wno-unused-result -Wno-unused-parameter -Wno-missing-field-initializers -Werror=implicit-function-declaration -fvisibility=hidden -fprofile-use -fprofile-correction -I./Include/internal  -I. -I./Include    -DPy_BUILD_CORE_BUILTIN  -DPy_BUILD_CORE_BUILTIN -I./Include/internal -I./Modules/_io -c ./Modules/_io/stringio.c -o Modules/stringio.o
#7 189.8 gcc -pthread -Wno-unused-result -Wsign-compare -DNDEBUG -g -fwrapv -O3 -Wall    -fno-semantic-interposition -std=c99 -Wextra -Wno-unused-result -Wno-unused-parameter -Wno-missing-field-initializers -Werror=implicit-function-declaration -fvisibility=hidden -fprofile-use -fprofile-correction -I./Include/internal  -I. -I./Include    -DPy_BUILD_CORE_BUILTIN  -c ./Modules/faulthandler.c -o Modules/faulthandler.o
#7 189.8 gcc -pthread -Wno-unused-result -Wsign-compare -DNDEBUG -g -fwrapv -O3 -Wall    -fno-semantic-interposition -std=c99 -Wextra -Wno-unused-result -Wno-unused-parameter -Wno-missing-field-initializers -Werror=implicit-function-declaration -fvisibility=hidden -fprofile-use -fprofile-correction -I./Include/internal  -I. -I./Include    -DPy_BUILD_CORE_BUILTIN  -c ./Modules/_tracemalloc.c -o Modules/_tracemalloc.o
#7 189.8 gcc -pthread -Wno-unused-result -Wsign-compare -DNDEBUG -g -fwrapv -O3 -Wall    -fno-semantic-interposition -std=c99 -Wextra -Wno-unused-result -Wno-unused-parameter -Wno-missing-field-initializers -Werror=implicit-function-declaration -fvisibility=hidden -fprofile-use -fprofile-correction -I./Include/internal  -I. -I./Include    -DPy_BUILD_CORE_BUILTIN  -c ./Modules/symtablemodule.c -o Modules/symtablemodule.o
#7 189.9 gcc -pthread -Wno-unused-result -Wsign-compare -DNDEBUG -g -fwrapv -O3 -Wall    -fno-semantic-interposition -std=c99 -Wextra -Wno-unused-result -Wno-unused-parameter -Wno-missing-field-initializers -Werror=implicit-function-declaration -fvisibility=hidden -fprofile-use -fprofile-correction -I./Include/internal  -I. -I./Include    -DPy_BUILD_CORE_BUILTIN  -c ./Modules/xxsubtype.c -o Modules/xxsubtype.o
#7 189.9 gcc -pthread -c -Wno-unused-result -Wsign-compare -DNDEBUG -g -fwrapv -O3 -Wall    -fno-semantic-interposition -std=c99 -Wextra -Wno-unused-result -Wno-unused-parameter -Wno-missing-field-initializers -Werror=implicit-function-declaration -fvisibility=hidden -fprofile-use -fprofile-correction -I./Include/internal  -I. -I./Include    -DPy_BUILD_CORE -o Python/frozen.o Python/frozen.c
#7 189.9 gcc -pthread -c -fPIC -Wno-unused-result -Wsign-compare -DNDEBUG -g -fwrapv -O3 -Wall    -fno-semantic-interposition -std=c99 -Wextra -Wno-unused-result -Wno-unused-parameter -Wno-missing-field-initializers -Werror=implicit-function-declaration -fvisibility=hidden -fprofile-use -fprofile-correction -I./Include/internal  -I. -I./Include    -DPy_BUILD_CORE -o Modules/_math.o Modules/_math.c
#7 189.9 gcc -pthread -c -Wno-unused-result -Wsign-compare -DNDEBUG -g -fwrapv -O3 -Wall    -fno-semantic-interposition -std=c99 -Wextra -Wno-unused-result -Wno-unused-parameter -Wno-missing-field-initializers -Werror=implicit-function-declaration -fvisibility=hidden -fprofile-use -fprofile-correction -I./Include/internal  -I. -I./Include    -DPy_BUILD_CORE -o Programs/_testembed.o ./Programs/_testembed.c
#7 195.1 gcc -pthread -c -Wno-unused-result -Wsign-compare -DNDEBUG -g -fwrapv -O3 -Wall    -fno-semantic-interposition -std=c99 -Wextra -Wno-unused-result -Wno-unused-parameter -Wno-missing-field-initializers -Werror=implicit-function-declaration -fvisibility=hidden -fprofile-use -fprofile-correction -I./Include/internal  -I. -I./Include    -DPy_BUILD_CORE \
#7 195.1       -DGITVERSION="\"`LC_ALL=C `\"" \
#7 195.1       -DGITTAG="\"`LC_ALL=C `\"" \
#7 195.1       -DGITBRANCH="\"`LC_ALL=C `\"" \
#7 195.1       -o Modules/getbuildinfo.o ./Modules/getbuildinfo.c
#7 195.1 rm -f libpython3.10.a
#7 195.1 ar rcs libpython3.10.a Modules/getbuildinfo.o Parser/token.o  Parser/pegen.o Parser/parser.o Parser/string_parser.o Parser/peg_api.o Parser/myreadline.o Parser/tokenizer.o Objects/abstract.o Objects/accu.o Objects/boolobject.o Objects/bytes_methods.o Objects/bytearrayobject.o Objects/bytesobject.o Objects/call.o Objects/capsule.o Objects/cellobject.o Objects/classobject.o Objects/codeobject.o Objects/complexobject.o Objects/descrobject.o Objects/enumobject.o Objects/exceptions.o Objects/genericaliasobject.o Objects/genobject.o Objects/fileobject.o Objects/floatobject.o Objects/frameobject.o Objects/funcobject.o Objects/interpreteridobject.o Objects/iterobject.o Objects/listobject.o Objects/longobject.o Objects/dictobject.o Objects/odictobject.o Objects/memoryobject.o Objects/methodobject.o Objects/moduleobject.o Objects/namespaceobject.o Objects/object.o Objects/obmalloc.o Objects/picklebufobject.o Objects/rangeobject.o Objects/setobject.o Objects/sliceobject.o Objects/structseq.o Objects/tupleobject.o Objects/typeobject.o Objects/unicodeobject.o Objects/unicodectype.o Objects/unionobject.o Objects/weakrefobject.o Python/_warnings.o Python/Python-ast.o Python/asdl.o Python/ast.o Python/ast_opt.o Python/ast_unparse.o Python/bltinmodule.o Python/ceval.o Python/codecs.o Python/compile.o Python/context.o Python/dynamic_annotations.o Python/errors.o Python/frozenmain.o Python/future.o Python/getargs.o Python/getcompiler.o Python/getcopyright.o Python/getplatform.o Python/getversion.o Python/hamt.o Python/hashtable.o Python/import.o Python/importdl.o Python/initconfig.o Python/marshal.o Python/modsupport.o Python/mysnprintf.o Python/mystrtoul.o Python/pathconfig.o Python/preconfig.o Python/pyarena.o Python/pyctype.o Python/pyfpe.o Python/pyhash.o Python/pylifecycle.o Python/pymath.o Python/pystate.o Python/pythonrun.o Python/pytime.o Python/bootstrap_hash.o Python/structmember.o Python/symtable.o Python/sysmodule.o Python/thread.o Python/traceback.o Python/getopt.o Python/pystrcmp.o Python/pystrtod.o Python/pystrhex.o Python/dtoa.o Python/formatter_unicode.o Python/fileutils.o Python/suggestions.o Python/dynload_shlib.o    Modules/config.o Modules/getpath.o Modules/main.o Modules/gcmodule.o Modules/posixmodule.o  Modules/errnomodule.o  Modules/pwdmodule.o  Modules/_sre.o  Modules/_codecsmodule.o  Modules/_weakref.o  Modules/_functoolsmodule.o  Modules/_operator.o  Modules/_collectionsmodule.o  Modules/_abc.o  Modules/itertoolsmodule.o  Modules/atexitmodule.o  Modules/signalmodule.o  Modules/_stat.o  Modules/timemodule.o  Modules/_threadmodule.o  Modules/_localemodule.o  Modules/_iomodule.o Modules/iobase.o Modules/fileio.o Modules/bytesio.o Modules/bufferedio.o Modules/textio.o Modules/stringio.o  Modules/faulthandler.o  Modules/_tracemalloc.o  Modules/symtablemodule.o  Modules/xxsubtype.o Python/frozen.o
#7 195.2 gcc -pthread   -fno-semantic-interposition  -Xlinker -export-dynamic -o python Programs/python.o libpython3.10.a -lcrypt -lpthread -ldl  -lutil -lm   -lm 
#7 195.2 gcc -pthread   -fno-semantic-interposition  -Xlinker -export-dynamic -o Programs/_testembed Programs/_testembed.o libpython3.10.a -lcrypt -lpthread -ldl  -lutil -lm   -lm 
#7 195.3 ./python -E -S -m sysconfig --generate-posix-vars ;\
#7 195.3 if test $? -ne 0 ; then \
#7 195.3 	echo "generate-posix-vars failed" ; \
#7 195.3 	rm -f ./pybuilddir.txt ; \
#7 195.3 	exit 1 ; \
#7 195.3 fi
#7 195.4  CC='gcc -pthread' LDSHARED='gcc -pthread -shared   -fno-semantic-interposition ' OPT='-DNDEBUG -g -fwrapv -O3 -Wall' 	_TCLTK_INCLUDES='' _TCLTK_LIBS='' 	./python -E ./setup.py  build
#7 195.5 running build
#7 195.5 running build_ext
#7 195.5 INFO: Can't locate Tcl/Tk libs and/or headers
#7 195.6 building '_struct' extension
#7 195.6 gcc -pthread -fPIC -Wno-unused-result -Wsign-compare -DNDEBUG -g -fwrapv -O3 -Wall -fno-semantic-interposition -std=c99 -Wextra -Wno-unused-result -Wno-unused-parameter -Wno-missing-field-initializers -Werror=implicit-function-declaration -fvisibility=hidden -fprofile-use -fprofile-correction -I./Include/internal -I./Include -I. -I/usr/include/x86_64-linux-gnu -I/usr/local/include -I/Python-3.10.9/Include -I/Python-3.10.9 -c /Python-3.10.9/Modules/_struct.c -o build/temp.linux-x86_64-3.10/Python-3.10.9/Modules/_struct.o -DPy_BUILD_CORE_MODULE
#7 195.6 building 'array' extension
#7 195.6 gcc -pthread -fPIC -Wno-unused-result -Wsign-compare -DNDEBUG -g -fwrapv -O3 -Wall -fno-semantic-interposition -std=c99 -Wextra -Wno-unused-result -Wno-unused-parameter -Wno-missing-field-initializers -Werror=implicit-function-declaration -fvisibility=hidden -fprofile-use -fprofile-correction -I./Include/internal -I./Include -I. -I/usr/include/x86_64-linux-gnu -I/usr/local/include -I/Python-3.10.9/Include -I/Python-3.10.9 -c /Python-3.10.9/Modules/arraymodule.c -o build/temp.linux-x86_64-3.10/Python-3.10.9/Modules/arraymodule.o -DPy_BUILD_CORE_MODULE
#7 195.6 building 'math' extension
#7 195.6 gcc -pthread -fPIC -Wno-unused-result -Wsign-compare -DNDEBUG -g -fwrapv -O3 -Wall -fno-semantic-interposition -std=c99 -Wextra -Wno-unused-result -Wno-unused-parameter -Wno-missing-field-initializers -Werror=implicit-function-declaration -fvisibility=hidden -fprofile-use -fprofile-correction -I./Include/internal -I./Include -I. -I/usr/include/x86_64-linux-gnu -I/usr/local/include -I/Python-3.10.9/Include -I/Python-3.10.9 -c /Python-3.10.9/Modules/mathmodule.c -o build/temp.linux-x86_64-3.10/Python-3.10.9/Modules/mathmodule.o -DPy_BUILD_CORE_MODULE
#7 195.6 building '_contextvars' extension
#7 195.6 gcc -pthread -fPIC -Wno-unused-result -Wsign-compare -DNDEBUG -g -fwrapv -O3 -Wall -fno-semantic-interposition -std=c99 -Wextra -Wno-unused-result -Wno-unused-parameter -Wno-missing-field-initializers -Werror=implicit-function-declaration -fvisibility=hidden -fprofile-use -fprofile-correction -I./Include/internal -I./Include -I. -I/usr/include/x86_64-linux-gnu -I/usr/local/include -I/Python-3.10.9/Include -I/Python-3.10.9 -c /Python-3.10.9/Modules/_contextvarsmodule.c -o build/temp.linux-x86_64-3.10/Python-3.10.9/Modules/_contextvarsmodule.o
#7 195.6 building '_datetime' extension
#7 195.6 gcc -pthread -fPIC -Wno-unused-result -Wsign-compare -DNDEBUG -g -fwrapv -O3 -Wall -fno-semantic-interposition -std=c99 -Wextra -Wno-unused-result -Wno-unused-parameter -Wno-missing-field-initializers -Werror=implicit-function-declaration -fvisibility=hidden -fprofile-use -fprofile-correction -I./Include/internal -I./Include -I. -I/usr/include/x86_64-linux-gnu -I/usr/local/include -I/Python-3.10.9/Include -I/Python-3.10.9 -c /Python-3.10.9/Modules/_datetimemodule.c -o build/temp.linux-x86_64-3.10/Python-3.10.9/Modules/_datetimemodule.o -DPy_BUILD_CORE_MODULE
#7 195.6 building 'cmath' extension
#7 195.6 gcc -pthread -fPIC -Wno-unused-result -Wsign-compare -DNDEBUG -g -fwrapv -O3 -Wall -fno-semantic-interposition -std=c99 -Wextra -Wno-unused-result -Wno-unused-parameter -Wno-missing-field-initializers -Werror=implicit-function-declaration -fvisibility=hidden -fprofile-use -fprofile-correction -I./Include/internal -I./Include -I. -I/usr/include/x86_64-linux-gnu -I/usr/local/include -I/Python-3.10.9/Include -I/Python-3.10.9 -c /Python-3.10.9/Modules/cmathmodule.c -o build/temp.linux-x86_64-3.10/Python-3.10.9/Modules/cmathmodule.o -DPy_BUILD_CORE_MODULE
#7 195.6 building '_zoneinfo' extension
#7 195.6 building '_random' extension
#7 195.6 gcc -pthread -fPIC -Wno-unused-result -Wsign-compare -DNDEBUG -g -fwrapv -O3 -Wall -fno-semantic-interposition -std=c99 -Wextra -Wno-unused-result -Wno-unused-parameter -Wno-missing-field-initializers -Werror=implicit-function-declaration -fvisibility=hidden -fprofile-use -fprofile-correction -I./Include/internal -I./Include -I. -I/usr/include/x86_64-linux-gnu -I/usr/local/include -I/Python-3.10.9/Include -I/Python-3.10.9 -c /Python-3.10.9/Modules/_zoneinfo.c -o build/temp.linux-x86_64-3.10/Python-3.10.9/Modules/_zoneinfo.o -DPy_BUILD_CORE_MODULE
#7 195.6 gcc -pthread -fPIC -Wno-unused-result -Wsign-compare -DNDEBUG -g -fwrapv -O3 -Wall -fno-semantic-interposition -std=c99 -Wextra -Wno-unused-result -Wno-unused-parameter -Wno-missing-field-initializers -Werror=implicit-function-declaration -fvisibility=hidden -fprofile-use -fprofile-correction -I./Include/internal -I./Include -I. -I/usr/include/x86_64-linux-gnu -I/usr/local/include -I/Python-3.10.9/Include -I/Python-3.10.9 -c /Python-3.10.9/Modules/_randommodule.c -o build/temp.linux-x86_64-3.10/Python-3.10.9/Modules/_randommodule.o -DPy_BUILD_CORE_MODULE
#7 195.6 building '_heapq' extension
#7 195.6 building '_bisect' extension
#7 195.6 building '_lsprof' extension
#7 195.6 building '_json' extension
#7 195.6 building 'unicodedata' extension
#7 195.6 gcc -pthread -fPIC -Wno-unused-result -Wsign-compare -DNDEBUG -g -fwrapv -O3 -Wall -fno-semantic-interposition -std=c99 -Wextra -Wno-unused-result -Wno-unused-parameter -Wno-missing-field-initializers -Werror=implicit-function-declaration -fvisibility=hidden -fprofile-use -fprofile-correction -I./Include/internal -I./Include -I. -I/usr/include/x86_64-linux-gnu -I/usr/local/include -I/Python-3.10.9/Include -I/Python-3.10.9 -c /Python-3.10.9/Modules/_heapqmodule.c -o build/temp.linux-x86_64-3.10/Python-3.10.9/Modules/_heapqmodule.o -DPy_BUILD_CORE_MODULE
#7 195.6 building '_opcode' extension
#7 195.6 building '_asyncio' extension
#7 195.6 building '_queue' extension
#7 195.6 building '_statistics' extension
#7 195.6 building 'fcntl' extension
#7 195.6 gcc -pthread -fPIC -Wno-unused-result -Wsign-compare -DNDEBUG -g -fwrapv -O3 -Wall -fno-semantic-interposition -std=c99 -Wextra -Wno-unused-result -Wno-unused-parameter -Wno-missing-field-initializers -Werror=implicit-function-declaration -fvisibility=hidden -fprofile-use -fprofile-correction -I./Include/internal -I./Include -I. -I/usr/include/x86_64-linux-gnu -I/usr/local/include -I/Python-3.10.9/Include -I/Python-3.10.9 -c /Python-3.10.9/Modules/fcntlmodule.c -o build/temp.linux-x86_64-3.10/Python-3.10.9/Modules/fcntlmodule.o
#7 195.6 gcc -pthread -fPIC -Wno-unused-result -Wsign-compare -DNDEBUG -g -fwrapv -O3 -Wall -fno-semantic-interposition -std=c99 -Wextra -Wno-unused-result -Wno-unused-parameter -Wno-missing-field-initializers -Werror=implicit-function-declaration -fvisibility=hidden -fprofile-use -fprofile-correction -I./Include/internal -I./Include -I. -I/usr/include/x86_64-linux-gnu -I/usr/local/include -I/Python-3.10.9/Include -I/Python-3.10.9 -c /Python-3.10.9/Modules/_json.c -o build/temp.linux-x86_64-3.10/Python-3.10.9/Modules/_json.o -DPy_BUILD_CORE_MODULE
#7 195.6 gcc -pthread -fPIC -Wno-unused-result -Wsign-compare -DNDEBUG -g -fwrapv -O3 -Wall -fno-semantic-interposition -std=c99 -Wextra -Wno-unused-result -Wno-unused-parameter -Wno-missing-field-initializers -Werror=implicit-function-declaration -fvisibility=hidden -fprofile-use -fprofile-correction -I./Include/internal -I./Include -I. -I/usr/include/x86_64-linux-gnu -I/usr/local/include -I/Python-3.10.9/Include -I/Python-3.10.9 -c /Python-3.10.9/Modules/_asynciomodule.c -o build/temp.linux-x86_64-3.10/Python-3.10.9/Modules/_asynciomodule.o -DPy_BUILD_CORE_MODULE
#7 195.6 gcc -pthread -fPIC -Wno-unused-result -Wsign-compare -DNDEBUG -g -fwrapv -O3 -Wall -fno-semantic-interposition -std=c99 -Wextra -Wno-unused-result -Wno-unused-parameter -Wno-missing-field-initializers -Werror=implicit-function-declaration -fvisibility=hidden -fprofile-use -fprofile-correction -I./Include/internal -I./Include -I. -I/usr/include/x86_64-linux-gnu -I/usr/local/include -I/Python-3.10.9/Include -I/Python-3.10.9 -c /Python-3.10.9/Modules/_queuemodule.c -o build/temp.linux-x86_64-3.10/Python-3.10.9/Modules/_queuemodule.o -DPy_BUILD_CORE_MODULE
#7 195.6 building 'spwd' extension
#7 195.6 gcc -pthread -fPIC -Wno-unused-result -Wsign-compare -DNDEBUG -g -fwrapv -O3 -Wall -fno-semantic-interposition -std=c99 -Wextra -Wno-unused-result -Wno-unused-parameter -Wno-missing-field-initializers -Werror=implicit-function-declaration -fvisibility=hidden -fprofile-use -fprofile-correction -I./Include/internal -I./Include -I. -I/usr/include/x86_64-linux-gnu -I/usr/local/include -I/Python-3.10.9/Include -I/Python-3.10.9 -c /Python-3.10.9/Modules/_opcode.c -o build/temp.linux-x86_64-3.10/Python-3.10.9/Modules/_opcode.o
#7 195.6 building 'select' extension
#7 195.6 gcc -pthread -fPIC -Wno-unused-result -Wsign-compare -DNDEBUG -g -fwrapv -O3 -Wall -fno-semantic-interposition -std=c99 -Wextra -Wno-unused-result -Wno-unused-parameter -Wno-missing-field-initializers -Werror=implicit-function-declaration -fvisibility=hidden -fprofile-use -fprofile-correction -I./Include/internal -I./Include -I. -I/usr/include/x86_64-linux-gnu -I/usr/local/include -I/Python-3.10.9/Include -I/Python-3.10.9 -c /Python-3.10.9/Modules/_statisticsmodule.c -o build/temp.linux-x86_64-3.10/Python-3.10.9/Modules/_statisticsmodule.o
#7 195.6 gcc -pthread -fPIC -Wno-unused-result -Wsign-compare -DNDEBUG -g -fwrapv -O3 -Wall -fno-semantic-interposition -std=c99 -Wextra -Wno-unused-result -Wno-unused-parameter -Wno-missing-field-initializers -Werror=implicit-function-declaration -fvisibility=hidden -fprofile-use -fprofile-correction -I./Include/internal -I./Include -I. -I/usr/include/x86_64-linux-gnu -I/usr/local/include -I/Python-3.10.9/Include -I/Python-3.10.9 -c /Python-3.10.9/Modules/unicodedata.c -o build/temp.linux-x86_64-3.10/Python-3.10.9/Modules/unicodedata.o -DPy_BUILD_CORE_MODULE
#7 195.6 gcc -pthread -fPIC -Wno-unused-result -Wsign-compare -DNDEBUG -g -fwrapv -O3 -Wall -fno-semantic-interposition -std=c99 -Wextra -Wno-unused-result -Wno-unused-parameter -Wno-missing-field-initializers -Werror=implicit-function-declaration -fvisibility=hidden -fprofile-use -fprofile-correction -I./Include/internal -I./Include -I. -I/usr/include/x86_64-linux-gnu -I/usr/local/include -I/Python-3.10.9/Include -I/Python-3.10.9 -c /Python-3.10.9/Modules/spwdmodule.c -o build/temp.linux-x86_64-3.10/Python-3.10.9/Modules/spwdmodule.o
#7 195.6 building '_pickle' extension
#7 195.6 gcc -pthread -fPIC -Wno-unused-result -Wsign-compare -DNDEBUG -g -fwrapv -O3 -Wall -fno-semantic-interposition -std=c99 -Wextra -Wno-unused-result -Wno-unused-parameter -Wno-missing-field-initializers -Werror=implicit-function-declaration -fvisibility=hidden -fprofile-use -fprofile-correction -I./Include/internal -I./Include -I. -I/usr/include/x86_64-linux-gnu -I/usr/local/include -I/Python-3.10.9/Include -I/Python-3.10.9 -c /Python-3.10.9/Modules/selectmodule.c -o build/temp.linux-x86_64-3.10/Python-3.10.9/Modules/selectmodule.o
#7 195.6 building 'grp' extension
#7 195.6 gcc -pthread -fPIC -Wno-unused-result -Wsign-compare -DNDEBUG -g -fwrapv -O3 -Wall -fno-semantic-interposition -std=c99 -Wextra -Wno-unused-result -Wno-unused-parameter -Wno-missing-field-initializers -Werror=implicit-function-declaration -fvisibility=hidden -fprofile-use -fprofile-correction -I./Include/internal -I./Include -I. -I/usr/include/x86_64-linux-gnu -I/usr/local/include -I/Python-3.10.9/Include -I/Python-3.10.9 -c /Python-3.10.9/Modules/_lsprof.c -o build/temp.linux-x86_64-3.10/Python-3.10.9/Modules/_lsprof.o
#7 195.6 gcc -pthread -fPIC -Wno-unused-result -Wsign-compare -DNDEBUG -g -fwrapv -O3 -Wall -fno-semantic-interposition -std=c99 -Wextra -Wno-unused-result -Wno-unused-parameter -Wno-missing-field-initializers -Werror=implicit-function-declaration -fvisibility=hidden -fprofile-use -fprofile-correction -I./Include/internal -I./Include -I. -I/usr/include/x86_64-linux-gnu -I/usr/local/include -I/Python-3.10.9/Include -I/Python-3.10.9 -c /Python-3.10.9/Modules/_bisectmodule.c -o build/temp.linux-x86_64-3.10/Python-3.10.9/Modules/_bisectmodule.o
#7 195.6 gcc -pthread -fPIC -Wno-unused-result -Wsign-compare -DNDEBUG -g -fwrapv -O3 -Wall -fno-semantic-interposition -std=c99 -Wextra -Wno-unused-result -Wno-unused-parameter -Wno-missing-field-initializers -Werror=implicit-function-declaration -fvisibility=hidden -fprofile-use -fprofile-correction -I./Include/internal -I./Include -I. -I/usr/include/x86_64-linux-gnu -I/usr/local/include -I/Python-3.10.9/Include -I/Python-3.10.9 -c /Python-3.10.9/Modules/grpmodule.c -o build/temp.linux-x86_64-3.10/Python-3.10.9/Modules/grpmodule.o
#7 195.6 building 'syslog' extension
#7 195.6 building 'mmap' extension
#7 195.6 gcc -pthread -fPIC -Wno-unused-result -Wsign-compare -DNDEBUG -g -fwrapv -O3 -Wall -fno-semantic-interposition -std=c99 -Wextra -Wno-unused-result -Wno-unused-parameter -Wno-missing-field-initializers -Werror=implicit-function-declaration -fvisibility=hidden -fprofile-use -fprofile-correction -I./Include/internal -I./Include -I. -I/usr/include/x86_64-linux-gnu -I/usr/local/include -I/Python-3.10.9/Include -I/Python-3.10.9 -c /Python-3.10.9/Modules/syslogmodule.c -o build/temp.linux-x86_64-3.10/Python-3.10.9/Modules/syslogmodule.o
#7 195.6 gcc -pthread -fPIC -Wno-unused-result -Wsign-compare -DNDEBUG -g -fwrapv -O3 -Wall -fno-semantic-interposition -std=c99 -Wextra -Wno-unused-result -Wno-unused-parameter -Wno-missing-field-initializers -Werror=implicit-function-declaration -fvisibility=hidden -fprofile-use -fprofile-correction -I./Include/internal -I./Include -I. -I/usr/include/x86_64-linux-gnu -I/usr/local/include -I/Python-3.10.9/Include -I/Python-3.10.9 -c /Python-3.10.9/Modules/mmapmodule.c -o build/temp.linux-x86_64-3.10/Python-3.10.9/Modules/mmapmodule.o
#7 195.6 gcc -pthread -fPIC -Wno-unused-result -Wsign-compare -DNDEBUG -g -fwrapv -O3 -Wall -fno-semantic-interposition -std=c99 -Wextra -Wno-unused-result -Wno-unused-parameter -Wno-missing-field-initializers -Werror=implicit-function-declaration -fvisibility=hidden -fprofile-use -fprofile-correction -I./Include/internal -I./Include -I. -I/usr/include/x86_64-linux-gnu -I/usr/local/include -I/Python-3.10.9/Include -I/Python-3.10.9 -c /Python-3.10.9/Modules/_pickle.c -o build/temp.linux-x86_64-3.10/Python-3.10.9/Modules/_pickle.o -DPy_BUILD_CORE_MODULE
#7 195.6 gcc -pthread -shared -fno-semantic-interposition build/temp.linux-x86_64-3.10/Python-3.10.9/Modules/_contextvarsmodule.o -L/usr/lib/x86_64-linux-gnu -L/usr/local/lib -o build/lib.linux-x86_64-3.10/_contextvars.cpython-310-x86_64-linux-gnu.so
#7 195.7 building '_xxsubinterpreters' extension
#7 195.7 gcc -pthread -fPIC -Wno-unused-result -Wsign-compare -DNDEBUG -g -fwrapv -O3 -Wall -fno-semantic-interposition -std=c99 -Wextra -Wno-unused-result -Wno-unused-parameter -Wno-missing-field-initializers -Werror=implicit-function-declaration -fvisibility=hidden -fprofile-use -fprofile-correction -I./Include/internal -I./Include -I. -I/usr/include/x86_64-linux-gnu -I/usr/local/include -I/Python-3.10.9/Include -I/Python-3.10.9 -c /Python-3.10.9/Modules/_xxsubinterpretersmodule.c -o build/temp.linux-x86_64-3.10/Python-3.10.9/Modules/_xxsubinterpretersmodule.o
#7 195.7 gcc -pthread -shared -fno-semantic-interposition build/temp.linux-x86_64-3.10/Python-3.10.9/Modules/_opcode.o -L/usr/lib/x86_64-linux-gnu -L/usr/local/lib -o build/lib.linux-x86_64-3.10/_opcode.cpython-310-x86_64-linux-gnu.so
#7 195.7 gcc -pthread -shared -fno-semantic-interposition build/temp.linux-x86_64-3.10/Python-3.10.9/Modules/_statisticsmodule.o -L/usr/lib/x86_64-linux-gnu -L/usr/local/lib -o build/lib.linux-x86_64-3.10/_statistics.cpython-310-x86_64-linux-gnu.so
#7 195.7 building 'audioop' extension
#7 195.7 gcc -pthread -fPIC -Wno-unused-result -Wsign-compare -DNDEBUG -g -fwrapv -O3 -Wall -fno-semantic-interposition -std=c99 -Wextra -Wno-unused-result -Wno-unused-parameter -Wno-missing-field-initializers -Werror=implicit-function-declaration -fvisibility=hidden -fprofile-use -fprofile-correction -I./Include/internal -I./Include -I. -I/usr/include/x86_64-linux-gnu -I/usr/local/include -I/Python-3.10.9/Include -I/Python-3.10.9 -c /Python-3.10.9/Modules/audioop.c -o build/temp.linux-x86_64-3.10/Python-3.10.9/Modules/audioop.o
#7 195.8 gcc -pthread -shared -fno-semantic-interposition build/temp.linux-x86_64-3.10/Python-3.10.9/Modules/spwdmodule.o -L/usr/lib/x86_64-linux-gnu -L/usr/local/lib -o build/lib.linux-x86_64-3.10/spwd.cpython-310-x86_64-linux-gnu.so
#7 195.8 building '_csv' extension
#7 195.8 gcc -pthread -fPIC -Wno-unused-result -Wsign-compare -DNDEBUG -g -fwrapv -O3 -Wall -fno-semantic-interposition -std=c99 -Wextra -Wno-unused-result -Wno-unused-parameter -Wno-missing-field-initializers -Werror=implicit-function-declaration -fvisibility=hidden -fprofile-use -fprofile-correction -I./Include/internal -I./Include -I. -I/usr/include/x86_64-linux-gnu -I/usr/local/include -I/Python-3.10.9/Include -I/Python-3.10.9 -c /Python-3.10.9/Modules/_csv.c -o build/temp.linux-x86_64-3.10/Python-3.10.9/Modules/_csv.o
#7 195.8 gcc -pthread -shared -fno-semantic-interposition build/temp.linux-x86_64-3.10/Python-3.10.9/Modules/syslogmodule.o -L/usr/lib/x86_64-linux-gnu -L/usr/local/lib -o build/lib.linux-x86_64-3.10/syslog.cpython-310-x86_64-linux-gnu.so
#7 195.8 building '_posixsubprocess' extension
#7 195.8 gcc -pthread -fPIC -Wno-unused-result -Wsign-compare -DNDEBUG -g -fwrapv -O3 -Wall -fno-semantic-interposition -std=c99 -Wextra -Wno-unused-result -Wno-unused-parameter -Wno-missing-field-initializers -Werror=implicit-function-declaration -fvisibility=hidden -fprofile-use -fprofile-correction -I./Include/internal -I./Include -I. -I/usr/include/x86_64-linux-gnu -I/usr/local/include -I/Python-3.10.9/Include -I/Python-3.10.9 -c /Python-3.10.9/Modules/_posixsubprocess.c -o build/temp.linux-x86_64-3.10/Python-3.10.9/Modules/_posixsubprocess.o -DPy_BUILD_CORE_MODULE
#7 195.8 gcc -pthread -shared -fno-semantic-interposition build/temp.linux-x86_64-3.10/Python-3.10.9/Modules/grpmodule.o -L/usr/lib/x86_64-linux-gnu -L/usr/local/lib -o build/lib.linux-x86_64-3.10/grp.cpython-310-x86_64-linux-gnu.so
#7 195.8 gcc -pthread -shared -fno-semantic-interposition build/temp.linux-x86_64-3.10/Python-3.10.9/Modules/_queuemodule.o -L/usr/lib/x86_64-linux-gnu -L/usr/local/lib -o build/lib.linux-x86_64-3.10/_queue.cpython-310-x86_64-linux-gnu.so
#7 195.8 gcc -pthread -shared -fno-semantic-interposition build/temp.linux-x86_64-3.10/Python-3.10.9/Modules/fcntlmodule.o -L/usr/lib/x86_64-linux-gnu -L/usr/local/lib -o build/lib.linux-x86_64-3.10/fcntl.cpython-310-x86_64-linux-gnu.so
#7 195.8 building '_testcapi' extension
#7 195.8 gcc -pthread -fPIC -Wno-unused-result -Wsign-compare -DNDEBUG -g -fwrapv -O3 -Wall -fno-semantic-interposition -std=c99 -Wextra -Wno-unused-result -Wno-unused-parameter -Wno-missing-field-initializers -Werror=implicit-function-declaration -fvisibility=hidden -fprofile-use -fprofile-correction -I./Include/internal -I./Include -I. -I/usr/include/x86_64-linux-gnu -I/usr/local/include -I/Python-3.10.9/Include -I/Python-3.10.9 -c /Python-3.10.9/Modules/_testcapimodule.c -o build/temp.linux-x86_64-3.10/Python-3.10.9/Modules/_testcapimodule.o
#7 195.8 building '_testinternalcapi' extension
#7 195.8 gcc -pthread -fPIC -Wno-unused-result -Wsign-compare -DNDEBUG -g -fwrapv -O3 -Wall -fno-semantic-interposition -std=c99 -Wextra -Wno-unused-result -Wno-unused-parameter -Wno-missing-field-initializers -Werror=implicit-function-declaration -fvisibility=hidden -fprofile-use -fprofile-correction -I./Include/internal -I./Include -I. -I/usr/include/x86_64-linux-gnu -I/usr/local/include -I/Python-3.10.9/Include -I/Python-3.10.9 -c /Python-3.10.9/Modules/_testinternalcapi.c -o build/temp.linux-x86_64-3.10/Python-3.10.9/Modules/_testinternalcapi.o -DPy_BUILD_CORE_MODULE
#7 195.8 building '_testbuffer' extension
#7 195.8 gcc -pthread -fPIC -Wno-unused-result -Wsign-compare -DNDEBUG -g -fwrapv -O3 -Wall -fno-semantic-interposition -std=c99 -Wextra -Wno-unused-result -Wno-unused-parameter -Wno-missing-field-initializers -Werror=implicit-function-declaration -fvisibility=hidden -fprofile-use -fprofile-correction -I./Include/internal -I./Include -I. -I/usr/include/x86_64-linux-gnu -I/usr/local/include -I/Python-3.10.9/Include -I/Python-3.10.9 -c /Python-3.10.9/Modules/_testbuffer.c -o build/temp.linux-x86_64-3.10/Python-3.10.9/Modules/_testbuffer.o
#7 195.8 building '_testimportmultiple' extension
#7 195.8 gcc -pthread -fPIC -Wno-unused-result -Wsign-compare -DNDEBUG -g -fwrapv -O3 -Wall -fno-semantic-interposition -std=c99 -Wextra -Wno-unused-result -Wno-unused-parameter -Wno-missing-field-initializers -Werror=implicit-function-declaration -fvisibility=hidden -fprofile-use -fprofile-correction -I./Include/internal -I./Include -I. -I/usr/include/x86_64-linux-gnu -I/usr/local/include -I/Python-3.10.9/Include -I/Python-3.10.9 -c /Python-3.10.9/Modules/_testimportmultiple.c -o build/temp.linux-x86_64-3.10/Python-3.10.9/Modules/_testimportmultiple.o
#7 195.9 gcc -pthread -fPIC -Wno-unused-result -Wsign-compare -DNDEBUG -g -fwrapv -O3 -Wall -fno-semantic-interposition -std=c99 -Wextra -Wno-unused-result -Wno-unused-parameter -Wno-missing-field-initializers -Werror=implicit-function-declaration -fvisibility=hidden -fprofile-use -fprofile-correction -I./Include/internal -I./Include -I. -I/usr/include/x86_64-linux-gnu -I/usr/local/include -I/Python-3.10.9/Include -I/Python-3.10.9 -c /Python-3.10.9/Modules/rotatingtree.c -o build/temp.linux-x86_64-3.10/Python-3.10.9/Modules/rotatingtree.o
#7 195.9 gcc -pthread -shared -fno-semantic-interposition build/temp.linux-x86_64-3.10/Python-3.10.9/Modules/_bisectmodule.o -L/usr/lib/x86_64-linux-gnu -L/usr/local/lib -o build/lib.linux-x86_64-3.10/_bisect.cpython-310-x86_64-linux-gnu.so
#7 195.9 gcc -pthread -shared -fno-semantic-interposition build/temp.linux-x86_64-3.10/Python-3.10.9/Modules/_lsprof.o build/temp.linux-x86_64-3.10/Python-3.10.9/Modules/rotatingtree.o -L/usr/lib/x86_64-linux-gnu -L/usr/local/lib -o build/lib.linux-x86_64-3.10/_lsprof.cpython-310-x86_64-linux-gnu.so
#7 195.9 gcc -pthread -shared -fno-semantic-interposition build/temp.linux-x86_64-3.10/Python-3.10.9/Modules/_testimportmultiple.o -L/usr/lib/x86_64-linux-gnu -L/usr/local/lib -o build/lib.linux-x86_64-3.10/_testimportmultiple.cpython-310-x86_64-linux-gnu.so
#7 195.9 gcc -pthread -shared -fno-semantic-interposition build/temp.linux-x86_64-3.10/Python-3.10.9/Modules/_randommodule.o -L/usr/lib/x86_64-linux-gnu -L/usr/local/lib -o build/lib.linux-x86_64-3.10/_random.cpython-310-x86_64-linux-gnu.so
#7 195.9 building '_testmultiphase' extension
#7 195.9 gcc -pthread -fPIC -Wno-unused-result -Wsign-compare -DNDEBUG -g -fwrapv -O3 -Wall -fno-semantic-interposition -std=c99 -Wextra -Wno-unused-result -Wno-unused-parameter -Wno-missing-field-initializers -Werror=implicit-function-declaration -fvisibility=hidden -fprofile-use -fprofile-correction -I./Include/internal -I./Include -I. -I/usr/include/x86_64-linux-gnu -I/usr/local/include -I/Python-3.10.9/Include -I/Python-3.10.9 -c /Python-3.10.9/Modules/_testmultiphase.c -o build/temp.linux-x86_64-3.10/Python-3.10.9/Modules/_testmultiphase.o
#7 195.9 building '_xxtestfuzz' extension
#7 195.9 gcc -pthread -fPIC -Wno-unused-result -Wsign-compare -DNDEBUG -g -fwrapv -O3 -Wall -fno-semantic-interposition -std=c99 -Wextra -Wno-unused-result -Wno-unused-parameter -Wno-missing-field-initializers -Werror=implicit-function-declaration -fvisibility=hidden -fprofile-use -fprofile-correction -I./Include/internal -I./Include -I. -I/usr/include/x86_64-linux-gnu -I/usr/local/include -I/Python-3.10.9/Include -I/Python-3.10.9 -c /Python-3.10.9/Modules/_xxtestfuzz/_xxtestfuzz.c -o build/temp.linux-x86_64-3.10/Python-3.10.9/Modules/_xxtestfuzz/_xxtestfuzz.o
#7 195.9 building '_curses' extension
#7 195.9 building 'readline' extension
#7 195.9 gcc -pthread -fPIC -Wno-unused-result -Wsign-compare -DNDEBUG -g -fwrapv -O3 -Wall -fno-semantic-interposition -std=c99 -Wextra -Wno-unused-result -Wno-unused-parameter -Wno-missing-field-initializers -Werror=implicit-function-declaration -fvisibility=hidden -fprofile-use -fprofile-correction -I./Include/internal -I./Include -I. -I/usr/include/x86_64-linux-gnu -I/usr/local/include -I/Python-3.10.9/Include -I/Python-3.10.9 -c /Python-3.10.9/Modules/readline.c -o build/temp.linux-x86_64-3.10/Python-3.10.9/Modules/readline.o
#7 195.9 gcc -pthread -fPIC -Wno-unused-result -Wsign-compare -DNDEBUG -g -fwrapv -O3 -Wall -fno-semantic-interposition -std=c99 -Wextra -Wno-unused-result -Wno-unused-parameter -Wno-missing-field-initializers -Werror=implicit-function-declaration -fvisibility=hidden -fprofile-use -fprofile-correction -I./Include/internal -DHAVE_NCURSESW=1 -I/usr/include/ncursesw -I./Include -I. -I/usr/include/x86_64-linux-gnu -I/usr/local/include -I/Python-3.10.9/Include -I/Python-3.10.9 -c /Python-3.10.9/Modules/_cursesmodule.c -o build/temp.linux-x86_64-3.10/Python-3.10.9/Modules/_cursesmodule.o -DPy_BUILD_CORE_MODULE
#7 195.9 gcc -pthread -shared -fno-semantic-interposition build/temp.linux-x86_64-3.10/Python-3.10.9/Modules/mmapmodule.o -L/usr/lib/x86_64-linux-gnu -L/usr/local/lib -o build/lib.linux-x86_64-3.10/mmap.cpython-310-x86_64-linux-gnu.so
#7 196.0 building '_curses_panel' extension
#7 196.0 gcc -pthread -fPIC -Wno-unused-result -Wsign-compare -DNDEBUG -g -fwrapv -O3 -Wall -fno-semantic-interposition -std=c99 -Wextra -Wno-unused-result -Wno-unused-parameter -Wno-missing-field-initializers -Werror=implicit-function-declaration -fvisibility=hidden -fprofile-use -fprofile-correction -I./Include/internal -DHAVE_NCURSESW=1 -I/usr/include/ncursesw -I./Include -I. -I/usr/include/x86_64-linux-gnu -I/usr/local/include -I/Python-3.10.9/Include -I/Python-3.10.9 -c /Python-3.10.9/Modules/_curses_panel.c -o build/temp.linux-x86_64-3.10/Python-3.10.9/Modules/_curses_panel.o
#7 196.0 gcc -pthread -shared -fno-semantic-interposition build/temp.linux-x86_64-3.10/Python-3.10.9/Modules/selectmodule.o -L/usr/lib/x86_64-linux-gnu -L/usr/local/lib -o build/lib.linux-x86_64-3.10/select.cpython-310-x86_64-linux-gnu.so
#7 196.0 gcc -pthread -shared -fno-semantic-interposition build/temp.linux-x86_64-3.10/Python-3.10.9/Modules/_testinternalcapi.o -L/usr/lib/x86_64-linux-gnu -L/usr/local/lib -o build/lib.linux-x86_64-3.10/_testinternalcapi.cpython-310-x86_64-linux-gnu.so
#7 196.0 building '_crypt' extension
#7 196.0 gcc -pthread -fPIC -Wno-unused-result -Wsign-compare -DNDEBUG -g -fwrapv -O3 -Wall -fno-semantic-interposition -std=c99 -Wextra -Wno-unused-result -Wno-unused-parameter -Wno-missing-field-initializers -Werror=implicit-function-declaration -fvisibility=hidden -fprofile-use -fprofile-correction -I./Include/internal -I./Include -I. -I/usr/include/x86_64-linux-gnu -I/usr/local/include -I/Python-3.10.9/Include -I/Python-3.10.9 -c /Python-3.10.9/Modules/_cryptmodule.c -o build/temp.linux-x86_64-3.10/Python-3.10.9/Modules/_cryptmodule.o
#7 196.0 gcc -pthread -fPIC -Wno-unused-result -Wsign-compare -DNDEBUG -g -fwrapv -O3 -Wall -fno-semantic-interposition -std=c99 -Wextra -Wno-unused-result -Wno-unused-parameter -Wno-missing-field-initializers -Werror=implicit-function-declaration -fvisibility=hidden -fprofile-use -fprofile-correction -I./Include/internal -I./Include -I. -I/usr/include/x86_64-linux-gnu -I/usr/local/include -I/Python-3.10.9/Include -I/Python-3.10.9 -c /Python-3.10.9/Modules/_xxtestfuzz/fuzzer.c -o build/temp.linux-x86_64-3.10/Python-3.10.9/Modules/_xxtestfuzz/fuzzer.o
#7 196.0 building '_socket' extension
#7 196.0 gcc -pthread -fPIC -Wno-unused-result -Wsign-compare -DNDEBUG -g -fwrapv -O3 -Wall -fno-semantic-interposition -std=c99 -Wextra -Wno-unused-result -Wno-unused-parameter -Wno-missing-field-initializers -Werror=implicit-function-declaration -fvisibility=hidden -fprofile-use -fprofile-correction -I./Include/internal -I./Include -I. -I/usr/include/x86_64-linux-gnu -I/usr/local/include -I/Python-3.10.9/Include -I/Python-3.10.9 -c /Python-3.10.9/Modules/socketmodule.c -o build/temp.linux-x86_64-3.10/Python-3.10.9/Modules/socketmodule.o
#7 196.1 gcc -pthread -shared -fno-semantic-interposition build/temp.linux-x86_64-3.10/Python-3.10.9/Modules/_cryptmodule.o -L/usr/lib/x86_64-linux-gnu -L/usr/local/lib -lcrypt -o build/lib.linux-x86_64-3.10/_crypt.cpython-310-x86_64-linux-gnu.so
#7 196.2 gcc -pthread -shared -fno-semantic-interposition build/temp.linux-x86_64-3.10/Python-3.10.9/Modules/_testmultiphase.o -L/usr/lib/x86_64-linux-gnu -L/usr/local/lib -o build/lib.linux-x86_64-3.10/_testmultiphase.cpython-310-x86_64-linux-gnu.so
#7 196.2 building '_ssl' extension
#7 196.2 gcc -pthread -fPIC -Wno-unused-result -Wsign-compare -DNDEBUG -g -fwrapv -O3 -Wall -fno-semantic-interposition -std=c99 -Wextra -Wno-unused-result -Wno-unused-parameter -Wno-missing-field-initializers -Werror=implicit-function-declaration -fvisibility=hidden -fprofile-use -fprofile-correction -I./Include/internal -I/usr/include -I./Include -I. -I/usr/include/x86_64-linux-gnu -I/usr/local/include -I/Python-3.10.9/Include -I/Python-3.10.9 -c /Python-3.10.9/Modules/_ssl.c -o build/temp.linux-x86_64-3.10/Python-3.10.9/Modules/_ssl.o
#7 196.2 gcc -pthread -shared -fno-semantic-interposition build/temp.linux-x86_64-3.10/Python-3.10.9/Modules/_zoneinfo.o -L/usr/lib/x86_64-linux-gnu -L/usr/local/lib -o build/lib.linux-x86_64-3.10/_zoneinfo.cpython-310-x86_64-linux-gnu.so
#7 196.2 building '_hashlib' extension
#7 196.2 gcc -pthread -fPIC -Wno-unused-result -Wsign-compare -DNDEBUG -g -fwrapv -O3 -Wall -fno-semantic-interposition -std=c99 -Wextra -Wno-unused-result -Wno-unused-parameter -Wno-missing-field-initializers -Werror=implicit-function-declaration -fvisibility=hidden -fprofile-use -fprofile-correction -I./Include/internal -I/usr/include -I./Include -I. -I/usr/include/x86_64-linux-gnu -I/usr/local/include -I/Python-3.10.9/Include -I/Python-3.10.9 -c /Python-3.10.9/Modules/_hashopenssl.c -o build/temp.linux-x86_64-3.10/Python-3.10.9/Modules/_hashopenssl.o
#7 196.2 gcc -pthread -shared -fno-semantic-interposition build/temp.linux-x86_64-3.10/Python-3.10.9/Modules/_posixsubprocess.o -L/usr/lib/x86_64-linux-gnu -L/usr/local/lib -o build/lib.linux-x86_64-3.10/_posixsubprocess.cpython-310-x86_64-linux-gnu.so
#7 196.2 gcc -pthread -shared -fno-semantic-interposition build/temp.linux-x86_64-3.10/Python-3.10.9/Modules/_heapqmodule.o -L/usr/lib/x86_64-linux-gnu -L/usr/local/lib -o build/lib.linux-x86_64-3.10/_heapq.cpython-310-x86_64-linux-gnu.so
#7 196.2 gcc -pthread -shared -fno-semantic-interposition build/temp.linux-x86_64-3.10/Python-3.10.9/Modules/_xxsubinterpretersmodule.o -L/usr/lib/x86_64-linux-gnu -L/usr/local/lib -o build/lib.linux-x86_64-3.10/_xxsubinterpreters.cpython-310-x86_64-linux-gnu.so
#7 196.2 building '_sha256' extension
#7 196.2 gcc -pthread -fPIC -Wno-unused-result -Wsign-compare -DNDEBUG -g -fwrapv -O3 -Wall -fno-semantic-interposition -std=c99 -Wextra -Wno-unused-result -Wno-unused-parameter -Wno-missing-field-initializers -Werror=implicit-function-declaration -fvisibility=hidden -fprofile-use -fprofile-correction -I./Include/internal -I./Include -I. -I/usr/include/x86_64-linux-gnu -I/usr/local/include -I/Python-3.10.9/Include -I/Python-3.10.9 -c /Python-3.10.9/Modules/sha256module.c -o build/temp.linux-x86_64-3.10/Python-3.10.9/Modules/sha256module.o -DPy_BUILD_CORE_MODULE
#7 196.2 building '_sha512' extension
#7 196.2 gcc -pthread -fPIC -Wno-unused-result -Wsign-compare -DNDEBUG -g -fwrapv -O3 -Wall -fno-semantic-interposition -std=c99 -Wextra -Wno-unused-result -Wno-unused-parameter -Wno-missing-field-initializers -Werror=implicit-function-declaration -fvisibility=hidden -fprofile-use -fprofile-correction -I./Include/internal -I./Include -I. -I/usr/include/x86_64-linux-gnu -I/usr/local/include -I/Python-3.10.9/Include -I/Python-3.10.9 -c /Python-3.10.9/Modules/sha512module.c -o build/temp.linux-x86_64-3.10/Python-3.10.9/Modules/sha512module.o -DPy_BUILD_CORE_MODULE
#7 196.2 gcc -pthread -shared -fno-semantic-interposition build/temp.linux-x86_64-3.10/Python-3.10.9/Modules/_curses_panel.o -L/usr/lib/x86_64-linux-gnu -L/usr/local/lib -lpanelw -lncursesw -o build/lib.linux-x86_64-3.10/_curses_panel.cpython-310-x86_64-linux-gnu.so
#7 196.3 building '_md5' extension
#7 196.3 gcc -pthread -fPIC -Wno-unused-result -Wsign-compare -DNDEBUG -g -fwrapv -O3 -Wall -fno-semantic-interposition -std=c99 -Wextra -Wno-unused-result -Wno-unused-parameter -Wno-missing-field-initializers -Werror=implicit-function-declaration -fvisibility=hidden -fprofile-use -fprofile-correction -I./Include/internal -I./Include -I. -I/usr/include/x86_64-linux-gnu -I/usr/local/include -I/Python-3.10.9/Include -I/Python-3.10.9 -c /Python-3.10.9/Modules/md5module.c -o build/temp.linux-x86_64-3.10/Python-3.10.9/Modules/md5module.o
#7 196.3 building '_sha1' extension
#7 196.3 gcc -pthread -fPIC -Wno-unused-result -Wsign-compare -DNDEBUG -g -fwrapv -O3 -Wall -fno-semantic-interposition -std=c99 -Wextra -Wno-unused-result -Wno-unused-parameter -Wno-missing-field-initializers -Werror=implicit-function-declaration -fvisibility=hidden -fprofile-use -fprofile-correction -I./Include/internal -I./Include -I. -I/usr/include/x86_64-linux-gnu -I/usr/local/include -I/Python-3.10.9/Include -I/Python-3.10.9 -c /Python-3.10.9/Modules/sha1module.c -o build/temp.linux-x86_64-3.10/Python-3.10.9/Modules/sha1module.o
#7 196.3 gcc -pthread -shared -fno-semantic-interposition build/temp.linux-x86_64-3.10/Python-3.10.9/Modules/_xxtestfuzz/_xxtestfuzz.o build/temp.linux-x86_64-3.10/Python-3.10.9/Modules/_xxtestfuzz/fuzzer.o -L/usr/lib/x86_64-linux-gnu -L/usr/local/lib -o build/lib.linux-x86_64-3.10/_xxtestfuzz.cpython-310-x86_64-linux-gnu.so
#7 196.3 building '_blake2' extension
#7 196.3 gcc -pthread -fPIC -Wno-unused-result -Wsign-compare -DNDEBUG -g -fwrapv -O3 -Wall -fno-semantic-interposition -std=c99 -Wextra -Wno-unused-result -Wno-unused-parameter -Wno-missing-field-initializers -Werror=implicit-function-declaration -fvisibility=hidden -fprofile-use -fprofile-correction -I./Include/internal -I./Include -I. -I/usr/include/x86_64-linux-gnu -I/usr/local/include -I/Python-3.10.9/Include -I/Python-3.10.9 -c /Python-3.10.9/Modules/_blake2/blake2b_impl.c -o build/temp.linux-x86_64-3.10/Python-3.10.9/Modules/_blake2/blake2b_impl.o
#7 196.3 gcc -pthread -shared -fno-semantic-interposition build/temp.linux-x86_64-3.10/Python-3.10.9/Modules/_csv.o -L/usr/lib/x86_64-linux-gnu -L/usr/local/lib -o build/lib.linux-x86_64-3.10/_csv.cpython-310-x86_64-linux-gnu.so
#7 196.3 building '_sha3' extension
#7 196.3 gcc -pthread -fPIC -Wno-unused-result -Wsign-compare -DNDEBUG -g -fwrapv -O3 -Wall -fno-semantic-interposition -std=c99 -Wextra -Wno-unused-result -Wno-unused-parameter -Wno-missing-field-initializers -Werror=implicit-function-declaration -fvisibility=hidden -fprofile-use -fprofile-correction -I./Include/internal -I./Include -I. -I/usr/include/x86_64-linux-gnu -I/usr/local/include -I/Python-3.10.9/Include -I/Python-3.10.9 -c /Python-3.10.9/Modules/_sha3/sha3module.c -o build/temp.linux-x86_64-3.10/Python-3.10.9/Modules/_sha3/sha3module.o
#7 196.3 building '_gdbm' extension
#7 196.3 gcc -pthread -fPIC -Wno-unused-result -Wsign-compare -DNDEBUG -g -fwrapv -O3 -Wall -fno-semantic-interposition -std=c99 -Wextra -Wno-unused-result -Wno-unused-parameter -Wno-missing-field-initializers -Werror=implicit-function-declaration -fvisibility=hidden -fprofile-use -fprofile-correction -I./Include/internal -I./Include -I. -I/usr/include/x86_64-linux-gnu -I/usr/local/include -I/Python-3.10.9/Include -I/Python-3.10.9 -c /Python-3.10.9/Modules/_gdbmmodule.c -o build/temp.linux-x86_64-3.10/Python-3.10.9/Modules/_gdbmmodule.o
#7 196.4 gcc -pthread -shared -fno-semantic-interposition build/temp.linux-x86_64-3.10/Python-3.10.9/Modules/readline.o -L/usr/lib/termcap -L/usr/lib/x86_64-linux-gnu -L/usr/local/lib -lreadline -o build/lib.linux-x86_64-3.10/readline.cpython-310-x86_64-linux-gnu.so
#7 196.4 building '_sqlite3' extension
#7 196.4 gcc -pthread -fPIC -Wno-unused-result -Wsign-compare -DNDEBUG -g -fwrapv -O3 -Wall -fno-semantic-interposition -std=c99 -Wextra -Wno-unused-result -Wno-unused-parameter -Wno-missing-field-initializers -Werror=implicit-function-declaration -fvisibility=hidden -fprofile-use -fprofile-correction -I./Include/internal -DSQLITE_OMIT_LOAD_EXTENSION=1 -IModules/_sqlite -I/usr/include -I./Include -I. -I/usr/include/x86_64-linux-gnu -I/usr/local/include -I/Python-3.10.9/Include -I/Python-3.10.9 -c /Python-3.10.9/Modules/_sqlite/cache.c -o build/temp.linux-x86_64-3.10/Python-3.10.9/Modules/_sqlite/cache.o
#7 196.5 gcc -pthread -shared -fno-semantic-interposition build/temp.linux-x86_64-3.10/Python-3.10.9/Modules/_asynciomodule.o -L/usr/lib/x86_64-linux-gnu -L/usr/local/lib -o build/lib.linux-x86_64-3.10/_asyncio.cpython-310-x86_64-linux-gnu.so
#7 196.5 building 'termios' extension
#7 196.5 gcc -pthread -fPIC -Wno-unused-result -Wsign-compare -DNDEBUG -g -fwrapv -O3 -Wall -fno-semantic-interposition -std=c99 -Wextra -Wno-unused-result -Wno-unused-parameter -Wno-missing-field-initializers -Werror=implicit-function-declaration -fvisibility=hidden -fprofile-use -fprofile-correction -I./Include/internal -I./Include -I. -I/usr/include/x86_64-linux-gnu -I/usr/local/include -I/Python-3.10.9/Include -I/Python-3.10.9 -c /Python-3.10.9/Modules/termios.c -o build/temp.linux-x86_64-3.10/Python-3.10.9/Modules/termios.o
#7 196.6 gcc -pthread -shared -fno-semantic-interposition build/temp.linux-x86_64-3.10/Python-3.10.9/Modules/_gdbmmodule.o -L/usr/lib/x86_64-linux-gnu -L/usr/local/lib -lgdbm -o build/lib.linux-x86_64-3.10/_gdbm.cpython-310-x86_64-linux-gnu.so
#7 196.6 building 'resource' extension
#7 196.6 gcc -pthread -fPIC -Wno-unused-result -Wsign-compare -DNDEBUG -g -fwrapv -O3 -Wall -fno-semantic-interposition -std=c99 -Wextra -Wno-unused-result -Wno-unused-parameter -Wno-missing-field-initializers -Werror=implicit-function-declaration -fvisibility=hidden -fprofile-use -fprofile-correction -I./Include/internal -I./Include -I. -I/usr/include/x86_64-linux-gnu -I/usr/local/include -I/Python-3.10.9/Include -I/Python-3.10.9 -c /Python-3.10.9/Modules/resource.c -o build/temp.linux-x86_64-3.10/Python-3.10.9/Modules/resource.o
#7 196.6 gcc -pthread -shared -fno-semantic-interposition build/temp.linux-x86_64-3.10/Python-3.10.9/Modules/audioop.o -L/usr/lib/x86_64-linux-gnu -L/usr/local/lib -lm -o build/lib.linux-x86_64-3.10/audioop.cpython-310-x86_64-linux-gnu.so
#7 196.7 gcc -pthread -shared -fno-semantic-interposition build/temp.linux-x86_64-3.10/Python-3.10.9/Modules/_struct.o -L/usr/lib/x86_64-linux-gnu -L/usr/local/lib -o build/lib.linux-x86_64-3.10/_struct.cpython-310-x86_64-linux-gnu.so
#7 196.7 building 'ossaudiodev' extension
#7 196.7 gcc -pthread -fPIC -Wno-unused-result -Wsign-compare -DNDEBUG -g -fwrapv -O3 -Wall -fno-semantic-interposition -std=c99 -Wextra -Wno-unused-result -Wno-unused-parameter -Wno-missing-field-initializers -Werror=implicit-function-declaration -fvisibility=hidden -fprofile-use -fprofile-correction -I./Include/internal -I./Include -I. -I/usr/include/x86_64-linux-gnu -I/usr/local/include -I/Python-3.10.9/Include -I/Python-3.10.9 -c /Python-3.10.9/Modules/ossaudiodev.c -o build/temp.linux-x86_64-3.10/Python-3.10.9/Modules/ossaudiodev.o
#7 196.7 gcc -pthread -fPIC -Wno-unused-result -Wsign-compare -DNDEBUG -g -fwrapv -O3 -Wall -fno-semantic-interposition -std=c99 -Wextra -Wno-unused-result -Wno-unused-parameter -Wno-missing-field-initializers -Werror=implicit-function-declaration -fvisibility=hidden -fprofile-use -fprofile-correction -I./Include/internal -DSQLITE_OMIT_LOAD_EXTENSION=1 -IModules/_sqlite -I/usr/include -I./Include -I. -I/usr/include/x86_64-linux-gnu -I/usr/local/include -I/Python-3.10.9/Include -I/Python-3.10.9 -c /Python-3.10.9/Modules/_sqlite/connection.c -o build/temp.linux-x86_64-3.10/Python-3.10.9/Modules/_sqlite/connection.o
#7 196.7 building 'nis' extension
#7 196.7 gcc -pthread -fPIC -Wno-unused-result -Wsign-compare -DNDEBUG -g -fwrapv -O3 -Wall -fno-semantic-interposition -std=c99 -Wextra -Wno-unused-result -Wno-unused-parameter -Wno-missing-field-initializers -Werror=implicit-function-declaration -fvisibility=hidden -fprofile-use -fprofile-correction -I./Include/internal -I./Include -I. -I/usr/include/x86_64-linux-gnu -I/usr/local/include -I/Python-3.10.9/Include -I/Python-3.10.9 -c /Python-3.10.9/Modules/nismodule.c -o build/temp.linux-x86_64-3.10/Python-3.10.9/Modules/nismodule.o
#7 196.7 gcc -pthread -shared -fno-semantic-interposition build/temp.linux-x86_64-3.10/Python-3.10.9/Modules/termios.o -L/usr/lib/x86_64-linux-gnu -L/usr/local/lib -o build/lib.linux-x86_64-3.10/termios.cpython-310-x86_64-linux-gnu.so
#7 196.7 gcc -pthread -shared -fno-semantic-interposition build/temp.linux-x86_64-3.10/Python-3.10.9/Modules/sha1module.o -L/usr/lib/x86_64-linux-gnu -L/usr/local/lib -o build/lib.linux-x86_64-3.10/_sha1.cpython-310-x86_64-linux-gnu.so
#7 196.7 building 'zlib' extension
#7 196.7 gcc -pthread -fPIC -Wno-unused-result -Wsign-compare -DNDEBUG -g -fwrapv -O3 -Wall -fno-semantic-interposition -std=c99 -Wextra -Wno-unused-result -Wno-unused-parameter -Wno-missing-field-initializers -Werror=implicit-function-declaration -fvisibility=hidden -fprofile-use -fprofile-correction -I./Include/internal -I./Include -I. -I/usr/include/x86_64-linux-gnu -I/usr/local/include -I/Python-3.10.9/Include -I/Python-3.10.9 -c /Python-3.10.9/Modules/zlibmodule.c -o build/temp.linux-x86_64-3.10/Python-3.10.9/Modules/zlibmodule.o
#7 196.8 building 'binascii' extension
#7 196.8 gcc -pthread -fPIC -Wno-unused-result -Wsign-compare -DNDEBUG -g -fwrapv -O3 -Wall -fno-semantic-interposition -std=c99 -Wextra -Wno-unused-result -Wno-unused-parameter -Wno-missing-field-initializers -Werror=implicit-function-declaration -fvisibility=hidden -fprofile-use -fprofile-correction -I./Include/internal -I./Include -I. -I/usr/include/x86_64-linux-gnu -I/usr/local/include -I/Python-3.10.9/Include -I/Python-3.10.9 -c /Python-3.10.9/Modules/binascii.c -o build/temp.linux-x86_64-3.10/Python-3.10.9/Modules/binascii.o -DUSE_ZLIB_CRC32
#7 196.8 gcc -pthread -shared -fno-semantic-interposition build/temp.linux-x86_64-3.10/Python-3.10.9/Modules/mathmodule.o Modules/_math.o -L/usr/lib/x86_64-linux-gnu -L/usr/local/lib -lm -o build/lib.linux-x86_64-3.10/math.cpython-310-x86_64-linux-gnu.so
#7 196.8 building '_bz2' extension
#7 196.8 gcc -pthread -fPIC -Wno-unused-result -Wsign-compare -DNDEBUG -g -fwrapv -O3 -Wall -fno-semantic-interposition -std=c99 -Wextra -Wno-unused-result -Wno-unused-parameter -Wno-missing-field-initializers -Werror=implicit-function-declaration -fvisibility=hidden -fprofile-use -fprofile-correction -I./Include/internal -I./Include -I. -I/usr/include/x86_64-linux-gnu -I/usr/local/include -I/Python-3.10.9/Include -I/Python-3.10.9 -c /Python-3.10.9/Modules/_bz2module.c -o build/temp.linux-x86_64-3.10/Python-3.10.9/Modules/_bz2module.o
#7 196.8 gcc -pthread -shared -fno-semantic-interposition build/temp.linux-x86_64-3.10/Python-3.10.9/Modules/resource.o -L/usr/lib/x86_64-linux-gnu -L/usr/local/lib -o build/lib.linux-x86_64-3.10/resource.cpython-310-x86_64-linux-gnu.so
#7 196.9 building '_lzma' extension
#7 196.9 gcc -pthread -fPIC -Wno-unused-result -Wsign-compare -DNDEBUG -g -fwrapv -O3 -Wall -fno-semantic-interposition -std=c99 -Wextra -Wno-unused-result -Wno-unused-parameter -Wno-missing-field-initializers -Werror=implicit-function-declaration -fvisibility=hidden -fprofile-use -fprofile-correction -I./Include/internal -I./Include -I. -I/usr/include/x86_64-linux-gnu -I/usr/local/include -I/Python-3.10.9/Include -I/Python-3.10.9 -c /Python-3.10.9/Modules/_lzmamodule.c -o build/temp.linux-x86_64-3.10/Python-3.10.9/Modules/_lzmamodule.o
#7 197.0 gcc -pthread -shared -fno-semantic-interposition build/temp.linux-x86_64-3.10/Python-3.10.9/Modules/nismodule.o -L/usr/lib/x86_64-linux-gnu -L/usr/local/lib -lnsl -o build/lib.linux-x86_64-3.10/nis.cpython-310-x86_64-linux-gnu.so
#7 197.0 gcc -pthread -shared -fno-semantic-interposition build/temp.linux-x86_64-3.10/Python-3.10.9/Modules/arraymodule.o -L/usr/lib/x86_64-linux-gnu -L/usr/local/lib -o build/lib.linux-x86_64-3.10/array.cpython-310-x86_64-linux-gnu.so
#7 197.0 building 'pyexpat' extension
#7 197.0 gcc -pthread -fPIC -Wno-unused-result -Wsign-compare -DNDEBUG -g -fwrapv -O3 -Wall -fno-semantic-interposition -std=c99 -Wextra -Wno-unused-result -Wno-unused-parameter -Wno-missing-field-initializers -Werror=implicit-function-declaration -fvisibility=hidden -fprofile-use -fprofile-correction -I./Include/internal -DHAVE_EXPAT_CONFIG_H=1 -DXML_POOR_ENTROPY=1 -DUSE_PYEXPAT_CAPI -I/Python-3.10.9/Modules/expat -I./Include -I. -I/usr/include/x86_64-linux-gnu -I/usr/local/include -I/Python-3.10.9/Include -I/Python-3.10.9 -c /Python-3.10.9/Modules/expat/xmlparse.c -o build/temp.linux-x86_64-3.10/Python-3.10.9/Modules/expat/xmlparse.o -Wno-unreachable-code
#7 197.0 building '_elementtree' extension
#7 197.0 gcc -pthread -fPIC -Wno-unused-result -Wsign-compare -DNDEBUG -g -fwrapv -O3 -Wall -fno-semantic-interposition -std=c99 -Wextra -Wno-unused-result -Wno-unused-parameter -Wno-missing-field-initializers -Werror=implicit-function-declaration -fvisibility=hidden -fprofile-use -fprofile-correction -I./Include/internal -DHAVE_EXPAT_CONFIG_H=1 -DXML_POOR_ENTROPY=1 -DUSE_PYEXPAT_CAPI -I/Python-3.10.9/Modules/expat -I./Include -I. -I/usr/include/x86_64-linux-gnu -I/usr/local/include -I/Python-3.10.9/Include -I/Python-3.10.9 -c /Python-3.10.9/Modules/_elementtree.c -o build/temp.linux-x86_64-3.10/Python-3.10.9/Modules/_elementtree.o
#7 197.1 gcc -pthread -shared -fno-semantic-interposition build/temp.linux-x86_64-3.10/Python-3.10.9/Modules/sha256module.o -L/usr/lib/x86_64-linux-gnu -L/usr/local/lib -o build/lib.linux-x86_64-3.10/_sha256.cpython-310-x86_64-linux-gnu.so
#7 197.1 gcc -pthread -shared -fno-semantic-interposition build/temp.linux-x86_64-3.10/Python-3.10.9/Modules/ossaudiodev.o -L/usr/lib/x86_64-linux-gnu -L/usr/local/lib -o build/lib.linux-x86_64-3.10/ossaudiodev.cpython-310-x86_64-linux-gnu.so
#7 197.1 building '_multibytecodec' extension
#7 197.1 gcc -pthread -fPIC -Wno-unused-result -Wsign-compare -DNDEBUG -g -fwrapv -O3 -Wall -fno-semantic-interposition -std=c99 -Wextra -Wno-unused-result -Wno-unused-parameter -Wno-missing-field-initializers -Werror=implicit-function-declaration -fvisibility=hidden -fprofile-use -fprofile-correction -I./Include/internal -I./Include -I. -I/usr/include/x86_64-linux-gnu -I/usr/local/include -I/Python-3.10.9/Include -I/Python-3.10.9 -c /Python-3.10.9/Modules/cjkcodecs/multibytecodec.c -o build/temp.linux-x86_64-3.10/Python-3.10.9/Modules/cjkcodecs/multibytecodec.o
#7 197.1 building '_codecs_kr' extension
#7 197.1 gcc -pthread -fPIC -Wno-unused-result -Wsign-compare -DNDEBUG -g -fwrapv -O3 -Wall -fno-semantic-interposition -std=c99 -Wextra -Wno-unused-result -Wno-unused-parameter -Wno-missing-field-initializers -Werror=implicit-function-declaration -fvisibility=hidden -fprofile-use -fprofile-correction -I./Include/internal -I./Include -I. -I/usr/include/x86_64-linux-gnu -I/usr/local/include -I/Python-3.10.9/Include -I/Python-3.10.9 -c /Python-3.10.9/Modules/cjkcodecs/_codecs_kr.c -o build/temp.linux-x86_64-3.10/Python-3.10.9/Modules/cjkcodecs/_codecs_kr.o
#7 197.1 gcc -pthread -shared -fno-semantic-interposition build/temp.linux-x86_64-3.10/Python-3.10.9/Modules/md5module.o -L/usr/lib/x86_64-linux-gnu -L/usr/local/lib -o build/lib.linux-x86_64-3.10/_md5.cpython-310-x86_64-linux-gnu.so
#7 197.2 building '_codecs_jp' extension
#7 197.2 gcc -pthread -fPIC -Wno-unused-result -Wsign-compare -DNDEBUG -g -fwrapv -O3 -Wall -fno-semantic-interposition -std=c99 -Wextra -Wno-unused-result -Wno-unused-parameter -Wno-missing-field-initializers -Werror=implicit-function-declaration -fvisibility=hidden -fprofile-use -fprofile-correction -I./Include/internal -I./Include -I. -I/usr/include/x86_64-linux-gnu -I/usr/local/include -I/Python-3.10.9/Include -I/Python-3.10.9 -c /Python-3.10.9/Modules/cjkcodecs/_codecs_jp.c -o build/temp.linux-x86_64-3.10/Python-3.10.9/Modules/cjkcodecs/_codecs_jp.o
#7 197.2 gcc -pthread -shared -fno-semantic-interposition build/temp.linux-x86_64-3.10/Python-3.10.9/Modules/_testbuffer.o -L/usr/lib/x86_64-linux-gnu -L/usr/local/lib -o build/lib.linux-x86_64-3.10/_testbuffer.cpython-310-x86_64-linux-gnu.so
#7 197.2 gcc -pthread -shared -fno-semantic-interposition build/temp.linux-x86_64-3.10/Python-3.10.9/Modules/_bz2module.o -L/usr/lib/x86_64-linux-gnu -L/usr/local/lib -lbz2 -o build/lib.linux-x86_64-3.10/_bz2.cpython-310-x86_64-linux-gnu.so
#7 197.2 building '_codecs_cn' extension
#7 197.2 gcc -pthread -fPIC -Wno-unused-result -Wsign-compare -DNDEBUG -g -fwrapv -O3 -Wall -fno-semantic-interposition -std=c99 -Wextra -Wno-unused-result -Wno-unused-parameter -Wno-missing-field-initializers -Werror=implicit-function-declaration -fvisibility=hidden -fprofile-use -fprofile-correction -I./Include/internal -I./Include -I. -I/usr/include/x86_64-linux-gnu -I/usr/local/include -I/Python-3.10.9/Include -I/Python-3.10.9 -c /Python-3.10.9/Modules/cjkcodecs/_codecs_cn.c -o build/temp.linux-x86_64-3.10/Python-3.10.9/Modules/cjkcodecs/_codecs_cn.o
#7 197.3 gcc -pthread -shared -fno-semantic-interposition build/temp.linux-x86_64-3.10/Python-3.10.9/Modules/sha512module.o -L/usr/lib/x86_64-linux-gnu -L/usr/local/lib -o build/lib.linux-x86_64-3.10/_sha512.cpython-310-x86_64-linux-gnu.so
#7 197.3 building '_codecs_tw' extension
#7 197.3 gcc -pthread -fPIC -Wno-unused-result -Wsign-compare -DNDEBUG -g -fwrapv -O3 -Wall -fno-semantic-interposition -std=c99 -Wextra -Wno-unused-result -Wno-unused-parameter -Wno-missing-field-initializers -Werror=implicit-function-declaration -fvisibility=hidden -fprofile-use -fprofile-correction -I./Include/internal -I./Include -I. -I/usr/include/x86_64-linux-gnu -I/usr/local/include -I/Python-3.10.9/Include -I/Python-3.10.9 -c /Python-3.10.9/Modules/cjkcodecs/_codecs_tw.c -o build/temp.linux-x86_64-3.10/Python-3.10.9/Modules/cjkcodecs/_codecs_tw.o
#7 197.3 building '_codecs_hk' extension
#7 197.3 gcc -pthread -fPIC -Wno-unused-result -Wsign-compare -DNDEBUG -g -fwrapv -O3 -Wall -fno-semantic-interposition -std=c99 -Wextra -Wno-unused-result -Wno-unused-parameter -Wno-missing-field-initializers -Werror=implicit-function-declaration -fvisibility=hidden -fprofile-use -fprofile-correction -I./Include/internal -I./Include -I. -I/usr/include/x86_64-linux-gnu -I/usr/local/include -I/Python-3.10.9/Include -I/Python-3.10.9 -c /Python-3.10.9/Modules/cjkcodecs/_codecs_hk.c -o build/temp.linux-x86_64-3.10/Python-3.10.9/Modules/cjkcodecs/_codecs_hk.o
#7 197.3 gcc -pthread -shared -fno-semantic-interposition build/temp.linux-x86_64-3.10/Python-3.10.9/Modules/socketmodule.o -L/usr/lib/x86_64-linux-gnu -L/usr/local/lib -o build/lib.linux-x86_64-3.10/_socket.cpython-310-x86_64-linux-gnu.so
#7 197.3 gcc -pthread -shared -fno-semantic-interposition build/temp.linux-x86_64-3.10/Python-3.10.9/Modules/zlibmodule.o -L/usr/lib/x86_64-linux-gnu -L/usr/local/lib -lz -o build/lib.linux-x86_64-3.10/zlib.cpython-310-x86_64-linux-gnu.so
#7 197.4 building '_codecs_iso2022' extension
#7 197.4 gcc -pthread -fPIC -Wno-unused-result -Wsign-compare -DNDEBUG -g -fwrapv -O3 -Wall -fno-semantic-interposition -std=c99 -Wextra -Wno-unused-result -Wno-unused-parameter -Wno-missing-field-initializers -Werror=implicit-function-declaration -fvisibility=hidden -fprofile-use -fprofile-correction -I./Include/internal -I./Include -I. -I/usr/include/x86_64-linux-gnu -I/usr/local/include -I/Python-3.10.9/Include -I/Python-3.10.9 -c /Python-3.10.9/Modules/cjkcodecs/_codecs_iso2022.c -o build/temp.linux-x86_64-3.10/Python-3.10.9/Modules/cjkcodecs/_codecs_iso2022.o
#7 197.4 building '_decimal' extension
#7 197.4 gcc -pthread -fPIC -Wno-unused-result -Wsign-compare -DNDEBUG -g -fwrapv -O3 -Wall -fno-semantic-interposition -std=c99 -Wextra -Wno-unused-result -Wno-unused-parameter -Wno-missing-field-initializers -Werror=implicit-function-declaration -fvisibility=hidden -fprofile-use -fprofile-correction -I./Include/internal -DCONFIG_64=1 -DASM=1 -I/Python-3.10.9/Modules/_decimal/libmpdec -I./Include -I. -I/usr/include/x86_64-linux-gnu -I/usr/local/include -I/Python-3.10.9/Include -I/Python-3.10.9 -c /Python-3.10.9/Modules/_decimal/_decimal.c -o build/temp.linux-x86_64-3.10/Python-3.10.9/Modules/_decimal/_decimal.o
#7 197.5 gcc -pthread -shared -fno-semantic-interposition build/temp.linux-x86_64-3.10/Python-3.10.9/Modules/binascii.o -L/usr/lib/x86_64-linux-gnu -L/usr/local/lib -lz -o build/lib.linux-x86_64-3.10/binascii.cpython-310-x86_64-linux-gnu.so
#7 197.5 gcc -pthread -shared -fno-semantic-interposition build/temp.linux-x86_64-3.10/Python-3.10.9/Modules/unicodedata.o -L/usr/lib/x86_64-linux-gnu -L/usr/local/lib -o build/lib.linux-x86_64-3.10/unicodedata.cpython-310-x86_64-linux-gnu.so
#7 197.5 gcc -pthread -shared -fno-semantic-interposition build/temp.linux-x86_64-3.10/Python-3.10.9/Modules/_lzmamodule.o -L/usr/lib/x86_64-linux-gnu -L/usr/local/lib -llzma -o build/lib.linux-x86_64-3.10/_lzma.cpython-310-x86_64-linux-gnu.so
#7 197.5 building '_ctypes_test' extension
#7 197.5 gcc -pthread -fPIC -Wno-unused-result -Wsign-compare -DNDEBUG -g -fwrapv -O3 -Wall -fno-semantic-interposition -std=c99 -Wextra -Wno-unused-result -Wno-unused-parameter -Wno-missing-field-initializers -Werror=implicit-function-declaration -fvisibility=hidden -fprofile-use -fprofile-correction -I./Include/internal -I./Include -I. -I/usr/include/x86_64-linux-gnu -I/usr/local/include -I/Python-3.10.9/Include -I/Python-3.10.9 -c /Python-3.10.9/Modules/_ctypes/_ctypes_test.c -o build/temp.linux-x86_64-3.10/Python-3.10.9/Modules/_ctypes/_ctypes_test.o
#7 197.6 building '_multiprocessing' extension
#7 197.6 gcc -pthread -fPIC -Wno-unused-result -Wsign-compare -DNDEBUG -g -fwrapv -O3 -Wall -fno-semantic-interposition -std=c99 -Wextra -Wno-unused-result -Wno-unused-parameter -Wno-missing-field-initializers -Werror=implicit-function-declaration -fvisibility=hidden -fprofile-use -fprofile-correction -I./Include/internal -IModules/_multiprocessing -I./Include -I. -I/usr/include/x86_64-linux-gnu -I/usr/local/include -I/Python-3.10.9/Include -I/Python-3.10.9 -c /Python-3.10.9/Modules/_multiprocessing/multiprocessing.c -o build/temp.linux-x86_64-3.10/Python-3.10.9/Modules/_multiprocessing/multiprocessing.o
#7 197.6 gcc -pthread -shared -fno-semantic-interposition build/temp.linux-x86_64-3.10/Python-3.10.9/Modules/cjkcodecs/_codecs_kr.o -L/usr/lib/x86_64-linux-gnu -L/usr/local/lib -o build/lib.linux-x86_64-3.10/_codecs_kr.cpython-310-x86_64-linux-gnu.so
#7 197.6 gcc -pthread -shared -fno-semantic-interposition build/temp.linux-x86_64-3.10/Python-3.10.9/Modules/cjkcodecs/_codecs_tw.o -L/usr/lib/x86_64-linux-gnu -L/usr/local/lib -o build/lib.linux-x86_64-3.10/_codecs_tw.cpython-310-x86_64-linux-gnu.so
#7 197.6 building '_posixshmem' extension
#7 197.6 gcc -pthread -fPIC -Wno-unused-result -Wsign-compare -DNDEBUG -g -fwrapv -O3 -Wall -fno-semantic-interposition -std=c99 -Wextra -Wno-unused-result -Wno-unused-parameter -Wno-missing-field-initializers -Werror=implicit-function-declaration -fvisibility=hidden -fprofile-use -fprofile-correction -I./Include/internal -IModules/_multiprocessing -I./Include -I. -I/usr/include/x86_64-linux-gnu -I/usr/local/include -I/Python-3.10.9/Include -I/Python-3.10.9 -c /Python-3.10.9/Modules/_multiprocessing/posixshmem.c -o build/temp.linux-x86_64-3.10/Python-3.10.9/Modules/_multiprocessing/posixshmem.o
#7 197.6 building 'xxlimited' extension
#7 197.6 gcc -pthread -fPIC -Wno-unused-result -Wsign-compare -DNDEBUG -g -fwrapv -O3 -Wall -fno-semantic-interposition -std=c99 -Wextra -Wno-unused-result -Wno-unused-parameter -Wno-missing-field-initializers -Werror=implicit-function-declaration -fvisibility=hidden -fprofile-use -fprofile-correction -I./Include/internal -I./Include -I. -I/usr/include/x86_64-linux-gnu -I/usr/local/include -I/Python-3.10.9/Include -I/Python-3.10.9 -c /Python-3.10.9/Modules/xxlimited.c -o build/temp.linux-x86_64-3.10/Python-3.10.9/Modules/xxlimited.o
#7 197.6 gcc -pthread -fPIC -Wno-unused-result -Wsign-compare -DNDEBUG -g -fwrapv -O3 -Wall -fno-semantic-interposition -std=c99 -Wextra -Wno-unused-result -Wno-unused-parameter -Wno-missing-field-initializers -Werror=implicit-function-declaration -fvisibility=hidden -fprofile-use -fprofile-correction -I./Include/internal -DSQLITE_OMIT_LOAD_EXTENSION=1 -IModules/_sqlite -I/usr/include -I./Include -I. -I/usr/include/x86_64-linux-gnu -I/usr/local/include -I/Python-3.10.9/Include -I/Python-3.10.9 -c /Python-3.10.9/Modules/_sqlite/cursor.c -o build/temp.linux-x86_64-3.10/Python-3.10.9/Modules/_sqlite/cursor.o
#7 197.6 building 'xxlimited_35' extension
#7 197.6 gcc -pthread -fPIC -Wno-unused-result -Wsign-compare -DNDEBUG -g -fwrapv -O3 -Wall -fno-semantic-interposition -std=c99 -Wextra -Wno-unused-result -Wno-unused-parameter -Wno-missing-field-initializers -Werror=implicit-function-declaration -fvisibility=hidden -fprofile-use -fprofile-correction -I./Include/internal -I./Include -I. -I/usr/include/x86_64-linux-gnu -I/usr/local/include -I/Python-3.10.9/Include -I/Python-3.10.9 -c /Python-3.10.9/Modules/xxlimited_35.c -o build/temp.linux-x86_64-3.10/Python-3.10.9/Modules/xxlimited_35.o
#7 197.7 gcc -pthread -shared -fno-semantic-interposition build/temp.linux-x86_64-3.10/Python-3.10.9/Modules/cjkcodecs/_codecs_hk.o -L/usr/lib/x86_64-linux-gnu -L/usr/local/lib -o build/lib.linux-x86_64-3.10/_codecs_hk.cpython-310-x86_64-linux-gnu.so
#7 197.7 gcc -pthread -shared -fno-semantic-interposition build/temp.linux-x86_64-3.10/Python-3.10.9/Modules/_cursesmodule.o -L/usr/lib/x86_64-linux-gnu -L/usr/local/lib -lncursesw -o build/lib.linux-x86_64-3.10/_curses.cpython-310-x86_64-linux-gnu.so
#7 197.7 building '_ctypes' extension
#7 197.7 gcc -pthread -fPIC -Wno-unused-result -Wsign-compare -DNDEBUG -g -fwrapv -O3 -Wall -fno-semantic-interposition -std=c99 -Wextra -Wno-unused-result -Wno-unused-parameter -Wno-missing-field-initializers -Werror=implicit-function-declaration -fvisibility=hidden -fprofile-use -fprofile-correction -I./Include/internal -I/usr/include/x86_64-linux-gnu -I./Include -I. -I/usr/include/x86_64-linux-gnu -I/usr/local/include -I/Python-3.10.9/Include -I/Python-3.10.9 -c /Python-3.10.9/Modules/_ctypes/_ctypes.c -o build/temp.linux-x86_64-3.10/Python-3.10.9/Modules/_ctypes/_ctypes.o -DPy_BUILD_CORE_MODULE -DHAVE_FFI_PREP_CIF_VAR=1 -DHAVE_FFI_PREP_CLOSURE_LOC=1 -DHAVE_FFI_CLOSURE_ALLOC=1
#7 197.7 gcc -pthread -fPIC -Wno-unused-result -Wsign-compare -DNDEBUG -g -fwrapv -O3 -Wall -fno-semantic-interposition -std=c99 -Wextra -Wno-unused-result -Wno-unused-parameter -Wno-missing-field-initializers -Werror=implicit-function-declaration -fvisibility=hidden -fprofile-use -fprofile-correction -I./Include/internal -IModules/_multiprocessing -I./Include -I. -I/usr/include/x86_64-linux-gnu -I/usr/local/include -I/Python-3.10.9/Include -I/Python-3.10.9 -c /Python-3.10.9/Modules/_multiprocessing/semaphore.c -o build/temp.linux-x86_64-3.10/Python-3.10.9/Modules/_multiprocessing/semaphore.o
#7 197.7 gcc -pthread -shared -fno-semantic-interposition build/temp.linux-x86_64-3.10/Python-3.10.9/Modules/_hashopenssl.o -L/usr/lib -L/usr/lib/x86_64-linux-gnu -L/usr/local/lib -lssl -lcrypto -o build/lib.linux-x86_64-3.10/_hashlib.cpython-310-x86_64-linux-gnu.so
#7 197.7 gcc -pthread -shared -fno-semantic-interposition build/temp.linux-x86_64-3.10/Python-3.10.9/Modules/_multiprocessing/posixshmem.o -L/usr/lib/x86_64-linux-gnu -L/usr/local/lib -lrt -o build/lib.linux-x86_64-3.10/_posixshmem.cpython-310-x86_64-linux-gnu.so
#7 197.8 gcc -pthread -shared -fno-semantic-interposition build/temp.linux-x86_64-3.10/Python-3.10.9/Modules/xxlimited.o -L/usr/lib/x86_64-linux-gnu -L/usr/local/lib -o build/lib.linux-x86_64-3.10/xxlimited.cpython-310-x86_64-linux-gnu.so
#7 197.8 gcc -pthread -shared -fno-semantic-interposition build/temp.linux-x86_64-3.10/Python-3.10.9/Modules/xxlimited_35.o -L/usr/lib/x86_64-linux-gnu -L/usr/local/lib -o build/lib.linux-x86_64-3.10/xxlimited_35.cpython-310-x86_64-linux-gnu.so
#7 197.8 gcc -pthread -shared -fno-semantic-interposition build/temp.linux-x86_64-3.10/Python-3.10.9/Modules/cjkcodecs/_codecs_iso2022.o -L/usr/lib/x86_64-linux-gnu -L/usr/local/lib -o build/lib.linux-x86_64-3.10/_codecs_iso2022.cpython-310-x86_64-linux-gnu.so
#7 197.8 gcc -pthread -shared -fno-semantic-interposition build/temp.linux-x86_64-3.10/Python-3.10.9/Modules/cjkcodecs/_codecs_cn.o -L/usr/lib/x86_64-linux-gnu -L/usr/local/lib -o build/lib.linux-x86_64-3.10/_codecs_cn.cpython-310-x86_64-linux-gnu.so
#7 197.8 gcc -pthread -shared -fno-semantic-interposition build/temp.linux-x86_64-3.10/Python-3.10.9/Modules/_ctypes/_ctypes_test.o -L/usr/lib/x86_64-linux-gnu -L/usr/local/lib -lm -o build/lib.linux-x86_64-3.10/_ctypes_test.cpython-310-x86_64-linux-gnu.so
#7 197.9 gcc -pthread -shared -fno-semantic-interposition build/temp.linux-x86_64-3.10/Python-3.10.9/Modules/_testcapimodule.o -L/usr/lib/x86_64-linux-gnu -L/usr/local/lib -o build/lib.linux-x86_64-3.10/_testcapi.cpython-310-x86_64-linux-gnu.so
#7 197.9 gcc -pthread -shared -fno-semantic-interposition build/temp.linux-x86_64-3.10/Python-3.10.9/Modules/_multiprocessing/multiprocessing.o build/temp.linux-x86_64-3.10/Python-3.10.9/Modules/_multiprocessing/semaphore.o -L/usr/lib/x86_64-linux-gnu -L/usr/local/lib -o build/lib.linux-x86_64-3.10/_multiprocessing.cpython-310-x86_64-linux-gnu.so
#7 197.9 gcc -pthread -shared -fno-semantic-interposition build/temp.linux-x86_64-3.10/Python-3.10.9/Modules/cmathmodule.o Modules/_math.o -L/usr/lib/x86_64-linux-gnu -L/usr/local/lib -lm -o build/lib.linux-x86_64-3.10/cmath.cpython-310-x86_64-linux-gnu.so
#7 198.0 gcc -pthread -shared -fno-semantic-interposition build/temp.linux-x86_64-3.10/Python-3.10.9/Modules/_ssl.o -L/usr/lib -L/usr/lib/x86_64-linux-gnu -L/usr/local/lib -lssl -lcrypto -o build/lib.linux-x86_64-3.10/_ssl.cpython-310-x86_64-linux-gnu.so
#7 198.0 gcc -pthread -shared -fno-semantic-interposition build/temp.linux-x86_64-3.10/Python-3.10.9/Modules/cjkcodecs/_codecs_jp.o -L/usr/lib/x86_64-linux-gnu -L/usr/local/lib -o build/lib.linux-x86_64-3.10/_codecs_jp.cpython-310-x86_64-linux-gnu.so
#7 198.1 gcc -pthread -shared -fno-semantic-interposition build/temp.linux-x86_64-3.10/Python-3.10.9/Modules/cjkcodecs/multibytecodec.o -L/usr/lib/x86_64-linux-gnu -L/usr/local/lib -o build/lib.linux-x86_64-3.10/_multibytecodec.cpython-310-x86_64-linux-gnu.so
#7 198.2 gcc -pthread -fPIC -Wno-unused-result -Wsign-compare -DNDEBUG -g -fwrapv -O3 -Wall -fno-semantic-interposition -std=c99 -Wextra -Wno-unused-result -Wno-unused-parameter -Wno-missing-field-initializers -Werror=implicit-function-declaration -fvisibility=hidden -fprofile-use -fprofile-correction -I./Include/internal -DSQLITE_OMIT_LOAD_EXTENSION=1 -IModules/_sqlite -I/usr/include -I./Include -I. -I/usr/include/x86_64-linux-gnu -I/usr/local/include -I/Python-3.10.9/Include -I/Python-3.10.9 -c /Python-3.10.9/Modules/_sqlite/microprotocols.c -o build/temp.linux-x86_64-3.10/Python-3.10.9/Modules/_sqlite/microprotocols.o
#7 198.2 gcc -pthread -shared -fno-semantic-interposition build/temp.linux-x86_64-3.10/Python-3.10.9/Modules/_json.o -L/usr/lib/x86_64-linux-gnu -L/usr/local/lib -o build/lib.linux-x86_64-3.10/_json.cpython-310-x86_64-linux-gnu.so
#7 198.3 gcc -pthread -fPIC -Wno-unused-result -Wsign-compare -DNDEBUG -g -fwrapv -O3 -Wall -fno-semantic-interposition -std=c99 -Wextra -Wno-unused-result -Wno-unused-parameter -Wno-missing-field-initializers -Werror=implicit-function-declaration -fvisibility=hidden -fprofile-use -fprofile-correction -I./Include/internal -DSQLITE_OMIT_LOAD_EXTENSION=1 -IModules/_sqlite -I/usr/include -I./Include -I. -I/usr/include/x86_64-linux-gnu -I/usr/local/include -I/Python-3.10.9/Include -I/Python-3.10.9 -c /Python-3.10.9/Modules/_sqlite/module.c -o build/temp.linux-x86_64-3.10/Python-3.10.9/Modules/_sqlite/module.o
#7 198.4 gcc -pthread -fPIC -Wno-unused-result -Wsign-compare -DNDEBUG -g -fwrapv -O3 -Wall -fno-semantic-interposition -std=c99 -Wextra -Wno-unused-result -Wno-unused-parameter -Wno-missing-field-initializers -Werror=implicit-function-declaration -fvisibility=hidden -fprofile-use -fprofile-correction -I./Include/internal -I./Include -I. -I/usr/include/x86_64-linux-gnu -I/usr/local/include -I/Python-3.10.9/Include -I/Python-3.10.9 -c /Python-3.10.9/Modules/_blake2/blake2module.c -o build/temp.linux-x86_64-3.10/Python-3.10.9/Modules/_blake2/blake2module.o
#7 198.4 gcc -pthread -fPIC -Wno-unused-result -Wsign-compare -DNDEBUG -g -fwrapv -O3 -Wall -fno-semantic-interposition -std=c99 -Wextra -Wno-unused-result -Wno-unused-parameter -Wno-missing-field-initializers -Werror=implicit-function-declaration -fvisibility=hidden -fprofile-use -fprofile-correction -I./Include/internal -DSQLITE_OMIT_LOAD_EXTENSION=1 -IModules/_sqlite -I/usr/include -I./Include -I. -I/usr/include/x86_64-linux-gnu -I/usr/local/include -I/Python-3.10.9/Include -I/Python-3.10.9 -c /Python-3.10.9/Modules/_sqlite/prepare_protocol.c -o build/temp.linux-x86_64-3.10/Python-3.10.9/Modules/_sqlite/prepare_protocol.o
#7 198.5 gcc -pthread -fPIC -Wno-unused-result -Wsign-compare -DNDEBUG -g -fwrapv -O3 -Wall -fno-semantic-interposition -std=c99 -Wextra -Wno-unused-result -Wno-unused-parameter -Wno-missing-field-initializers -Werror=implicit-function-declaration -fvisibility=hidden -fprofile-use -fprofile-correction -I./Include/internal -I./Include -I. -I/usr/include/x86_64-linux-gnu -I/usr/local/include -I/Python-3.10.9/Include -I/Python-3.10.9 -c /Python-3.10.9/Modules/_blake2/blake2s_impl.c -o build/temp.linux-x86_64-3.10/Python-3.10.9/Modules/_blake2/blake2s_impl.o
#7 198.5 gcc -pthread -shared -fno-semantic-interposition build/temp.linux-x86_64-3.10/Python-3.10.9/Modules/_datetimemodule.o -L/usr/lib/x86_64-linux-gnu -L/usr/local/lib -lm -o build/lib.linux-x86_64-3.10/_datetime.cpython-310-x86_64-linux-gnu.so
#7 198.5 gcc -pthread -fPIC -Wno-unused-result -Wsign-compare -DNDEBUG -g -fwrapv -O3 -Wall -fno-semantic-interposition -std=c99 -Wextra -Wno-unused-result -Wno-unused-parameter -Wno-missing-field-initializers -Werror=implicit-function-declaration -fvisibility=hidden -fprofile-use -fprofile-correction -I./Include/internal -DSQLITE_OMIT_LOAD_EXTENSION=1 -IModules/_sqlite -I/usr/include -I./Include -I. -I/usr/include/x86_64-linux-gnu -I/usr/local/include -I/Python-3.10.9/Include -I/Python-3.10.9 -c /Python-3.10.9/Modules/_sqlite/row.c -o build/temp.linux-x86_64-3.10/Python-3.10.9/Modules/_sqlite/row.o
#7 198.5 gcc -pthread -shared -fno-semantic-interposition build/temp.linux-x86_64-3.10/Python-3.10.9/Modules/_elementtree.o -L/usr/lib/x86_64-linux-gnu -L/usr/local/lib -lm -o build/lib.linux-x86_64-3.10/_elementtree.cpython-310-x86_64-linux-gnu.so
#7 198.6 gcc -pthread -fPIC -Wno-unused-result -Wsign-compare -DNDEBUG -g -fwrapv -O3 -Wall -fno-semantic-interposition -std=c99 -Wextra -Wno-unused-result -Wno-unused-parameter -Wno-missing-field-initializers -Werror=implicit-function-declaration -fvisibility=hidden -fprofile-use -fprofile-correction -I./Include/internal -DSQLITE_OMIT_LOAD_EXTENSION=1 -IModules/_sqlite -I/usr/include -I./Include -I. -I/usr/include/x86_64-linux-gnu -I/usr/local/include -I/Python-3.10.9/Include -I/Python-3.10.9 -c /Python-3.10.9/Modules/_sqlite/statement.c -o build/temp.linux-x86_64-3.10/Python-3.10.9/Modules/_sqlite/statement.o
#7 198.7 gcc -pthread -fPIC -Wno-unused-result -Wsign-compare -DNDEBUG -g -fwrapv -O3 -Wall -fno-semantic-interposition -std=c99 -Wextra -Wno-unused-result -Wno-unused-parameter -Wno-missing-field-initializers -Werror=implicit-function-declaration -fvisibility=hidden -fprofile-use -fprofile-correction -I./Include/internal -I/usr/include/x86_64-linux-gnu -I./Include -I. -I/usr/include/x86_64-linux-gnu -I/usr/local/include -I/Python-3.10.9/Include -I/Python-3.10.9 -c /Python-3.10.9/Modules/_ctypes/callbacks.c -o build/temp.linux-x86_64-3.10/Python-3.10.9/Modules/_ctypes/callbacks.o -DPy_BUILD_CORE_MODULE -DHAVE_FFI_PREP_CIF_VAR=1 -DHAVE_FFI_PREP_CLOSURE_LOC=1 -DHAVE_FFI_CLOSURE_ALLOC=1
#7 198.8 gcc -pthread -fPIC -Wno-unused-result -Wsign-compare -DNDEBUG -g -fwrapv -O3 -Wall -fno-semantic-interposition -std=c99 -Wextra -Wno-unused-result -Wno-unused-parameter -Wno-missing-field-initializers -Werror=implicit-function-declaration -fvisibility=hidden -fprofile-use -fprofile-correction -I./Include/internal -DSQLITE_OMIT_LOAD_EXTENSION=1 -IModules/_sqlite -I/usr/include -I./Include -I. -I/usr/include/x86_64-linux-gnu -I/usr/local/include -I/Python-3.10.9/Include -I/Python-3.10.9 -c /Python-3.10.9/Modules/_sqlite/util.c -o build/temp.linux-x86_64-3.10/Python-3.10.9/Modules/_sqlite/util.o
#7 198.8 gcc -pthread -shared -fno-semantic-interposition build/temp.linux-x86_64-3.10/Python-3.10.9/Modules/_sqlite/cache.o build/temp.linux-x86_64-3.10/Python-3.10.9/Modules/_sqlite/connection.o build/temp.linux-x86_64-3.10/Python-3.10.9/Modules/_sqlite/cursor.o build/temp.linux-x86_64-3.10/Python-3.10.9/Modules/_sqlite/microprotocols.o build/temp.linux-x86_64-3.10/Python-3.10.9/Modules/_sqlite/module.o build/temp.linux-x86_64-3.10/Python-3.10.9/Modules/_sqlite/prepare_protocol.o build/temp.linux-x86_64-3.10/Python-3.10.9/Modules/_sqlite/row.o build/temp.linux-x86_64-3.10/Python-3.10.9/Modules/_sqlite/statement.o build/temp.linux-x86_64-3.10/Python-3.10.9/Modules/_sqlite/util.o -L/usr/lib/x86_64-linux-gnu -L/usr/local/lib -lsqlite3 -o build/lib.linux-x86_64-3.10/_sqlite3.cpython-310-x86_64-linux-gnu.so
#7 198.9 gcc -pthread -fPIC -Wno-unused-result -Wsign-compare -DNDEBUG -g -fwrapv -O3 -Wall -fno-semantic-interposition -std=c99 -Wextra -Wno-unused-result -Wno-unused-parameter -Wno-missing-field-initializers -Werror=implicit-function-declaration -fvisibility=hidden -fprofile-use -fprofile-correction -I./Include/internal -I/usr/include/x86_64-linux-gnu -I./Include -I. -I/usr/include/x86_64-linux-gnu -I/usr/local/include -I/Python-3.10.9/Include -I/Python-3.10.9 -c /Python-3.10.9/Modules/_ctypes/callproc.c -o build/temp.linux-x86_64-3.10/Python-3.10.9/Modules/_ctypes/callproc.o -DPy_BUILD_CORE_MODULE -DHAVE_FFI_PREP_CIF_VAR=1 -DHAVE_FFI_PREP_CLOSURE_LOC=1 -DHAVE_FFI_CLOSURE_ALLOC=1
#7 199.0 gcc -pthread -shared -fno-semantic-interposition build/temp.linux-x86_64-3.10/Python-3.10.9/Modules/_pickle.o -L/usr/lib/x86_64-linux-gnu -L/usr/local/lib -o build/lib.linux-x86_64-3.10/_pickle.cpython-310-x86_64-linux-gnu.so
#7 199.1 gcc -pthread -fPIC -Wno-unused-result -Wsign-compare -DNDEBUG -g -fwrapv -O3 -Wall -fno-semantic-interposition -std=c99 -Wextra -Wno-unused-result -Wno-unused-parameter -Wno-missing-field-initializers -Werror=implicit-function-declaration -fvisibility=hidden -fprofile-use -fprofile-correction -I./Include/internal -I/usr/include/x86_64-linux-gnu -I./Include -I. -I/usr/include/x86_64-linux-gnu -I/usr/local/include -I/Python-3.10.9/Include -I/Python-3.10.9 -c /Python-3.10.9/Modules/_ctypes/cfield.c -o build/temp.linux-x86_64-3.10/Python-3.10.9/Modules/_ctypes/cfield.o -DPy_BUILD_CORE_MODULE -DHAVE_FFI_PREP_CIF_VAR=1 -DHAVE_FFI_PREP_CLOSURE_LOC=1 -DHAVE_FFI_CLOSURE_ALLOC=1
#7 199.3 gcc -pthread -fPIC -Wno-unused-result -Wsign-compare -DNDEBUG -g -fwrapv -O3 -Wall -fno-semantic-interposition -std=c99 -Wextra -Wno-unused-result -Wno-unused-parameter -Wno-missing-field-initializers -Werror=implicit-function-declaration -fvisibility=hidden -fprofile-use -fprofile-correction -I./Include/internal -DCONFIG_64=1 -DASM=1 -I/Python-3.10.9/Modules/_decimal/libmpdec -I./Include -I. -I/usr/include/x86_64-linux-gnu -I/usr/local/include -I/Python-3.10.9/Include -I/Python-3.10.9 -c /Python-3.10.9/Modules/_decimal/libmpdec/basearith.c -o build/temp.linux-x86_64-3.10/Python-3.10.9/Modules/_decimal/libmpdec/basearith.o
#7 199.4 gcc -pthread -fPIC -Wno-unused-result -Wsign-compare -DNDEBUG -g -fwrapv -O3 -Wall -fno-semantic-interposition -std=c99 -Wextra -Wno-unused-result -Wno-unused-parameter -Wno-missing-field-initializers -Werror=implicit-function-declaration -fvisibility=hidden -fprofile-use -fprofile-correction -I./Include/internal -I/usr/include/x86_64-linux-gnu -I./Include -I. -I/usr/include/x86_64-linux-gnu -I/usr/local/include -I/Python-3.10.9/Include -I/Python-3.10.9 -c /Python-3.10.9/Modules/_ctypes/stgdict.c -o build/temp.linux-x86_64-3.10/Python-3.10.9/Modules/_ctypes/stgdict.o -DPy_BUILD_CORE_MODULE -DHAVE_FFI_PREP_CIF_VAR=1 -DHAVE_FFI_PREP_CLOSURE_LOC=1 -DHAVE_FFI_CLOSURE_ALLOC=1
#7 199.6 gcc -pthread -fPIC -Wno-unused-result -Wsign-compare -DNDEBUG -g -fwrapv -O3 -Wall -fno-semantic-interposition -std=c99 -Wextra -Wno-unused-result -Wno-unused-parameter -Wno-missing-field-initializers -Werror=implicit-function-declaration -fvisibility=hidden -fprofile-use -fprofile-correction -I./Include/internal -DCONFIG_64=1 -DASM=1 -I/Python-3.10.9/Modules/_decimal/libmpdec -I./Include -I. -I/usr/include/x86_64-linux-gnu -I/usr/local/include -I/Python-3.10.9/Include -I/Python-3.10.9 -c /Python-3.10.9/Modules/_decimal/libmpdec/constants.c -o build/temp.linux-x86_64-3.10/Python-3.10.9/Modules/_decimal/libmpdec/constants.o
#7 199.6 gcc -pthread -shared -fno-semantic-interposition build/temp.linux-x86_64-3.10/Python-3.10.9/Modules/_ctypes/_ctypes.o build/temp.linux-x86_64-3.10/Python-3.10.9/Modules/_ctypes/callbacks.o build/temp.linux-x86_64-3.10/Python-3.10.9/Modules/_ctypes/callproc.o build/temp.linux-x86_64-3.10/Python-3.10.9/Modules/_ctypes/cfield.o build/temp.linux-x86_64-3.10/Python-3.10.9/Modules/_ctypes/stgdict.o -L/usr/lib/x86_64-linux-gnu -L/usr/local/lib -lffi -ldl -o build/lib.linux-x86_64-3.10/_ctypes.cpython-310-x86_64-linux-gnu.so
#7 199.6 gcc -pthread -fPIC -Wno-unused-result -Wsign-compare -DNDEBUG -g -fwrapv -O3 -Wall -fno-semantic-interposition -std=c99 -Wextra -Wno-unused-result -Wno-unused-parameter -Wno-missing-field-initializers -Werror=implicit-function-declaration -fvisibility=hidden -fprofile-use -fprofile-correction -I./Include/internal -DCONFIG_64=1 -DASM=1 -I/Python-3.10.9/Modules/_decimal/libmpdec -I./Include -I. -I/usr/include/x86_64-linux-gnu -I/usr/local/include -I/Python-3.10.9/Include -I/Python-3.10.9 -c /Python-3.10.9/Modules/_decimal/libmpdec/context.c -o build/temp.linux-x86_64-3.10/Python-3.10.9/Modules/_decimal/libmpdec/context.o
#7 199.6 gcc -pthread -shared -fno-semantic-interposition build/temp.linux-x86_64-3.10/Python-3.10.9/Modules/_blake2/blake2b_impl.o build/temp.linux-x86_64-3.10/Python-3.10.9/Modules/_blake2/blake2module.o build/temp.linux-x86_64-3.10/Python-3.10.9/Modules/_blake2/blake2s_impl.o -L/usr/lib/x86_64-linux-gnu -L/usr/local/lib -o build/lib.linux-x86_64-3.10/_blake2.cpython-310-x86_64-linux-gnu.so
#7 199.6 gcc -pthread -shared -fno-semantic-interposition build/temp.linux-x86_64-3.10/Python-3.10.9/Modules/_sha3/sha3module.o -L/usr/lib/x86_64-linux-gnu -L/usr/local/lib -o build/lib.linux-x86_64-3.10/_sha3.cpython-310-x86_64-linux-gnu.so
#7 199.7 gcc -pthread -fPIC -Wno-unused-result -Wsign-compare -DNDEBUG -g -fwrapv -O3 -Wall -fno-semantic-interposition -std=c99 -Wextra -Wno-unused-result -Wno-unused-parameter -Wno-missing-field-initializers -Werror=implicit-function-declaration -fvisibility=hidden -fprofile-use -fprofile-correction -I./Include/internal -DCONFIG_64=1 -DASM=1 -I/Python-3.10.9/Modules/_decimal/libmpdec -I./Include -I. -I/usr/include/x86_64-linux-gnu -I/usr/local/include -I/Python-3.10.9/Include -I/Python-3.10.9 -c /Python-3.10.9/Modules/_decimal/libmpdec/convolute.c -o build/temp.linux-x86_64-3.10/Python-3.10.9/Modules/_decimal/libmpdec/convolute.o
#7 199.7 gcc -pthread -fPIC -Wno-unused-result -Wsign-compare -DNDEBUG -g -fwrapv -O3 -Wall -fno-semantic-interposition -std=c99 -Wextra -Wno-unused-result -Wno-unused-parameter -Wno-missing-field-initializers -Werror=implicit-function-declaration -fvisibility=hidden -fprofile-use -fprofile-correction -I./Include/internal -DHAVE_EXPAT_CONFIG_H=1 -DXML_POOR_ENTROPY=1 -DUSE_PYEXPAT_CAPI -I/Python-3.10.9/Modules/expat -I./Include -I. -I/usr/include/x86_64-linux-gnu -I/usr/local/include -I/Python-3.10.9/Include -I/Python-3.10.9 -c /Python-3.10.9/Modules/expat/xmlrole.c -o build/temp.linux-x86_64-3.10/Python-3.10.9/Modules/expat/xmlrole.o -Wno-unreachable-code
#7 199.8 gcc -pthread -fPIC -Wno-unused-result -Wsign-compare -DNDEBUG -g -fwrapv -O3 -Wall -fno-semantic-interposition -std=c99 -Wextra -Wno-unused-result -Wno-unused-parameter -Wno-missing-field-initializers -Werror=implicit-function-declaration -fvisibility=hidden -fprofile-use -fprofile-correction -I./Include/internal -DCONFIG_64=1 -DASM=1 -I/Python-3.10.9/Modules/_decimal/libmpdec -I./Include -I. -I/usr/include/x86_64-linux-gnu -I/usr/local/include -I/Python-3.10.9/Include -I/Python-3.10.9 -c /Python-3.10.9/Modules/_decimal/libmpdec/crt.c -o build/temp.linux-x86_64-3.10/Python-3.10.9/Modules/_decimal/libmpdec/crt.o
#7 199.8 gcc -pthread -fPIC -Wno-unused-result -Wsign-compare -DNDEBUG -g -fwrapv -O3 -Wall -fno-semantic-interposition -std=c99 -Wextra -Wno-unused-result -Wno-unused-parameter -Wno-missing-field-initializers -Werror=implicit-function-declaration -fvisibility=hidden -fprofile-use -fprofile-correction -I./Include/internal -DHAVE_EXPAT_CONFIG_H=1 -DXML_POOR_ENTROPY=1 -DUSE_PYEXPAT_CAPI -I/Python-3.10.9/Modules/expat -I./Include -I. -I/usr/include/x86_64-linux-gnu -I/usr/local/include -I/Python-3.10.9/Include -I/Python-3.10.9 -c /Python-3.10.9/Modules/expat/xmltok.c -o build/temp.linux-x86_64-3.10/Python-3.10.9/Modules/expat/xmltok.o -Wno-unreachable-code
#7 199.9 gcc -pthread -fPIC -Wno-unused-result -Wsign-compare -DNDEBUG -g -fwrapv -O3 -Wall -fno-semantic-interposition -std=c99 -Wextra -Wno-unused-result -Wno-unused-parameter -Wno-missing-field-initializers -Werror=implicit-function-declaration -fvisibility=hidden -fprofile-use -fprofile-correction -I./Include/internal -DCONFIG_64=1 -DASM=1 -I/Python-3.10.9/Modules/_decimal/libmpdec -I./Include -I. -I/usr/include/x86_64-linux-gnu -I/usr/local/include -I/Python-3.10.9/Include -I/Python-3.10.9 -c /Python-3.10.9/Modules/_decimal/libmpdec/difradix2.c -o build/temp.linux-x86_64-3.10/Python-3.10.9/Modules/_decimal/libmpdec/difradix2.o
#7 200.0 gcc -pthread -fPIC -Wno-unused-result -Wsign-compare -DNDEBUG -g -fwrapv -O3 -Wall -fno-semantic-interposition -std=c99 -Wextra -Wno-unused-result -Wno-unused-parameter -Wno-missing-field-initializers -Werror=implicit-function-declaration -fvisibility=hidden -fprofile-use -fprofile-correction -I./Include/internal -DCONFIG_64=1 -DASM=1 -I/Python-3.10.9/Modules/_decimal/libmpdec -I./Include -I. -I/usr/include/x86_64-linux-gnu -I/usr/local/include -I/Python-3.10.9/Include -I/Python-3.10.9 -c /Python-3.10.9/Modules/_decimal/libmpdec/fnt.c -o build/temp.linux-x86_64-3.10/Python-3.10.9/Modules/_decimal/libmpdec/fnt.o
#7 200.0 gcc -pthread -fPIC -Wno-unused-result -Wsign-compare -DNDEBUG -g -fwrapv -O3 -Wall -fno-semantic-interposition -std=c99 -Wextra -Wno-unused-result -Wno-unused-parameter -Wno-missing-field-initializers -Werror=implicit-function-declaration -fvisibility=hidden -fprofile-use -fprofile-correction -I./Include/internal -DCONFIG_64=1 -DASM=1 -I/Python-3.10.9/Modules/_decimal/libmpdec -I./Include -I. -I/usr/include/x86_64-linux-gnu -I/usr/local/include -I/Python-3.10.9/Include -I/Python-3.10.9 -c /Python-3.10.9/Modules/_decimal/libmpdec/fourstep.c -o build/temp.linux-x86_64-3.10/Python-3.10.9/Modules/_decimal/libmpdec/fourstep.o
#7 200.4 gcc -pthread -fPIC -Wno-unused-result -Wsign-compare -DNDEBUG -g -fwrapv -O3 -Wall -fno-semantic-interposition -std=c99 -Wextra -Wno-unused-result -Wno-unused-parameter -Wno-missing-field-initializers -Werror=implicit-function-declaration -fvisibility=hidden -fprofile-use -fprofile-correction -I./Include/internal -DCONFIG_64=1 -DASM=1 -I/Python-3.10.9/Modules/_decimal/libmpdec -I./Include -I. -I/usr/include/x86_64-linux-gnu -I/usr/local/include -I/Python-3.10.9/Include -I/Python-3.10.9 -c /Python-3.10.9/Modules/_decimal/libmpdec/io.c -o build/temp.linux-x86_64-3.10/Python-3.10.9/Modules/_decimal/libmpdec/io.o
#7 200.7 gcc -pthread -fPIC -Wno-unused-result -Wsign-compare -DNDEBUG -g -fwrapv -O3 -Wall -fno-semantic-interposition -std=c99 -Wextra -Wno-unused-result -Wno-unused-parameter -Wno-missing-field-initializers -Werror=implicit-function-declaration -fvisibility=hidden -fprofile-use -fprofile-correction -I./Include/internal -DCONFIG_64=1 -DASM=1 -I/Python-3.10.9/Modules/_decimal/libmpdec -I./Include -I. -I/usr/include/x86_64-linux-gnu -I/usr/local/include -I/Python-3.10.9/Include -I/Python-3.10.9 -c /Python-3.10.9/Modules/_decimal/libmpdec/mpalloc.c -o build/temp.linux-x86_64-3.10/Python-3.10.9/Modules/_decimal/libmpdec/mpalloc.o
#7 200.8 gcc -pthread -fPIC -Wno-unused-result -Wsign-compare -DNDEBUG -g -fwrapv -O3 -Wall -fno-semantic-interposition -std=c99 -Wextra -Wno-unused-result -Wno-unused-parameter -Wno-missing-field-initializers -Werror=implicit-function-declaration -fvisibility=hidden -fprofile-use -fprofile-correction -I./Include/internal -DCONFIG_64=1 -DASM=1 -I/Python-3.10.9/Modules/_decimal/libmpdec -I./Include -I. -I/usr/include/x86_64-linux-gnu -I/usr/local/include -I/Python-3.10.9/Include -I/Python-3.10.9 -c /Python-3.10.9/Modules/_decimal/libmpdec/mpdecimal.c -o build/temp.linux-x86_64-3.10/Python-3.10.9/Modules/_decimal/libmpdec/mpdecimal.o
#7 201.4 gcc -pthread -fPIC -Wno-unused-result -Wsign-compare -DNDEBUG -g -fwrapv -O3 -Wall -fno-semantic-interposition -std=c99 -Wextra -Wno-unused-result -Wno-unused-parameter -Wno-missing-field-initializers -Werror=implicit-function-declaration -fvisibility=hidden -fprofile-use -fprofile-correction -I./Include/internal -DHAVE_EXPAT_CONFIG_H=1 -DXML_POOR_ENTROPY=1 -DUSE_PYEXPAT_CAPI -I/Python-3.10.9/Modules/expat -I./Include -I. -I/usr/include/x86_64-linux-gnu -I/usr/local/include -I/Python-3.10.9/Include -I/Python-3.10.9 -c /Python-3.10.9/Modules/pyexpat.c -o build/temp.linux-x86_64-3.10/Python-3.10.9/Modules/pyexpat.o -Wno-unreachable-code
#7 201.9 gcc -pthread -shared -fno-semantic-interposition build/temp.linux-x86_64-3.10/Python-3.10.9/Modules/expat/xmlparse.o build/temp.linux-x86_64-3.10/Python-3.10.9/Modules/expat/xmlrole.o build/temp.linux-x86_64-3.10/Python-3.10.9/Modules/expat/xmltok.o build/temp.linux-x86_64-3.10/Python-3.10.9/Modules/pyexpat.o -L/usr/lib/x86_64-linux-gnu -L/usr/local/lib -lm -o build/lib.linux-x86_64-3.10/pyexpat.cpython-310-x86_64-linux-gnu.so
#7 202.8 gcc -pthread -fPIC -Wno-unused-result -Wsign-compare -DNDEBUG -g -fwrapv -O3 -Wall -fno-semantic-interposition -std=c99 -Wextra -Wno-unused-result -Wno-unused-parameter -Wno-missing-field-initializers -Werror=implicit-function-declaration -fvisibility=hidden -fprofile-use -fprofile-correction -I./Include/internal -DCONFIG_64=1 -DASM=1 -I/Python-3.10.9/Modules/_decimal/libmpdec -I./Include -I. -I/usr/include/x86_64-linux-gnu -I/usr/local/include -I/Python-3.10.9/Include -I/Python-3.10.9 -c /Python-3.10.9/Modules/_decimal/libmpdec/numbertheory.c -o build/temp.linux-x86_64-3.10/Python-3.10.9/Modules/_decimal/libmpdec/numbertheory.o
#7 202.9 gcc -pthread -fPIC -Wno-unused-result -Wsign-compare -DNDEBUG -g -fwrapv -O3 -Wall -fno-semantic-interposition -std=c99 -Wextra -Wno-unused-result -Wno-unused-parameter -Wno-missing-field-initializers -Werror=implicit-function-declaration -fvisibility=hidden -fprofile-use -fprofile-correction -I./Include/internal -DCONFIG_64=1 -DASM=1 -I/Python-3.10.9/Modules/_decimal/libmpdec -I./Include -I. -I/usr/include/x86_64-linux-gnu -I/usr/local/include -I/Python-3.10.9/Include -I/Python-3.10.9 -c /Python-3.10.9/Modules/_decimal/libmpdec/sixstep.c -o build/temp.linux-x86_64-3.10/Python-3.10.9/Modules/_decimal/libmpdec/sixstep.o
#7 203.1 gcc -pthread -fPIC -Wno-unused-result -Wsign-compare -DNDEBUG -g -fwrapv -O3 -Wall -fno-semantic-interposition -std=c99 -Wextra -Wno-unused-result -Wno-unused-parameter -Wno-missing-field-initializers -Werror=implicit-function-declaration -fvisibility=hidden -fprofile-use -fprofile-correction -I./Include/internal -DCONFIG_64=1 -DASM=1 -I/Python-3.10.9/Modules/_decimal/libmpdec -I./Include -I. -I/usr/include/x86_64-linux-gnu -I/usr/local/include -I/Python-3.10.9/Include -I/Python-3.10.9 -c /Python-3.10.9/Modules/_decimal/libmpdec/transpose.c -o build/temp.linux-x86_64-3.10/Python-3.10.9/Modules/_decimal/libmpdec/transpose.o
#7 203.2 gcc -pthread -shared -fno-semantic-interposition build/temp.linux-x86_64-3.10/Python-3.10.9/Modules/_decimal/_decimal.o build/temp.linux-x86_64-3.10/Python-3.10.9/Modules/_decimal/libmpdec/basearith.o build/temp.linux-x86_64-3.10/Python-3.10.9/Modules/_decimal/libmpdec/constants.o build/temp.linux-x86_64-3.10/Python-3.10.9/Modules/_decimal/libmpdec/context.o build/temp.linux-x86_64-3.10/Python-3.10.9/Modules/_decimal/libmpdec/convolute.o build/temp.linux-x86_64-3.10/Python-3.10.9/Modules/_decimal/libmpdec/crt.o build/temp.linux-x86_64-3.10/Python-3.10.9/Modules/_decimal/libmpdec/difradix2.o build/temp.linux-x86_64-3.10/Python-3.10.9/Modules/_decimal/libmpdec/fnt.o build/temp.linux-x86_64-3.10/Python-3.10.9/Modules/_decimal/libmpdec/fourstep.o build/temp.linux-x86_64-3.10/Python-3.10.9/Modules/_decimal/libmpdec/io.o build/temp.linux-x86_64-3.10/Python-3.10.9/Modules/_decimal/libmpdec/mpalloc.o build/temp.linux-x86_64-3.10/Python-3.10.9/Modules/_decimal/libmpdec/mpdecimal.o build/temp.linux-x86_64-3.10/Python-3.10.9/Modules/_decimal/libmpdec/numbertheory.o build/temp.linux-x86_64-3.10/Python-3.10.9/Modules/_decimal/libmpdec/sixstep.o build/temp.linux-x86_64-3.10/Python-3.10.9/Modules/_decimal/libmpdec/transpose.o -L/usr/lib/x86_64-linux-gnu -L/usr/local/lib -lm -o build/lib.linux-x86_64-3.10/_decimal.cpython-310-x86_64-linux-gnu.so
#7 203.3 
#7 203.3 The necessary bits to build these optional modules were not found:
#7 203.3 _dbm                  _tkinter              _uuid              
#7 203.3 To find the necessary bits, look in setup.py in detect_modules() for the module's name.
#7 203.3 
#7 203.3 
#7 203.3 The following modules found by detect_modules() in setup.py, have been
#7 203.3 built by the Makefile instead, as configured by the Setup files:
#7 203.3 _abc                  pwd                   time               
#7 203.3 
#7 203.3 running build_scripts
#7 203.3 copying and adjusting /Python-3.10.9/Tools/scripts/pydoc3 -> build/scripts-3.10
#7 203.3 copying and adjusting /Python-3.10.9/Tools/scripts/idle3 -> build/scripts-3.10
#7 203.3 copying and adjusting /Python-3.10.9/Tools/scripts/2to3 -> build/scripts-3.10
#7 203.3 changing mode of build/scripts-3.10/pydoc3 from 644 to 755
#7 203.3 changing mode of build/scripts-3.10/idle3 from 644 to 755
#7 203.3 changing mode of build/scripts-3.10/2to3 from 644 to 755
#7 203.3 renaming build/scripts-3.10/pydoc3 to build/scripts-3.10/pydoc3.10
#7 203.3 renaming build/scripts-3.10/idle3 to build/scripts-3.10/idle3.10
#7 203.3 renaming build/scripts-3.10/2to3 to build/scripts-3.10/2to3-3.10
#7 203.3 make[1]: Leaving directory '/Python-3.10.9'
#7 203.3 if test "no-framework" = "no-framework" ; then \
#7 203.3 	/usr/bin/install -c python /usr/local/bin/python3.10; \
#7 203.3 else \
#7 203.3 	/usr/bin/install -c -s Mac/pythonw /usr/local/bin/python3.10; \
#7 203.3 fi
#7 203.3 if test "3.10" != "3.10"; then \
#7 203.3 	if test -f /usr/local/bin/python3.10 -o -h /usr/local/bin/python3.10; \
#7 203.3 	then rm -f /usr/local/bin/python3.10; \
#7 203.3 	fi; \
#7 203.3 	(cd /usr/local/bin; ln python3.10 python3.10); \
#7 203.3 fi
#7 203.4 if test "x" != "x" ; then \
#7 203.4 	rm -f /usr/local/binpython3.10-32; \
#7 203.4 	lipo  \
#7 203.4 		-output /usr/local/bin/python3.10-32 \
#7 203.4 		/usr/local/bin/python3.10; \
#7 203.4 fi
#7 203.4 if test "x" != "x" ; then \
#7 203.4 	rm -f /usr/local/binpython3.10-intel64; \
#7 203.4 	lipo  \
#7 203.4 		-output /usr/local/bin/python3.10-intel64 \
#7 203.4 		/usr/local/bin/python3.10; \
#7 203.4 fi
#7 203.4  CC='gcc -pthread' LDSHARED='gcc -pthread -shared   -fno-semantic-interposition ' OPT='-DNDEBUG -g -fwrapv -O3 -Wall' 	_TCLTK_INCLUDES='' _TCLTK_LIBS='' 	./python -E ./setup.py  build
#7 203.4 running build
#7 203.4 running build_ext
#7 203.4 INFO: Can't locate Tcl/Tk libs and/or headers
#7 203.5 
#7 203.5 The necessary bits to build these optional modules were not found:
#7 203.5 _dbm                  _tkinter              _uuid              
#7 203.5 To find the necessary bits, look in setup.py in detect_modules() for the module's name.
#7 203.5 
#7 203.5 
#7 203.5 The following modules found by detect_modules() in setup.py, have been
#7 203.5 built by the Makefile instead, as configured by the Setup files:
#7 203.5 _abc                  pwd                   time               
#7 203.5 
#7 203.5 running build_scripts
#7 203.5 copying and adjusting /Python-3.10.9/Tools/scripts/pydoc3 -> build/scripts-3.10
#7 203.5 copying and adjusting /Python-3.10.9/Tools/scripts/idle3 -> build/scripts-3.10
#7 203.5 copying and adjusting /Python-3.10.9/Tools/scripts/2to3 -> build/scripts-3.10
#7 203.5 changing mode of build/scripts-3.10/pydoc3 from 644 to 755
#7 203.5 changing mode of build/scripts-3.10/idle3 from 644 to 755
#7 203.5 changing mode of build/scripts-3.10/2to3 from 644 to 755
#7 203.5 renaming build/scripts-3.10/pydoc3 to build/scripts-3.10/pydoc3.10
#7 203.5 renaming build/scripts-3.10/idle3 to build/scripts-3.10/idle3.10
#7 203.5 renaming build/scripts-3.10/2to3 to build/scripts-3.10/2to3-3.10
#7 203.5 Creating directory /usr/local/lib/python3.10
#7 203.5 Creating directory /usr/local/lib/python3.10/asyncio
#7 203.5 Creating directory /usr/local/lib/python3.10/collections
#7 203.5 Creating directory /usr/local/lib/python3.10/concurrent
#7 203.5 Creating directory /usr/local/lib/python3.10/concurrent/futures
#7 203.5 Creating directory /usr/local/lib/python3.10/ctypes
#7 203.5 Creating directory /usr/local/lib/python3.10/ctypes/macholib
#7 203.5 Creating directory /usr/local/lib/python3.10/curses
#7 203.5 Creating directory /usr/local/lib/python3.10/dbm
#7 203.5 Creating directory /usr/local/lib/python3.10/distutils
#7 203.5 Creating directory /usr/local/lib/python3.10/distutils/command
#7 203.5 Creating directory /usr/local/lib/python3.10/email
#7 203.5 Creating directory /usr/local/lib/python3.10/email/mime
#7 203.5 Creating directory /usr/local/lib/python3.10/encodings
#7 203.5 Creating directory /usr/local/lib/python3.10/ensurepip
#7 203.5 Creating directory /usr/local/lib/python3.10/ensurepip/_bundled
#7 203.5 Creating directory /usr/local/lib/python3.10/html
#7 203.5 Creating directory /usr/local/lib/python3.10/http
#7 203.5 Creating directory /usr/local/lib/python3.10/idlelib
#7 203.5 Creating directory /usr/local/lib/python3.10/idlelib/Icons
#7 203.5 Creating directory /usr/local/lib/python3.10/importlib
#7 203.5 Creating directory /usr/local/lib/python3.10/importlib/metadata
#7 203.5 Creating directory /usr/local/lib/python3.10/json
#7 203.5 Creating directory /usr/local/lib/python3.10/lib2to3
#7 203.5 Creating directory /usr/local/lib/python3.10/lib2to3/fixes
#7 203.5 Creating directory /usr/local/lib/python3.10/lib2to3/pgen2
#7 203.5 Creating directory /usr/local/lib/python3.10/logging
#7 203.5 Creating directory /usr/local/lib/python3.10/multiprocessing
#7 203.5 Creating directory /usr/local/lib/python3.10/multiprocessing/dummy
#7 203.5 Creating directory /usr/local/lib/python3.10/pydoc_data
#7 203.5 Creating directory /usr/local/lib/python3.10/site-packages
#7 203.5 Creating directory /usr/local/lib/python3.10/sqlite3
#7 203.5 Creating directory /usr/local/lib/python3.10/tkinter
#7 203.5 Creating directory /usr/local/lib/python3.10/turtledemo
#7 203.5 Creating directory /usr/local/lib/python3.10/unittest
#7 203.5 Creating directory /usr/local/lib/python3.10/urllib
#7 203.5 Creating directory /usr/local/lib/python3.10/venv
#7 203.5 Creating directory /usr/local/lib/python3.10/venv/scripts
#7 203.5 Creating directory /usr/local/lib/python3.10/venv/scripts/common
#7 203.5 Creating directory /usr/local/lib/python3.10/venv/scripts/posix
#7 203.5 Creating directory /usr/local/lib/python3.10/wsgiref
#7 203.5 Creating directory /usr/local/lib/python3.10/xml
#7 203.5 Creating directory /usr/local/lib/python3.10/xml/dom
#7 203.5 Creating directory /usr/local/lib/python3.10/xml/etree
#7 203.5 Creating directory /usr/local/lib/python3.10/xml/parsers
#7 203.5 Creating directory /usr/local/lib/python3.10/xml/sax
#7 203.5 Creating directory /usr/local/lib/python3.10/xmlrpc
#7 203.5 Creating directory /usr/local/lib/python3.10/zoneinfo
#7 203.5 Creating directory /usr/local/lib/python3.10/ctypes/test
#7 203.5 Creating directory /usr/local/lib/python3.10/distutils/tests
#7 203.5 Creating directory /usr/local/lib/python3.10/idlelib/idle_test
#7 203.5 Creating directory /usr/local/lib/python3.10/lib2to3/tests
#7 203.5 Creating directory /usr/local/lib/python3.10/lib2to3/tests/data
#7 203.5 Creating directory /usr/local/lib/python3.10/lib2to3/tests/data/fixers
#7 203.5 Creating directory /usr/local/lib/python3.10/lib2to3/tests/data/fixers/myfixes
#7 203.5 Creating directory /usr/local/lib/python3.10/sqlite3/test
#7 203.5 Creating directory /usr/local/lib/python3.10/test
#7 203.5 Creating directory /usr/local/lib/python3.10/test/audiodata
#7 203.5 Creating directory /usr/local/lib/python3.10/test/capath
#7 203.5 Creating directory /usr/local/lib/python3.10/test/cjkencodings
#7 203.5 Creating directory /usr/local/lib/python3.10/test/data
#7 203.5 Creating directory /usr/local/lib/python3.10/test/decimaltestdata
#7 203.5 Creating directory /usr/local/lib/python3.10/test/dtracedata
#7 203.5 Creating directory /usr/local/lib/python3.10/test/encoded_modules
#7 203.5 Creating directory /usr/local/lib/python3.10/test/imghdrdata
#7 203.5 Creating directory /usr/local/lib/python3.10/test/libregrtest
#7 203.5 Creating directory /usr/local/lib/python3.10/test/sndhdrdata
#7 203.5 Creating directory /usr/local/lib/python3.10/test/subprocessdata
#7 203.5 Creating directory /usr/local/lib/python3.10/test/support
#7 203.5 Creating directory /usr/local/lib/python3.10/test/test_asyncio
#7 203.5 Creating directory /usr/local/lib/python3.10/test/test_email
#7 203.5 Creating directory /usr/local/lib/python3.10/test/test_email/data
#7 203.5 Creating directory /usr/local/lib/python3.10/test/test_import
#7 203.5 Creating directory /usr/local/lib/python3.10/test/test_import/data
#7 203.5 Creating directory /usr/local/lib/python3.10/test/test_import/data/circular_imports
#7 203.5 Creating directory /usr/local/lib/python3.10/test/test_import/data/circular_imports/subpkg
#7 203.5 Creating directory /usr/local/lib/python3.10/test/test_import/data/package
#7 203.5 Creating directory /usr/local/lib/python3.10/test/test_import/data/package2
#7 203.5 Creating directory /usr/local/lib/python3.10/test/test_import/data/unwritable
#7 203.5 Creating directory /usr/local/lib/python3.10/test/test_importlib
#7 203.5 Creating directory /usr/local/lib/python3.10/test/test_importlib/builtin
#7 203.5 Creating directory /usr/local/lib/python3.10/test/test_importlib/data
#7 203.5 Creating directory /usr/local/lib/python3.10/test/test_importlib/data01
#7 203.5 Creating directory /usr/local/lib/python3.10/test/test_importlib/data01/subdirectory
#7 203.5 Creating directory /usr/local/lib/python3.10/test/test_importlib/data02
#7 203.5 Creating directory /usr/local/lib/python3.10/test/test_importlib/data02/one
#7 203.5 Creating directory /usr/local/lib/python3.10/test/test_importlib/data02/two
#7 203.5 Creating directory /usr/local/lib/python3.10/test/test_importlib/data03
#7 203.5 Creating directory /usr/local/lib/python3.10/test/test_importlib/data03/namespace
#7 203.5 Creating directory /usr/local/lib/python3.10/test/test_importlib/data03/namespace/portion1
#7 203.5 Creating directory /usr/local/lib/python3.10/test/test_importlib/data03/namespace/portion2
#7 203.5 Creating directory /usr/local/lib/python3.10/test/test_importlib/extension
#7 203.5 Creating directory /usr/local/lib/python3.10/test/test_importlib/frozen
#7 203.5 Creating directory /usr/local/lib/python3.10/test/test_importlib/import_
#7 203.5 Creating directory /usr/local/lib/python3.10/test/test_importlib/namespace_pkgs
#7 203.5 Creating directory /usr/local/lib/python3.10/test/test_importlib/namespace_pkgs/both_portions
#7 203.5 Creating directory /usr/local/lib/python3.10/test/test_importlib/namespace_pkgs/both_portions/foo
#7 203.5 Creating directory /usr/local/lib/python3.10/test/test_importlib/namespace_pkgs/module_and_namespace_package
#7 203.5 Creating directory /usr/local/lib/python3.10/test/test_importlib/namespace_pkgs/module_and_namespace_package/a_test
#7 203.5 Creating directory /usr/local/lib/python3.10/test/test_importlib/namespace_pkgs/not_a_namespace_pkg
#7 203.5 Creating directory /usr/local/lib/python3.10/test/test_importlib/namespace_pkgs/not_a_namespace_pkg/foo
#7 203.5 Creating directory /usr/local/lib/python3.10/test/test_importlib/namespace_pkgs/portion1
#7 203.5 Creating directory /usr/local/lib/python3.10/test/test_importlib/namespace_pkgs/portion1/foo
#7 203.5 Creating directory /usr/local/lib/python3.10/test/test_importlib/namespace_pkgs/portion2
#7 203.5 Creating directory /usr/local/lib/python3.10/test/test_importlib/namespace_pkgs/portion2/foo
#7 203.5 Creating directory /usr/local/lib/python3.10/test/test_importlib/namespace_pkgs/project1
#7 203.5 Creating directory /usr/local/lib/python3.10/test/test_importlib/namespace_pkgs/project1/parent
#7 203.5 Creating directory /usr/local/lib/python3.10/test/test_importlib/namespace_pkgs/project1/parent/child
#7 203.5 Creating directory /usr/local/lib/python3.10/test/test_importlib/namespace_pkgs/project2
#7 203.5 Creating directory /usr/local/lib/python3.10/test/test_importlib/namespace_pkgs/project2/parent
#7 203.5 Creating directory /usr/local/lib/python3.10/test/test_importlib/namespace_pkgs/project2/parent/child
#7 203.5 Creating directory /usr/local/lib/python3.10/test/test_importlib/namespace_pkgs/project3
#7 203.5 Creating directory /usr/local/lib/python3.10/test/test_importlib/namespace_pkgs/project3/parent
#7 203.5 Creating directory /usr/local/lib/python3.10/test/test_importlib/namespace_pkgs/project3/parent/child
#7 203.6 Creating directory /usr/local/lib/python3.10/test/test_importlib/namespacedata01
#7 203.6 Creating directory /usr/local/lib/python3.10/test/test_importlib/partial
#7 203.6 Creating directory /usr/local/lib/python3.10/test/test_importlib/source
#7 203.6 Creating directory /usr/local/lib/python3.10/test/test_importlib/zipdata01
#7 203.6 Creating directory /usr/local/lib/python3.10/test/test_importlib/zipdata02
#7 203.6 Creating directory /usr/local/lib/python3.10/test/test_json
#7 203.6 Creating directory /usr/local/lib/python3.10/test/test_peg_generator
#7 203.6 Creating directory /usr/local/lib/python3.10/test/test_tools
#7 203.6 Creating directory /usr/local/lib/python3.10/test/test_warnings
#7 203.6 Creating directory /usr/local/lib/python3.10/test/test_warnings/data
#7 203.6 Creating directory /usr/local/lib/python3.10/test/test_zoneinfo
#7 203.6 Creating directory /usr/local/lib/python3.10/test/test_zoneinfo/data
#7 203.6 Creating directory /usr/local/lib/python3.10/test/tracedmodules
#7 203.6 Creating directory /usr/local/lib/python3.10/test/typinganndata
#7 203.6 Creating directory /usr/local/lib/python3.10/test/xmltestdata
#7 203.6 Creating directory /usr/local/lib/python3.10/test/xmltestdata/c14n-20
#7 203.6 Creating directory /usr/local/lib/python3.10/test/ziptestdata
#7 203.6 Creating directory /usr/local/lib/python3.10/tkinter/test
#7 203.6 Creating directory /usr/local/lib/python3.10/tkinter/test/test_tkinter
#7 203.6 Creating directory /usr/local/lib/python3.10/tkinter/test/test_ttk
#7 203.6 Creating directory /usr/local/lib/python3.10/unittest/test
#7 203.6 Creating directory /usr/local/lib/python3.10/unittest/test/testmock
#7 203.6 /usr/bin/install -c -m 644 ./Lib/__future__.py /usr/local/lib/python3.10
#7 203.6 /usr/bin/install -c -m 644 ./Lib/__phello__.foo.py /usr/local/lib/python3.10
#7 203.6 /usr/bin/install -c -m 644 ./Lib/_aix_support.py /usr/local/lib/python3.10
#7 203.6 /usr/bin/install -c -m 644 ./Lib/_bootsubprocess.py /usr/local/lib/python3.10
#7 203.6 /usr/bin/install -c -m 644 ./Lib/_collections_abc.py /usr/local/lib/python3.10
#7 203.6 /usr/bin/install -c -m 644 ./Lib/_compat_pickle.py /usr/local/lib/python3.10
#7 203.6 /usr/bin/install -c -m 644 ./Lib/_compression.py /usr/local/lib/python3.10
#7 203.6 /usr/bin/install -c -m 644 ./Lib/_markupbase.py /usr/local/lib/python3.10
#7 203.6 /usr/bin/install -c -m 644 ./Lib/_osx_support.py /usr/local/lib/python3.10
#7 203.6 /usr/bin/install -c -m 644 ./Lib/_py_abc.py /usr/local/lib/python3.10
#7 203.6 /usr/bin/install -c -m 644 ./Lib/_pydecimal.py /usr/local/lib/python3.10
#7 203.6 /usr/bin/install -c -m 644 ./Lib/_pyio.py /usr/local/lib/python3.10
#7 203.6 /usr/bin/install -c -m 644 ./Lib/_sitebuiltins.py /usr/local/lib/python3.10
#7 203.6 /usr/bin/install -c -m 644 ./Lib/_strptime.py /usr/local/lib/python3.10
#7 203.6 /usr/bin/install -c -m 644 ./Lib/_threading_local.py /usr/local/lib/python3.10
#7 203.6 /usr/bin/install -c -m 644 ./Lib/_weakrefset.py /usr/local/lib/python3.10
#7 203.6 /usr/bin/install -c -m 644 ./Lib/abc.py /usr/local/lib/python3.10
#7 203.6 /usr/bin/install -c -m 644 ./Lib/aifc.py /usr/local/lib/python3.10
#7 203.6 /usr/bin/install -c -m 644 ./Lib/antigravity.py /usr/local/lib/python3.10
#7 203.6 /usr/bin/install -c -m 644 ./Lib/argparse.py /usr/local/lib/python3.10
#7 203.6 /usr/bin/install -c -m 644 ./Lib/ast.py /usr/local/lib/python3.10
#7 203.6 /usr/bin/install -c -m 644 ./Lib/asynchat.py /usr/local/lib/python3.10
#7 203.6 /usr/bin/install -c -m 644 ./Lib/asyncore.py /usr/local/lib/python3.10
#7 203.6 /usr/bin/install -c ./Lib/base64.py /usr/local/lib/python3.10
#7 203.6 /usr/bin/install -c -m 644 ./Lib/bdb.py /usr/local/lib/python3.10
#7 203.6 /usr/bin/install -c -m 644 ./Lib/binhex.py /usr/local/lib/python3.10
#7 203.6 /usr/bin/install -c -m 644 ./Lib/bisect.py /usr/local/lib/python3.10
#7 203.6 /usr/bin/install -c -m 644 ./Lib/bz2.py /usr/local/lib/python3.10
#7 203.6 /usr/bin/install -c ./Lib/cProfile.py /usr/local/lib/python3.10
#7 203.6 /usr/bin/install -c -m 644 ./Lib/calendar.py /usr/local/lib/python3.10
#7 203.6 /usr/bin/install -c ./Lib/cgi.py /usr/local/lib/python3.10
#7 203.6 /usr/bin/install -c -m 644 ./Lib/cgitb.py /usr/local/lib/python3.10
#7 203.6 /usr/bin/install -c -m 644 ./Lib/chunk.py /usr/local/lib/python3.10
#7 203.6 /usr/bin/install -c -m 644 ./Lib/cmd.py /usr/local/lib/python3.10
#7 203.6 /usr/bin/install -c -m 644 ./Lib/code.py /usr/local/lib/python3.10
#7 203.6 /usr/bin/install -c -m 644 ./Lib/codecs.py /usr/local/lib/python3.10
#7 203.6 /usr/bin/install -c -m 644 ./Lib/codeop.py /usr/local/lib/python3.10
#7 203.6 /usr/bin/install -c -m 644 ./Lib/colorsys.py /usr/local/lib/python3.10
#7 203.6 /usr/bin/install -c -m 644 ./Lib/compileall.py /usr/local/lib/python3.10
#7 203.6 /usr/bin/install -c -m 644 ./Lib/configparser.py /usr/local/lib/python3.10
#7 203.6 /usr/bin/install -c -m 644 ./Lib/contextlib.py /usr/local/lib/python3.10
#7 203.6 /usr/bin/install -c -m 644 ./Lib/contextvars.py /usr/local/lib/python3.10
#7 203.6 /usr/bin/install -c -m 644 ./Lib/copy.py /usr/local/lib/python3.10
#7 203.6 /usr/bin/install -c -m 644 ./Lib/copyreg.py /usr/local/lib/python3.10
#7 203.6 /usr/bin/install -c -m 644 ./Lib/crypt.py /usr/local/lib/python3.10
#7 203.6 /usr/bin/install -c -m 644 ./Lib/csv.py /usr/local/lib/python3.10
#7 203.6 /usr/bin/install -c -m 644 ./Lib/dataclasses.py /usr/local/lib/python3.10
#7 203.6 /usr/bin/install -c -m 644 ./Lib/datetime.py /usr/local/lib/python3.10
#7 203.6 /usr/bin/install -c -m 644 ./Lib/decimal.py /usr/local/lib/python3.10
#7 203.6 /usr/bin/install -c -m 644 ./Lib/difflib.py /usr/local/lib/python3.10
#7 203.6 /usr/bin/install -c -m 644 ./Lib/dis.py /usr/local/lib/python3.10
#7 203.6 /usr/bin/install -c -m 644 ./Lib/doctest.py /usr/local/lib/python3.10
#7 203.6 /usr/bin/install -c -m 644 ./Lib/enum.py /usr/local/lib/python3.10
#7 203.6 /usr/bin/install -c -m 644 ./Lib/filecmp.py /usr/local/lib/python3.10
#7 203.6 /usr/bin/install -c -m 644 ./Lib/fileinput.py /usr/local/lib/python3.10
#7 203.6 /usr/bin/install -c -m 644 ./Lib/fnmatch.py /usr/local/lib/python3.10
#7 203.6 /usr/bin/install -c -m 644 ./Lib/fractions.py /usr/local/lib/python3.10
#7 203.6 /usr/bin/install -c -m 644 ./Lib/ftplib.py /usr/local/lib/python3.10
#7 203.6 /usr/bin/install -c -m 644 ./Lib/functools.py /usr/local/lib/python3.10
#7 203.6 /usr/bin/install -c -m 644 ./Lib/genericpath.py /usr/local/lib/python3.10
#7 203.6 /usr/bin/install -c -m 644 ./Lib/getopt.py /usr/local/lib/python3.10
#7 203.6 /usr/bin/install -c -m 644 ./Lib/getpass.py /usr/local/lib/python3.10
#7 203.6 /usr/bin/install -c -m 644 ./Lib/gettext.py /usr/local/lib/python3.10
#7 203.6 /usr/bin/install -c -m 644 ./Lib/glob.py /usr/local/lib/python3.10
#7 203.6 /usr/bin/install -c -m 644 ./Lib/graphlib.py /usr/local/lib/python3.10
#7 203.6 /usr/bin/install -c -m 644 ./Lib/gzip.py /usr/local/lib/python3.10
#7 203.6 /usr/bin/install -c -m 644 ./Lib/hashlib.py /usr/local/lib/python3.10
#7 203.6 /usr/bin/install -c -m 644 ./Lib/heapq.py /usr/local/lib/python3.10
#7 203.6 /usr/bin/install -c -m 644 ./Lib/hmac.py /usr/local/lib/python3.10
#7 203.6 /usr/bin/install -c -m 644 ./Lib/imaplib.py /usr/local/lib/python3.10
#7 203.6 /usr/bin/install -c -m 644 ./Lib/imghdr.py /usr/local/lib/python3.10
#7 203.6 /usr/bin/install -c -m 644 ./Lib/imp.py /usr/local/lib/python3.10
#7 203.6 /usr/bin/install -c -m 644 ./Lib/inspect.py /usr/local/lib/python3.10
#7 203.6 /usr/bin/install -c -m 644 ./Lib/io.py /usr/local/lib/python3.10
#7 203.6 /usr/bin/install -c -m 644 ./Lib/ipaddress.py /usr/local/lib/python3.10
#7 203.6 /usr/bin/install -c -m 644 ./Lib/keyword.py /usr/local/lib/python3.10
#7 203.6 /usr/bin/install -c -m 644 ./Lib/linecache.py /usr/local/lib/python3.10
#7 203.6 /usr/bin/install -c -m 644 ./Lib/locale.py /usr/local/lib/python3.10
#7 203.6 /usr/bin/install -c -m 644 ./Lib/lzma.py /usr/local/lib/python3.10
#7 203.6 /usr/bin/install -c -m 644 ./Lib/mailbox.py /usr/local/lib/python3.10
#7 203.6 /usr/bin/install -c -m 644 ./Lib/mailcap.py /usr/local/lib/python3.10
#7 203.6 /usr/bin/install -c -m 644 ./Lib/mimetypes.py /usr/local/lib/python3.10
#7 203.6 /usr/bin/install -c -m 644 ./Lib/modulefinder.py /usr/local/lib/python3.10
#7 203.6 /usr/bin/install -c -m 644 ./Lib/netrc.py /usr/local/lib/python3.10
#7 203.6 /usr/bin/install -c -m 644 ./Lib/nntplib.py /usr/local/lib/python3.10
#7 203.6 /usr/bin/install -c -m 644 ./Lib/ntpath.py /usr/local/lib/python3.10
#7 203.6 /usr/bin/install -c -m 644 ./Lib/nturl2path.py /usr/local/lib/python3.10
#7 203.6 /usr/bin/install -c -m 644 ./Lib/numbers.py /usr/local/lib/python3.10
#7 203.6 /usr/bin/install -c -m 644 ./Lib/opcode.py /usr/local/lib/python3.10
#7 203.6 /usr/bin/install -c -m 644 ./Lib/operator.py /usr/local/lib/python3.10
#7 203.6 /usr/bin/install -c -m 644 ./Lib/optparse.py /usr/local/lib/python3.10
#7 203.6 /usr/bin/install -c -m 644 ./Lib/os.py /usr/local/lib/python3.10
#7 203.6 /usr/bin/install -c -m 644 ./Lib/pathlib.py /usr/local/lib/python3.10
#7 203.6 /usr/bin/install -c ./Lib/pdb.py /usr/local/lib/python3.10
#7 203.6 /usr/bin/install -c -m 644 ./Lib/pickle.py /usr/local/lib/python3.10
#7 203.6 /usr/bin/install -c -m 644 ./Lib/pickletools.py /usr/local/lib/python3.10
#7 203.6 /usr/bin/install -c -m 644 ./Lib/pipes.py /usr/local/lib/python3.10
#7 203.6 /usr/bin/install -c -m 644 ./Lib/pkgutil.py /usr/local/lib/python3.10
#7 203.6 /usr/bin/install -c ./Lib/platform.py /usr/local/lib/python3.10
#7 203.6 /usr/bin/install -c -m 644 ./Lib/plistlib.py /usr/local/lib/python3.10
#7 203.6 /usr/bin/install -c -m 644 ./Lib/poplib.py /usr/local/lib/python3.10
#7 203.6 /usr/bin/install -c -m 644 ./Lib/posixpath.py /usr/local/lib/python3.10
#7 203.6 /usr/bin/install -c -m 644 ./Lib/pprint.py /usr/local/lib/python3.10
#7 203.6 /usr/bin/install -c ./Lib/profile.py /usr/local/lib/python3.10
#7 203.6 /usr/bin/install -c -m 644 ./Lib/pstats.py /usr/local/lib/python3.10
#7 203.6 /usr/bin/install -c -m 644 ./Lib/pty.py /usr/local/lib/python3.10
#7 203.6 /usr/bin/install -c -m 644 ./Lib/py_compile.py /usr/local/lib/python3.10
#7 203.6 /usr/bin/install -c -m 644 ./Lib/pyclbr.py /usr/local/lib/python3.10
#7 203.6 /usr/bin/install -c ./Lib/pydoc.py /usr/local/lib/python3.10
#7 203.6 /usr/bin/install -c -m 644 ./Lib/queue.py /usr/local/lib/python3.10
#7 203.6 /usr/bin/install -c ./Lib/quopri.py /usr/local/lib/python3.10
#7 203.6 /usr/bin/install -c -m 644 ./Lib/random.py /usr/local/lib/python3.10
#7 203.6 /usr/bin/install -c -m 644 ./Lib/re.py /usr/local/lib/python3.10
#7 203.6 /usr/bin/install -c -m 644 ./Lib/reprlib.py /usr/local/lib/python3.10
#7 203.6 /usr/bin/install -c -m 644 ./Lib/rlcompleter.py /usr/local/lib/python3.10
#7 203.6 /usr/bin/install -c -m 644 ./Lib/runpy.py /usr/local/lib/python3.10
#7 203.6 /usr/bin/install -c -m 644 ./Lib/sched.py /usr/local/lib/python3.10
#7 203.6 /usr/bin/install -c -m 644 ./Lib/secrets.py /usr/local/lib/python3.10
#7 203.6 /usr/bin/install -c -m 644 ./Lib/selectors.py /usr/local/lib/python3.10
#7 203.6 /usr/bin/install -c -m 644 ./Lib/shelve.py /usr/local/lib/python3.10
#7 203.6 /usr/bin/install -c -m 644 ./Lib/shlex.py /usr/local/lib/python3.10
#7 203.6 /usr/bin/install -c -m 644 ./Lib/shutil.py /usr/local/lib/python3.10
#7 203.6 /usr/bin/install -c -m 644 ./Lib/signal.py /usr/local/lib/python3.10
#7 203.6 /usr/bin/install -c -m 644 ./Lib/site.py /usr/local/lib/python3.10
#7 203.6 /usr/bin/install -c ./Lib/smtpd.py /usr/local/lib/python3.10
#7 203.6 /usr/bin/install -c ./Lib/smtplib.py /usr/local/lib/python3.10
#7 203.6 /usr/bin/install -c -m 644 ./Lib/sndhdr.py /usr/local/lib/python3.10
#7 203.6 /usr/bin/install -c -m 644 ./Lib/socket.py /usr/local/lib/python3.10
#7 203.6 /usr/bin/install -c -m 644 ./Lib/socketserver.py /usr/local/lib/python3.10
#7 203.6 /usr/bin/install -c -m 644 ./Lib/sre_compile.py /usr/local/lib/python3.10
#7 203.6 /usr/bin/install -c -m 644 ./Lib/sre_constants.py /usr/local/lib/python3.10
#7 203.6 /usr/bin/install -c -m 644 ./Lib/sre_parse.py /usr/local/lib/python3.10
#7 203.6 /usr/bin/install -c -m 644 ./Lib/ssl.py /usr/local/lib/python3.10
#7 203.6 /usr/bin/install -c -m 644 ./Lib/stat.py /usr/local/lib/python3.10
#7 203.6 /usr/bin/install -c -m 644 ./Lib/statistics.py /usr/local/lib/python3.10
#7 203.6 /usr/bin/install -c -m 644 ./Lib/string.py /usr/local/lib/python3.10
#7 203.6 /usr/bin/install -c -m 644 ./Lib/stringprep.py /usr/local/lib/python3.10
#7 203.6 /usr/bin/install -c -m 644 ./Lib/struct.py /usr/local/lib/python3.10
#7 203.6 /usr/bin/install -c -m 644 ./Lib/subprocess.py /usr/local/lib/python3.10
#7 203.6 /usr/bin/install -c -m 644 ./Lib/sunau.py /usr/local/lib/python3.10
#7 203.6 /usr/bin/install -c -m 644 ./Lib/symtable.py /usr/local/lib/python3.10
#7 203.6 /usr/bin/install -c -m 644 ./Lib/sysconfig.py /usr/local/lib/python3.10
#7 203.6 /usr/bin/install -c ./Lib/tabnanny.py /usr/local/lib/python3.10
#7 203.6 /usr/bin/install -c ./Lib/tarfile.py /usr/local/lib/python3.10
#7 203.6 /usr/bin/install -c -m 644 ./Lib/telnetlib.py /usr/local/lib/python3.10
#7 203.6 /usr/bin/install -c -m 644 ./Lib/tempfile.py /usr/local/lib/python3.10
#7 203.6 /usr/bin/install -c -m 644 ./Lib/textwrap.py /usr/local/lib/python3.10
#7 203.6 /usr/bin/install -c -m 644 ./Lib/this.py /usr/local/lib/python3.10
#7 203.7 /usr/bin/install -c -m 644 ./Lib/threading.py /usr/local/lib/python3.10
#7 203.7 /usr/bin/install -c ./Lib/timeit.py /usr/local/lib/python3.10
#7 203.7 /usr/bin/install -c -m 644 ./Lib/token.py /usr/local/lib/python3.10
#7 203.7 /usr/bin/install -c -m 644 ./Lib/tokenize.py /usr/local/lib/python3.10
#7 203.7 /usr/bin/install -c ./Lib/trace.py /usr/local/lib/python3.10
#7 203.7 /usr/bin/install -c -m 644 ./Lib/traceback.py /usr/local/lib/python3.10
#7 203.7 /usr/bin/install -c -m 644 ./Lib/tracemalloc.py /usr/local/lib/python3.10
#7 203.7 /usr/bin/install -c -m 644 ./Lib/tty.py /usr/local/lib/python3.10
#7 203.7 /usr/bin/install -c -m 644 ./Lib/turtle.py /usr/local/lib/python3.10
#7 203.7 /usr/bin/install -c -m 644 ./Lib/types.py /usr/local/lib/python3.10
#7 203.7 /usr/bin/install -c -m 644 ./Lib/typing.py /usr/local/lib/python3.10
#7 203.7 /usr/bin/install -c ./Lib/uu.py /usr/local/lib/python3.10
#7 203.7 /usr/bin/install -c -m 644 ./Lib/uuid.py /usr/local/lib/python3.10
#7 203.7 /usr/bin/install -c -m 644 ./Lib/warnings.py /usr/local/lib/python3.10
#7 203.7 /usr/bin/install -c -m 644 ./Lib/wave.py /usr/local/lib/python3.10
#7 203.7 /usr/bin/install -c -m 644 ./Lib/weakref.py /usr/local/lib/python3.10
#7 203.7 /usr/bin/install -c ./Lib/webbrowser.py /usr/local/lib/python3.10
#7 203.7 /usr/bin/install -c -m 644 ./Lib/xdrlib.py /usr/local/lib/python3.10
#7 203.7 /usr/bin/install -c -m 644 ./Lib/zipapp.py /usr/local/lib/python3.10
#7 203.7 /usr/bin/install -c -m 644 ./Lib/zipfile.py /usr/local/lib/python3.10
#7 203.7 /usr/bin/install -c -m 644 ./Lib/zipimport.py /usr/local/lib/python3.10
#7 203.7 /usr/bin/install -c -m 644 ./Lib/asyncio/__init__.py /usr/local/lib/python3.10/asyncio
#7 203.7 /usr/bin/install -c -m 644 ./Lib/asyncio/__main__.py /usr/local/lib/python3.10/asyncio
#7 203.7 /usr/bin/install -c -m 644 ./Lib/asyncio/base_events.py /usr/local/lib/python3.10/asyncio
#7 203.7 /usr/bin/install -c -m 644 ./Lib/asyncio/base_futures.py /usr/local/lib/python3.10/asyncio
#7 203.7 /usr/bin/install -c -m 644 ./Lib/asyncio/base_subprocess.py /usr/local/lib/python3.10/asyncio
#7 203.7 /usr/bin/install -c -m 644 ./Lib/asyncio/base_tasks.py /usr/local/lib/python3.10/asyncio
#7 203.7 /usr/bin/install -c -m 644 ./Lib/asyncio/constants.py /usr/local/lib/python3.10/asyncio
#7 203.7 /usr/bin/install -c -m 644 ./Lib/asyncio/coroutines.py /usr/local/lib/python3.10/asyncio
#7 203.7 /usr/bin/install -c -m 644 ./Lib/asyncio/events.py /usr/local/lib/python3.10/asyncio
#7 203.7 /usr/bin/install -c -m 644 ./Lib/asyncio/exceptions.py /usr/local/lib/python3.10/asyncio
#7 203.7 /usr/bin/install -c -m 644 ./Lib/asyncio/format_helpers.py /usr/local/lib/python3.10/asyncio
#7 203.7 /usr/bin/install -c -m 644 ./Lib/asyncio/futures.py /usr/local/lib/python3.10/asyncio
#7 203.7 /usr/bin/install -c -m 644 ./Lib/asyncio/locks.py /usr/local/lib/python3.10/asyncio
#7 203.7 /usr/bin/install -c -m 644 ./Lib/asyncio/log.py /usr/local/lib/python3.10/asyncio
#7 203.7 /usr/bin/install -c -m 644 ./Lib/asyncio/mixins.py /usr/local/lib/python3.10/asyncio
#7 203.7 /usr/bin/install -c -m 644 ./Lib/asyncio/proactor_events.py /usr/local/lib/python3.10/asyncio
#7 203.7 /usr/bin/install -c -m 644 ./Lib/asyncio/protocols.py /usr/local/lib/python3.10/asyncio
#7 203.7 /usr/bin/install -c -m 644 ./Lib/asyncio/queues.py /usr/local/lib/python3.10/asyncio
#7 203.7 /usr/bin/install -c -m 644 ./Lib/asyncio/runners.py /usr/local/lib/python3.10/asyncio
#7 203.7 /usr/bin/install -c -m 644 ./Lib/asyncio/selector_events.py /usr/local/lib/python3.10/asyncio
#7 203.7 /usr/bin/install -c -m 644 ./Lib/asyncio/sslproto.py /usr/local/lib/python3.10/asyncio
#7 203.7 /usr/bin/install -c -m 644 ./Lib/asyncio/staggered.py /usr/local/lib/python3.10/asyncio
#7 203.7 /usr/bin/install -c -m 644 ./Lib/asyncio/streams.py /usr/local/lib/python3.10/asyncio
#7 203.7 /usr/bin/install -c -m 644 ./Lib/asyncio/subprocess.py /usr/local/lib/python3.10/asyncio
#7 203.7 /usr/bin/install -c -m 644 ./Lib/asyncio/tasks.py /usr/local/lib/python3.10/asyncio
#7 203.7 /usr/bin/install -c -m 644 ./Lib/asyncio/threads.py /usr/local/lib/python3.10/asyncio
#7 203.7 /usr/bin/install -c -m 644 ./Lib/asyncio/transports.py /usr/local/lib/python3.10/asyncio
#7 203.7 /usr/bin/install -c -m 644 ./Lib/asyncio/trsock.py /usr/local/lib/python3.10/asyncio
#7 203.7 /usr/bin/install -c -m 644 ./Lib/asyncio/unix_events.py /usr/local/lib/python3.10/asyncio
#7 203.7 /usr/bin/install -c -m 644 ./Lib/asyncio/windows_events.py /usr/local/lib/python3.10/asyncio
#7 203.7 /usr/bin/install -c -m 644 ./Lib/asyncio/windows_utils.py /usr/local/lib/python3.10/asyncio
#7 203.7 /usr/bin/install -c -m 644 ./Lib/collections/__init__.py /usr/local/lib/python3.10/collections
#7 203.7 /usr/bin/install -c -m 644 ./Lib/collections/abc.py /usr/local/lib/python3.10/collections
#7 203.7 /usr/bin/install -c -m 644 ./Lib/concurrent/__init__.py /usr/local/lib/python3.10/concurrent
#7 203.7 /usr/bin/install -c -m 644 ./Lib/concurrent/futures/__init__.py /usr/local/lib/python3.10/concurrent/futures
#7 203.7 /usr/bin/install -c -m 644 ./Lib/concurrent/futures/_base.py /usr/local/lib/python3.10/concurrent/futures
#7 203.7 /usr/bin/install -c -m 644 ./Lib/concurrent/futures/process.py /usr/local/lib/python3.10/concurrent/futures
#7 203.7 /usr/bin/install -c -m 644 ./Lib/concurrent/futures/thread.py /usr/local/lib/python3.10/concurrent/futures
#7 203.7 /usr/bin/install -c -m 644 ./Lib/ctypes/__init__.py /usr/local/lib/python3.10/ctypes
#7 203.7 /usr/bin/install -c -m 644 ./Lib/ctypes/_aix.py /usr/local/lib/python3.10/ctypes
#7 203.7 /usr/bin/install -c -m 644 ./Lib/ctypes/_endian.py /usr/local/lib/python3.10/ctypes
#7 203.7 /usr/bin/install -c -m 644 ./Lib/ctypes/util.py /usr/local/lib/python3.10/ctypes
#7 203.7 /usr/bin/install -c -m 644 ./Lib/ctypes/wintypes.py /usr/local/lib/python3.10/ctypes
#7 203.7 /usr/bin/install -c -m 644 ./Lib/ctypes/macholib/README.ctypes /usr/local/lib/python3.10/ctypes/macholib
#7 203.7 /usr/bin/install -c -m 644 ./Lib/ctypes/macholib/__init__.py /usr/local/lib/python3.10/ctypes/macholib
#7 203.7 /usr/bin/install -c -m 644 ./Lib/ctypes/macholib/dyld.py /usr/local/lib/python3.10/ctypes/macholib
#7 203.7 /usr/bin/install -c -m 644 ./Lib/ctypes/macholib/dylib.py /usr/local/lib/python3.10/ctypes/macholib
#7 203.7 /usr/bin/install -c ./Lib/ctypes/macholib/fetch_macholib /usr/local/lib/python3.10/ctypes/macholib
#7 203.7 /usr/bin/install -c -m 644 ./Lib/ctypes/macholib/fetch_macholib.bat /usr/local/lib/python3.10/ctypes/macholib
#7 203.7 /usr/bin/install -c -m 644 ./Lib/ctypes/macholib/framework.py /usr/local/lib/python3.10/ctypes/macholib
#7 203.7 /usr/bin/install -c -m 644 ./Lib/curses/__init__.py /usr/local/lib/python3.10/curses
#7 203.7 /usr/bin/install -c -m 644 ./Lib/curses/ascii.py /usr/local/lib/python3.10/curses
#7 203.7 /usr/bin/install -c -m 644 ./Lib/curses/has_key.py /usr/local/lib/python3.10/curses
#7 203.7 /usr/bin/install -c -m 644 ./Lib/curses/panel.py /usr/local/lib/python3.10/curses
#7 203.7 /usr/bin/install -c -m 644 ./Lib/curses/textpad.py /usr/local/lib/python3.10/curses
#7 203.7 /usr/bin/install -c -m 644 ./Lib/dbm/__init__.py /usr/local/lib/python3.10/dbm
#7 203.7 /usr/bin/install -c -m 644 ./Lib/dbm/dumb.py /usr/local/lib/python3.10/dbm
#7 203.7 /usr/bin/install -c -m 644 ./Lib/dbm/gnu.py /usr/local/lib/python3.10/dbm
#7 203.7 /usr/bin/install -c -m 644 ./Lib/dbm/ndbm.py /usr/local/lib/python3.10/dbm
#7 203.7 /usr/bin/install -c -m 644 ./Lib/distutils/README /usr/local/lib/python3.10/distutils
#7 203.7 /usr/bin/install -c -m 644 ./Lib/distutils/__init__.py /usr/local/lib/python3.10/distutils
#7 203.7 /usr/bin/install -c -m 644 ./Lib/distutils/_msvccompiler.py /usr/local/lib/python3.10/distutils
#7 203.7 /usr/bin/install -c -m 644 ./Lib/distutils/archive_util.py /usr/local/lib/python3.10/distutils
#7 203.7 /usr/bin/install -c -m 644 ./Lib/distutils/bcppcompiler.py /usr/local/lib/python3.10/distutils
#7 203.7 /usr/bin/install -c -m 644 ./Lib/distutils/ccompiler.py /usr/local/lib/python3.10/distutils
#7 203.7 /usr/bin/install -c -m 644 ./Lib/distutils/cmd.py /usr/local/lib/python3.10/distutils
#7 203.7 /usr/bin/install -c -m 644 ./Lib/distutils/config.py /usr/local/lib/python3.10/distutils
#7 203.7 /usr/bin/install -c -m 644 ./Lib/distutils/core.py /usr/local/lib/python3.10/distutils
#7 203.7 /usr/bin/install -c -m 644 ./Lib/distutils/cygwinccompiler.py /usr/local/lib/python3.10/distutils
#7 203.7 /usr/bin/install -c -m 644 ./Lib/distutils/debug.py /usr/local/lib/python3.10/distutils
#7 203.7 /usr/bin/install -c -m 644 ./Lib/distutils/dep_util.py /usr/local/lib/python3.10/distutils
#7 203.7 /usr/bin/install -c -m 644 ./Lib/distutils/dir_util.py /usr/local/lib/python3.10/distutils
#7 203.7 /usr/bin/install -c -m 644 ./Lib/distutils/dist.py /usr/local/lib/python3.10/distutils
#7 203.7 /usr/bin/install -c -m 644 ./Lib/distutils/errors.py /usr/local/lib/python3.10/distutils
#7 203.7 /usr/bin/install -c -m 644 ./Lib/distutils/extension.py /usr/local/lib/python3.10/distutils
#7 203.7 /usr/bin/install -c -m 644 ./Lib/distutils/fancy_getopt.py /usr/local/lib/python3.10/distutils
#7 203.7 /usr/bin/install -c -m 644 ./Lib/distutils/file_util.py /usr/local/lib/python3.10/distutils
#7 203.7 /usr/bin/install -c -m 644 ./Lib/distutils/filelist.py /usr/local/lib/python3.10/distutils
#7 203.7 /usr/bin/install -c -m 644 ./Lib/distutils/log.py /usr/local/lib/python3.10/distutils
#7 203.7 /usr/bin/install -c -m 644 ./Lib/distutils/msvc9compiler.py /usr/local/lib/python3.10/distutils
#7 203.7 /usr/bin/install -c -m 644 ./Lib/distutils/msvccompiler.py /usr/local/lib/python3.10/distutils
#7 203.7 /usr/bin/install -c -m 644 ./Lib/distutils/spawn.py /usr/local/lib/python3.10/distutils
#7 203.7 /usr/bin/install -c -m 644 ./Lib/distutils/sysconfig.py /usr/local/lib/python3.10/distutils
#7 203.7 /usr/bin/install -c -m 644 ./Lib/distutils/text_file.py /usr/local/lib/python3.10/distutils
#7 203.7 /usr/bin/install -c -m 644 ./Lib/distutils/unixccompiler.py /usr/local/lib/python3.10/distutils
#7 203.7 /usr/bin/install -c -m 644 ./Lib/distutils/util.py /usr/local/lib/python3.10/distutils
#7 203.7 /usr/bin/install -c -m 644 ./Lib/distutils/version.py /usr/local/lib/python3.10/distutils
#7 203.7 /usr/bin/install -c -m 644 ./Lib/distutils/versionpredicate.py /usr/local/lib/python3.10/distutils
#7 203.7 /usr/bin/install -c -m 644 ./Lib/distutils/command/__init__.py /usr/local/lib/python3.10/distutils/command
#7 203.7 /usr/bin/install -c -m 644 ./Lib/distutils/command/bdist.py /usr/local/lib/python3.10/distutils/command
#7 203.7 /usr/bin/install -c -m 644 ./Lib/distutils/command/bdist_dumb.py /usr/local/lib/python3.10/distutils/command
#7 203.7 /usr/bin/install -c -m 644 ./Lib/distutils/command/bdist_msi.py /usr/local/lib/python3.10/distutils/command
#7 203.7 /usr/bin/install -c -m 644 ./Lib/distutils/command/bdist_rpm.py /usr/local/lib/python3.10/distutils/command
#7 203.7 /usr/bin/install -c -m 644 ./Lib/distutils/command/build.py /usr/local/lib/python3.10/distutils/command
#7 203.7 /usr/bin/install -c -m 644 ./Lib/distutils/command/build_clib.py /usr/local/lib/python3.10/distutils/command
#7 203.7 /usr/bin/install -c -m 644 ./Lib/distutils/command/build_ext.py /usr/local/lib/python3.10/distutils/command
#7 203.7 /usr/bin/install -c -m 644 ./Lib/distutils/command/build_py.py /usr/local/lib/python3.10/distutils/command
#7 203.7 /usr/bin/install -c -m 644 ./Lib/distutils/command/build_scripts.py /usr/local/lib/python3.10/distutils/command
#7 203.7 /usr/bin/install -c -m 644 ./Lib/distutils/command/check.py /usr/local/lib/python3.10/distutils/command
#7 203.7 /usr/bin/install -c -m 644 ./Lib/distutils/command/clean.py /usr/local/lib/python3.10/distutils/command
#7 203.7 /usr/bin/install -c -m 644 ./Lib/distutils/command/command_template /usr/local/lib/python3.10/distutils/command
#7 203.7 /usr/bin/install -c -m 644 ./Lib/distutils/command/config.py /usr/local/lib/python3.10/distutils/command
#7 203.7 /usr/bin/install -c -m 644 ./Lib/distutils/command/install.py /usr/local/lib/python3.10/distutils/command
#7 203.7 /usr/bin/install -c -m 644 ./Lib/distutils/command/install_data.py /usr/local/lib/python3.10/distutils/command
#7 203.7 /usr/bin/install -c -m 644 ./Lib/distutils/command/install_egg_info.py /usr/local/lib/python3.10/distutils/command
#7 203.7 /usr/bin/install -c -m 644 ./Lib/distutils/command/install_headers.py /usr/local/lib/python3.10/distutils/command
#7 203.7 /usr/bin/install -c -m 644 ./Lib/distutils/command/install_lib.py /usr/local/lib/python3.10/distutils/command
#7 203.7 /usr/bin/install -c -m 644 ./Lib/distutils/command/install_scripts.py /usr/local/lib/python3.10/distutils/command
#7 203.7 /usr/bin/install -c -m 644 ./Lib/distutils/command/register.py /usr/local/lib/python3.10/distutils/command
#7 203.7 /usr/bin/install -c -m 644 ./Lib/distutils/command/sdist.py /usr/local/lib/python3.10/distutils/command
#7 203.7 /usr/bin/install -c -m 644 ./Lib/distutils/command/upload.py /usr/local/lib/python3.10/distutils/command
#7 203.7 /usr/bin/install -c -m 644 ./Lib/email/__init__.py /usr/local/lib/python3.10/email
#7 203.7 /usr/bin/install -c -m 644 ./Lib/email/_encoded_words.py /usr/local/lib/python3.10/email
#7 203.7 /usr/bin/install -c -m 644 ./Lib/email/_header_value_parser.py /usr/local/lib/python3.10/email
#7 203.7 /usr/bin/install -c -m 644 ./Lib/email/_parseaddr.py /usr/local/lib/python3.10/email
#7 203.7 /usr/bin/install -c -m 644 ./Lib/email/_policybase.py /usr/local/lib/python3.10/email
#7 203.7 /usr/bin/install -c -m 644 ./Lib/email/architecture.rst /usr/local/lib/python3.10/email
#7 203.7 /usr/bin/install -c -m 644 ./Lib/email/base64mime.py /usr/local/lib/python3.10/email
#7 203.7 /usr/bin/install -c -m 644 ./Lib/email/charset.py /usr/local/lib/python3.10/email
#7 203.7 /usr/bin/install -c -m 644 ./Lib/email/contentmanager.py /usr/local/lib/python3.10/email
#7 203.7 /usr/bin/install -c -m 644 ./Lib/email/encoders.py /usr/local/lib/python3.10/email
#7 203.7 /usr/bin/install -c -m 644 ./Lib/email/errors.py /usr/local/lib/python3.10/email
#7 203.7 /usr/bin/install -c -m 644 ./Lib/email/feedparser.py /usr/local/lib/python3.10/email
#7 203.7 /usr/bin/install -c -m 644 ./Lib/email/generator.py /usr/local/lib/python3.10/email
#7 203.7 /usr/bin/install -c -m 644 ./Lib/email/header.py /usr/local/lib/python3.10/email
#7 203.7 /usr/bin/install -c -m 644 ./Lib/email/headerregistry.py /usr/local/lib/python3.10/email
#7 203.7 /usr/bin/install -c -m 644 ./Lib/email/iterators.py /usr/local/lib/python3.10/email
#7 203.7 /usr/bin/install -c -m 644 ./Lib/email/message.py /usr/local/lib/python3.10/email
#7 203.7 /usr/bin/install -c -m 644 ./Lib/email/parser.py /usr/local/lib/python3.10/email
#7 203.7 /usr/bin/install -c -m 644 ./Lib/email/policy.py /usr/local/lib/python3.10/email
#7 203.7 /usr/bin/install -c -m 644 ./Lib/email/quoprimime.py /usr/local/lib/python3.10/email
#7 203.7 /usr/bin/install -c -m 644 ./Lib/email/utils.py /usr/local/lib/python3.10/email
#7 203.7 /usr/bin/install -c -m 644 ./Lib/email/mime/__init__.py /usr/local/lib/python3.10/email/mime
#7 203.7 /usr/bin/install -c -m 644 ./Lib/email/mime/application.py /usr/local/lib/python3.10/email/mime
#7 203.7 /usr/bin/install -c -m 644 ./Lib/email/mime/audio.py /usr/local/lib/python3.10/email/mime
#7 203.7 /usr/bin/install -c -m 644 ./Lib/email/mime/base.py /usr/local/lib/python3.10/email/mime
#7 203.7 /usr/bin/install -c -m 644 ./Lib/email/mime/image.py /usr/local/lib/python3.10/email/mime
#7 203.8 /usr/bin/install -c -m 644 ./Lib/email/mime/message.py /usr/local/lib/python3.10/email/mime
#7 203.8 /usr/bin/install -c -m 644 ./Lib/email/mime/multipart.py /usr/local/lib/python3.10/email/mime
#7 203.8 /usr/bin/install -c -m 644 ./Lib/email/mime/nonmultipart.py /usr/local/lib/python3.10/email/mime
#7 203.8 /usr/bin/install -c -m 644 ./Lib/email/mime/text.py /usr/local/lib/python3.10/email/mime
#7 203.8 /usr/bin/install -c -m 644 ./Lib/encodings/__init__.py /usr/local/lib/python3.10/encodings
#7 203.8 /usr/bin/install -c -m 644 ./Lib/encodings/aliases.py /usr/local/lib/python3.10/encodings
#7 203.8 /usr/bin/install -c -m 644 ./Lib/encodings/ascii.py /usr/local/lib/python3.10/encodings
#7 203.8 /usr/bin/install -c -m 644 ./Lib/encodings/base64_codec.py /usr/local/lib/python3.10/encodings
#7 203.8 /usr/bin/install -c -m 644 ./Lib/encodings/big5.py /usr/local/lib/python3.10/encodings
#7 203.8 /usr/bin/install -c -m 644 ./Lib/encodings/big5hkscs.py /usr/local/lib/python3.10/encodings
#7 203.8 /usr/bin/install -c -m 644 ./Lib/encodings/bz2_codec.py /usr/local/lib/python3.10/encodings
#7 203.8 /usr/bin/install -c -m 644 ./Lib/encodings/charmap.py /usr/local/lib/python3.10/encodings
#7 203.8 /usr/bin/install -c -m 644 ./Lib/encodings/cp037.py /usr/local/lib/python3.10/encodings
#7 203.8 /usr/bin/install -c -m 644 ./Lib/encodings/cp1006.py /usr/local/lib/python3.10/encodings
#7 203.8 /usr/bin/install -c -m 644 ./Lib/encodings/cp1026.py /usr/local/lib/python3.10/encodings
#7 203.8 /usr/bin/install -c -m 644 ./Lib/encodings/cp1125.py /usr/local/lib/python3.10/encodings
#7 203.8 /usr/bin/install -c -m 644 ./Lib/encodings/cp1140.py /usr/local/lib/python3.10/encodings
#7 203.8 /usr/bin/install -c -m 644 ./Lib/encodings/cp1250.py /usr/local/lib/python3.10/encodings
#7 203.8 /usr/bin/install -c -m 644 ./Lib/encodings/cp1251.py /usr/local/lib/python3.10/encodings
#7 203.8 /usr/bin/install -c -m 644 ./Lib/encodings/cp1252.py /usr/local/lib/python3.10/encodings
#7 203.8 /usr/bin/install -c -m 644 ./Lib/encodings/cp1253.py /usr/local/lib/python3.10/encodings
#7 203.8 /usr/bin/install -c -m 644 ./Lib/encodings/cp1254.py /usr/local/lib/python3.10/encodings
#7 203.8 /usr/bin/install -c -m 644 ./Lib/encodings/cp1255.py /usr/local/lib/python3.10/encodings
#7 203.8 /usr/bin/install -c -m 644 ./Lib/encodings/cp1256.py /usr/local/lib/python3.10/encodings
#7 203.8 /usr/bin/install -c -m 644 ./Lib/encodings/cp1257.py /usr/local/lib/python3.10/encodings
#7 203.8 /usr/bin/install -c -m 644 ./Lib/encodings/cp1258.py /usr/local/lib/python3.10/encodings
#7 203.8 /usr/bin/install -c -m 644 ./Lib/encodings/cp273.py /usr/local/lib/python3.10/encodings
#7 203.8 /usr/bin/install -c -m 644 ./Lib/encodings/cp424.py /usr/local/lib/python3.10/encodings
#7 203.8 /usr/bin/install -c -m 644 ./Lib/encodings/cp437.py /usr/local/lib/python3.10/encodings
#7 203.8 /usr/bin/install -c -m 644 ./Lib/encodings/cp500.py /usr/local/lib/python3.10/encodings
#7 203.8 /usr/bin/install -c -m 644 ./Lib/encodings/cp720.py /usr/local/lib/python3.10/encodings
#7 203.8 /usr/bin/install -c -m 644 ./Lib/encodings/cp737.py /usr/local/lib/python3.10/encodings
#7 203.8 /usr/bin/install -c -m 644 ./Lib/encodings/cp775.py /usr/local/lib/python3.10/encodings
#7 203.8 /usr/bin/install -c -m 644 ./Lib/encodings/cp850.py /usr/local/lib/python3.10/encodings
#7 203.8 /usr/bin/install -c -m 644 ./Lib/encodings/cp852.py /usr/local/lib/python3.10/encodings
#7 203.8 /usr/bin/install -c -m 644 ./Lib/encodings/cp855.py /usr/local/lib/python3.10/encodings
#7 203.8 /usr/bin/install -c -m 644 ./Lib/encodings/cp856.py /usr/local/lib/python3.10/encodings
#7 203.8 /usr/bin/install -c -m 644 ./Lib/encodings/cp857.py /usr/local/lib/python3.10/encodings
#7 203.8 /usr/bin/install -c -m 644 ./Lib/encodings/cp858.py /usr/local/lib/python3.10/encodings
#7 203.8 /usr/bin/install -c -m 644 ./Lib/encodings/cp860.py /usr/local/lib/python3.10/encodings
#7 203.8 /usr/bin/install -c -m 644 ./Lib/encodings/cp861.py /usr/local/lib/python3.10/encodings
#7 203.8 /usr/bin/install -c -m 644 ./Lib/encodings/cp862.py /usr/local/lib/python3.10/encodings
#7 203.8 /usr/bin/install -c -m 644 ./Lib/encodings/cp863.py /usr/local/lib/python3.10/encodings
#7 203.8 /usr/bin/install -c -m 644 ./Lib/encodings/cp864.py /usr/local/lib/python3.10/encodings
#7 203.8 /usr/bin/install -c -m 644 ./Lib/encodings/cp865.py /usr/local/lib/python3.10/encodings
#7 203.8 /usr/bin/install -c -m 644 ./Lib/encodings/cp866.py /usr/local/lib/python3.10/encodings
#7 203.8 /usr/bin/install -c -m 644 ./Lib/encodings/cp869.py /usr/local/lib/python3.10/encodings
#7 203.8 /usr/bin/install -c -m 644 ./Lib/encodings/cp874.py /usr/local/lib/python3.10/encodings
#7 203.8 /usr/bin/install -c -m 644 ./Lib/encodings/cp875.py /usr/local/lib/python3.10/encodings
#7 203.8 /usr/bin/install -c -m 644 ./Lib/encodings/cp932.py /usr/local/lib/python3.10/encodings
#7 203.8 /usr/bin/install -c -m 644 ./Lib/encodings/cp949.py /usr/local/lib/python3.10/encodings
#7 203.8 /usr/bin/install -c -m 644 ./Lib/encodings/cp950.py /usr/local/lib/python3.10/encodings
#7 203.8 /usr/bin/install -c -m 644 ./Lib/encodings/euc_jis_2004.py /usr/local/lib/python3.10/encodings
#7 203.8 /usr/bin/install -c -m 644 ./Lib/encodings/euc_jisx0213.py /usr/local/lib/python3.10/encodings
#7 203.8 /usr/bin/install -c -m 644 ./Lib/encodings/euc_jp.py /usr/local/lib/python3.10/encodings
#7 203.8 /usr/bin/install -c -m 644 ./Lib/encodings/euc_kr.py /usr/local/lib/python3.10/encodings
#7 203.8 /usr/bin/install -c -m 644 ./Lib/encodings/gb18030.py /usr/local/lib/python3.10/encodings
#7 203.8 /usr/bin/install -c -m 644 ./Lib/encodings/gb2312.py /usr/local/lib/python3.10/encodings
#7 203.8 /usr/bin/install -c -m 644 ./Lib/encodings/gbk.py /usr/local/lib/python3.10/encodings
#7 203.8 /usr/bin/install -c -m 644 ./Lib/encodings/hex_codec.py /usr/local/lib/python3.10/encodings
#7 203.8 /usr/bin/install -c -m 644 ./Lib/encodings/hp_roman8.py /usr/local/lib/python3.10/encodings
#7 203.8 /usr/bin/install -c -m 644 ./Lib/encodings/hz.py /usr/local/lib/python3.10/encodings
#7 203.8 /usr/bin/install -c -m 644 ./Lib/encodings/idna.py /usr/local/lib/python3.10/encodings
#7 203.8 /usr/bin/install -c -m 644 ./Lib/encodings/iso2022_jp.py /usr/local/lib/python3.10/encodings
#7 203.8 /usr/bin/install -c -m 644 ./Lib/encodings/iso2022_jp_1.py /usr/local/lib/python3.10/encodings
#7 203.8 /usr/bin/install -c -m 644 ./Lib/encodings/iso2022_jp_2.py /usr/local/lib/python3.10/encodings
#7 203.8 /usr/bin/install -c -m 644 ./Lib/encodings/iso2022_jp_2004.py /usr/local/lib/python3.10/encodings
#7 203.8 /usr/bin/install -c -m 644 ./Lib/encodings/iso2022_jp_3.py /usr/local/lib/python3.10/encodings
#7 203.8 /usr/bin/install -c -m 644 ./Lib/encodings/iso2022_jp_ext.py /usr/local/lib/python3.10/encodings
#7 203.8 /usr/bin/install -c -m 644 ./Lib/encodings/iso2022_kr.py /usr/local/lib/python3.10/encodings
#7 203.8 /usr/bin/install -c -m 644 ./Lib/encodings/iso8859_1.py /usr/local/lib/python3.10/encodings
#7 203.8 /usr/bin/install -c -m 644 ./Lib/encodings/iso8859_10.py /usr/local/lib/python3.10/encodings
#7 203.8 /usr/bin/install -c -m 644 ./Lib/encodings/iso8859_11.py /usr/local/lib/python3.10/encodings
#7 203.8 /usr/bin/install -c -m 644 ./Lib/encodings/iso8859_13.py /usr/local/lib/python3.10/encodings
#7 203.8 /usr/bin/install -c -m 644 ./Lib/encodings/iso8859_14.py /usr/local/lib/python3.10/encodings
#7 203.8 /usr/bin/install -c -m 644 ./Lib/encodings/iso8859_15.py /usr/local/lib/python3.10/encodings
#7 203.8 /usr/bin/install -c -m 644 ./Lib/encodings/iso8859_16.py /usr/local/lib/python3.10/encodings
#7 203.8 /usr/bin/install -c -m 644 ./Lib/encodings/iso8859_2.py /usr/local/lib/python3.10/encodings
#7 203.8 /usr/bin/install -c -m 644 ./Lib/encodings/iso8859_3.py /usr/local/lib/python3.10/encodings
#7 203.8 /usr/bin/install -c -m 644 ./Lib/encodings/iso8859_4.py /usr/local/lib/python3.10/encodings
#7 203.8 /usr/bin/install -c -m 644 ./Lib/encodings/iso8859_5.py /usr/local/lib/python3.10/encodings
#7 203.8 /usr/bin/install -c -m 644 ./Lib/encodings/iso8859_6.py /usr/local/lib/python3.10/encodings
#7 203.8 /usr/bin/install -c -m 644 ./Lib/encodings/iso8859_7.py /usr/local/lib/python3.10/encodings
#7 203.8 /usr/bin/install -c -m 644 ./Lib/encodings/iso8859_8.py /usr/local/lib/python3.10/encodings
#7 203.8 /usr/bin/install -c -m 644 ./Lib/encodings/iso8859_9.py /usr/local/lib/python3.10/encodings
#7 203.8 /usr/bin/install -c -m 644 ./Lib/encodings/johab.py /usr/local/lib/python3.10/encodings
#7 203.8 /usr/bin/install -c -m 644 ./Lib/encodings/koi8_r.py /usr/local/lib/python3.10/encodings
#7 203.8 /usr/bin/install -c -m 644 ./Lib/encodings/koi8_t.py /usr/local/lib/python3.10/encodings
#7 203.8 /usr/bin/install -c -m 644 ./Lib/encodings/koi8_u.py /usr/local/lib/python3.10/encodings
#7 203.8 /usr/bin/install -c -m 644 ./Lib/encodings/kz1048.py /usr/local/lib/python3.10/encodings
#7 203.8 /usr/bin/install -c -m 644 ./Lib/encodings/latin_1.py /usr/local/lib/python3.10/encodings
#7 203.8 /usr/bin/install -c -m 644 ./Lib/encodings/mac_arabic.py /usr/local/lib/python3.10/encodings
#7 203.8 /usr/bin/install -c -m 644 ./Lib/encodings/mac_croatian.py /usr/local/lib/python3.10/encodings
#7 203.8 /usr/bin/install -c -m 644 ./Lib/encodings/mac_cyrillic.py /usr/local/lib/python3.10/encodings
#7 203.8 /usr/bin/install -c -m 644 ./Lib/encodings/mac_farsi.py /usr/local/lib/python3.10/encodings
#7 203.8 /usr/bin/install -c -m 644 ./Lib/encodings/mac_greek.py /usr/local/lib/python3.10/encodings
#7 203.8 /usr/bin/install -c -m 644 ./Lib/encodings/mac_iceland.py /usr/local/lib/python3.10/encodings
#7 203.8 /usr/bin/install -c -m 644 ./Lib/encodings/mac_latin2.py /usr/local/lib/python3.10/encodings
#7 203.8 /usr/bin/install -c -m 644 ./Lib/encodings/mac_roman.py /usr/local/lib/python3.10/encodings
#7 203.8 /usr/bin/install -c -m 644 ./Lib/encodings/mac_romanian.py /usr/local/lib/python3.10/encodings
#7 203.8 /usr/bin/install -c -m 644 ./Lib/encodings/mac_turkish.py /usr/local/lib/python3.10/encodings
#7 203.8 /usr/bin/install -c -m 644 ./Lib/encodings/mbcs.py /usr/local/lib/python3.10/encodings
#7 203.8 /usr/bin/install -c -m 644 ./Lib/encodings/oem.py /usr/local/lib/python3.10/encodings
#7 203.8 /usr/bin/install -c -m 644 ./Lib/encodings/palmos.py /usr/local/lib/python3.10/encodings
#7 203.8 /usr/bin/install -c -m 644 ./Lib/encodings/ptcp154.py /usr/local/lib/python3.10/encodings
#7 203.8 /usr/bin/install -c -m 644 ./Lib/encodings/punycode.py /usr/local/lib/python3.10/encodings
#7 203.8 /usr/bin/install -c -m 644 ./Lib/encodings/quopri_codec.py /usr/local/lib/python3.10/encodings
#7 203.8 /usr/bin/install -c -m 644 ./Lib/encodings/raw_unicode_escape.py /usr/local/lib/python3.10/encodings
#7 203.8 /usr/bin/install -c ./Lib/encodings/rot_13.py /usr/local/lib/python3.10/encodings
#7 203.8 /usr/bin/install -c -m 644 ./Lib/encodings/shift_jis.py /usr/local/lib/python3.10/encodings
#7 203.8 /usr/bin/install -c -m 644 ./Lib/encodings/shift_jis_2004.py /usr/local/lib/python3.10/encodings
#7 203.8 /usr/bin/install -c -m 644 ./Lib/encodings/shift_jisx0213.py /usr/local/lib/python3.10/encodings
#7 203.8 /usr/bin/install -c -m 644 ./Lib/encodings/tis_620.py /usr/local/lib/python3.10/encodings
#7 203.8 /usr/bin/install -c -m 644 ./Lib/encodings/undefined.py /usr/local/lib/python3.10/encodings
#7 203.8 /usr/bin/install -c -m 644 ./Lib/encodings/unicode_escape.py /usr/local/lib/python3.10/encodings
#7 203.8 /usr/bin/install -c -m 644 ./Lib/encodings/utf_16.py /usr/local/lib/python3.10/encodings
#7 203.8 /usr/bin/install -c -m 644 ./Lib/encodings/utf_16_be.py /usr/local/lib/python3.10/encodings
#7 203.8 /usr/bin/install -c -m 644 ./Lib/encodings/utf_16_le.py /usr/local/lib/python3.10/encodings
#7 203.8 /usr/bin/install -c -m 644 ./Lib/encodings/utf_32.py /usr/local/lib/python3.10/encodings
#7 203.8 /usr/bin/install -c -m 644 ./Lib/encodings/utf_32_be.py /usr/local/lib/python3.10/encodings
#7 203.8 /usr/bin/install -c -m 644 ./Lib/encodings/utf_32_le.py /usr/local/lib/python3.10/encodings
#7 203.8 /usr/bin/install -c -m 644 ./Lib/encodings/utf_7.py /usr/local/lib/python3.10/encodings
#7 203.8 /usr/bin/install -c -m 644 ./Lib/encodings/utf_8.py /usr/local/lib/python3.10/encodings
#7 203.8 /usr/bin/install -c -m 644 ./Lib/encodings/utf_8_sig.py /usr/local/lib/python3.10/encodings
#7 203.8 /usr/bin/install -c -m 644 ./Lib/encodings/uu_codec.py /usr/local/lib/python3.10/encodings
#7 203.8 /usr/bin/install -c -m 644 ./Lib/encodings/zlib_codec.py /usr/local/lib/python3.10/encodings
#7 203.8 /usr/bin/install -c -m 644 ./Lib/ensurepip/__init__.py /usr/local/lib/python3.10/ensurepip
#7 203.8 /usr/bin/install -c -m 644 ./Lib/ensurepip/__main__.py /usr/local/lib/python3.10/ensurepip
#7 203.8 /usr/bin/install -c -m 644 ./Lib/ensurepip/_uninstall.py /usr/local/lib/python3.10/ensurepip
#7 203.8 /usr/bin/install -c -m 644 ./Lib/ensurepip/_bundled/__init__.py /usr/local/lib/python3.10/ensurepip/_bundled
#7 203.8 /usr/bin/install -c -m 644 ./Lib/ensurepip/_bundled/pip-22.3.1-py3-none-any.whl /usr/local/lib/python3.10/ensurepip/_bundled
#7 203.8 /usr/bin/install -c -m 644 ./Lib/ensurepip/_bundled/setuptools-65.5.0-py3-none-any.whl /usr/local/lib/python3.10/ensurepip/_bundled
#7 203.8 /usr/bin/install -c -m 644 ./Lib/html/__init__.py /usr/local/lib/python3.10/html
#7 203.8 /usr/bin/install -c -m 644 ./Lib/html/entities.py /usr/local/lib/python3.10/html
#7 203.8 /usr/bin/install -c -m 644 ./Lib/html/parser.py /usr/local/lib/python3.10/html
#7 203.8 /usr/bin/install -c -m 644 ./Lib/http/__init__.py /usr/local/lib/python3.10/http
#7 203.8 /usr/bin/install -c -m 644 ./Lib/http/client.py /usr/local/lib/python3.10/http
#7 203.8 /usr/bin/install -c -m 644 ./Lib/http/cookiejar.py /usr/local/lib/python3.10/http
#7 203.8 /usr/bin/install -c -m 644 ./Lib/http/cookies.py /usr/local/lib/python3.10/http
#7 203.8 /usr/bin/install -c -m 644 ./Lib/http/server.py /usr/local/lib/python3.10/http
#7 203.8 /usr/bin/install -c -m 644 ./Lib/idlelib/CREDITS.txt /usr/local/lib/python3.10/idlelib
#7 203.8 /usr/bin/install -c -m 644 ./Lib/idlelib/ChangeLog /usr/local/lib/python3.10/idlelib
#7 203.8 /usr/bin/install -c -m 644 ./Lib/idlelib/HISTORY.txt /usr/local/lib/python3.10/idlelib
#7 203.8 /usr/bin/install -c -m 644 ./Lib/idlelib/NEWS.txt /usr/local/lib/python3.10/idlelib
#7 203.8 /usr/bin/install -c -m 644 ./Lib/idlelib/NEWS2x.txt /usr/local/lib/python3.10/idlelib
#7 203.8 /usr/bin/install -c -m 644 ./Lib/idlelib/README.txt /usr/local/lib/python3.10/idlelib
#7 203.8 /usr/bin/install -c -m 644 ./Lib/idlelib/TODO.txt /usr/local/lib/python3.10/idlelib
#7 203.8 /usr/bin/install -c -m 644 ./Lib/idlelib/__init__.py /usr/local/lib/python3.10/idlelib
#7 203.8 /usr/bin/install -c -m 644 ./Lib/idlelib/__main__.py /usr/local/lib/python3.10/idlelib
#7 203.8 /usr/bin/install -c -m 644 ./Lib/idlelib/autocomplete.py /usr/local/lib/python3.10/idlelib
#7 203.8 /usr/bin/install -c -m 644 ./Lib/idlelib/autocomplete_w.py /usr/local/lib/python3.10/idlelib
#7 203.8 /usr/bin/install -c -m 644 ./Lib/idlelib/autoexpand.py /usr/local/lib/python3.10/idlelib
#7 203.8 /usr/bin/install -c -m 644 ./Lib/idlelib/browser.py /usr/local/lib/python3.10/idlelib
#7 203.8 /usr/bin/install -c -m 644 ./Lib/idlelib/calltip.py /usr/local/lib/python3.10/idlelib
#7 203.8 /usr/bin/install -c -m 644 ./Lib/idlelib/calltip_w.py /usr/local/lib/python3.10/idlelib
#7 203.8 /usr/bin/install -c -m 644 ./Lib/idlelib/codecontext.py /usr/local/lib/python3.10/idlelib
#7 203.8 /usr/bin/install -c -m 644 ./Lib/idlelib/colorizer.py /usr/local/lib/python3.10/idlelib
#7 203.8 /usr/bin/install -c -m 644 ./Lib/idlelib/config-extensions.def /usr/local/lib/python3.10/idlelib
#7 203.8 /usr/bin/install -c -m 644 ./Lib/idlelib/config-highlight.def /usr/local/lib/python3.10/idlelib
#7 203.8 /usr/bin/install -c -m 644 ./Lib/idlelib/config-keys.def /usr/local/lib/python3.10/idlelib
#7 203.8 /usr/bin/install -c -m 644 ./Lib/idlelib/config-main.def /usr/local/lib/python3.10/idlelib
#7 203.8 /usr/bin/install -c -m 644 ./Lib/idlelib/config.py /usr/local/lib/python3.10/idlelib
#7 203.8 /usr/bin/install -c -m 644 ./Lib/idlelib/config_key.py /usr/local/lib/python3.10/idlelib
#7 203.8 /usr/bin/install -c -m 644 ./Lib/idlelib/configdialog.py /usr/local/lib/python3.10/idlelib
#7 203.8 /usr/bin/install -c -m 644 ./Lib/idlelib/debugger.py /usr/local/lib/python3.10/idlelib
#7 203.8 /usr/bin/install -c -m 644 ./Lib/idlelib/debugger_r.py /usr/local/lib/python3.10/idlelib
#7 203.8 /usr/bin/install -c -m 644 ./Lib/idlelib/debugobj.py /usr/local/lib/python3.10/idlelib
#7 203.9 /usr/bin/install -c -m 644 ./Lib/idlelib/debugobj_r.py /usr/local/lib/python3.10/idlelib
#7 203.9 /usr/bin/install -c -m 644 ./Lib/idlelib/delegator.py /usr/local/lib/python3.10/idlelib
#7 203.9 /usr/bin/install -c -m 644 ./Lib/idlelib/dynoption.py /usr/local/lib/python3.10/idlelib
#7 203.9 /usr/bin/install -c -m 644 ./Lib/idlelib/editor.py /usr/local/lib/python3.10/idlelib
#7 203.9 /usr/bin/install -c -m 644 ./Lib/idlelib/extend.txt /usr/local/lib/python3.10/idlelib
#7 203.9 /usr/bin/install -c -m 644 ./Lib/idlelib/filelist.py /usr/local/lib/python3.10/idlelib
#7 203.9 /usr/bin/install -c -m 644 ./Lib/idlelib/format.py /usr/local/lib/python3.10/idlelib
#7 203.9 /usr/bin/install -c -m 644 ./Lib/idlelib/grep.py /usr/local/lib/python3.10/idlelib
#7 203.9 /usr/bin/install -c -m 644 ./Lib/idlelib/help.html /usr/local/lib/python3.10/idlelib
#7 203.9 /usr/bin/install -c -m 644 ./Lib/idlelib/help.py /usr/local/lib/python3.10/idlelib
#7 203.9 /usr/bin/install -c -m 644 ./Lib/idlelib/help_about.py /usr/local/lib/python3.10/idlelib
#7 203.9 /usr/bin/install -c -m 644 ./Lib/idlelib/history.py /usr/local/lib/python3.10/idlelib
#7 203.9 /usr/bin/install -c -m 644 ./Lib/idlelib/hyperparser.py /usr/local/lib/python3.10/idlelib
#7 203.9 /usr/bin/install -c -m 644 ./Lib/idlelib/idle.bat /usr/local/lib/python3.10/idlelib
#7 203.9 /usr/bin/install -c -m 644 ./Lib/idlelib/idle.py /usr/local/lib/python3.10/idlelib
#7 203.9 /usr/bin/install -c -m 644 ./Lib/idlelib/idle.pyw /usr/local/lib/python3.10/idlelib
#7 203.9 /usr/bin/install -c -m 644 ./Lib/idlelib/iomenu.py /usr/local/lib/python3.10/idlelib
#7 203.9 /usr/bin/install -c -m 644 ./Lib/idlelib/macosx.py /usr/local/lib/python3.10/idlelib
#7 203.9 /usr/bin/install -c -m 644 ./Lib/idlelib/mainmenu.py /usr/local/lib/python3.10/idlelib
#7 203.9 /usr/bin/install -c -m 644 ./Lib/idlelib/multicall.py /usr/local/lib/python3.10/idlelib
#7 203.9 /usr/bin/install -c -m 644 ./Lib/idlelib/outwin.py /usr/local/lib/python3.10/idlelib
#7 203.9 /usr/bin/install -c -m 644 ./Lib/idlelib/parenmatch.py /usr/local/lib/python3.10/idlelib
#7 203.9 /usr/bin/install -c -m 644 ./Lib/idlelib/pathbrowser.py /usr/local/lib/python3.10/idlelib
#7 203.9 /usr/bin/install -c -m 644 ./Lib/idlelib/percolator.py /usr/local/lib/python3.10/idlelib
#7 203.9 /usr/bin/install -c -m 644 ./Lib/idlelib/pyparse.py /usr/local/lib/python3.10/idlelib
#7 203.9 /usr/bin/install -c ./Lib/idlelib/pyshell.py /usr/local/lib/python3.10/idlelib
#7 203.9 /usr/bin/install -c -m 644 ./Lib/idlelib/query.py /usr/local/lib/python3.10/idlelib
#7 203.9 /usr/bin/install -c -m 644 ./Lib/idlelib/redirector.py /usr/local/lib/python3.10/idlelib
#7 203.9 /usr/bin/install -c -m 644 ./Lib/idlelib/replace.py /usr/local/lib/python3.10/idlelib
#7 203.9 /usr/bin/install -c -m 644 ./Lib/idlelib/rpc.py /usr/local/lib/python3.10/idlelib
#7 203.9 /usr/bin/install -c -m 644 ./Lib/idlelib/run.py /usr/local/lib/python3.10/idlelib
#7 203.9 /usr/bin/install -c -m 644 ./Lib/idlelib/runscript.py /usr/local/lib/python3.10/idlelib
#7 203.9 /usr/bin/install -c -m 644 ./Lib/idlelib/scrolledlist.py /usr/local/lib/python3.10/idlelib
#7 203.9 /usr/bin/install -c -m 644 ./Lib/idlelib/search.py /usr/local/lib/python3.10/idlelib
#7 203.9 /usr/bin/install -c -m 644 ./Lib/idlelib/searchbase.py /usr/local/lib/python3.10/idlelib
#7 203.9 /usr/bin/install -c -m 644 ./Lib/idlelib/searchengine.py /usr/local/lib/python3.10/idlelib
#7 203.9 /usr/bin/install -c -m 644 ./Lib/idlelib/sidebar.py /usr/local/lib/python3.10/idlelib
#7 203.9 /usr/bin/install -c -m 644 ./Lib/idlelib/squeezer.py /usr/local/lib/python3.10/idlelib
#7 203.9 /usr/bin/install -c -m 644 ./Lib/idlelib/stackviewer.py /usr/local/lib/python3.10/idlelib
#7 203.9 /usr/bin/install -c -m 644 ./Lib/idlelib/statusbar.py /usr/local/lib/python3.10/idlelib
#7 203.9 /usr/bin/install -c -m 644 ./Lib/idlelib/textview.py /usr/local/lib/python3.10/idlelib
#7 203.9 /usr/bin/install -c -m 644 ./Lib/idlelib/tooltip.py /usr/local/lib/python3.10/idlelib
#7 203.9 /usr/bin/install -c -m 644 ./Lib/idlelib/tree.py /usr/local/lib/python3.10/idlelib
#7 203.9 /usr/bin/install -c -m 644 ./Lib/idlelib/undo.py /usr/local/lib/python3.10/idlelib
#7 203.9 /usr/bin/install -c -m 644 ./Lib/idlelib/util.py /usr/local/lib/python3.10/idlelib
#7 203.9 /usr/bin/install -c -m 644 ./Lib/idlelib/window.py /usr/local/lib/python3.10/idlelib
#7 203.9 /usr/bin/install -c -m 644 ./Lib/idlelib/zoomheight.py /usr/local/lib/python3.10/idlelib
#7 203.9 /usr/bin/install -c -m 644 ./Lib/idlelib/zzdummy.py /usr/local/lib/python3.10/idlelib
#7 203.9 /usr/bin/install -c -m 644 ./Lib/idlelib/Icons/README.txt /usr/local/lib/python3.10/idlelib/Icons
#7 203.9 /usr/bin/install -c -m 644 ./Lib/idlelib/Icons/folder.gif /usr/local/lib/python3.10/idlelib/Icons
#7 203.9 /usr/bin/install -c -m 644 ./Lib/idlelib/Icons/idle.ico /usr/local/lib/python3.10/idlelib/Icons
#7 203.9 /usr/bin/install -c -m 644 ./Lib/idlelib/Icons/idle_16.gif /usr/local/lib/python3.10/idlelib/Icons
#7 203.9 /usr/bin/install -c -m 644 ./Lib/idlelib/Icons/idle_16.png /usr/local/lib/python3.10/idlelib/Icons
#7 203.9 /usr/bin/install -c -m 644 ./Lib/idlelib/Icons/idle_256.png /usr/local/lib/python3.10/idlelib/Icons
#7 203.9 /usr/bin/install -c -m 644 ./Lib/idlelib/Icons/idle_32.gif /usr/local/lib/python3.10/idlelib/Icons
#7 203.9 /usr/bin/install -c -m 644 ./Lib/idlelib/Icons/idle_32.png /usr/local/lib/python3.10/idlelib/Icons
#7 203.9 /usr/bin/install -c -m 644 ./Lib/idlelib/Icons/idle_48.gif /usr/local/lib/python3.10/idlelib/Icons
#7 203.9 /usr/bin/install -c -m 644 ./Lib/idlelib/Icons/idle_48.png /usr/local/lib/python3.10/idlelib/Icons
#7 203.9 /usr/bin/install -c -m 644 ./Lib/idlelib/Icons/minusnode.gif /usr/local/lib/python3.10/idlelib/Icons
#7 203.9 /usr/bin/install -c -m 644 ./Lib/idlelib/Icons/openfolder.gif /usr/local/lib/python3.10/idlelib/Icons
#7 203.9 /usr/bin/install -c -m 644 ./Lib/idlelib/Icons/plusnode.gif /usr/local/lib/python3.10/idlelib/Icons
#7 203.9 /usr/bin/install -c -m 644 ./Lib/idlelib/Icons/python.gif /usr/local/lib/python3.10/idlelib/Icons
#7 203.9 /usr/bin/install -c -m 644 ./Lib/idlelib/Icons/tk.gif /usr/local/lib/python3.10/idlelib/Icons
#7 203.9 /usr/bin/install -c -m 644 ./Lib/importlib/__init__.py /usr/local/lib/python3.10/importlib
#7 203.9 /usr/bin/install -c -m 644 ./Lib/importlib/_abc.py /usr/local/lib/python3.10/importlib
#7 203.9 /usr/bin/install -c -m 644 ./Lib/importlib/_adapters.py /usr/local/lib/python3.10/importlib
#7 203.9 /usr/bin/install -c -m 644 ./Lib/importlib/_bootstrap.py /usr/local/lib/python3.10/importlib
#7 203.9 /usr/bin/install -c -m 644 ./Lib/importlib/_bootstrap_external.py /usr/local/lib/python3.10/importlib
#7 203.9 /usr/bin/install -c -m 644 ./Lib/importlib/_common.py /usr/local/lib/python3.10/importlib
#7 203.9 /usr/bin/install -c -m 644 ./Lib/importlib/abc.py /usr/local/lib/python3.10/importlib
#7 203.9 /usr/bin/install -c -m 644 ./Lib/importlib/machinery.py /usr/local/lib/python3.10/importlib
#7 203.9 /usr/bin/install -c -m 644 ./Lib/importlib/readers.py /usr/local/lib/python3.10/importlib
#7 203.9 /usr/bin/install -c -m 644 ./Lib/importlib/resources.py /usr/local/lib/python3.10/importlib
#7 203.9 /usr/bin/install -c -m 644 ./Lib/importlib/util.py /usr/local/lib/python3.10/importlib
#7 203.9 /usr/bin/install -c -m 644 ./Lib/importlib/metadata/__init__.py /usr/local/lib/python3.10/importlib/metadata
#7 203.9 /usr/bin/install -c -m 644 ./Lib/importlib/metadata/_adapters.py /usr/local/lib/python3.10/importlib/metadata
#7 203.9 /usr/bin/install -c -m 644 ./Lib/importlib/metadata/_collections.py /usr/local/lib/python3.10/importlib/metadata
#7 203.9 /usr/bin/install -c -m 644 ./Lib/importlib/metadata/_functools.py /usr/local/lib/python3.10/importlib/metadata
#7 203.9 /usr/bin/install -c -m 644 ./Lib/importlib/metadata/_itertools.py /usr/local/lib/python3.10/importlib/metadata
#7 203.9 /usr/bin/install -c -m 644 ./Lib/importlib/metadata/_meta.py /usr/local/lib/python3.10/importlib/metadata
#7 203.9 /usr/bin/install -c -m 644 ./Lib/importlib/metadata/_text.py /usr/local/lib/python3.10/importlib/metadata
#7 203.9 /usr/bin/install -c -m 644 ./Lib/json/__init__.py /usr/local/lib/python3.10/json
#7 203.9 /usr/bin/install -c -m 644 ./Lib/json/decoder.py /usr/local/lib/python3.10/json
#7 203.9 /usr/bin/install -c -m 644 ./Lib/json/encoder.py /usr/local/lib/python3.10/json
#7 203.9 /usr/bin/install -c -m 644 ./Lib/json/scanner.py /usr/local/lib/python3.10/json
#7 203.9 /usr/bin/install -c -m 644 ./Lib/json/tool.py /usr/local/lib/python3.10/json
#7 203.9 /usr/bin/install -c -m 644 ./Lib/lib2to3/Grammar.txt /usr/local/lib/python3.10/lib2to3
#7 203.9 /usr/bin/install -c -m 644 ./Lib/lib2to3/PatternGrammar.txt /usr/local/lib/python3.10/lib2to3
#7 203.9 /usr/bin/install -c -m 644 ./Lib/lib2to3/__init__.py /usr/local/lib/python3.10/lib2to3
#7 203.9 /usr/bin/install -c -m 644 ./Lib/lib2to3/__main__.py /usr/local/lib/python3.10/lib2to3
#7 203.9 /usr/bin/install -c -m 644 ./Lib/lib2to3/btm_matcher.py /usr/local/lib/python3.10/lib2to3
#7 203.9 /usr/bin/install -c -m 644 ./Lib/lib2to3/btm_utils.py /usr/local/lib/python3.10/lib2to3
#7 203.9 /usr/bin/install -c -m 644 ./Lib/lib2to3/fixer_base.py /usr/local/lib/python3.10/lib2to3
#7 203.9 /usr/bin/install -c -m 644 ./Lib/lib2to3/fixer_util.py /usr/local/lib/python3.10/lib2to3
#7 203.9 /usr/bin/install -c -m 644 ./Lib/lib2to3/main.py /usr/local/lib/python3.10/lib2to3
#7 203.9 /usr/bin/install -c -m 644 ./Lib/lib2to3/patcomp.py /usr/local/lib/python3.10/lib2to3
#7 203.9 /usr/bin/install -c -m 644 ./Lib/lib2to3/pygram.py /usr/local/lib/python3.10/lib2to3
#7 203.9 /usr/bin/install -c -m 644 ./Lib/lib2to3/pytree.py /usr/local/lib/python3.10/lib2to3
#7 203.9 /usr/bin/install -c -m 644 ./Lib/lib2to3/refactor.py /usr/local/lib/python3.10/lib2to3
#7 203.9 /usr/bin/install -c -m 644 ./Lib/lib2to3/fixes/__init__.py /usr/local/lib/python3.10/lib2to3/fixes
#7 203.9 /usr/bin/install -c -m 644 ./Lib/lib2to3/fixes/fix_apply.py /usr/local/lib/python3.10/lib2to3/fixes
#7 203.9 /usr/bin/install -c -m 644 ./Lib/lib2to3/fixes/fix_asserts.py /usr/local/lib/python3.10/lib2to3/fixes
#7 203.9 /usr/bin/install -c -m 644 ./Lib/lib2to3/fixes/fix_basestring.py /usr/local/lib/python3.10/lib2to3/fixes
#7 203.9 /usr/bin/install -c -m 644 ./Lib/lib2to3/fixes/fix_buffer.py /usr/local/lib/python3.10/lib2to3/fixes
#7 203.9 /usr/bin/install -c -m 644 ./Lib/lib2to3/fixes/fix_dict.py /usr/local/lib/python3.10/lib2to3/fixes
#7 203.9 /usr/bin/install -c -m 644 ./Lib/lib2to3/fixes/fix_except.py /usr/local/lib/python3.10/lib2to3/fixes
#7 203.9 /usr/bin/install -c -m 644 ./Lib/lib2to3/fixes/fix_exec.py /usr/local/lib/python3.10/lib2to3/fixes
#7 203.9 /usr/bin/install -c -m 644 ./Lib/lib2to3/fixes/fix_execfile.py /usr/local/lib/python3.10/lib2to3/fixes
#7 203.9 /usr/bin/install -c -m 644 ./Lib/lib2to3/fixes/fix_exitfunc.py /usr/local/lib/python3.10/lib2to3/fixes
#7 203.9 /usr/bin/install -c -m 644 ./Lib/lib2to3/fixes/fix_filter.py /usr/local/lib/python3.10/lib2to3/fixes
#7 203.9 /usr/bin/install -c -m 644 ./Lib/lib2to3/fixes/fix_funcattrs.py /usr/local/lib/python3.10/lib2to3/fixes
#7 203.9 /usr/bin/install -c -m 644 ./Lib/lib2to3/fixes/fix_future.py /usr/local/lib/python3.10/lib2to3/fixes
#7 203.9 /usr/bin/install -c -m 644 ./Lib/lib2to3/fixes/fix_getcwdu.py /usr/local/lib/python3.10/lib2to3/fixes
#7 203.9 /usr/bin/install -c -m 644 ./Lib/lib2to3/fixes/fix_has_key.py /usr/local/lib/python3.10/lib2to3/fixes
#7 203.9 /usr/bin/install -c -m 644 ./Lib/lib2to3/fixes/fix_idioms.py /usr/local/lib/python3.10/lib2to3/fixes
#7 203.9 /usr/bin/install -c -m 644 ./Lib/lib2to3/fixes/fix_import.py /usr/local/lib/python3.10/lib2to3/fixes
#7 203.9 /usr/bin/install -c -m 644 ./Lib/lib2to3/fixes/fix_imports.py /usr/local/lib/python3.10/lib2to3/fixes
#7 203.9 /usr/bin/install -c -m 644 ./Lib/lib2to3/fixes/fix_imports2.py /usr/local/lib/python3.10/lib2to3/fixes
#7 203.9 /usr/bin/install -c -m 644 ./Lib/lib2to3/fixes/fix_input.py /usr/local/lib/python3.10/lib2to3/fixes
#7 203.9 /usr/bin/install -c -m 644 ./Lib/lib2to3/fixes/fix_intern.py /usr/local/lib/python3.10/lib2to3/fixes
#7 203.9 /usr/bin/install -c -m 644 ./Lib/lib2to3/fixes/fix_isinstance.py /usr/local/lib/python3.10/lib2to3/fixes
#7 203.9 /usr/bin/install -c -m 644 ./Lib/lib2to3/fixes/fix_itertools.py /usr/local/lib/python3.10/lib2to3/fixes
#7 203.9 /usr/bin/install -c -m 644 ./Lib/lib2to3/fixes/fix_itertools_imports.py /usr/local/lib/python3.10/lib2to3/fixes
#7 203.9 /usr/bin/install -c -m 644 ./Lib/lib2to3/fixes/fix_long.py /usr/local/lib/python3.10/lib2to3/fixes
#7 203.9 /usr/bin/install -c -m 644 ./Lib/lib2to3/fixes/fix_map.py /usr/local/lib/python3.10/lib2to3/fixes
#7 203.9 /usr/bin/install -c -m 644 ./Lib/lib2to3/fixes/fix_metaclass.py /usr/local/lib/python3.10/lib2to3/fixes
#7 203.9 /usr/bin/install -c -m 644 ./Lib/lib2to3/fixes/fix_methodattrs.py /usr/local/lib/python3.10/lib2to3/fixes
#7 203.9 /usr/bin/install -c -m 644 ./Lib/lib2to3/fixes/fix_ne.py /usr/local/lib/python3.10/lib2to3/fixes
#7 203.9 /usr/bin/install -c -m 644 ./Lib/lib2to3/fixes/fix_next.py /usr/local/lib/python3.10/lib2to3/fixes
#7 203.9 /usr/bin/install -c -m 644 ./Lib/lib2to3/fixes/fix_nonzero.py /usr/local/lib/python3.10/lib2to3/fixes
#7 203.9 /usr/bin/install -c -m 644 ./Lib/lib2to3/fixes/fix_numliterals.py /usr/local/lib/python3.10/lib2to3/fixes
#7 203.9 /usr/bin/install -c -m 644 ./Lib/lib2to3/fixes/fix_operator.py /usr/local/lib/python3.10/lib2to3/fixes
#7 203.9 /usr/bin/install -c -m 644 ./Lib/lib2to3/fixes/fix_paren.py /usr/local/lib/python3.10/lib2to3/fixes
#7 203.9 /usr/bin/install -c -m 644 ./Lib/lib2to3/fixes/fix_print.py /usr/local/lib/python3.10/lib2to3/fixes
#7 203.9 /usr/bin/install -c -m 644 ./Lib/lib2to3/fixes/fix_raise.py /usr/local/lib/python3.10/lib2to3/fixes
#7 203.9 /usr/bin/install -c -m 644 ./Lib/lib2to3/fixes/fix_raw_input.py /usr/local/lib/python3.10/lib2to3/fixes
#7 203.9 /usr/bin/install -c -m 644 ./Lib/lib2to3/fixes/fix_reduce.py /usr/local/lib/python3.10/lib2to3/fixes
#7 203.9 /usr/bin/install -c -m 644 ./Lib/lib2to3/fixes/fix_reload.py /usr/local/lib/python3.10/lib2to3/fixes
#7 203.9 /usr/bin/install -c -m 644 ./Lib/lib2to3/fixes/fix_renames.py /usr/local/lib/python3.10/lib2to3/fixes
#7 203.9 /usr/bin/install -c -m 644 ./Lib/lib2to3/fixes/fix_repr.py /usr/local/lib/python3.10/lib2to3/fixes
#7 203.9 /usr/bin/install -c -m 644 ./Lib/lib2to3/fixes/fix_set_literal.py /usr/local/lib/python3.10/lib2to3/fixes
#7 203.9 /usr/bin/install -c -m 644 ./Lib/lib2to3/fixes/fix_standarderror.py /usr/local/lib/python3.10/lib2to3/fixes
#7 203.9 /usr/bin/install -c -m 644 ./Lib/lib2to3/fixes/fix_sys_exc.py /usr/local/lib/python3.10/lib2to3/fixes
#7 203.9 /usr/bin/install -c -m 644 ./Lib/lib2to3/fixes/fix_throw.py /usr/local/lib/python3.10/lib2to3/fixes
#7 203.9 /usr/bin/install -c -m 644 ./Lib/lib2to3/fixes/fix_tuple_params.py /usr/local/lib/python3.10/lib2to3/fixes
#7 203.9 /usr/bin/install -c -m 644 ./Lib/lib2to3/fixes/fix_types.py /usr/local/lib/python3.10/lib2to3/fixes
#7 203.9 /usr/bin/install -c -m 644 ./Lib/lib2to3/fixes/fix_unicode.py /usr/local/lib/python3.10/lib2to3/fixes
#7 203.9 /usr/bin/install -c -m 644 ./Lib/lib2to3/fixes/fix_urllib.py /usr/local/lib/python3.10/lib2to3/fixes
#7 203.9 /usr/bin/install -c -m 644 ./Lib/lib2to3/fixes/fix_ws_comma.py /usr/local/lib/python3.10/lib2to3/fixes
#7 203.9 /usr/bin/install -c -m 644 ./Lib/lib2to3/fixes/fix_xrange.py /usr/local/lib/python3.10/lib2to3/fixes
#7 203.9 /usr/bin/install -c -m 644 ./Lib/lib2to3/fixes/fix_xreadlines.py /usr/local/lib/python3.10/lib2to3/fixes
#7 203.9 /usr/bin/install -c -m 644 ./Lib/lib2to3/fixes/fix_zip.py /usr/local/lib/python3.10/lib2to3/fixes
#7 203.9 /usr/bin/install -c -m 644 ./Lib/lib2to3/pgen2/__init__.py /usr/local/lib/python3.10/lib2to3/pgen2
#7 203.9 /usr/bin/install -c -m 644 ./Lib/lib2to3/pgen2/conv.py /usr/local/lib/python3.10/lib2to3/pgen2
#7 203.9 /usr/bin/install -c -m 644 ./Lib/lib2to3/pgen2/driver.py /usr/local/lib/python3.10/lib2to3/pgen2
#7 203.9 /usr/bin/install -c -m 644 ./Lib/lib2to3/pgen2/grammar.py /usr/local/lib/python3.10/lib2to3/pgen2
#7 203.9 /usr/bin/install -c -m 644 ./Lib/lib2to3/pgen2/literals.py /usr/local/lib/python3.10/lib2to3/pgen2
#7 203.9 /usr/bin/install -c -m 644 ./Lib/lib2to3/pgen2/parse.py /usr/local/lib/python3.10/lib2to3/pgen2
#7 203.9 /usr/bin/install -c -m 644 ./Lib/lib2to3/pgen2/pgen.py /usr/local/lib/python3.10/lib2to3/pgen2
#7 203.9 /usr/bin/install -c ./Lib/lib2to3/pgen2/token.py /usr/local/lib/python3.10/lib2to3/pgen2
#7 203.9 /usr/bin/install -c -m 644 ./Lib/lib2to3/pgen2/tokenize.py /usr/local/lib/python3.10/lib2to3/pgen2
#7 203.9 /usr/bin/install -c -m 644 ./Lib/logging/__init__.py /usr/local/lib/python3.10/logging
#7 203.9 /usr/bin/install -c -m 644 ./Lib/logging/config.py /usr/local/lib/python3.10/logging
#7 203.9 /usr/bin/install -c -m 644 ./Lib/logging/handlers.py /usr/local/lib/python3.10/logging
#7 203.9 /usr/bin/install -c -m 644 ./Lib/multiprocessing/__init__.py /usr/local/lib/python3.10/multiprocessing
#7 203.9 /usr/bin/install -c -m 644 ./Lib/multiprocessing/connection.py /usr/local/lib/python3.10/multiprocessing
#7 203.9 /usr/bin/install -c -m 644 ./Lib/multiprocessing/context.py /usr/local/lib/python3.10/multiprocessing
#7 203.9 /usr/bin/install -c -m 644 ./Lib/multiprocessing/forkserver.py /usr/local/lib/python3.10/multiprocessing
#7 203.9 /usr/bin/install -c -m 644 ./Lib/multiprocessing/heap.py /usr/local/lib/python3.10/multiprocessing
#7 204.0 /usr/bin/install -c -m 644 ./Lib/multiprocessing/managers.py /usr/local/lib/python3.10/multiprocessing
#7 204.0 /usr/bin/install -c -m 644 ./Lib/multiprocessing/pool.py /usr/local/lib/python3.10/multiprocessing
#7 204.0 /usr/bin/install -c -m 644 ./Lib/multiprocessing/popen_fork.py /usr/local/lib/python3.10/multiprocessing
#7 204.0 /usr/bin/install -c -m 644 ./Lib/multiprocessing/popen_forkserver.py /usr/local/lib/python3.10/multiprocessing
#7 204.0 /usr/bin/install -c -m 644 ./Lib/multiprocessing/popen_spawn_posix.py /usr/local/lib/python3.10/multiprocessing
#7 204.0 /usr/bin/install -c -m 644 ./Lib/multiprocessing/popen_spawn_win32.py /usr/local/lib/python3.10/multiprocessing
#7 204.0 /usr/bin/install -c -m 644 ./Lib/multiprocessing/process.py /usr/local/lib/python3.10/multiprocessing
#7 204.0 /usr/bin/install -c -m 644 ./Lib/multiprocessing/queues.py /usr/local/lib/python3.10/multiprocessing
#7 204.0 /usr/bin/install -c -m 644 ./Lib/multiprocessing/reduction.py /usr/local/lib/python3.10/multiprocessing
#7 204.0 /usr/bin/install -c -m 644 ./Lib/multiprocessing/resource_sharer.py /usr/local/lib/python3.10/multiprocessing
#7 204.0 /usr/bin/install -c -m 644 ./Lib/multiprocessing/resource_tracker.py /usr/local/lib/python3.10/multiprocessing
#7 204.0 /usr/bin/install -c -m 644 ./Lib/multiprocessing/shared_memory.py /usr/local/lib/python3.10/multiprocessing
#7 204.0 /usr/bin/install -c -m 644 ./Lib/multiprocessing/sharedctypes.py /usr/local/lib/python3.10/multiprocessing
#7 204.0 /usr/bin/install -c -m 644 ./Lib/multiprocessing/spawn.py /usr/local/lib/python3.10/multiprocessing
#7 204.0 /usr/bin/install -c -m 644 ./Lib/multiprocessing/synchronize.py /usr/local/lib/python3.10/multiprocessing
#7 204.0 /usr/bin/install -c -m 644 ./Lib/multiprocessing/util.py /usr/local/lib/python3.10/multiprocessing
#7 204.0 /usr/bin/install -c -m 644 ./Lib/multiprocessing/dummy/__init__.py /usr/local/lib/python3.10/multiprocessing/dummy
#7 204.0 /usr/bin/install -c -m 644 ./Lib/multiprocessing/dummy/connection.py /usr/local/lib/python3.10/multiprocessing/dummy
#7 204.0 /usr/bin/install -c -m 644 ./Lib/pydoc_data/__init__.py /usr/local/lib/python3.10/pydoc_data
#7 204.0 /usr/bin/install -c -m 644 ./Lib/pydoc_data/_pydoc.css /usr/local/lib/python3.10/pydoc_data
#7 204.0 /usr/bin/install -c -m 644 ./Lib/pydoc_data/topics.py /usr/local/lib/python3.10/pydoc_data
#7 204.0 /usr/bin/install -c -m 644 ./Lib/site-packages/README.txt /usr/local/lib/python3.10/site-packages
#7 204.0 /usr/bin/install -c -m 644 ./Lib/sqlite3/__init__.py /usr/local/lib/python3.10/sqlite3
#7 204.0 /usr/bin/install -c -m 644 ./Lib/sqlite3/dbapi2.py /usr/local/lib/python3.10/sqlite3
#7 204.0 /usr/bin/install -c -m 644 ./Lib/sqlite3/dump.py /usr/local/lib/python3.10/sqlite3
#7 204.0 /usr/bin/install -c -m 644 ./Lib/tkinter/__init__.py /usr/local/lib/python3.10/tkinter
#7 204.0 /usr/bin/install -c -m 644 ./Lib/tkinter/__main__.py /usr/local/lib/python3.10/tkinter
#7 204.0 /usr/bin/install -c -m 644 ./Lib/tkinter/colorchooser.py /usr/local/lib/python3.10/tkinter
#7 204.0 /usr/bin/install -c -m 644 ./Lib/tkinter/commondialog.py /usr/local/lib/python3.10/tkinter
#7 204.0 /usr/bin/install -c -m 644 ./Lib/tkinter/constants.py /usr/local/lib/python3.10/tkinter
#7 204.0 /usr/bin/install -c -m 644 ./Lib/tkinter/dialog.py /usr/local/lib/python3.10/tkinter
#7 204.0 /usr/bin/install -c -m 644 ./Lib/tkinter/dnd.py /usr/local/lib/python3.10/tkinter
#7 204.0 /usr/bin/install -c -m 644 ./Lib/tkinter/filedialog.py /usr/local/lib/python3.10/tkinter
#7 204.0 /usr/bin/install -c -m 644 ./Lib/tkinter/font.py /usr/local/lib/python3.10/tkinter
#7 204.0 /usr/bin/install -c -m 644 ./Lib/tkinter/messagebox.py /usr/local/lib/python3.10/tkinter
#7 204.0 /usr/bin/install -c -m 644 ./Lib/tkinter/scrolledtext.py /usr/local/lib/python3.10/tkinter
#7 204.0 /usr/bin/install -c -m 644 ./Lib/tkinter/simpledialog.py /usr/local/lib/python3.10/tkinter
#7 204.0 /usr/bin/install -c -m 644 ./Lib/tkinter/tix.py /usr/local/lib/python3.10/tkinter
#7 204.0 /usr/bin/install -c -m 644 ./Lib/tkinter/ttk.py /usr/local/lib/python3.10/tkinter
#7 204.0 /usr/bin/install -c -m 644 ./Lib/turtledemo/__init__.py /usr/local/lib/python3.10/turtledemo
#7 204.0 /usr/bin/install -c ./Lib/turtledemo/__main__.py /usr/local/lib/python3.10/turtledemo
#7 204.0 /usr/bin/install -c ./Lib/turtledemo/bytedesign.py /usr/local/lib/python3.10/turtledemo
#7 204.0 /usr/bin/install -c -m 644 ./Lib/turtledemo/chaos.py /usr/local/lib/python3.10/turtledemo
#7 204.0 /usr/bin/install -c ./Lib/turtledemo/clock.py /usr/local/lib/python3.10/turtledemo
#7 204.0 /usr/bin/install -c -m 644 ./Lib/turtledemo/colormixer.py /usr/local/lib/python3.10/turtledemo
#7 204.0 /usr/bin/install -c ./Lib/turtledemo/forest.py /usr/local/lib/python3.10/turtledemo
#7 204.0 /usr/bin/install -c ./Lib/turtledemo/fractalcurves.py /usr/local/lib/python3.10/turtledemo
#7 204.0 /usr/bin/install -c ./Lib/turtledemo/lindenmayer.py /usr/local/lib/python3.10/turtledemo
#7 204.0 /usr/bin/install -c ./Lib/turtledemo/minimal_hanoi.py /usr/local/lib/python3.10/turtledemo
#7 204.0 /usr/bin/install -c -m 644 ./Lib/turtledemo/nim.py /usr/local/lib/python3.10/turtledemo
#7 204.0 /usr/bin/install -c ./Lib/turtledemo/paint.py /usr/local/lib/python3.10/turtledemo
#7 204.0 /usr/bin/install -c ./Lib/turtledemo/peace.py /usr/local/lib/python3.10/turtledemo
#7 204.0 /usr/bin/install -c ./Lib/turtledemo/penrose.py /usr/local/lib/python3.10/turtledemo
#7 204.0 /usr/bin/install -c ./Lib/turtledemo/planet_and_moon.py /usr/local/lib/python3.10/turtledemo
#7 204.0 /usr/bin/install -c -m 644 ./Lib/turtledemo/rosette.py /usr/local/lib/python3.10/turtledemo
#7 204.0 /usr/bin/install -c -m 644 ./Lib/turtledemo/round_dance.py /usr/local/lib/python3.10/turtledemo
#7 204.0 /usr/bin/install -c ./Lib/turtledemo/sorting_animate.py /usr/local/lib/python3.10/turtledemo
#7 204.0 /usr/bin/install -c ./Lib/turtledemo/tree.py /usr/local/lib/python3.10/turtledemo
#7 204.0 /usr/bin/install -c -m 644 ./Lib/turtledemo/turtle.cfg /usr/local/lib/python3.10/turtledemo
#7 204.0 /usr/bin/install -c -m 644 ./Lib/turtledemo/two_canvases.py /usr/local/lib/python3.10/turtledemo
#7 204.0 /usr/bin/install -c ./Lib/turtledemo/yinyang.py /usr/local/lib/python3.10/turtledemo
#7 204.0 /usr/bin/install -c -m 644 ./Lib/unittest/__init__.py /usr/local/lib/python3.10/unittest
#7 204.0 /usr/bin/install -c -m 644 ./Lib/unittest/__main__.py /usr/local/lib/python3.10/unittest
#7 204.0 /usr/bin/install -c -m 644 ./Lib/unittest/_log.py /usr/local/lib/python3.10/unittest
#7 204.0 /usr/bin/install -c -m 644 ./Lib/unittest/async_case.py /usr/local/lib/python3.10/unittest
#7 204.0 /usr/bin/install -c -m 644 ./Lib/unittest/case.py /usr/local/lib/python3.10/unittest
#7 204.0 /usr/bin/install -c -m 644 ./Lib/unittest/loader.py /usr/local/lib/python3.10/unittest
#7 204.0 /usr/bin/install -c -m 644 ./Lib/unittest/main.py /usr/local/lib/python3.10/unittest
#7 204.0 /usr/bin/install -c -m 644 ./Lib/unittest/mock.py /usr/local/lib/python3.10/unittest
#7 204.0 /usr/bin/install -c -m 644 ./Lib/unittest/result.py /usr/local/lib/python3.10/unittest
#7 204.0 /usr/bin/install -c -m 644 ./Lib/unittest/runner.py /usr/local/lib/python3.10/unittest
#7 204.0 /usr/bin/install -c -m 644 ./Lib/unittest/signals.py /usr/local/lib/python3.10/unittest
#7 204.0 /usr/bin/install -c -m 644 ./Lib/unittest/suite.py /usr/local/lib/python3.10/unittest
#7 204.0 /usr/bin/install -c -m 644 ./Lib/unittest/util.py /usr/local/lib/python3.10/unittest
#7 204.0 /usr/bin/install -c -m 644 ./Lib/urllib/__init__.py /usr/local/lib/python3.10/urllib
#7 204.0 /usr/bin/install -c -m 644 ./Lib/urllib/error.py /usr/local/lib/python3.10/urllib
#7 204.0 /usr/bin/install -c -m 644 ./Lib/urllib/parse.py /usr/local/lib/python3.10/urllib
#7 204.0 /usr/bin/install -c -m 644 ./Lib/urllib/request.py /usr/local/lib/python3.10/urllib
#7 204.0 /usr/bin/install -c -m 644 ./Lib/urllib/response.py /usr/local/lib/python3.10/urllib
#7 204.0 /usr/bin/install -c -m 644 ./Lib/urllib/robotparser.py /usr/local/lib/python3.10/urllib
#7 204.0 /usr/bin/install -c -m 644 ./Lib/venv/__init__.py /usr/local/lib/python3.10/venv
#7 204.0 /usr/bin/install -c -m 644 ./Lib/venv/__main__.py /usr/local/lib/python3.10/venv
#7 204.0 /usr/bin/install -c -m 644 ./Lib/venv/scripts/common/Activate.ps1 /usr/local/lib/python3.10/venv/scripts/common
#7 204.0 /usr/bin/install -c -m 644 ./Lib/venv/scripts/common/activate /usr/local/lib/python3.10/venv/scripts/common
#7 204.0 /usr/bin/install -c -m 644 ./Lib/venv/scripts/posix/activate.csh /usr/local/lib/python3.10/venv/scripts/posix
#7 204.0 /usr/bin/install -c -m 644 ./Lib/venv/scripts/posix/activate.fish /usr/local/lib/python3.10/venv/scripts/posix
#7 204.0 /usr/bin/install -c -m 644 ./Lib/wsgiref/__init__.py /usr/local/lib/python3.10/wsgiref
#7 204.0 /usr/bin/install -c -m 644 ./Lib/wsgiref/handlers.py /usr/local/lib/python3.10/wsgiref
#7 204.0 /usr/bin/install -c -m 644 ./Lib/wsgiref/headers.py /usr/local/lib/python3.10/wsgiref
#7 204.0 /usr/bin/install -c -m 644 ./Lib/wsgiref/simple_server.py /usr/local/lib/python3.10/wsgiref
#7 204.0 /usr/bin/install -c -m 644 ./Lib/wsgiref/util.py /usr/local/lib/python3.10/wsgiref
#7 204.0 /usr/bin/install -c -m 644 ./Lib/wsgiref/validate.py /usr/local/lib/python3.10/wsgiref
#7 204.0 /usr/bin/install -c -m 644 ./Lib/xml/__init__.py /usr/local/lib/python3.10/xml
#7 204.0 /usr/bin/install -c -m 644 ./Lib/xml/dom/NodeFilter.py /usr/local/lib/python3.10/xml/dom
#7 204.0 /usr/bin/install -c -m 644 ./Lib/xml/dom/__init__.py /usr/local/lib/python3.10/xml/dom
#7 204.0 /usr/bin/install -c -m 644 ./Lib/xml/dom/domreg.py /usr/local/lib/python3.10/xml/dom
#7 204.0 /usr/bin/install -c -m 644 ./Lib/xml/dom/expatbuilder.py /usr/local/lib/python3.10/xml/dom
#7 204.0 /usr/bin/install -c -m 644 ./Lib/xml/dom/minicompat.py /usr/local/lib/python3.10/xml/dom
#7 204.0 /usr/bin/install -c -m 644 ./Lib/xml/dom/minidom.py /usr/local/lib/python3.10/xml/dom
#7 204.0 /usr/bin/install -c -m 644 ./Lib/xml/dom/pulldom.py /usr/local/lib/python3.10/xml/dom
#7 204.0 /usr/bin/install -c -m 644 ./Lib/xml/dom/xmlbuilder.py /usr/local/lib/python3.10/xml/dom
#7 204.0 /usr/bin/install -c -m 644 ./Lib/xml/etree/ElementInclude.py /usr/local/lib/python3.10/xml/etree
#7 204.0 /usr/bin/install -c -m 644 ./Lib/xml/etree/ElementPath.py /usr/local/lib/python3.10/xml/etree
#7 204.0 /usr/bin/install -c -m 644 ./Lib/xml/etree/ElementTree.py /usr/local/lib/python3.10/xml/etree
#7 204.0 /usr/bin/install -c -m 644 ./Lib/xml/etree/__init__.py /usr/local/lib/python3.10/xml/etree
#7 204.0 /usr/bin/install -c -m 644 ./Lib/xml/etree/cElementTree.py /usr/local/lib/python3.10/xml/etree
#7 204.0 /usr/bin/install -c -m 644 ./Lib/xml/parsers/__init__.py /usr/local/lib/python3.10/xml/parsers
#7 204.0 /usr/bin/install -c -m 644 ./Lib/xml/parsers/expat.py /usr/local/lib/python3.10/xml/parsers
#7 204.0 /usr/bin/install -c -m 644 ./Lib/xml/sax/__init__.py /usr/local/lib/python3.10/xml/sax
#7 204.0 /usr/bin/install -c -m 644 ./Lib/xml/sax/_exceptions.py /usr/local/lib/python3.10/xml/sax
#7 204.0 /usr/bin/install -c -m 644 ./Lib/xml/sax/expatreader.py /usr/local/lib/python3.10/xml/sax
#7 204.0 /usr/bin/install -c -m 644 ./Lib/xml/sax/handler.py /usr/local/lib/python3.10/xml/sax
#7 204.0 /usr/bin/install -c -m 644 ./Lib/xml/sax/saxutils.py /usr/local/lib/python3.10/xml/sax
#7 204.0 /usr/bin/install -c -m 644 ./Lib/xml/sax/xmlreader.py /usr/local/lib/python3.10/xml/sax
#7 204.0 /usr/bin/install -c -m 644 ./Lib/xmlrpc/__init__.py /usr/local/lib/python3.10/xmlrpc
#7 204.0 /usr/bin/install -c -m 644 ./Lib/xmlrpc/client.py /usr/local/lib/python3.10/xmlrpc
#7 204.0 /usr/bin/install -c -m 644 ./Lib/xmlrpc/server.py /usr/local/lib/python3.10/xmlrpc
#7 204.0 /usr/bin/install -c -m 644 ./Lib/zoneinfo/__init__.py /usr/local/lib/python3.10/zoneinfo
#7 204.0 /usr/bin/install -c -m 644 ./Lib/zoneinfo/_common.py /usr/local/lib/python3.10/zoneinfo
#7 204.0 /usr/bin/install -c -m 644 ./Lib/zoneinfo/_tzpath.py /usr/local/lib/python3.10/zoneinfo
#7 204.0 /usr/bin/install -c -m 644 ./Lib/zoneinfo/_zoneinfo.py /usr/local/lib/python3.10/zoneinfo
#7 204.0 /usr/bin/install -c -m 644 ./Lib/ctypes/test/__init__.py /usr/local/lib/python3.10/ctypes/test
#7 204.0 /usr/bin/install -c -m 644 ./Lib/ctypes/test/__main__.py /usr/local/lib/python3.10/ctypes/test
#7 204.0 /usr/bin/install -c -m 644 ./Lib/ctypes/test/test_anon.py /usr/local/lib/python3.10/ctypes/test
#7 204.0 /usr/bin/install -c -m 644 ./Lib/ctypes/test/test_array_in_pointer.py /usr/local/lib/python3.10/ctypes/test
#7 204.0 /usr/bin/install -c -m 644 ./Lib/ctypes/test/test_arrays.py /usr/local/lib/python3.10/ctypes/test
#7 204.0 /usr/bin/install -c -m 644 ./Lib/ctypes/test/test_as_parameter.py /usr/local/lib/python3.10/ctypes/test
#7 204.0 /usr/bin/install -c -m 644 ./Lib/ctypes/test/test_bitfields.py /usr/local/lib/python3.10/ctypes/test
#7 204.0 /usr/bin/install -c -m 644 ./Lib/ctypes/test/test_buffers.py /usr/local/lib/python3.10/ctypes/test
#7 204.0 /usr/bin/install -c -m 644 ./Lib/ctypes/test/test_bytes.py /usr/local/lib/python3.10/ctypes/test
#7 204.0 /usr/bin/install -c -m 644 ./Lib/ctypes/test/test_byteswap.py /usr/local/lib/python3.10/ctypes/test
#7 204.0 /usr/bin/install -c -m 644 ./Lib/ctypes/test/test_callbacks.py /usr/local/lib/python3.10/ctypes/test
#7 204.0 /usr/bin/install -c -m 644 ./Lib/ctypes/test/test_cast.py /usr/local/lib/python3.10/ctypes/test
#7 204.0 /usr/bin/install -c -m 644 ./Lib/ctypes/test/test_cfuncs.py /usr/local/lib/python3.10/ctypes/test
#7 204.0 /usr/bin/install -c -m 644 ./Lib/ctypes/test/test_checkretval.py /usr/local/lib/python3.10/ctypes/test
#7 204.0 /usr/bin/install -c -m 644 ./Lib/ctypes/test/test_delattr.py /usr/local/lib/python3.10/ctypes/test
#7 204.0 /usr/bin/install -c -m 644 ./Lib/ctypes/test/test_errno.py /usr/local/lib/python3.10/ctypes/test
#7 204.0 /usr/bin/install -c -m 644 ./Lib/ctypes/test/test_find.py /usr/local/lib/python3.10/ctypes/test
#7 204.0 /usr/bin/install -c -m 644 ./Lib/ctypes/test/test_frombuffer.py /usr/local/lib/python3.10/ctypes/test
#7 204.0 /usr/bin/install -c -m 644 ./Lib/ctypes/test/test_funcptr.py /usr/local/lib/python3.10/ctypes/test
#7 204.0 /usr/bin/install -c -m 644 ./Lib/ctypes/test/test_functions.py /usr/local/lib/python3.10/ctypes/test
#7 204.0 /usr/bin/install -c -m 644 ./Lib/ctypes/test/test_incomplete.py /usr/local/lib/python3.10/ctypes/test
#7 204.0 /usr/bin/install -c -m 644 ./Lib/ctypes/test/test_init.py /usr/local/lib/python3.10/ctypes/test
#7 204.0 /usr/bin/install -c -m 644 ./Lib/ctypes/test/test_internals.py /usr/local/lib/python3.10/ctypes/test
#7 204.0 /usr/bin/install -c -m 644 ./Lib/ctypes/test/test_keeprefs.py /usr/local/lib/python3.10/ctypes/test
#7 204.0 /usr/bin/install -c -m 644 ./Lib/ctypes/test/test_libc.py /usr/local/lib/python3.10/ctypes/test
#7 204.0 /usr/bin/install -c -m 644 ./Lib/ctypes/test/test_loading.py /usr/local/lib/python3.10/ctypes/test
#7 204.0 /usr/bin/install -c -m 644 ./Lib/ctypes/test/test_macholib.py /usr/local/lib/python3.10/ctypes/test
#7 204.0 /usr/bin/install -c -m 644 ./Lib/ctypes/test/test_memfunctions.py /usr/local/lib/python3.10/ctypes/test
#7 204.0 /usr/bin/install -c -m 644 ./Lib/ctypes/test/test_numbers.py /usr/local/lib/python3.10/ctypes/test
#7 204.0 /usr/bin/install -c -m 644 ./Lib/ctypes/test/test_objects.py /usr/local/lib/python3.10/ctypes/test
#7 204.0 /usr/bin/install -c -m 644 ./Lib/ctypes/test/test_parameters.py /usr/local/lib/python3.10/ctypes/test
#7 204.0 /usr/bin/install -c -m 644 ./Lib/ctypes/test/test_pep3118.py /usr/local/lib/python3.10/ctypes/test
#7 204.0 /usr/bin/install -c -m 644 ./Lib/ctypes/test/test_pickling.py /usr/local/lib/python3.10/ctypes/test
#7 204.0 /usr/bin/install -c -m 644 ./Lib/ctypes/test/test_pointers.py /usr/local/lib/python3.10/ctypes/test
#7 204.1 /usr/bin/install -c -m 644 ./Lib/ctypes/test/test_prototypes.py /usr/local/lib/python3.10/ctypes/test
#7 204.1 /usr/bin/install -c -m 644 ./Lib/ctypes/test/test_python_api.py /usr/local/lib/python3.10/ctypes/test
#7 204.1 /usr/bin/install -c -m 644 ./Lib/ctypes/test/test_random_things.py /usr/local/lib/python3.10/ctypes/test
#7 204.1 /usr/bin/install -c -m 644 ./Lib/ctypes/test/test_refcounts.py /usr/local/lib/python3.10/ctypes/test
#7 204.1 /usr/bin/install -c -m 644 ./Lib/ctypes/test/test_repr.py /usr/local/lib/python3.10/ctypes/test
#7 204.1 /usr/bin/install -c -m 644 ./Lib/ctypes/test/test_returnfuncptrs.py /usr/local/lib/python3.10/ctypes/test
#7 204.1 /usr/bin/install -c -m 644 ./Lib/ctypes/test/test_simplesubclasses.py /usr/local/lib/python3.10/ctypes/test
#7 204.1 /usr/bin/install -c -m 644 ./Lib/ctypes/test/test_sizes.py /usr/local/lib/python3.10/ctypes/test
#7 204.1 /usr/bin/install -c -m 644 ./Lib/ctypes/test/test_slicing.py /usr/local/lib/python3.10/ctypes/test
#7 204.1 /usr/bin/install -c -m 644 ./Lib/ctypes/test/test_stringptr.py /usr/local/lib/python3.10/ctypes/test
#7 204.1 /usr/bin/install -c -m 644 ./Lib/ctypes/test/test_strings.py /usr/local/lib/python3.10/ctypes/test
#7 204.1 /usr/bin/install -c -m 644 ./Lib/ctypes/test/test_struct_fields.py /usr/local/lib/python3.10/ctypes/test
#7 204.1 /usr/bin/install -c -m 644 ./Lib/ctypes/test/test_structures.py /usr/local/lib/python3.10/ctypes/test
#7 204.1 /usr/bin/install -c -m 644 ./Lib/ctypes/test/test_unaligned_structures.py /usr/local/lib/python3.10/ctypes/test
#7 204.1 /usr/bin/install -c -m 644 ./Lib/ctypes/test/test_unicode.py /usr/local/lib/python3.10/ctypes/test
#7 204.1 /usr/bin/install -c -m 644 ./Lib/ctypes/test/test_values.py /usr/local/lib/python3.10/ctypes/test
#7 204.1 /usr/bin/install -c -m 644 ./Lib/ctypes/test/test_varsize_struct.py /usr/local/lib/python3.10/ctypes/test
#7 204.1 /usr/bin/install -c -m 644 ./Lib/ctypes/test/test_win32.py /usr/local/lib/python3.10/ctypes/test
#7 204.1 /usr/bin/install -c -m 644 ./Lib/ctypes/test/test_wintypes.py /usr/local/lib/python3.10/ctypes/test
#7 204.1 /usr/bin/install -c -m 644 ./Lib/distutils/tests/Setup.sample /usr/local/lib/python3.10/distutils/tests
#7 204.1 /usr/bin/install -c -m 644 ./Lib/distutils/tests/__init__.py /usr/local/lib/python3.10/distutils/tests
#7 204.1 /usr/bin/install -c -m 644 ./Lib/distutils/tests/includetest.rst /usr/local/lib/python3.10/distutils/tests
#7 204.1 /usr/bin/install -c -m 644 ./Lib/distutils/tests/support.py /usr/local/lib/python3.10/distutils/tests
#7 204.1 /usr/bin/install -c -m 644 ./Lib/distutils/tests/test_archive_util.py /usr/local/lib/python3.10/distutils/tests
#7 204.1 /usr/bin/install -c -m 644 ./Lib/distutils/tests/test_bdist.py /usr/local/lib/python3.10/distutils/tests
#7 204.1 /usr/bin/install -c -m 644 ./Lib/distutils/tests/test_bdist_dumb.py /usr/local/lib/python3.10/distutils/tests
#7 204.1 /usr/bin/install -c -m 644 ./Lib/distutils/tests/test_bdist_msi.py /usr/local/lib/python3.10/distutils/tests
#7 204.1 /usr/bin/install -c -m 644 ./Lib/distutils/tests/test_bdist_rpm.py /usr/local/lib/python3.10/distutils/tests
#7 204.1 /usr/bin/install -c -m 644 ./Lib/distutils/tests/test_build.py /usr/local/lib/python3.10/distutils/tests
#7 204.1 /usr/bin/install -c -m 644 ./Lib/distutils/tests/test_build_clib.py /usr/local/lib/python3.10/distutils/tests
#7 204.1 /usr/bin/install -c -m 644 ./Lib/distutils/tests/test_build_ext.py /usr/local/lib/python3.10/distutils/tests
#7 204.1 /usr/bin/install -c -m 644 ./Lib/distutils/tests/test_build_py.py /usr/local/lib/python3.10/distutils/tests
#7 204.1 /usr/bin/install -c -m 644 ./Lib/distutils/tests/test_build_scripts.py /usr/local/lib/python3.10/distutils/tests
#7 204.1 /usr/bin/install -c -m 644 ./Lib/distutils/tests/test_check.py /usr/local/lib/python3.10/distutils/tests
#7 204.1 /usr/bin/install -c -m 644 ./Lib/distutils/tests/test_clean.py /usr/local/lib/python3.10/distutils/tests
#7 204.1 /usr/bin/install -c -m 644 ./Lib/distutils/tests/test_cmd.py /usr/local/lib/python3.10/distutils/tests
#7 204.1 /usr/bin/install -c -m 644 ./Lib/distutils/tests/test_config.py /usr/local/lib/python3.10/distutils/tests
#7 204.1 /usr/bin/install -c -m 644 ./Lib/distutils/tests/test_config_cmd.py /usr/local/lib/python3.10/distutils/tests
#7 204.1 /usr/bin/install -c -m 644 ./Lib/distutils/tests/test_core.py /usr/local/lib/python3.10/distutils/tests
#7 204.1 /usr/bin/install -c -m 644 ./Lib/distutils/tests/test_cygwinccompiler.py /usr/local/lib/python3.10/distutils/tests
#7 204.1 /usr/bin/install -c -m 644 ./Lib/distutils/tests/test_dep_util.py /usr/local/lib/python3.10/distutils/tests
#7 204.1 /usr/bin/install -c -m 644 ./Lib/distutils/tests/test_dir_util.py /usr/local/lib/python3.10/distutils/tests
#7 204.1 /usr/bin/install -c -m 644 ./Lib/distutils/tests/test_dist.py /usr/local/lib/python3.10/distutils/tests
#7 204.1 /usr/bin/install -c -m 644 ./Lib/distutils/tests/test_extension.py /usr/local/lib/python3.10/distutils/tests
#7 204.1 /usr/bin/install -c -m 644 ./Lib/distutils/tests/test_file_util.py /usr/local/lib/python3.10/distutils/tests
#7 204.1 /usr/bin/install -c -m 644 ./Lib/distutils/tests/test_filelist.py /usr/local/lib/python3.10/distutils/tests
#7 204.1 /usr/bin/install -c -m 644 ./Lib/distutils/tests/test_install.py /usr/local/lib/python3.10/distutils/tests
#7 204.1 /usr/bin/install -c -m 644 ./Lib/distutils/tests/test_install_data.py /usr/local/lib/python3.10/distutils/tests
#7 204.1 /usr/bin/install -c -m 644 ./Lib/distutils/tests/test_install_headers.py /usr/local/lib/python3.10/distutils/tests
#7 204.1 /usr/bin/install -c -m 644 ./Lib/distutils/tests/test_install_lib.py /usr/local/lib/python3.10/distutils/tests
#7 204.1 /usr/bin/install -c -m 644 ./Lib/distutils/tests/test_install_scripts.py /usr/local/lib/python3.10/distutils/tests
#7 204.1 /usr/bin/install -c -m 644 ./Lib/distutils/tests/test_log.py /usr/local/lib/python3.10/distutils/tests
#7 204.1 /usr/bin/install -c -m 644 ./Lib/distutils/tests/test_msvc9compiler.py /usr/local/lib/python3.10/distutils/tests
#7 204.1 /usr/bin/install -c -m 644 ./Lib/distutils/tests/test_msvccompiler.py /usr/local/lib/python3.10/distutils/tests
#7 204.1 /usr/bin/install -c -m 644 ./Lib/distutils/tests/test_register.py /usr/local/lib/python3.10/distutils/tests
#7 204.1 /usr/bin/install -c -m 644 ./Lib/distutils/tests/test_sdist.py /usr/local/lib/python3.10/distutils/tests
#7 204.1 /usr/bin/install -c -m 644 ./Lib/distutils/tests/test_spawn.py /usr/local/lib/python3.10/distutils/tests
#7 204.1 /usr/bin/install -c -m 644 ./Lib/distutils/tests/test_sysconfig.py /usr/local/lib/python3.10/distutils/tests
#7 204.1 /usr/bin/install -c -m 644 ./Lib/distutils/tests/test_text_file.py /usr/local/lib/python3.10/distutils/tests
#7 204.1 /usr/bin/install -c -m 644 ./Lib/distutils/tests/test_unixccompiler.py /usr/local/lib/python3.10/distutils/tests
#7 204.1 /usr/bin/install -c -m 644 ./Lib/distutils/tests/test_upload.py /usr/local/lib/python3.10/distutils/tests
#7 204.1 /usr/bin/install -c -m 644 ./Lib/distutils/tests/test_util.py /usr/local/lib/python3.10/distutils/tests
#7 204.1 /usr/bin/install -c -m 644 ./Lib/distutils/tests/test_version.py /usr/local/lib/python3.10/distutils/tests
#7 204.1 /usr/bin/install -c -m 644 ./Lib/distutils/tests/test_versionpredicate.py /usr/local/lib/python3.10/distutils/tests
#7 204.1 /usr/bin/install -c -m 644 ./Lib/idlelib/idle_test/README.txt /usr/local/lib/python3.10/idlelib/idle_test
#7 204.1 /usr/bin/install -c -m 644 ./Lib/idlelib/idle_test/__init__.py /usr/local/lib/python3.10/idlelib/idle_test
#7 204.1 /usr/bin/install -c -m 644 ./Lib/idlelib/idle_test/example_noext /usr/local/lib/python3.10/idlelib/idle_test
#7 204.1 /usr/bin/install -c -m 644 ./Lib/idlelib/idle_test/example_stub.pyi /usr/local/lib/python3.10/idlelib/idle_test
#7 204.1 /usr/bin/install -c -m 644 ./Lib/idlelib/idle_test/htest.py /usr/local/lib/python3.10/idlelib/idle_test
#7 204.1 /usr/bin/install -c -m 644 ./Lib/idlelib/idle_test/mock_idle.py /usr/local/lib/python3.10/idlelib/idle_test
#7 204.1 /usr/bin/install -c -m 644 ./Lib/idlelib/idle_test/mock_tk.py /usr/local/lib/python3.10/idlelib/idle_test
#7 204.1 /usr/bin/install -c -m 644 ./Lib/idlelib/idle_test/template.py /usr/local/lib/python3.10/idlelib/idle_test
#7 204.1 /usr/bin/install -c -m 644 ./Lib/idlelib/idle_test/test_autocomplete.py /usr/local/lib/python3.10/idlelib/idle_test
#7 204.1 /usr/bin/install -c -m 644 ./Lib/idlelib/idle_test/test_autocomplete_w.py /usr/local/lib/python3.10/idlelib/idle_test
#7 204.1 /usr/bin/install -c -m 644 ./Lib/idlelib/idle_test/test_autoexpand.py /usr/local/lib/python3.10/idlelib/idle_test
#7 204.1 /usr/bin/install -c -m 644 ./Lib/idlelib/idle_test/test_browser.py /usr/local/lib/python3.10/idlelib/idle_test
#7 204.1 /usr/bin/install -c -m 644 ./Lib/idlelib/idle_test/test_calltip.py /usr/local/lib/python3.10/idlelib/idle_test
#7 204.1 /usr/bin/install -c -m 644 ./Lib/idlelib/idle_test/test_calltip_w.py /usr/local/lib/python3.10/idlelib/idle_test
#7 204.1 /usr/bin/install -c -m 644 ./Lib/idlelib/idle_test/test_codecontext.py /usr/local/lib/python3.10/idlelib/idle_test
#7 204.1 /usr/bin/install -c -m 644 ./Lib/idlelib/idle_test/test_colorizer.py /usr/local/lib/python3.10/idlelib/idle_test
#7 204.1 /usr/bin/install -c -m 644 ./Lib/idlelib/idle_test/test_config.py /usr/local/lib/python3.10/idlelib/idle_test
#7 204.1 /usr/bin/install -c -m 644 ./Lib/idlelib/idle_test/test_config_key.py /usr/local/lib/python3.10/idlelib/idle_test
#7 204.1 /usr/bin/install -c -m 644 ./Lib/idlelib/idle_test/test_configdialog.py /usr/local/lib/python3.10/idlelib/idle_test
#7 204.1 /usr/bin/install -c -m 644 ./Lib/idlelib/idle_test/test_debugger.py /usr/local/lib/python3.10/idlelib/idle_test
#7 204.1 /usr/bin/install -c -m 644 ./Lib/idlelib/idle_test/test_debugger_r.py /usr/local/lib/python3.10/idlelib/idle_test
#7 204.1 /usr/bin/install -c -m 644 ./Lib/idlelib/idle_test/test_debugobj.py /usr/local/lib/python3.10/idlelib/idle_test
#7 204.1 /usr/bin/install -c -m 644 ./Lib/idlelib/idle_test/test_debugobj_r.py /usr/local/lib/python3.10/idlelib/idle_test
#7 204.1 /usr/bin/install -c -m 644 ./Lib/idlelib/idle_test/test_delegator.py /usr/local/lib/python3.10/idlelib/idle_test
#7 204.1 /usr/bin/install -c -m 644 ./Lib/idlelib/idle_test/test_editmenu.py /usr/local/lib/python3.10/idlelib/idle_test
#7 204.1 /usr/bin/install -c -m 644 ./Lib/idlelib/idle_test/test_editor.py /usr/local/lib/python3.10/idlelib/idle_test
#7 204.1 /usr/bin/install -c -m 644 ./Lib/idlelib/idle_test/test_filelist.py /usr/local/lib/python3.10/idlelib/idle_test
#7 204.1 /usr/bin/install -c -m 644 ./Lib/idlelib/idle_test/test_format.py /usr/local/lib/python3.10/idlelib/idle_test
#7 204.1 /usr/bin/install -c -m 644 ./Lib/idlelib/idle_test/test_grep.py /usr/local/lib/python3.10/idlelib/idle_test
#7 204.1 /usr/bin/install -c -m 644 ./Lib/idlelib/idle_test/test_help.py /usr/local/lib/python3.10/idlelib/idle_test
#7 204.1 /usr/bin/install -c -m 644 ./Lib/idlelib/idle_test/test_help_about.py /usr/local/lib/python3.10/idlelib/idle_test
#7 204.1 /usr/bin/install -c -m 644 ./Lib/idlelib/idle_test/test_history.py /usr/local/lib/python3.10/idlelib/idle_test
#7 204.1 /usr/bin/install -c -m 644 ./Lib/idlelib/idle_test/test_hyperparser.py /usr/local/lib/python3.10/idlelib/idle_test
#7 204.1 /usr/bin/install -c -m 644 ./Lib/idlelib/idle_test/test_iomenu.py /usr/local/lib/python3.10/idlelib/idle_test
#7 204.1 /usr/bin/install -c -m 644 ./Lib/idlelib/idle_test/test_macosx.py /usr/local/lib/python3.10/idlelib/idle_test
#7 204.1 /usr/bin/install -c -m 644 ./Lib/idlelib/idle_test/test_mainmenu.py /usr/local/lib/python3.10/idlelib/idle_test
#7 204.1 /usr/bin/install -c -m 644 ./Lib/idlelib/idle_test/test_multicall.py /usr/local/lib/python3.10/idlelib/idle_test
#7 204.1 /usr/bin/install -c -m 644 ./Lib/idlelib/idle_test/test_outwin.py /usr/local/lib/python3.10/idlelib/idle_test
#7 204.1 /usr/bin/install -c -m 644 ./Lib/idlelib/idle_test/test_parenmatch.py /usr/local/lib/python3.10/idlelib/idle_test
#7 204.1 /usr/bin/install -c -m 644 ./Lib/idlelib/idle_test/test_pathbrowser.py /usr/local/lib/python3.10/idlelib/idle_test
#7 204.1 /usr/bin/install -c -m 644 ./Lib/idlelib/idle_test/test_percolator.py /usr/local/lib/python3.10/idlelib/idle_test
#7 204.1 /usr/bin/install -c -m 644 ./Lib/idlelib/idle_test/test_pyparse.py /usr/local/lib/python3.10/idlelib/idle_test
#7 204.1 /usr/bin/install -c -m 644 ./Lib/idlelib/idle_test/test_pyshell.py /usr/local/lib/python3.10/idlelib/idle_test
#7 204.1 /usr/bin/install -c -m 644 ./Lib/idlelib/idle_test/test_query.py /usr/local/lib/python3.10/idlelib/idle_test
#7 204.1 /usr/bin/install -c -m 644 ./Lib/idlelib/idle_test/test_redirector.py /usr/local/lib/python3.10/idlelib/idle_test
#7 204.1 /usr/bin/install -c -m 644 ./Lib/idlelib/idle_test/test_replace.py /usr/local/lib/python3.10/idlelib/idle_test
#7 204.1 /usr/bin/install -c -m 644 ./Lib/idlelib/idle_test/test_rpc.py /usr/local/lib/python3.10/idlelib/idle_test
#7 204.1 /usr/bin/install -c -m 644 ./Lib/idlelib/idle_test/test_run.py /usr/local/lib/python3.10/idlelib/idle_test
#7 204.1 /usr/bin/install -c -m 644 ./Lib/idlelib/idle_test/test_runscript.py /usr/local/lib/python3.10/idlelib/idle_test
#7 204.1 /usr/bin/install -c -m 644 ./Lib/idlelib/idle_test/test_scrolledlist.py /usr/local/lib/python3.10/idlelib/idle_test
#7 204.1 /usr/bin/install -c -m 644 ./Lib/idlelib/idle_test/test_search.py /usr/local/lib/python3.10/idlelib/idle_test
#7 204.1 /usr/bin/install -c -m 644 ./Lib/idlelib/idle_test/test_searchbase.py /usr/local/lib/python3.10/idlelib/idle_test
#7 204.1 /usr/bin/install -c -m 644 ./Lib/idlelib/idle_test/test_searchengine.py /usr/local/lib/python3.10/idlelib/idle_test
#7 204.1 /usr/bin/install -c -m 644 ./Lib/idlelib/idle_test/test_sidebar.py /usr/local/lib/python3.10/idlelib/idle_test
#7 204.1 /usr/bin/install -c -m 644 ./Lib/idlelib/idle_test/test_squeezer.py /usr/local/lib/python3.10/idlelib/idle_test
#7 204.1 /usr/bin/install -c -m 644 ./Lib/idlelib/idle_test/test_stackviewer.py /usr/local/lib/python3.10/idlelib/idle_test
#7 204.1 /usr/bin/install -c -m 644 ./Lib/idlelib/idle_test/test_statusbar.py /usr/local/lib/python3.10/idlelib/idle_test
#7 204.1 /usr/bin/install -c -m 644 ./Lib/idlelib/idle_test/test_text.py /usr/local/lib/python3.10/idlelib/idle_test
#7 204.1 /usr/bin/install -c -m 644 ./Lib/idlelib/idle_test/test_textview.py /usr/local/lib/python3.10/idlelib/idle_test
#7 204.1 /usr/bin/install -c -m 644 ./Lib/idlelib/idle_test/test_tooltip.py /usr/local/lib/python3.10/idlelib/idle_test
#7 204.1 /usr/bin/install -c -m 644 ./Lib/idlelib/idle_test/test_tree.py /usr/local/lib/python3.10/idlelib/idle_test
#7 204.1 /usr/bin/install -c -m 644 ./Lib/idlelib/idle_test/test_undo.py /usr/local/lib/python3.10/idlelib/idle_test
#7 204.1 /usr/bin/install -c -m 644 ./Lib/idlelib/idle_test/test_util.py /usr/local/lib/python3.10/idlelib/idle_test
#7 204.1 /usr/bin/install -c -m 644 ./Lib/idlelib/idle_test/test_warning.py /usr/local/lib/python3.10/idlelib/idle_test
#7 204.1 /usr/bin/install -c -m 644 ./Lib/idlelib/idle_test/test_window.py /usr/local/lib/python3.10/idlelib/idle_test
#7 204.1 /usr/bin/install -c -m 644 ./Lib/idlelib/idle_test/test_zoomheight.py /usr/local/lib/python3.10/idlelib/idle_test
#7 204.1 /usr/bin/install -c -m 644 ./Lib/idlelib/idle_test/test_zzdummy.py /usr/local/lib/python3.10/idlelib/idle_test
#7 204.1 /usr/bin/install -c -m 644 ./Lib/idlelib/idle_test/tkinter_testing_utils.py /usr/local/lib/python3.10/idlelib/idle_test
#7 204.1 /usr/bin/install -c -m 644 ./Lib/lib2to3/tests/__init__.py /usr/local/lib/python3.10/lib2to3/tests
#7 204.1 /usr/bin/install -c -m 644 ./Lib/lib2to3/tests/__main__.py /usr/local/lib/python3.10/lib2to3/tests
#7 204.1 /usr/bin/install -c ./Lib/lib2to3/tests/pytree_idempotency.py /usr/local/lib/python3.10/lib2to3/tests
#7 204.1 /usr/bin/install -c -m 644 ./Lib/lib2to3/tests/support.py /usr/local/lib/python3.10/lib2to3/tests
#7 204.1 /usr/bin/install -c -m 644 ./Lib/lib2to3/tests/test_all_fixers.py /usr/local/lib/python3.10/lib2to3/tests
#7 204.1 /usr/bin/install -c -m 644 ./Lib/lib2to3/tests/test_fixers.py /usr/local/lib/python3.10/lib2to3/tests
#7 204.1 /usr/bin/install -c -m 644 ./Lib/lib2to3/tests/test_main.py /usr/local/lib/python3.10/lib2to3/tests
#7 204.1 /usr/bin/install -c -m 644 ./Lib/lib2to3/tests/test_parser.py /usr/local/lib/python3.10/lib2to3/tests
#7 204.1 /usr/bin/install -c -m 644 ./Lib/lib2to3/tests/test_pytree.py /usr/local/lib/python3.10/lib2to3/tests
#7 204.1 /usr/bin/install -c -m 644 ./Lib/lib2to3/tests/test_refactor.py /usr/local/lib/python3.10/lib2to3/tests
#7 204.1 /usr/bin/install -c -m 644 ./Lib/lib2to3/tests/test_util.py /usr/local/lib/python3.10/lib2to3/tests
#7 204.1 /usr/bin/install -c -m 644 ./Lib/lib2to3/tests/data/README /usr/local/lib/python3.10/lib2to3/tests/data
#7 204.1 /usr/bin/install -c -m 644 ./Lib/lib2to3/tests/data/bom.py /usr/local/lib/python3.10/lib2to3/tests/data
#7 204.1 /usr/bin/install -c -m 644 ./Lib/lib2to3/tests/data/crlf.py /usr/local/lib/python3.10/lib2to3/tests/data
#7 204.1 /usr/bin/install -c ./Lib/lib2to3/tests/data/different_encoding.py /usr/local/lib/python3.10/lib2to3/tests/data
#7 204.1 /usr/bin/install -c ./Lib/lib2to3/tests/data/false_encoding.py /usr/local/lib/python3.10/lib2to3/tests/data
#7 204.1 /usr/bin/install -c -m 644 ./Lib/lib2to3/tests/data/infinite_recursion.py /usr/local/lib/python3.10/lib2to3/tests/data
#7 204.1 /usr/bin/install -c -m 644 ./Lib/lib2to3/tests/data/py2_test_grammar.py /usr/local/lib/python3.10/lib2to3/tests/data
#7 204.1 /usr/bin/install -c -m 644 ./Lib/lib2to3/tests/data/py3_test_grammar.py /usr/local/lib/python3.10/lib2to3/tests/data
#7 204.1 /usr/bin/install -c -m 644 ./Lib/lib2to3/tests/data/fixers/bad_order.py /usr/local/lib/python3.10/lib2to3/tests/data/fixers
#7 204.1 /usr/bin/install -c -m 644 ./Lib/lib2to3/tests/data/fixers/no_fixer_cls.py /usr/local/lib/python3.10/lib2to3/tests/data/fixers
#7 204.1 /usr/bin/install -c -m 644 ./Lib/lib2to3/tests/data/fixers/parrot_example.py /usr/local/lib/python3.10/lib2to3/tests/data/fixers
#7 204.1 /usr/bin/install -c -m 644 ./Lib/lib2to3/tests/data/fixers/myfixes/__init__.py /usr/local/lib/python3.10/lib2to3/tests/data/fixers/myfixes
#7 204.1 /usr/bin/install -c -m 644 ./Lib/lib2to3/tests/data/fixers/myfixes/fix_explicit.py /usr/local/lib/python3.10/lib2to3/tests/data/fixers/myfixes
#7 204.1 /usr/bin/install -c -m 644 ./Lib/lib2to3/tests/data/fixers/myfixes/fix_first.py /usr/local/lib/python3.10/lib2to3/tests/data/fixers/myfixes
#7 204.1 /usr/bin/install -c -m 644 ./Lib/lib2to3/tests/data/fixers/myfixes/fix_last.py /usr/local/lib/python3.10/lib2to3/tests/data/fixers/myfixes
#7 204.1 /usr/bin/install -c -m 644 ./Lib/lib2to3/tests/data/fixers/myfixes/fix_parrot.py /usr/local/lib/python3.10/lib2to3/tests/data/fixers/myfixes
#7 204.1 /usr/bin/install -c -m 644 ./Lib/lib2to3/tests/data/fixers/myfixes/fix_preorder.py /usr/local/lib/python3.10/lib2to3/tests/data/fixers/myfixes
#7 204.1 /usr/bin/install -c -m 644 ./Lib/sqlite3/test/__init__.py /usr/local/lib/python3.10/sqlite3/test
#7 204.1 /usr/bin/install -c -m 644 ./Lib/sqlite3/test/backup.py /usr/local/lib/python3.10/sqlite3/test
#7 204.1 /usr/bin/install -c -m 644 ./Lib/sqlite3/test/dbapi.py /usr/local/lib/python3.10/sqlite3/test
#7 204.1 /usr/bin/install -c -m 644 ./Lib/sqlite3/test/dump.py /usr/local/lib/python3.10/sqlite3/test
#7 204.1 /usr/bin/install -c -m 644 ./Lib/sqlite3/test/factory.py /usr/local/lib/python3.10/sqlite3/test
#7 204.1 /usr/bin/install -c -m 644 ./Lib/sqlite3/test/hooks.py /usr/local/lib/python3.10/sqlite3/test
#7 204.1 /usr/bin/install -c -m 644 ./Lib/sqlite3/test/regression.py /usr/local/lib/python3.10/sqlite3/test
#7 204.1 /usr/bin/install -c -m 644 ./Lib/sqlite3/test/transactions.py /usr/local/lib/python3.10/sqlite3/test
#7 204.1 /usr/bin/install -c -m 644 ./Lib/sqlite3/test/types.py /usr/local/lib/python3.10/sqlite3/test
#7 204.1 /usr/bin/install -c -m 644 ./Lib/sqlite3/test/userfunctions.py /usr/local/lib/python3.10/sqlite3/test
#7 204.2 /usr/bin/install -c -m 644 ./Lib/test/Sine-1000Hz-300ms.aif /usr/local/lib/python3.10/test
#7 204.2 /usr/bin/install -c -m 644 ./Lib/test/__init__.py /usr/local/lib/python3.10/test
#7 204.2 /usr/bin/install -c -m 644 ./Lib/test/__main__.py /usr/local/lib/python3.10/test
#7 204.2 /usr/bin/install -c -m 644 ./Lib/test/_test_atexit.py /usr/local/lib/python3.10/test
#7 204.2 /usr/bin/install -c -m 644 ./Lib/test/_test_eintr.py /usr/local/lib/python3.10/test
#7 204.2 /usr/bin/install -c -m 644 ./Lib/test/_test_embed_set_config.py /usr/local/lib/python3.10/test
#7 204.2 /usr/bin/install -c -m 644 ./Lib/test/_test_multiprocessing.py /usr/local/lib/python3.10/test
#7 204.2 /usr/bin/install -c -m 644 ./Lib/test/_typed_dict_helper.py /usr/local/lib/python3.10/test
#7 204.2 /usr/bin/install -c -m 644 ./Lib/test/allsans.pem /usr/local/lib/python3.10/test
#7 204.2 /usr/bin/install -c -m 644 ./Lib/test/ann_module.py /usr/local/lib/python3.10/test
#7 204.2 /usr/bin/install -c -m 644 ./Lib/test/ann_module2.py /usr/local/lib/python3.10/test
#7 204.2 /usr/bin/install -c -m 644 ./Lib/test/ann_module3.py /usr/local/lib/python3.10/test
#7 204.2 /usr/bin/install -c -m 644 ./Lib/test/ann_module4.py /usr/local/lib/python3.10/test
#7 204.2 /usr/bin/install -c -m 644 ./Lib/test/ann_module5.py /usr/local/lib/python3.10/test
#7 204.2 /usr/bin/install -c -m 644 ./Lib/test/ann_module6.py /usr/local/lib/python3.10/test
#7 204.2 /usr/bin/install -c -m 644 ./Lib/test/ann_module7.py /usr/local/lib/python3.10/test
#7 204.2 /usr/bin/install -c -m 644 ./Lib/test/audiotest.au /usr/local/lib/python3.10/test
#7 204.2 /usr/bin/install -c -m 644 ./Lib/test/audiotests.py /usr/local/lib/python3.10/test
#7 204.2 /usr/bin/install -c -m 644 ./Lib/test/audit-tests.py /usr/local/lib/python3.10/test
#7 204.2 /usr/bin/install -c -m 644 ./Lib/test/autotest.py /usr/local/lib/python3.10/test
#7 204.2 /usr/bin/install -c -m 644 ./Lib/test/bad_coding.py /usr/local/lib/python3.10/test
#7 204.2 /usr/bin/install -c -m 644 ./Lib/test/bad_coding2.py /usr/local/lib/python3.10/test
#7 204.2 /usr/bin/install -c -m 644 ./Lib/test/bad_getattr.py /usr/local/lib/python3.10/test
#7 204.2 /usr/bin/install -c -m 644 ./Lib/test/bad_getattr2.py /usr/local/lib/python3.10/test
#7 204.2 /usr/bin/install -c -m 644 ./Lib/test/bad_getattr3.py /usr/local/lib/python3.10/test
#7 204.2 /usr/bin/install -c -m 644 ./Lib/test/badcert.pem /usr/local/lib/python3.10/test
#7 204.2 /usr/bin/install -c -m 644 ./Lib/test/badkey.pem /usr/local/lib/python3.10/test
#7 204.2 /usr/bin/install -c -m 644 ./Lib/test/badsyntax_3131.py /usr/local/lib/python3.10/test
#7 204.2 /usr/bin/install -c -m 644 ./Lib/test/badsyntax_future10.py /usr/local/lib/python3.10/test
#7 204.2 /usr/bin/install -c -m 644 ./Lib/test/badsyntax_future3.py /usr/local/lib/python3.10/test
#7 204.2 /usr/bin/install -c -m 644 ./Lib/test/badsyntax_future4.py /usr/local/lib/python3.10/test
#7 204.2 /usr/bin/install -c -m 644 ./Lib/test/badsyntax_future5.py /usr/local/lib/python3.10/test
#7 204.2 /usr/bin/install -c -m 644 ./Lib/test/badsyntax_future6.py /usr/local/lib/python3.10/test
#7 204.2 /usr/bin/install -c -m 644 ./Lib/test/badsyntax_future7.py /usr/local/lib/python3.10/test
#7 204.2 /usr/bin/install -c -m 644 ./Lib/test/badsyntax_future8.py /usr/local/lib/python3.10/test
#7 204.2 /usr/bin/install -c -m 644 ./Lib/test/badsyntax_future9.py /usr/local/lib/python3.10/test
#7 204.2 /usr/bin/install -c -m 644 ./Lib/test/badsyntax_pep3120.py /usr/local/lib/python3.10/test
#7 204.2 /usr/bin/install -c ./Lib/test/bisect_cmd.py /usr/local/lib/python3.10/test
#7 204.2 /usr/bin/install -c -m 644 ./Lib/test/cfgparser.1 /usr/local/lib/python3.10/test
#7 204.2 /usr/bin/install -c -m 644 ./Lib/test/cfgparser.2 /usr/local/lib/python3.10/test
#7 204.2 /usr/bin/install -c -m 644 ./Lib/test/cfgparser.3 /usr/local/lib/python3.10/test
#7 204.2 /usr/bin/install -c -m 644 ./Lib/test/clinic.test /usr/local/lib/python3.10/test
#7 204.2 /usr/bin/install -c -m 644 ./Lib/test/cmath_testcases.txt /usr/local/lib/python3.10/test
#7 204.2 /usr/bin/install -c -m 644 ./Lib/test/coding20731.py /usr/local/lib/python3.10/test
#7 204.2 /usr/bin/install -c ./Lib/test/curses_tests.py /usr/local/lib/python3.10/test
#7 204.2 /usr/bin/install -c -m 644 ./Lib/test/dataclass_module_1.py /usr/local/lib/python3.10/test
#7 204.2 /usr/bin/install -c -m 644 ./Lib/test/dataclass_module_1_str.py /usr/local/lib/python3.10/test
#7 204.2 /usr/bin/install -c -m 644 ./Lib/test/dataclass_module_2.py /usr/local/lib/python3.10/test
#7 204.2 /usr/bin/install -c -m 644 ./Lib/test/dataclass_module_2_str.py /usr/local/lib/python3.10/test
#7 204.2 /usr/bin/install -c -m 644 ./Lib/test/dataclass_textanno.py /usr/local/lib/python3.10/test
#7 204.2 /usr/bin/install -c -m 644 ./Lib/test/datetimetester.py /usr/local/lib/python3.10/test
#7 204.2 /usr/bin/install -c -m 644 ./Lib/test/dis_module.py /usr/local/lib/python3.10/test
#7 204.2 /usr/bin/install -c -m 644 ./Lib/test/doctest_aliases.py /usr/local/lib/python3.10/test
#7 204.2 /usr/bin/install -c -m 644 ./Lib/test/doctest_lineno.py /usr/local/lib/python3.10/test
#7 204.2 /usr/bin/install -c -m 644 ./Lib/test/double_const.py /usr/local/lib/python3.10/test
#7 204.2 /usr/bin/install -c -m 644 ./Lib/test/empty.vbs /usr/local/lib/python3.10/test
#7 204.2 /usr/bin/install -c -m 644 ./Lib/test/exception_hierarchy.txt /usr/local/lib/python3.10/test
#7 204.2 /usr/bin/install -c -m 644 ./Lib/test/ffdh3072.pem /usr/local/lib/python3.10/test
#7 204.2 /usr/bin/install -c -m 644 ./Lib/test/final_a.py /usr/local/lib/python3.10/test
#7 204.2 /usr/bin/install -c -m 644 ./Lib/test/final_b.py /usr/local/lib/python3.10/test
#7 204.2 /usr/bin/install -c -m 644 ./Lib/test/floating_points.txt /usr/local/lib/python3.10/test
#7 204.2 /usr/bin/install -c -m 644 ./Lib/test/fork_wait.py /usr/local/lib/python3.10/test
#7 204.2 /usr/bin/install -c -m 644 ./Lib/test/formatfloat_testcases.txt /usr/local/lib/python3.10/test
#7 204.2 /usr/bin/install -c -m 644 ./Lib/test/future_test1.py /usr/local/lib/python3.10/test
#7 204.2 /usr/bin/install -c -m 644 ./Lib/test/future_test2.py /usr/local/lib/python3.10/test
#7 204.2 /usr/bin/install -c -m 644 ./Lib/test/gdb_sample.py /usr/local/lib/python3.10/test
#7 204.2 /usr/bin/install -c -m 644 ./Lib/test/good_getattr.py /usr/local/lib/python3.10/test
#7 204.2 /usr/bin/install -c -m 644 ./Lib/test/idnsans.pem /usr/local/lib/python3.10/test
#7 204.2 /usr/bin/install -c -m 644 ./Lib/test/ieee754.txt /usr/local/lib/python3.10/test
#7 204.2 /usr/bin/install -c -m 644 ./Lib/test/imp_dummy.py /usr/local/lib/python3.10/test
#7 204.2 /usr/bin/install -c -m 644 ./Lib/test/inspect_fodder.py /usr/local/lib/python3.10/test
#7 204.2 /usr/bin/install -c -m 644 ./Lib/test/inspect_fodder2.py /usr/local/lib/python3.10/test
#7 204.2 /usr/bin/install -c -m 644 ./Lib/test/inspect_stock_annotations.py /usr/local/lib/python3.10/test
#7 204.2 /usr/bin/install -c -m 644 ./Lib/test/inspect_stringized_annotations.py /usr/local/lib/python3.10/test
#7 204.2 /usr/bin/install -c -m 644 ./Lib/test/inspect_stringized_annotations_2.py /usr/local/lib/python3.10/test
#7 204.2 /usr/bin/install -c -m 644 ./Lib/test/keycert.passwd.pem /usr/local/lib/python3.10/test
#7 204.2 /usr/bin/install -c -m 644 ./Lib/test/keycert.pem /usr/local/lib/python3.10/test
#7 204.2 /usr/bin/install -c -m 644 ./Lib/test/keycert2.pem /usr/local/lib/python3.10/test
#7 204.2 /usr/bin/install -c -m 644 ./Lib/test/keycert3.pem /usr/local/lib/python3.10/test
#7 204.2 /usr/bin/install -c -m 644 ./Lib/test/keycert4.pem /usr/local/lib/python3.10/test
#7 204.2 /usr/bin/install -c -m 644 ./Lib/test/keycertecc.pem /usr/local/lib/python3.10/test
#7 204.2 /usr/bin/install -c -m 644 ./Lib/test/list_tests.py /usr/local/lib/python3.10/test
#7 204.2 /usr/bin/install -c -m 644 ./Lib/test/lock_tests.py /usr/local/lib/python3.10/test
#7 204.2 /usr/bin/install -c -m 644 ./Lib/test/mailcap.txt /usr/local/lib/python3.10/test
#7 204.2 /usr/bin/install -c -m 644 ./Lib/test/make_ssl_certs.py /usr/local/lib/python3.10/test
#7 204.2 /usr/bin/install -c -m 644 ./Lib/test/mapping_tests.py /usr/local/lib/python3.10/test
#7 204.2 /usr/bin/install -c -m 644 ./Lib/test/math_testcases.txt /usr/local/lib/python3.10/test
#7 204.2 /usr/bin/install -c -m 644 ./Lib/test/memory_watchdog.py /usr/local/lib/python3.10/test
#7 204.2 /usr/bin/install -c -m 644 ./Lib/test/mime.types /usr/local/lib/python3.10/test
#7 204.2 /usr/bin/install -c -m 644 ./Lib/test/mock_socket.py /usr/local/lib/python3.10/test
#7 204.2 /usr/bin/install -c -m 644 ./Lib/test/mod_generics_cache.py /usr/local/lib/python3.10/test
#7 204.2 /usr/bin/install -c -m 644 ./Lib/test/mp_fork_bomb.py /usr/local/lib/python3.10/test
#7 204.2 /usr/bin/install -c -m 644 ./Lib/test/mp_preload.py /usr/local/lib/python3.10/test
#7 204.2 /usr/bin/install -c -m 644 ./Lib/test/multibytecodec_support.py /usr/local/lib/python3.10/test
#7 204.2 /usr/bin/install -c -m 644 ./Lib/test/nokia.pem /usr/local/lib/python3.10/test
#7 204.2 /usr/bin/install -c -m 644 ./Lib/test/nosan.pem /usr/local/lib/python3.10/test
#7 204.2 /usr/bin/install -c -m 644 ./Lib/test/nullbytecert.pem /usr/local/lib/python3.10/test
#7 204.2 /usr/bin/install -c -m 644 ./Lib/test/nullcert.pem /usr/local/lib/python3.10/test
#7 204.2 /usr/bin/install -c -m 644 ./Lib/test/pickletester.py /usr/local/lib/python3.10/test
#7 204.2 /usr/bin/install -c -m 644 ./Lib/test/profilee.py /usr/local/lib/python3.10/test
#7 204.2 /usr/bin/install -c -m 644 ./Lib/test/pstats.pck /usr/local/lib/python3.10/test
#7 204.2 /usr/bin/install -c -m 644 ./Lib/test/pycacert.pem /usr/local/lib/python3.10/test
#7 204.2 /usr/bin/install -c -m 644 ./Lib/test/pycakey.pem /usr/local/lib/python3.10/test
#7 204.2 /usr/bin/install -c -m 644 ./Lib/test/pyclbr_input.py /usr/local/lib/python3.10/test
#7 204.2 /usr/bin/install -c -m 644 ./Lib/test/pydoc_mod.py /usr/local/lib/python3.10/test
#7 204.2 /usr/bin/install -c -m 644 ./Lib/test/pydocfodder.py /usr/local/lib/python3.10/test
#7 204.2 /usr/bin/install -c -m 644 ./Lib/test/pythoninfo.py /usr/local/lib/python3.10/test
#7 204.2 /usr/bin/install -c -m 644 ./Lib/test/randv2_32.pck /usr/local/lib/python3.10/test
#7 204.2 /usr/bin/install -c -m 644 ./Lib/test/randv2_64.pck /usr/local/lib/python3.10/test
#7 204.2 /usr/bin/install -c -m 644 ./Lib/test/randv3.pck /usr/local/lib/python3.10/test
#7 204.2 /usr/bin/install -c ./Lib/test/re_tests.py /usr/local/lib/python3.10/test
#7 204.2 /usr/bin/install -c -m 644 ./Lib/test/recursion.tar /usr/local/lib/python3.10/test
#7 204.2 /usr/bin/install -c ./Lib/test/regrtest.py /usr/local/lib/python3.10/test
#7 204.2 /usr/bin/install -c -m 644 ./Lib/test/relimport.py /usr/local/lib/python3.10/test
#7 204.2 /usr/bin/install -c -m 644 ./Lib/test/reperf.py /usr/local/lib/python3.10/test
#7 204.2 /usr/bin/install -c -m 644 ./Lib/test/revocation.crl /usr/local/lib/python3.10/test
#7 204.2 /usr/bin/install -c -m 644 ./Lib/test/sample_doctest.py /usr/local/lib/python3.10/test
#7 204.2 /usr/bin/install -c -m 644 ./Lib/test/sample_doctest_no_docstrings.py /usr/local/lib/python3.10/test
#7 204.2 /usr/bin/install -c -m 644 ./Lib/test/sample_doctest_no_doctests.py /usr/local/lib/python3.10/test
#7 204.2 /usr/bin/install -c -m 644 ./Lib/test/secp384r1.pem /usr/local/lib/python3.10/test
#7 204.2 /usr/bin/install -c -m 644 ./Lib/test/selfsigned_pythontestdotnet.pem /usr/local/lib/python3.10/test
#7 204.2 /usr/bin/install -c -m 644 ./Lib/test/seq_tests.py /usr/local/lib/python3.10/test
#7 204.2 /usr/bin/install -c -m 644 ./Lib/test/sgml_input.html /usr/local/lib/python3.10/test
#7 204.2 /usr/bin/install -c -m 644 ./Lib/test/signalinterproctester.py /usr/local/lib/python3.10/test
#7 204.2 /usr/bin/install -c -m 644 ./Lib/test/sortperf.py /usr/local/lib/python3.10/test
#7 204.2 /usr/bin/install -c -m 644 ./Lib/test/ssl_cert.pem /usr/local/lib/python3.10/test
#7 204.2 /usr/bin/install -c -m 644 ./Lib/test/ssl_key.passwd.pem /usr/local/lib/python3.10/test
#7 204.2 /usr/bin/install -c -m 644 ./Lib/test/ssl_key.pem /usr/local/lib/python3.10/test
#7 204.2 /usr/bin/install -c -m 644 ./Lib/test/ssl_servers.py /usr/local/lib/python3.10/test
#7 204.2 /usr/bin/install -c -m 644 ./Lib/test/ssltests.py /usr/local/lib/python3.10/test
#7 204.2 /usr/bin/install -c -m 644 ./Lib/test/string_tests.py /usr/local/lib/python3.10/test
#7 204.2 /usr/bin/install -c -m 644 ./Lib/test/talos-2019-0758.pem /usr/local/lib/python3.10/test
#7 204.2 /usr/bin/install -c -m 644 ./Lib/test/test___all__.py /usr/local/lib/python3.10/test
#7 204.2 /usr/bin/install -c -m 644 ./Lib/test/test___future__.py /usr/local/lib/python3.10/test
#7 204.2 /usr/bin/install -c -m 644 ./Lib/test/test__locale.py /usr/local/lib/python3.10/test
#7 204.2 /usr/bin/install -c -m 644 ./Lib/test/test__opcode.py /usr/local/lib/python3.10/test
#7 204.2 /usr/bin/install -c -m 644 ./Lib/test/test__osx_support.py /usr/local/lib/python3.10/test
#7 204.2 /usr/bin/install -c -m 644 ./Lib/test/test__xxsubinterpreters.py /usr/local/lib/python3.10/test
#7 204.2 /usr/bin/install -c -m 644 ./Lib/test/test_abc.py /usr/local/lib/python3.10/test
#7 204.2 /usr/bin/install -c -m 644 ./Lib/test/test_abstract_numbers.py /usr/local/lib/python3.10/test
#7 204.2 /usr/bin/install -c -m 644 ./Lib/test/test_aifc.py /usr/local/lib/python3.10/test
#7 204.2 /usr/bin/install -c -m 644 ./Lib/test/test_argparse.py /usr/local/lib/python3.10/test
#7 204.2 /usr/bin/install -c ./Lib/test/test_array.py /usr/local/lib/python3.10/test
#7 204.2 /usr/bin/install -c -m 644 ./Lib/test/test_asdl_parser.py /usr/local/lib/python3.10/test
#7 204.2 /usr/bin/install -c -m 644 ./Lib/test/test_ast.py /usr/local/lib/python3.10/test
#7 204.2 /usr/bin/install -c -m 644 ./Lib/test/test_asyncgen.py /usr/local/lib/python3.10/test
#7 204.2 /usr/bin/install -c -m 644 ./Lib/test/test_asynchat.py /usr/local/lib/python3.10/test
#7 204.2 /usr/bin/install -c -m 644 ./Lib/test/test_asyncore.py /usr/local/lib/python3.10/test
#7 204.2 /usr/bin/install -c -m 644 ./Lib/test/test_atexit.py /usr/local/lib/python3.10/test
#7 204.2 /usr/bin/install -c -m 644 ./Lib/test/test_audioop.py /usr/local/lib/python3.10/test
#7 204.2 /usr/bin/install -c -m 644 ./Lib/test/test_audit.py /usr/local/lib/python3.10/test
#7 204.2 /usr/bin/install -c -m 644 ./Lib/test/test_augassign.py /usr/local/lib/python3.10/test
#7 204.2 /usr/bin/install -c -m 644 ./Lib/test/test_base64.py /usr/local/lib/python3.10/test
#7 204.2 /usr/bin/install -c -m 644 ./Lib/test/test_baseexception.py /usr/local/lib/python3.10/test
#7 204.2 /usr/bin/install -c -m 644 ./Lib/test/test_bdb.py /usr/local/lib/python3.10/test
#7 204.2 /usr/bin/install -c -m 644 ./Lib/test/test_bigaddrspace.py /usr/local/lib/python3.10/test
#7 204.2 /usr/bin/install -c -m 644 ./Lib/test/test_bigmem.py /usr/local/lib/python3.10/test
#7 204.2 /usr/bin/install -c -m 644 ./Lib/test/test_binascii.py /usr/local/lib/python3.10/test
#7 204.2 /usr/bin/install -c -m 644 ./Lib/test/test_binhex.py /usr/local/lib/python3.10/test
#7 204.2 /usr/bin/install -c -m 644 ./Lib/test/test_binop.py /usr/local/lib/python3.10/test
#7 204.2 /usr/bin/install -c -m 644 ./Lib/test/test_bisect.py /usr/local/lib/python3.10/test
#7 204.2 /usr/bin/install -c -m 644 ./Lib/test/test_bool.py /usr/local/lib/python3.10/test
#7 204.2 /usr/bin/install -c -m 644 ./Lib/test/test_buffer.py /usr/local/lib/python3.10/test
#7 204.2 /usr/bin/install -c -m 644 ./Lib/test/test_bufio.py /usr/local/lib/python3.10/test
#7 204.2 /usr/bin/install -c -m 644 ./Lib/test/test_builtin.py /usr/local/lib/python3.10/test
#7 204.2 /usr/bin/install -c -m 644 ./Lib/test/test_bytes.py /usr/local/lib/python3.10/test
#7 204.2 /usr/bin/install -c -m 644 ./Lib/test/test_bz2.py /usr/local/lib/python3.10/test
#7 204.2 /usr/bin/install -c -m 644 ./Lib/test/test_c_locale_coercion.py /usr/local/lib/python3.10/test
#7 204.2 /usr/bin/install -c -m 644 ./Lib/test/test_calendar.py /usr/local/lib/python3.10/test
#7 204.2 /usr/bin/install -c -m 644 ./Lib/test/test_call.py /usr/local/lib/python3.10/test
#7 204.2 /usr/bin/install -c -m 644 ./Lib/test/test_cgi.py /usr/local/lib/python3.10/test
#7 204.2 /usr/bin/install -c -m 644 ./Lib/test/test_cgitb.py /usr/local/lib/python3.10/test
#7 204.3 /usr/bin/install -c -m 644 ./Lib/test/test_charmapcodec.py /usr/local/lib/python3.10/test
#7 204.3 /usr/bin/install -c -m 644 ./Lib/test/test_check_c_globals.py /usr/local/lib/python3.10/test
#7 204.3 /usr/bin/install -c -m 644 ./Lib/test/test_class.py /usr/local/lib/python3.10/test
#7 204.3 /usr/bin/install -c -m 644 ./Lib/test/test_clinic.py /usr/local/lib/python3.10/test
#7 204.3 /usr/bin/install -c -m 644 ./Lib/test/test_cmath.py /usr/local/lib/python3.10/test
#7 204.3 /usr/bin/install -c -m 644 ./Lib/test/test_cmd.py /usr/local/lib/python3.10/test
#7 204.3 /usr/bin/install -c -m 644 ./Lib/test/test_cmd_line.py /usr/local/lib/python3.10/test
#7 204.3 /usr/bin/install -c -m 644 ./Lib/test/test_cmd_line_script.py /usr/local/lib/python3.10/test
#7 204.3 /usr/bin/install -c -m 644 ./Lib/test/test_code.py /usr/local/lib/python3.10/test
#7 204.3 /usr/bin/install -c -m 644 ./Lib/test/test_code_module.py /usr/local/lib/python3.10/test
#7 204.3 /usr/bin/install -c -m 644 ./Lib/test/test_codeccallbacks.py /usr/local/lib/python3.10/test
#7 204.3 /usr/bin/install -c -m 644 ./Lib/test/test_codecencodings_cn.py /usr/local/lib/python3.10/test
#7 204.3 /usr/bin/install -c -m 644 ./Lib/test/test_codecencodings_hk.py /usr/local/lib/python3.10/test
#7 204.3 /usr/bin/install -c -m 644 ./Lib/test/test_codecencodings_iso2022.py /usr/local/lib/python3.10/test
#7 204.3 /usr/bin/install -c -m 644 ./Lib/test/test_codecencodings_jp.py /usr/local/lib/python3.10/test
#7 204.3 /usr/bin/install -c -m 644 ./Lib/test/test_codecencodings_kr.py /usr/local/lib/python3.10/test
#7 204.3 /usr/bin/install -c -m 644 ./Lib/test/test_codecencodings_tw.py /usr/local/lib/python3.10/test
#7 204.3 /usr/bin/install -c -m 644 ./Lib/test/test_codecmaps_cn.py /usr/local/lib/python3.10/test
#7 204.3 /usr/bin/install -c -m 644 ./Lib/test/test_codecmaps_hk.py /usr/local/lib/python3.10/test
#7 204.3 /usr/bin/install -c -m 644 ./Lib/test/test_codecmaps_jp.py /usr/local/lib/python3.10/test
#7 204.3 /usr/bin/install -c -m 644 ./Lib/test/test_codecmaps_kr.py /usr/local/lib/python3.10/test
#7 204.3 /usr/bin/install -c -m 644 ./Lib/test/test_codecmaps_tw.py /usr/local/lib/python3.10/test
#7 204.3 /usr/bin/install -c -m 644 ./Lib/test/test_codecs.py /usr/local/lib/python3.10/test
#7 204.3 /usr/bin/install -c -m 644 ./Lib/test/test_codeop.py /usr/local/lib/python3.10/test
#7 204.3 /usr/bin/install -c -m 644 ./Lib/test/test_collections.py /usr/local/lib/python3.10/test
#7 204.3 /usr/bin/install -c -m 644 ./Lib/test/test_colorsys.py /usr/local/lib/python3.10/test
#7 204.3 /usr/bin/install -c -m 644 ./Lib/test/test_compare.py /usr/local/lib/python3.10/test
#7 204.3 /usr/bin/install -c -m 644 ./Lib/test/test_compile.py /usr/local/lib/python3.10/test
#7 204.3 /usr/bin/install -c -m 644 ./Lib/test/test_compileall.py /usr/local/lib/python3.10/test
#7 204.3 /usr/bin/install -c -m 644 ./Lib/test/test_complex.py /usr/local/lib/python3.10/test
#7 204.3 /usr/bin/install -c -m 644 ./Lib/test/test_concurrent_futures.py /usr/local/lib/python3.10/test
#7 204.3 /usr/bin/install -c -m 644 ./Lib/test/test_configparser.py /usr/local/lib/python3.10/test
#7 204.3 /usr/bin/install -c -m 644 ./Lib/test/test_contains.py /usr/local/lib/python3.10/test
#7 204.3 /usr/bin/install -c -m 644 ./Lib/test/test_context.py /usr/local/lib/python3.10/test
#7 204.3 /usr/bin/install -c -m 644 ./Lib/test/test_contextlib.py /usr/local/lib/python3.10/test
#7 204.3 /usr/bin/install -c -m 644 ./Lib/test/test_contextlib_async.py /usr/local/lib/python3.10/test
#7 204.3 /usr/bin/install -c -m 644 ./Lib/test/test_copy.py /usr/local/lib/python3.10/test
#7 204.3 /usr/bin/install -c -m 644 ./Lib/test/test_copyreg.py /usr/local/lib/python3.10/test
#7 204.3 /usr/bin/install -c -m 644 ./Lib/test/test_coroutines.py /usr/local/lib/python3.10/test
#7 204.3 /usr/bin/install -c -m 644 ./Lib/test/test_cprofile.py /usr/local/lib/python3.10/test
#7 204.3 /usr/bin/install -c -m 644 ./Lib/test/test_crashers.py /usr/local/lib/python3.10/test
#7 204.3 /usr/bin/install -c -m 644 ./Lib/test/test_crypt.py /usr/local/lib/python3.10/test
#7 204.3 /usr/bin/install -c -m 644 ./Lib/test/test_csv.py /usr/local/lib/python3.10/test
#7 204.3 /usr/bin/install -c -m 644 ./Lib/test/test_ctypes.py /usr/local/lib/python3.10/test
#7 204.3 /usr/bin/install -c -m 644 ./Lib/test/test_curses.py /usr/local/lib/python3.10/test
#7 204.3 /usr/bin/install -c -m 644 ./Lib/test/test_dataclasses.py /usr/local/lib/python3.10/test
#7 204.3 /usr/bin/install -c -m 644 ./Lib/test/test_datetime.py /usr/local/lib/python3.10/test
#7 204.3 /usr/bin/install -c -m 644 ./Lib/test/test_dbm.py /usr/local/lib/python3.10/test
#7 204.3 /usr/bin/install -c -m 644 ./Lib/test/test_dbm_dumb.py /usr/local/lib/python3.10/test
#7 204.3 /usr/bin/install -c -m 644 ./Lib/test/test_dbm_gnu.py /usr/local/lib/python3.10/test
#7 204.3 /usr/bin/install -c -m 644 ./Lib/test/test_dbm_ndbm.py /usr/local/lib/python3.10/test
#7 204.3 /usr/bin/install -c -m 644 ./Lib/test/test_decimal.py /usr/local/lib/python3.10/test
#7 204.3 /usr/bin/install -c -m 644 ./Lib/test/test_decorators.py /usr/local/lib/python3.10/test
#7 204.3 /usr/bin/install -c -m 644 ./Lib/test/test_defaultdict.py /usr/local/lib/python3.10/test
#7 204.3 /usr/bin/install -c -m 644 ./Lib/test/test_deque.py /usr/local/lib/python3.10/test
#7 204.3 /usr/bin/install -c -m 644 ./Lib/test/test_descr.py /usr/local/lib/python3.10/test
#7 204.3 /usr/bin/install -c -m 644 ./Lib/test/test_descrtut.py /usr/local/lib/python3.10/test
#7 204.3 /usr/bin/install -c -m 644 ./Lib/test/test_devpoll.py /usr/local/lib/python3.10/test
#7 204.3 /usr/bin/install -c -m 644 ./Lib/test/test_dict.py /usr/local/lib/python3.10/test
#7 204.3 /usr/bin/install -c -m 644 ./Lib/test/test_dict_version.py /usr/local/lib/python3.10/test
#7 204.3 /usr/bin/install -c -m 644 ./Lib/test/test_dictcomps.py /usr/local/lib/python3.10/test
#7 204.3 /usr/bin/install -c -m 644 ./Lib/test/test_dictviews.py /usr/local/lib/python3.10/test
#7 204.3 /usr/bin/install -c -m 644 ./Lib/test/test_difflib.py /usr/local/lib/python3.10/test
#7 204.3 /usr/bin/install -c -m 644 ./Lib/test/test_difflib_expect.html /usr/local/lib/python3.10/test
#7 204.3 /usr/bin/install -c -m 644 ./Lib/test/test_dis.py /usr/local/lib/python3.10/test
#7 204.3 /usr/bin/install -c -m 644 ./Lib/test/test_distutils.py /usr/local/lib/python3.10/test
#7 204.3 /usr/bin/install -c -m 644 ./Lib/test/test_doctest.py /usr/local/lib/python3.10/test
#7 204.3 /usr/bin/install -c -m 644 ./Lib/test/test_doctest.txt /usr/local/lib/python3.10/test
#7 204.3 /usr/bin/install -c -m 644 ./Lib/test/test_doctest2.py /usr/local/lib/python3.10/test
#7 204.3 /usr/bin/install -c -m 644 ./Lib/test/test_doctest2.txt /usr/local/lib/python3.10/test
#7 204.3 /usr/bin/install -c -m 644 ./Lib/test/test_doctest3.txt /usr/local/lib/python3.10/test
#7 204.3 /usr/bin/install -c -m 644 ./Lib/test/test_doctest4.txt /usr/local/lib/python3.10/test
#7 204.3 /usr/bin/install -c -m 644 ./Lib/test/test_docxmlrpc.py /usr/local/lib/python3.10/test
#7 204.3 /usr/bin/install -c -m 644 ./Lib/test/test_dtrace.py /usr/local/lib/python3.10/test
#7 204.3 /usr/bin/install -c -m 644 ./Lib/test/test_dynamic.py /usr/local/lib/python3.10/test
#7 204.3 /usr/bin/install -c -m 644 ./Lib/test/test_dynamicclassattribute.py /usr/local/lib/python3.10/test
#7 204.3 /usr/bin/install -c -m 644 ./Lib/test/test_eintr.py /usr/local/lib/python3.10/test
#7 204.3 /usr/bin/install -c -m 644 ./Lib/test/test_embed.py /usr/local/lib/python3.10/test
#7 204.3 /usr/bin/install -c -m 644 ./Lib/test/test_ensurepip.py /usr/local/lib/python3.10/test
#7 204.3 /usr/bin/install -c -m 644 ./Lib/test/test_enum.py /usr/local/lib/python3.10/test
#7 204.3 /usr/bin/install -c -m 644 ./Lib/test/test_enumerate.py /usr/local/lib/python3.10/test
#7 204.3 /usr/bin/install -c -m 644 ./Lib/test/test_eof.py /usr/local/lib/python3.10/test
#7 204.3 /usr/bin/install -c -m 644 ./Lib/test/test_epoll.py /usr/local/lib/python3.10/test
#7 204.3 /usr/bin/install -c -m 644 ./Lib/test/test_errno.py /usr/local/lib/python3.10/test
#7 204.3 /usr/bin/install -c -m 644 ./Lib/test/test_exception_hierarchy.py /usr/local/lib/python3.10/test
#7 204.3 /usr/bin/install -c -m 644 ./Lib/test/test_exception_variations.py /usr/local/lib/python3.10/test
#7 204.3 /usr/bin/install -c -m 644 ./Lib/test/test_exceptions.py /usr/local/lib/python3.10/test
#7 204.3 /usr/bin/install -c -m 644 ./Lib/test/test_extcall.py /usr/local/lib/python3.10/test
#7 204.3 /usr/bin/install -c -m 644 ./Lib/test/test_faulthandler.py /usr/local/lib/python3.10/test
#7 204.3 /usr/bin/install -c -m 644 ./Lib/test/test_fcntl.py /usr/local/lib/python3.10/test
#7 204.3 /usr/bin/install -c -m 644 ./Lib/test/test_file.py /usr/local/lib/python3.10/test
#7 204.3 /usr/bin/install -c -m 644 ./Lib/test/test_file_eintr.py /usr/local/lib/python3.10/test
#7 204.3 /usr/bin/install -c -m 644 ./Lib/test/test_filecmp.py /usr/local/lib/python3.10/test
#7 204.3 /usr/bin/install -c -m 644 ./Lib/test/test_fileinput.py /usr/local/lib/python3.10/test
#7 204.3 /usr/bin/install -c -m 644 ./Lib/test/test_fileio.py /usr/local/lib/python3.10/test
#7 204.3 /usr/bin/install -c -m 644 ./Lib/test/test_finalization.py /usr/local/lib/python3.10/test
#7 204.3 /usr/bin/install -c -m 644 ./Lib/test/test_float.py /usr/local/lib/python3.10/test
#7 204.3 /usr/bin/install -c -m 644 ./Lib/test/test_flufl.py /usr/local/lib/python3.10/test
#7 204.3 /usr/bin/install -c -m 644 ./Lib/test/test_fnmatch.py /usr/local/lib/python3.10/test
#7 204.3 /usr/bin/install -c -m 644 ./Lib/test/test_fork1.py /usr/local/lib/python3.10/test
#7 204.3 /usr/bin/install -c -m 644 ./Lib/test/test_format.py /usr/local/lib/python3.10/test
#7 204.3 /usr/bin/install -c -m 644 ./Lib/test/test_fractions.py /usr/local/lib/python3.10/test
#7 204.3 /usr/bin/install -c -m 644 ./Lib/test/test_frame.py /usr/local/lib/python3.10/test
#7 204.3 /usr/bin/install -c -m 644 ./Lib/test/test_frozen.py /usr/local/lib/python3.10/test
#7 204.3 /usr/bin/install -c -m 644 ./Lib/test/test_fstring.py /usr/local/lib/python3.10/test
#7 204.3 /usr/bin/install -c -m 644 ./Lib/test/test_ftplib.py /usr/local/lib/python3.10/test
#7 204.3 /usr/bin/install -c -m 644 ./Lib/test/test_funcattrs.py /usr/local/lib/python3.10/test
#7 204.3 /usr/bin/install -c -m 644 ./Lib/test/test_functools.py /usr/local/lib/python3.10/test
#7 204.3 /usr/bin/install -c -m 644 ./Lib/test/test_future.py /usr/local/lib/python3.10/test
#7 204.3 /usr/bin/install -c -m 644 ./Lib/test/test_future3.py /usr/local/lib/python3.10/test
#7 204.3 /usr/bin/install -c -m 644 ./Lib/test/test_future4.py /usr/local/lib/python3.10/test
#7 204.3 /usr/bin/install -c -m 644 ./Lib/test/test_future5.py /usr/local/lib/python3.10/test
#7 204.3 /usr/bin/install -c -m 644 ./Lib/test/test_gc.py /usr/local/lib/python3.10/test
#7 204.3 /usr/bin/install -c -m 644 ./Lib/test/test_gdb.py /usr/local/lib/python3.10/test
#7 204.3 /usr/bin/install -c -m 644 ./Lib/test/test_generator_stop.py /usr/local/lib/python3.10/test
#7 204.3 /usr/bin/install -c -m 644 ./Lib/test/test_generators.py /usr/local/lib/python3.10/test
#7 204.3 /usr/bin/install -c -m 644 ./Lib/test/test_genericalias.py /usr/local/lib/python3.10/test
#7 204.3 /usr/bin/install -c -m 644 ./Lib/test/test_genericclass.py /usr/local/lib/python3.10/test
#7 204.3 /usr/bin/install -c -m 644 ./Lib/test/test_genericpath.py /usr/local/lib/python3.10/test
#7 204.3 /usr/bin/install -c -m 644 ./Lib/test/test_genexps.py /usr/local/lib/python3.10/test
#7 204.3 /usr/bin/install -c -m 644 ./Lib/test/test_getopt.py /usr/local/lib/python3.10/test
#7 204.3 /usr/bin/install -c -m 644 ./Lib/test/test_getpass.py /usr/local/lib/python3.10/test
#7 204.3 /usr/bin/install -c -m 644 ./Lib/test/test_gettext.py /usr/local/lib/python3.10/test
#7 204.3 /usr/bin/install -c -m 644 ./Lib/test/test_glob.py /usr/local/lib/python3.10/test
#7 204.3 /usr/bin/install -c -m 644 ./Lib/test/test_global.py /usr/local/lib/python3.10/test
#7 204.3 /usr/bin/install -c -m 644 ./Lib/test/test_grammar.py /usr/local/lib/python3.10/test
#7 204.3 /usr/bin/install -c -m 644 ./Lib/test/test_graphlib.py /usr/local/lib/python3.10/test
#7 204.3 /usr/bin/install -c -m 644 ./Lib/test/test_grp.py /usr/local/lib/python3.10/test
#7 204.3 /usr/bin/install -c -m 644 ./Lib/test/test_gzip.py /usr/local/lib/python3.10/test
#7 204.3 /usr/bin/install -c -m 644 ./Lib/test/test_hash.py /usr/local/lib/python3.10/test
#7 204.3 /usr/bin/install -c -m 644 ./Lib/test/test_hashlib.py /usr/local/lib/python3.10/test
#7 204.3 /usr/bin/install -c -m 644 ./Lib/test/test_heapq.py /usr/local/lib/python3.10/test
#7 204.3 /usr/bin/install -c -m 644 ./Lib/test/test_hmac.py /usr/local/lib/python3.10/test
#7 204.3 /usr/bin/install -c -m 644 ./Lib/test/test_html.py /usr/local/lib/python3.10/test
#7 204.3 /usr/bin/install -c -m 644 ./Lib/test/test_htmlparser.py /usr/local/lib/python3.10/test
#7 204.3 /usr/bin/install -c -m 644 ./Lib/test/test_http_cookiejar.py /usr/local/lib/python3.10/test
#7 204.3 /usr/bin/install -c -m 644 ./Lib/test/test_http_cookies.py /usr/local/lib/python3.10/test
#7 204.3 /usr/bin/install -c -m 644 ./Lib/test/test_httplib.py /usr/local/lib/python3.10/test
#7 204.3 /usr/bin/install -c -m 644 ./Lib/test/test_httpservers.py /usr/local/lib/python3.10/test
#7 204.3 /usr/bin/install -c -m 644 ./Lib/test/test_idle.py /usr/local/lib/python3.10/test
#7 204.3 /usr/bin/install -c -m 644 ./Lib/test/test_imaplib.py /usr/local/lib/python3.10/test
#7 204.3 /usr/bin/install -c -m 644 ./Lib/test/test_imghdr.py /usr/local/lib/python3.10/test
#7 204.3 /usr/bin/install -c -m 644 ./Lib/test/test_imp.py /usr/local/lib/python3.10/test
#7 204.3 /usr/bin/install -c -m 644 ./Lib/test/test_index.py /usr/local/lib/python3.10/test
#7 204.3 /usr/bin/install -c -m 644 ./Lib/test/test_inspect.py /usr/local/lib/python3.10/test
#7 204.3 /usr/bin/install -c -m 644 ./Lib/test/test_int.py /usr/local/lib/python3.10/test
#7 204.3 /usr/bin/install -c -m 644 ./Lib/test/test_int_literal.py /usr/local/lib/python3.10/test
#7 204.3 /usr/bin/install -c -m 644 ./Lib/test/test_interpreters.py /usr/local/lib/python3.10/test
#7 204.3 /usr/bin/install -c -m 644 ./Lib/test/test_io.py /usr/local/lib/python3.10/test
#7 204.3 /usr/bin/install -c -m 644 ./Lib/test/test_ioctl.py /usr/local/lib/python3.10/test
#7 204.3 /usr/bin/install -c -m 644 ./Lib/test/test_ipaddress.py /usr/local/lib/python3.10/test
#7 204.3 /usr/bin/install -c -m 644 ./Lib/test/test_isinstance.py /usr/local/lib/python3.10/test
#7 204.3 /usr/bin/install -c -m 644 ./Lib/test/test_iter.py /usr/local/lib/python3.10/test
#7 204.3 /usr/bin/install -c -m 644 ./Lib/test/test_iterlen.py /usr/local/lib/python3.10/test
#7 204.3 /usr/bin/install -c -m 644 ./Lib/test/test_itertools.py /usr/local/lib/python3.10/test
#7 204.3 /usr/bin/install -c -m 644 ./Lib/test/test_keyword.py /usr/local/lib/python3.10/test
#7 204.3 /usr/bin/install -c -m 644 ./Lib/test/test_keywordonlyarg.py /usr/local/lib/python3.10/test
#7 204.3 /usr/bin/install -c -m 644 ./Lib/test/test_kqueue.py /usr/local/lib/python3.10/test
#7 204.3 /usr/bin/install -c -m 644 ./Lib/test/test_largefile.py /usr/local/lib/python3.10/test
#7 204.3 /usr/bin/install -c -m 644 ./Lib/test/test_lib2to3.py /usr/local/lib/python3.10/test
#7 204.3 /usr/bin/install -c -m 644 ./Lib/test/test_linecache.py /usr/local/lib/python3.10/test
#7 204.3 /usr/bin/install -c -m 644 ./Lib/test/test_list.py /usr/local/lib/python3.10/test
#7 204.3 /usr/bin/install -c -m 644 ./Lib/test/test_listcomps.py /usr/local/lib/python3.10/test
#7 204.3 /usr/bin/install -c -m 644 ./Lib/test/test_lltrace.py /usr/local/lib/python3.10/test
#7 204.3 /usr/bin/install -c -m 644 ./Lib/test/test_locale.py /usr/local/lib/python3.10/test
#7 204.3 /usr/bin/install -c -m 644 ./Lib/test/test_logging.py /usr/local/lib/python3.10/test
#7 204.3 /usr/bin/install -c -m 644 ./Lib/test/test_long.py /usr/local/lib/python3.10/test
#7 204.3 /usr/bin/install -c -m 644 ./Lib/test/test_longexp.py /usr/local/lib/python3.10/test
#7 204.3 /usr/bin/install -c -m 644 ./Lib/test/test_lzma.py /usr/local/lib/python3.10/test
#7 204.3 /usr/bin/install -c -m 644 ./Lib/test/test_mailbox.py /usr/local/lib/python3.10/test
#7 204.4 /usr/bin/install -c -m 644 ./Lib/test/test_mailcap.py /usr/local/lib/python3.10/test
#7 204.4 /usr/bin/install -c -m 644 ./Lib/test/test_marshal.py /usr/local/lib/python3.10/test
#7 204.4 /usr/bin/install -c -m 644 ./Lib/test/test_math.py /usr/local/lib/python3.10/test
#7 204.4 /usr/bin/install -c -m 644 ./Lib/test/test_memoryio.py /usr/local/lib/python3.10/test
#7 204.4 /usr/bin/install -c -m 644 ./Lib/test/test_memoryview.py /usr/local/lib/python3.10/test
#7 204.4 /usr/bin/install -c -m 644 ./Lib/test/test_metaclass.py /usr/local/lib/python3.10/test
#7 204.4 /usr/bin/install -c -m 644 ./Lib/test/test_mimetypes.py /usr/local/lib/python3.10/test
#7 204.4 /usr/bin/install -c -m 644 ./Lib/test/test_minidom.py /usr/local/lib/python3.10/test
#7 204.4 /usr/bin/install -c -m 644 ./Lib/test/test_mmap.py /usr/local/lib/python3.10/test
#7 204.4 /usr/bin/install -c -m 644 ./Lib/test/test_module.py /usr/local/lib/python3.10/test
#7 204.4 /usr/bin/install -c -m 644 ./Lib/test/test_modulefinder.py /usr/local/lib/python3.10/test
#7 204.4 /usr/bin/install -c -m 644 ./Lib/test/test_msilib.py /usr/local/lib/python3.10/test
#7 204.4 /usr/bin/install -c -m 644 ./Lib/test/test_multibytecodec.py /usr/local/lib/python3.10/test
#7 204.4 /usr/bin/install -c -m 644 ./Lib/test/test_multiprocessing_fork.py /usr/local/lib/python3.10/test
#7 204.4 /usr/bin/install -c -m 644 ./Lib/test/test_multiprocessing_forkserver.py /usr/local/lib/python3.10/test
#7 204.4 /usr/bin/install -c -m 644 ./Lib/test/test_multiprocessing_main_handling.py /usr/local/lib/python3.10/test
#7 204.4 /usr/bin/install -c -m 644 ./Lib/test/test_multiprocessing_spawn.py /usr/local/lib/python3.10/test
#7 204.4 /usr/bin/install -c -m 644 ./Lib/test/test_named_expressions.py /usr/local/lib/python3.10/test
#7 204.4 /usr/bin/install -c -m 644 ./Lib/test/test_netrc.py /usr/local/lib/python3.10/test
#7 204.4 /usr/bin/install -c -m 644 ./Lib/test/test_nis.py /usr/local/lib/python3.10/test
#7 204.4 /usr/bin/install -c -m 644 ./Lib/test/test_nntplib.py /usr/local/lib/python3.10/test
#7 204.4 /usr/bin/install -c -m 644 ./Lib/test/test_ntpath.py /usr/local/lib/python3.10/test
#7 204.4 /usr/bin/install -c -m 644 ./Lib/test/test_numeric_tower.py /usr/local/lib/python3.10/test
#7 204.4 /usr/bin/install -c -m 644 ./Lib/test/test_opcache.py /usr/local/lib/python3.10/test
#7 204.4 /usr/bin/install -c -m 644 ./Lib/test/test_opcodes.py /usr/local/lib/python3.10/test
#7 204.4 /usr/bin/install -c -m 644 ./Lib/test/test_openpty.py /usr/local/lib/python3.10/test
#7 204.4 /usr/bin/install -c -m 644 ./Lib/test/test_operator.py /usr/local/lib/python3.10/test
#7 204.4 /usr/bin/install -c -m 644 ./Lib/test/test_optparse.py /usr/local/lib/python3.10/test
#7 204.4 /usr/bin/install -c -m 644 ./Lib/test/test_ordered_dict.py /usr/local/lib/python3.10/test
#7 204.4 /usr/bin/install -c -m 644 ./Lib/test/test_os.py /usr/local/lib/python3.10/test
#7 204.4 /usr/bin/install -c -m 644 ./Lib/test/test_ossaudiodev.py /usr/local/lib/python3.10/test
#7 204.4 /usr/bin/install -c -m 644 ./Lib/test/test_osx_env.py /usr/local/lib/python3.10/test
#7 204.4 /usr/bin/install -c -m 644 ./Lib/test/test_pathlib.py /usr/local/lib/python3.10/test
#7 204.4 /usr/bin/install -c -m 644 ./Lib/test/test_patma.py /usr/local/lib/python3.10/test
#7 204.4 /usr/bin/install -c -m 644 ./Lib/test/test_pdb.py /usr/local/lib/python3.10/test
#7 204.4 /usr/bin/install -c -m 644 ./Lib/test/test_peepholer.py /usr/local/lib/python3.10/test
#7 204.4 /usr/bin/install -c -m 644 ./Lib/test/test_pickle.py /usr/local/lib/python3.10/test
#7 204.4 /usr/bin/install -c -m 644 ./Lib/test/test_picklebuffer.py /usr/local/lib/python3.10/test
#7 204.4 /usr/bin/install -c -m 644 ./Lib/test/test_pickletools.py /usr/local/lib/python3.10/test
#7 204.4 /usr/bin/install -c -m 644 ./Lib/test/test_pipes.py /usr/local/lib/python3.10/test
#7 204.4 /usr/bin/install -c -m 644 ./Lib/test/test_pkg.py /usr/local/lib/python3.10/test
#7 204.4 /usr/bin/install -c -m 644 ./Lib/test/test_pkgutil.py /usr/local/lib/python3.10/test
#7 204.4 /usr/bin/install -c -m 644 ./Lib/test/test_platform.py /usr/local/lib/python3.10/test
#7 204.4 /usr/bin/install -c -m 644 ./Lib/test/test_plistlib.py /usr/local/lib/python3.10/test
#7 204.4 /usr/bin/install -c -m 644 ./Lib/test/test_poll.py /usr/local/lib/python3.10/test
#7 204.4 /usr/bin/install -c -m 644 ./Lib/test/test_popen.py /usr/local/lib/python3.10/test
#7 204.4 /usr/bin/install -c -m 644 ./Lib/test/test_poplib.py /usr/local/lib/python3.10/test
#7 204.4 /usr/bin/install -c -m 644 ./Lib/test/test_positional_only_arg.py /usr/local/lib/python3.10/test
#7 204.4 /usr/bin/install -c -m 644 ./Lib/test/test_posix.py /usr/local/lib/python3.10/test
#7 204.4 /usr/bin/install -c -m 644 ./Lib/test/test_posixpath.py /usr/local/lib/python3.10/test
#7 204.4 /usr/bin/install -c -m 644 ./Lib/test/test_pow.py /usr/local/lib/python3.10/test
#7 204.4 /usr/bin/install -c -m 644 ./Lib/test/test_pprint.py /usr/local/lib/python3.10/test
#7 204.4 /usr/bin/install -c -m 644 ./Lib/test/test_print.py /usr/local/lib/python3.10/test
#7 204.4 /usr/bin/install -c -m 644 ./Lib/test/test_profile.py /usr/local/lib/python3.10/test
#7 204.4 /usr/bin/install -c -m 644 ./Lib/test/test_property.py /usr/local/lib/python3.10/test
#7 204.4 /usr/bin/install -c -m 644 ./Lib/test/test_pstats.py /usr/local/lib/python3.10/test
#7 204.4 /usr/bin/install -c -m 644 ./Lib/test/test_pty.py /usr/local/lib/python3.10/test
#7 204.4 /usr/bin/install -c -m 644 ./Lib/test/test_pulldom.py /usr/local/lib/python3.10/test
#7 204.4 /usr/bin/install -c -m 644 ./Lib/test/test_pwd.py /usr/local/lib/python3.10/test
#7 204.4 /usr/bin/install -c -m 644 ./Lib/test/test_py_compile.py /usr/local/lib/python3.10/test
#7 204.4 /usr/bin/install -c -m 644 ./Lib/test/test_pyclbr.py /usr/local/lib/python3.10/test
#7 204.4 /usr/bin/install -c -m 644 ./Lib/test/test_pydoc.py /usr/local/lib/python3.10/test
#7 204.4 /usr/bin/install -c -m 644 ./Lib/test/test_pyexpat.py /usr/local/lib/python3.10/test
#7 204.4 /usr/bin/install -c -m 644 ./Lib/test/test_queue.py /usr/local/lib/python3.10/test
#7 204.4 /usr/bin/install -c -m 644 ./Lib/test/test_quopri.py /usr/local/lib/python3.10/test
#7 204.4 /usr/bin/install -c -m 644 ./Lib/test/test_raise.py /usr/local/lib/python3.10/test
#7 204.4 /usr/bin/install -c -m 644 ./Lib/test/test_random.py /usr/local/lib/python3.10/test
#7 204.4 /usr/bin/install -c -m 644 ./Lib/test/test_range.py /usr/local/lib/python3.10/test
#7 204.4 /usr/bin/install -c -m 644 ./Lib/test/test_re.py /usr/local/lib/python3.10/test
#7 204.4 /usr/bin/install -c -m 644 ./Lib/test/test_readline.py /usr/local/lib/python3.10/test
#7 204.4 /usr/bin/install -c -m 644 ./Lib/test/test_regrtest.py /usr/local/lib/python3.10/test
#7 204.4 /usr/bin/install -c -m 644 ./Lib/test/test_repl.py /usr/local/lib/python3.10/test
#7 204.4 /usr/bin/install -c -m 644 ./Lib/test/test_reprlib.py /usr/local/lib/python3.10/test
#7 204.4 /usr/bin/install -c -m 644 ./Lib/test/test_resource.py /usr/local/lib/python3.10/test
#7 204.4 /usr/bin/install -c -m 644 ./Lib/test/test_richcmp.py /usr/local/lib/python3.10/test
#7 204.4 /usr/bin/install -c -m 644 ./Lib/test/test_rlcompleter.py /usr/local/lib/python3.10/test
#7 204.4 /usr/bin/install -c -m 644 ./Lib/test/test_robotparser.py /usr/local/lib/python3.10/test
#7 204.4 /usr/bin/install -c -m 644 ./Lib/test/test_runpy.py /usr/local/lib/python3.10/test
#7 204.4 /usr/bin/install -c -m 644 ./Lib/test/test_sax.py /usr/local/lib/python3.10/test
#7 204.4 /usr/bin/install -c -m 644 ./Lib/test/test_sched.py /usr/local/lib/python3.10/test
#7 204.4 /usr/bin/install -c -m 644 ./Lib/test/test_scope.py /usr/local/lib/python3.10/test
#7 204.4 /usr/bin/install -c -m 644 ./Lib/test/test_script_helper.py /usr/local/lib/python3.10/test
#7 204.4 /usr/bin/install -c -m 644 ./Lib/test/test_secrets.py /usr/local/lib/python3.10/test
#7 204.4 /usr/bin/install -c -m 644 ./Lib/test/test_select.py /usr/local/lib/python3.10/test
#7 204.4 /usr/bin/install -c -m 644 ./Lib/test/test_selectors.py /usr/local/lib/python3.10/test
#7 204.4 /usr/bin/install -c -m 644 ./Lib/test/test_set.py /usr/local/lib/python3.10/test
#7 204.4 /usr/bin/install -c -m 644 ./Lib/test/test_setcomps.py /usr/local/lib/python3.10/test
#7 204.4 /usr/bin/install -c -m 644 ./Lib/test/test_shelve.py /usr/local/lib/python3.10/test
#7 204.4 /usr/bin/install -c -m 644 ./Lib/test/test_shlex.py /usr/local/lib/python3.10/test
#7 204.4 /usr/bin/install -c -m 644 ./Lib/test/test_shutil.py /usr/local/lib/python3.10/test
#7 204.4 /usr/bin/install -c -m 644 ./Lib/test/test_signal.py /usr/local/lib/python3.10/test
#7 204.4 /usr/bin/install -c -m 644 ./Lib/test/test_site.py /usr/local/lib/python3.10/test
#7 204.4 /usr/bin/install -c -m 644 ./Lib/test/test_slice.py /usr/local/lib/python3.10/test
#7 204.4 /usr/bin/install -c -m 644 ./Lib/test/test_smtpd.py /usr/local/lib/python3.10/test
#7 204.4 /usr/bin/install -c -m 644 ./Lib/test/test_smtplib.py /usr/local/lib/python3.10/test
#7 204.4 /usr/bin/install -c -m 644 ./Lib/test/test_smtpnet.py /usr/local/lib/python3.10/test
#7 204.4 /usr/bin/install -c -m 644 ./Lib/test/test_sndhdr.py /usr/local/lib/python3.10/test
#7 204.4 /usr/bin/install -c -m 644 ./Lib/test/test_socket.py /usr/local/lib/python3.10/test
#7 204.4 /usr/bin/install -c -m 644 ./Lib/test/test_socketserver.py /usr/local/lib/python3.10/test
#7 204.4 /usr/bin/install -c -m 644 ./Lib/test/test_sort.py /usr/local/lib/python3.10/test
#7 204.4 /usr/bin/install -c -m 644 ./Lib/test/test_source_encoding.py /usr/local/lib/python3.10/test
#7 204.4 /usr/bin/install -c -m 644 ./Lib/test/test_spwd.py /usr/local/lib/python3.10/test
#7 204.4 /usr/bin/install -c -m 644 ./Lib/test/test_sqlite.py /usr/local/lib/python3.10/test
#7 204.4 /usr/bin/install -c -m 644 ./Lib/test/test_ssl.py /usr/local/lib/python3.10/test
#7 204.4 /usr/bin/install -c -m 644 ./Lib/test/test_startfile.py /usr/local/lib/python3.10/test
#7 204.4 /usr/bin/install -c -m 644 ./Lib/test/test_stat.py /usr/local/lib/python3.10/test
#7 204.4 /usr/bin/install -c -m 644 ./Lib/test/test_statistics.py /usr/local/lib/python3.10/test
#7 204.4 /usr/bin/install -c -m 644 ./Lib/test/test_strftime.py /usr/local/lib/python3.10/test
#7 204.4 /usr/bin/install -c -m 644 ./Lib/test/test_string.py /usr/local/lib/python3.10/test
#7 204.4 /usr/bin/install -c -m 644 ./Lib/test/test_string_literals.py /usr/local/lib/python3.10/test
#7 204.4 /usr/bin/install -c -m 644 ./Lib/test/test_stringprep.py /usr/local/lib/python3.10/test
#7 204.4 /usr/bin/install -c -m 644 ./Lib/test/test_strptime.py /usr/local/lib/python3.10/test
#7 204.4 /usr/bin/install -c -m 644 ./Lib/test/test_strtod.py /usr/local/lib/python3.10/test
#7 204.4 /usr/bin/install -c -m 644 ./Lib/test/test_struct.py /usr/local/lib/python3.10/test
#7 204.4 /usr/bin/install -c -m 644 ./Lib/test/test_structseq.py /usr/local/lib/python3.10/test
#7 204.4 /usr/bin/install -c -m 644 ./Lib/test/test_subclassinit.py /usr/local/lib/python3.10/test
#7 204.4 /usr/bin/install -c -m 644 ./Lib/test/test_subprocess.py /usr/local/lib/python3.10/test
#7 204.4 /usr/bin/install -c -m 644 ./Lib/test/test_sunau.py /usr/local/lib/python3.10/test
#7 204.4 /usr/bin/install -c -m 644 ./Lib/test/test_sundry.py /usr/local/lib/python3.10/test
#7 204.4 /usr/bin/install -c -m 644 ./Lib/test/test_super.py /usr/local/lib/python3.10/test
#7 204.4 /usr/bin/install -c -m 644 ./Lib/test/test_support.py /usr/local/lib/python3.10/test
#7 204.4 /usr/bin/install -c -m 644 ./Lib/test/test_symtable.py /usr/local/lib/python3.10/test
#7 204.4 /usr/bin/install -c -m 644 ./Lib/test/test_syntax.py /usr/local/lib/python3.10/test
#7 204.4 /usr/bin/install -c -m 644 ./Lib/test/test_sys.py /usr/local/lib/python3.10/test
#7 204.4 /usr/bin/install -c -m 644 ./Lib/test/test_sys_setprofile.py /usr/local/lib/python3.10/test
#7 204.4 /usr/bin/install -c -m 644 ./Lib/test/test_sys_settrace.py /usr/local/lib/python3.10/test
#7 204.4 /usr/bin/install -c -m 644 ./Lib/test/test_sysconfig.py /usr/local/lib/python3.10/test
#7 204.4 /usr/bin/install -c -m 644 ./Lib/test/test_syslog.py /usr/local/lib/python3.10/test
#7 204.4 /usr/bin/install -c -m 644 ./Lib/test/test_tabnanny.py /usr/local/lib/python3.10/test
#7 204.4 /usr/bin/install -c -m 644 ./Lib/test/test_tarfile.py /usr/local/lib/python3.10/test
#7 204.4 /usr/bin/install -c -m 644 ./Lib/test/test_tcl.py /usr/local/lib/python3.10/test
#7 204.4 /usr/bin/install -c -m 644 ./Lib/test/test_telnetlib.py /usr/local/lib/python3.10/test
#7 204.4 /usr/bin/install -c -m 644 ./Lib/test/test_tempfile.py /usr/local/lib/python3.10/test
#7 204.4 /usr/bin/install -c -m 644 ./Lib/test/test_textwrap.py /usr/local/lib/python3.10/test
#7 204.4 /usr/bin/install -c -m 644 ./Lib/test/test_thread.py /usr/local/lib/python3.10/test
#7 204.4 /usr/bin/install -c -m 644 ./Lib/test/test_threadedtempfile.py /usr/local/lib/python3.10/test
#7 204.4 /usr/bin/install -c -m 644 ./Lib/test/test_threading.py /usr/local/lib/python3.10/test
#7 204.4 /usr/bin/install -c -m 644 ./Lib/test/test_threading_local.py /usr/local/lib/python3.10/test
#7 204.4 /usr/bin/install -c -m 644 ./Lib/test/test_threadsignals.py /usr/local/lib/python3.10/test
#7 204.4 /usr/bin/install -c -m 644 ./Lib/test/test_time.py /usr/local/lib/python3.10/test
#7 204.4 /usr/bin/install -c -m 644 ./Lib/test/test_timeit.py /usr/local/lib/python3.10/test
#7 204.4 /usr/bin/install -c -m 644 ./Lib/test/test_timeout.py /usr/local/lib/python3.10/test
#7 204.4 /usr/bin/install -c -m 644 ./Lib/test/test_tix.py /usr/local/lib/python3.10/test
#7 204.4 /usr/bin/install -c -m 644 ./Lib/test/test_tk.py /usr/local/lib/python3.10/test
#7 204.4 /usr/bin/install -c -m 644 ./Lib/test/test_tokenize.py /usr/local/lib/python3.10/test
#7 204.4 /usr/bin/install -c -m 644 ./Lib/test/test_trace.py /usr/local/lib/python3.10/test
#7 204.4 /usr/bin/install -c -m 644 ./Lib/test/test_traceback.py /usr/local/lib/python3.10/test
#7 204.4 /usr/bin/install -c -m 644 ./Lib/test/test_tracemalloc.py /usr/local/lib/python3.10/test
#7 204.4 /usr/bin/install -c -m 644 ./Lib/test/test_ttk_guionly.py /usr/local/lib/python3.10/test
#7 204.4 /usr/bin/install -c -m 644 ./Lib/test/test_ttk_textonly.py /usr/local/lib/python3.10/test
#7 204.4 /usr/bin/install -c -m 644 ./Lib/test/test_tuple.py /usr/local/lib/python3.10/test
#7 204.4 /usr/bin/install -c -m 644 ./Lib/test/test_turtle.py /usr/local/lib/python3.10/test
#7 204.4 /usr/bin/install -c -m 644 ./Lib/test/test_type_annotations.py /usr/local/lib/python3.10/test
#7 204.4 /usr/bin/install -c -m 644 ./Lib/test/test_type_comments.py /usr/local/lib/python3.10/test
#7 204.4 /usr/bin/install -c -m 644 ./Lib/test/test_typechecks.py /usr/local/lib/python3.10/test
#7 204.4 /usr/bin/install -c -m 644 ./Lib/test/test_types.py /usr/local/lib/python3.10/test
#7 204.4 /usr/bin/install -c -m 644 ./Lib/test/test_typing.py /usr/local/lib/python3.10/test
#7 204.4 /usr/bin/install -c -m 644 ./Lib/test/test_ucn.py /usr/local/lib/python3.10/test
#7 204.4 /usr/bin/install -c -m 644 ./Lib/test/test_unary.py /usr/local/lib/python3.10/test
#7 204.4 /usr/bin/install -c -m 644 ./Lib/test/test_unicode.py /usr/local/lib/python3.10/test
#7 204.4 /usr/bin/install -c -m 644 ./Lib/test/test_unicode_file.py /usr/local/lib/python3.10/test
#7 204.4 /usr/bin/install -c -m 644 ./Lib/test/test_unicode_file_functions.py /usr/local/lib/python3.10/test
#7 204.4 /usr/bin/install -c -m 644 ./Lib/test/test_unicode_identifiers.py /usr/local/lib/python3.10/test
#7 204.4 /usr/bin/install -c -m 644 ./Lib/test/test_unicodedata.py /usr/local/lib/python3.10/test
#7 204.4 /usr/bin/install -c -m 644 ./Lib/test/test_unittest.py /usr/local/lib/python3.10/test
#7 204.4 /usr/bin/install -c -m 644 ./Lib/test/test_univnewlines.py /usr/local/lib/python3.10/test
#7 204.4 /usr/bin/install -c -m 644 ./Lib/test/test_unpack.py /usr/local/lib/python3.10/test
#7 204.4 /usr/bin/install -c -m 644 ./Lib/test/test_unpack_ex.py /usr/local/lib/python3.10/test
#7 204.4 /usr/bin/install -c -m 644 ./Lib/test/test_unparse.py /usr/local/lib/python3.10/test
#7 204.4 /usr/bin/install -c -m 644 ./Lib/test/test_urllib.py /usr/local/lib/python3.10/test
#7 204.5 /usr/bin/install -c -m 644 ./Lib/test/test_urllib2.py /usr/local/lib/python3.10/test
#7 204.5 /usr/bin/install -c -m 644 ./Lib/test/test_urllib2_localnet.py /usr/local/lib/python3.10/test
#7 204.5 /usr/bin/install -c -m 644 ./Lib/test/test_urllib2net.py /usr/local/lib/python3.10/test
#7 204.5 /usr/bin/install -c -m 644 ./Lib/test/test_urllib_response.py /usr/local/lib/python3.10/test
#7 204.5 /usr/bin/install -c -m 644 ./Lib/test/test_urllibnet.py /usr/local/lib/python3.10/test
#7 204.5 /usr/bin/install -c -m 644 ./Lib/test/test_urlparse.py /usr/local/lib/python3.10/test
#7 204.5 /usr/bin/install -c -m 644 ./Lib/test/test_userdict.py /usr/local/lib/python3.10/test
#7 204.5 /usr/bin/install -c -m 644 ./Lib/test/test_userlist.py /usr/local/lib/python3.10/test
#7 204.5 /usr/bin/install -c -m 644 ./Lib/test/test_userstring.py /usr/local/lib/python3.10/test
#7 204.5 /usr/bin/install -c -m 644 ./Lib/test/test_utf8_mode.py /usr/local/lib/python3.10/test
#7 204.5 /usr/bin/install -c -m 644 ./Lib/test/test_utf8source.py /usr/local/lib/python3.10/test
#7 204.5 /usr/bin/install -c -m 644 ./Lib/test/test_uu.py /usr/local/lib/python3.10/test
#7 204.5 /usr/bin/install -c ./Lib/test/test_uuid.py /usr/local/lib/python3.10/test
#7 204.5 /usr/bin/install -c -m 644 ./Lib/test/test_venv.py /usr/local/lib/python3.10/test
#7 204.5 /usr/bin/install -c -m 644 ./Lib/test/test_wait3.py /usr/local/lib/python3.10/test
#7 204.5 /usr/bin/install -c -m 644 ./Lib/test/test_wait4.py /usr/local/lib/python3.10/test
#7 204.5 /usr/bin/install -c -m 644 ./Lib/test/test_wave.py /usr/local/lib/python3.10/test
#7 204.5 /usr/bin/install -c -m 644 ./Lib/test/test_weakref.py /usr/local/lib/python3.10/test
#7 204.5 /usr/bin/install -c -m 644 ./Lib/test/test_weakset.py /usr/local/lib/python3.10/test
#7 204.5 /usr/bin/install -c -m 644 ./Lib/test/test_webbrowser.py /usr/local/lib/python3.10/test
#7 204.5 /usr/bin/install -c -m 644 ./Lib/test/test_winconsoleio.py /usr/local/lib/python3.10/test
#7 204.5 /usr/bin/install -c -m 644 ./Lib/test/test_winreg.py /usr/local/lib/python3.10/test
#7 204.5 /usr/bin/install -c -m 644 ./Lib/test/test_winsound.py /usr/local/lib/python3.10/test
#7 204.5 /usr/bin/install -c -m 644 ./Lib/test/test_with.py /usr/local/lib/python3.10/test
#7 204.5 /usr/bin/install -c -m 644 ./Lib/test/test_wsgiref.py /usr/local/lib/python3.10/test
#7 204.5 /usr/bin/install -c -m 644 ./Lib/test/test_xdrlib.py /usr/local/lib/python3.10/test
#7 204.5 /usr/bin/install -c -m 644 ./Lib/test/test_xml_dom_minicompat.py /usr/local/lib/python3.10/test
#7 204.5 /usr/bin/install -c -m 644 ./Lib/test/test_xml_etree.py /usr/local/lib/python3.10/test
#7 204.5 /usr/bin/install -c -m 644 ./Lib/test/test_xml_etree_c.py /usr/local/lib/python3.10/test
#7 204.5 /usr/bin/install -c -m 644 ./Lib/test/test_xmlrpc.py /usr/local/lib/python3.10/test
#7 204.5 /usr/bin/install -c -m 644 ./Lib/test/test_xmlrpc_net.py /usr/local/lib/python3.10/test
#7 204.5 /usr/bin/install -c -m 644 ./Lib/test/test_xxlimited.py /usr/local/lib/python3.10/test
#7 204.5 /usr/bin/install -c -m 644 ./Lib/test/test_xxtestfuzz.py /usr/local/lib/python3.10/test
#7 204.5 /usr/bin/install -c -m 644 ./Lib/test/test_yield_from.py /usr/local/lib/python3.10/test
#7 204.5 /usr/bin/install -c -m 644 ./Lib/test/test_zipapp.py /usr/local/lib/python3.10/test
#7 204.5 /usr/bin/install -c -m 644 ./Lib/test/test_zipfile.py /usr/local/lib/python3.10/test
#7 204.5 /usr/bin/install -c -m 644 ./Lib/test/test_zipfile64.py /usr/local/lib/python3.10/test
#7 204.5 /usr/bin/install -c -m 644 ./Lib/test/test_zipimport.py /usr/local/lib/python3.10/test
#7 204.5 /usr/bin/install -c -m 644 ./Lib/test/test_zipimport_support.py /usr/local/lib/python3.10/test
#7 204.5 /usr/bin/install -c -m 644 ./Lib/test/test_zlib.py /usr/local/lib/python3.10/test
#7 204.5 /usr/bin/install -c -m 644 ./Lib/test/testcodec.py /usr/local/lib/python3.10/test
#7 204.5 /usr/bin/install -c -m 644 ./Lib/test/testtar.tar /usr/local/lib/python3.10/test
#7 204.5 /usr/bin/install -c -m 644 ./Lib/test/testtar.tar.xz /usr/local/lib/python3.10/test
#7 204.5 /usr/bin/install -c -m 644 ./Lib/test/tf_inherit_check.py /usr/local/lib/python3.10/test
#7 204.5 /usr/bin/install -c -m 644 ./Lib/test/time_hashlib.py /usr/local/lib/python3.10/test
#7 204.5 /usr/bin/install -c -m 644 ./Lib/test/tokenize_tests-latin1-coding-cookie-and-utf8-bom-sig.txt /usr/local/lib/python3.10/test
#7 204.5 /usr/bin/install -c -m 644 ./Lib/test/tokenize_tests-no-coding-cookie-and-utf8-bom-sig-only.txt /usr/local/lib/python3.10/test
#7 204.5 /usr/bin/install -c -m 644 ./Lib/test/tokenize_tests-utf8-coding-cookie-and-no-utf8-bom-sig.txt /usr/local/lib/python3.10/test
#7 204.5 /usr/bin/install -c -m 644 ./Lib/test/tokenize_tests-utf8-coding-cookie-and-utf8-bom-sig.txt /usr/local/lib/python3.10/test
#7 204.5 /usr/bin/install -c -m 644 ./Lib/test/tokenize_tests.txt /usr/local/lib/python3.10/test
#7 204.5 /usr/bin/install -c -m 644 ./Lib/test/win_console_handler.py /usr/local/lib/python3.10/test
#7 204.5 /usr/bin/install -c -m 644 ./Lib/test/xmltests.py /usr/local/lib/python3.10/test
#7 204.5 /usr/bin/install -c -m 644 ./Lib/test/zip_cp437_header.zip /usr/local/lib/python3.10/test
#7 204.5 /usr/bin/install -c -m 644 ./Lib/test/zipdir.zip /usr/local/lib/python3.10/test
#7 204.5 /usr/bin/install -c -m 644 ./Lib/test/audiodata/pluck-alaw.aifc /usr/local/lib/python3.10/test/audiodata
#7 204.5 /usr/bin/install -c -m 644 ./Lib/test/audiodata/pluck-pcm16.aiff /usr/local/lib/python3.10/test/audiodata
#7 204.5 /usr/bin/install -c -m 644 ./Lib/test/audiodata/pluck-pcm16.au /usr/local/lib/python3.10/test/audiodata
#7 204.5 /usr/bin/install -c -m 644 ./Lib/test/audiodata/pluck-pcm16.wav /usr/local/lib/python3.10/test/audiodata
#7 204.5 /usr/bin/install -c -m 644 ./Lib/test/audiodata/pluck-pcm24.aiff /usr/local/lib/python3.10/test/audiodata
#7 204.5 /usr/bin/install -c -m 644 ./Lib/test/audiodata/pluck-pcm24.au /usr/local/lib/python3.10/test/audiodata
#7 204.5 /usr/bin/install -c -m 644 ./Lib/test/audiodata/pluck-pcm24.wav /usr/local/lib/python3.10/test/audiodata
#7 204.5 /usr/bin/install -c -m 644 ./Lib/test/audiodata/pluck-pcm32.aiff /usr/local/lib/python3.10/test/audiodata
#7 204.5 /usr/bin/install -c -m 644 ./Lib/test/audiodata/pluck-pcm32.au /usr/local/lib/python3.10/test/audiodata
#7 204.5 /usr/bin/install -c -m 644 ./Lib/test/audiodata/pluck-pcm32.wav /usr/local/lib/python3.10/test/audiodata
#7 204.5 /usr/bin/install -c -m 644 ./Lib/test/audiodata/pluck-pcm8.aiff /usr/local/lib/python3.10/test/audiodata
#7 204.5 /usr/bin/install -c -m 644 ./Lib/test/audiodata/pluck-pcm8.au /usr/local/lib/python3.10/test/audiodata
#7 204.5 /usr/bin/install -c -m 644 ./Lib/test/audiodata/pluck-pcm8.wav /usr/local/lib/python3.10/test/audiodata
#7 204.5 /usr/bin/install -c -m 644 ./Lib/test/audiodata/pluck-ulaw.aifc /usr/local/lib/python3.10/test/audiodata
#7 204.5 /usr/bin/install -c -m 644 ./Lib/test/audiodata/pluck-ulaw.au /usr/local/lib/python3.10/test/audiodata
#7 204.5 /usr/bin/install -c -m 644 ./Lib/test/capath/4e1295a3.0 /usr/local/lib/python3.10/test/capath
#7 204.5 /usr/bin/install -c -m 644 ./Lib/test/capath/5ed36f99.0 /usr/local/lib/python3.10/test/capath
#7 204.5 /usr/bin/install -c -m 644 ./Lib/test/capath/6e88d7b8.0 /usr/local/lib/python3.10/test/capath
#7 204.5 /usr/bin/install -c -m 644 ./Lib/test/capath/99d0fa06.0 /usr/local/lib/python3.10/test/capath
#7 204.5 /usr/bin/install -c -m 644 ./Lib/test/capath/b1930218.0 /usr/local/lib/python3.10/test/capath
#7 204.5 /usr/bin/install -c -m 644 ./Lib/test/capath/ceff1710.0 /usr/local/lib/python3.10/test/capath
#7 204.5 /usr/bin/install -c -m 644 ./Lib/test/cjkencodings/big5-utf8.txt /usr/local/lib/python3.10/test/cjkencodings
#7 204.5 /usr/bin/install -c -m 644 ./Lib/test/cjkencodings/big5.txt /usr/local/lib/python3.10/test/cjkencodings
#7 204.5 /usr/bin/install -c -m 644 ./Lib/test/cjkencodings/big5hkscs-utf8.txt /usr/local/lib/python3.10/test/cjkencodings
#7 204.5 /usr/bin/install -c -m 644 ./Lib/test/cjkencodings/big5hkscs.txt /usr/local/lib/python3.10/test/cjkencodings
#7 204.5 /usr/bin/install -c -m 644 ./Lib/test/cjkencodings/cp949-utf8.txt /usr/local/lib/python3.10/test/cjkencodings
#7 204.5 /usr/bin/install -c -m 644 ./Lib/test/cjkencodings/cp949.txt /usr/local/lib/python3.10/test/cjkencodings
#7 204.5 /usr/bin/install -c -m 644 ./Lib/test/cjkencodings/euc_jisx0213-utf8.txt /usr/local/lib/python3.10/test/cjkencodings
#7 204.5 /usr/bin/install -c -m 644 ./Lib/test/cjkencodings/euc_jisx0213.txt /usr/local/lib/python3.10/test/cjkencodings
#7 204.5 /usr/bin/install -c -m 644 ./Lib/test/cjkencodings/euc_jp-utf8.txt /usr/local/lib/python3.10/test/cjkencodings
#7 204.5 /usr/bin/install -c -m 644 ./Lib/test/cjkencodings/euc_jp.txt /usr/local/lib/python3.10/test/cjkencodings
#7 204.5 /usr/bin/install -c -m 644 ./Lib/test/cjkencodings/euc_kr-utf8.txt /usr/local/lib/python3.10/test/cjkencodings
#7 204.5 /usr/bin/install -c -m 644 ./Lib/test/cjkencodings/euc_kr.txt /usr/local/lib/python3.10/test/cjkencodings
#7 204.5 /usr/bin/install -c -m 644 ./Lib/test/cjkencodings/gb18030-utf8.txt /usr/local/lib/python3.10/test/cjkencodings
#7 204.5 /usr/bin/install -c -m 644 ./Lib/test/cjkencodings/gb18030.txt /usr/local/lib/python3.10/test/cjkencodings
#7 204.5 /usr/bin/install -c -m 644 ./Lib/test/cjkencodings/gb2312-utf8.txt /usr/local/lib/python3.10/test/cjkencodings
#7 204.5 /usr/bin/install -c -m 644 ./Lib/test/cjkencodings/gb2312.txt /usr/local/lib/python3.10/test/cjkencodings
#7 204.5 /usr/bin/install -c -m 644 ./Lib/test/cjkencodings/gbk-utf8.txt /usr/local/lib/python3.10/test/cjkencodings
#7 204.5 /usr/bin/install -c -m 644 ./Lib/test/cjkencodings/gbk.txt /usr/local/lib/python3.10/test/cjkencodings
#7 204.5 /usr/bin/install -c -m 644 ./Lib/test/cjkencodings/hz-utf8.txt /usr/local/lib/python3.10/test/cjkencodings
#7 204.5 /usr/bin/install -c -m 644 ./Lib/test/cjkencodings/hz.txt /usr/local/lib/python3.10/test/cjkencodings
#7 204.5 /usr/bin/install -c -m 644 ./Lib/test/cjkencodings/iso2022_jp-utf8.txt /usr/local/lib/python3.10/test/cjkencodings
#7 204.5 /usr/bin/install -c -m 644 ./Lib/test/cjkencodings/iso2022_jp.txt /usr/local/lib/python3.10/test/cjkencodings
#7 204.5 /usr/bin/install -c -m 644 ./Lib/test/cjkencodings/iso2022_kr-utf8.txt /usr/local/lib/python3.10/test/cjkencodings
#7 204.5 /usr/bin/install -c -m 644 ./Lib/test/cjkencodings/iso2022_kr.txt /usr/local/lib/python3.10/test/cjkencodings
#7 204.5 /usr/bin/install -c -m 644 ./Lib/test/cjkencodings/johab-utf8.txt /usr/local/lib/python3.10/test/cjkencodings
#7 204.5 /usr/bin/install -c -m 644 ./Lib/test/cjkencodings/johab.txt /usr/local/lib/python3.10/test/cjkencodings
#7 204.5 /usr/bin/install -c -m 644 ./Lib/test/cjkencodings/shift_jis-utf8.txt /usr/local/lib/python3.10/test/cjkencodings
#7 204.5 /usr/bin/install -c -m 644 ./Lib/test/cjkencodings/shift_jis.txt /usr/local/lib/python3.10/test/cjkencodings
#7 204.5 /usr/bin/install -c -m 644 ./Lib/test/cjkencodings/shift_jisx0213-utf8.txt /usr/local/lib/python3.10/test/cjkencodings
#7 204.5 /usr/bin/install -c -m 644 ./Lib/test/cjkencodings/shift_jisx0213.txt /usr/local/lib/python3.10/test/cjkencodings
#7 204.5 /usr/bin/install -c -m 644 ./Lib/test/data/README /usr/local/lib/python3.10/test/data
#7 204.5 /usr/bin/install -c -m 644 ./Lib/test/decimaltestdata/abs.decTest /usr/local/lib/python3.10/test/decimaltestdata
#7 204.5 /usr/bin/install -c -m 644 ./Lib/test/decimaltestdata/add.decTest /usr/local/lib/python3.10/test/decimaltestdata
#7 204.5 /usr/bin/install -c -m 644 ./Lib/test/decimaltestdata/and.decTest /usr/local/lib/python3.10/test/decimaltestdata
#7 204.5 /usr/bin/install -c -m 644 ./Lib/test/decimaltestdata/base.decTest /usr/local/lib/python3.10/test/decimaltestdata
#7 204.5 /usr/bin/install -c -m 644 ./Lib/test/decimaltestdata/clamp.decTest /usr/local/lib/python3.10/test/decimaltestdata
#7 204.5 /usr/bin/install -c -m 644 ./Lib/test/decimaltestdata/class.decTest /usr/local/lib/python3.10/test/decimaltestdata
#7 204.5 /usr/bin/install -c -m 644 ./Lib/test/decimaltestdata/compare.decTest /usr/local/lib/python3.10/test/decimaltestdata
#7 204.5 /usr/bin/install -c -m 644 ./Lib/test/decimaltestdata/comparetotal.decTest /usr/local/lib/python3.10/test/decimaltestdata
#7 204.5 /usr/bin/install -c -m 644 ./Lib/test/decimaltestdata/comparetotmag.decTest /usr/local/lib/python3.10/test/decimaltestdata
#7 204.5 /usr/bin/install -c -m 644 ./Lib/test/decimaltestdata/copy.decTest /usr/local/lib/python3.10/test/decimaltestdata
#7 204.5 /usr/bin/install -c -m 644 ./Lib/test/decimaltestdata/copyabs.decTest /usr/local/lib/python3.10/test/decimaltestdata
#7 204.5 /usr/bin/install -c -m 644 ./Lib/test/decimaltestdata/copynegate.decTest /usr/local/lib/python3.10/test/decimaltestdata
#7 204.5 /usr/bin/install -c -m 644 ./Lib/test/decimaltestdata/copysign.decTest /usr/local/lib/python3.10/test/decimaltestdata
#7 204.5 /usr/bin/install -c -m 644 ./Lib/test/decimaltestdata/ddAbs.decTest /usr/local/lib/python3.10/test/decimaltestdata
#7 204.5 /usr/bin/install -c -m 644 ./Lib/test/decimaltestdata/ddAdd.decTest /usr/local/lib/python3.10/test/decimaltestdata
#7 204.5 /usr/bin/install -c -m 644 ./Lib/test/decimaltestdata/ddAnd.decTest /usr/local/lib/python3.10/test/decimaltestdata
#7 204.5 /usr/bin/install -c -m 644 ./Lib/test/decimaltestdata/ddBase.decTest /usr/local/lib/python3.10/test/decimaltestdata
#7 204.5 /usr/bin/install -c -m 644 ./Lib/test/decimaltestdata/ddCanonical.decTest /usr/local/lib/python3.10/test/decimaltestdata
#7 204.5 /usr/bin/install -c -m 644 ./Lib/test/decimaltestdata/ddClass.decTest /usr/local/lib/python3.10/test/decimaltestdata
#7 204.5 /usr/bin/install -c -m 644 ./Lib/test/decimaltestdata/ddCompare.decTest /usr/local/lib/python3.10/test/decimaltestdata
#7 204.5 /usr/bin/install -c -m 644 ./Lib/test/decimaltestdata/ddCompareSig.decTest /usr/local/lib/python3.10/test/decimaltestdata
#7 204.5 /usr/bin/install -c -m 644 ./Lib/test/decimaltestdata/ddCompareTotal.decTest /usr/local/lib/python3.10/test/decimaltestdata
#7 204.5 /usr/bin/install -c -m 644 ./Lib/test/decimaltestdata/ddCompareTotalMag.decTest /usr/local/lib/python3.10/test/decimaltestdata
#7 204.5 /usr/bin/install -c -m 644 ./Lib/test/decimaltestdata/ddCopy.decTest /usr/local/lib/python3.10/test/decimaltestdata
#7 204.5 /usr/bin/install -c -m 644 ./Lib/test/decimaltestdata/ddCopyAbs.decTest /usr/local/lib/python3.10/test/decimaltestdata
#7 204.5 /usr/bin/install -c -m 644 ./Lib/test/decimaltestdata/ddCopyNegate.decTest /usr/local/lib/python3.10/test/decimaltestdata
#7 204.5 /usr/bin/install -c -m 644 ./Lib/test/decimaltestdata/ddCopySign.decTest /usr/local/lib/python3.10/test/decimaltestdata
#7 204.5 /usr/bin/install -c -m 644 ./Lib/test/decimaltestdata/ddDivide.decTest /usr/local/lib/python3.10/test/decimaltestdata
#7 204.5 /usr/bin/install -c -m 644 ./Lib/test/decimaltestdata/ddDivideInt.decTest /usr/local/lib/python3.10/test/decimaltestdata
#7 204.5 /usr/bin/install -c -m 644 ./Lib/test/decimaltestdata/ddEncode.decTest /usr/local/lib/python3.10/test/decimaltestdata
#7 204.5 /usr/bin/install -c -m 644 ./Lib/test/decimaltestdata/ddFMA.decTest /usr/local/lib/python3.10/test/decimaltestdata
#7 204.5 /usr/bin/install -c -m 644 ./Lib/test/decimaltestdata/ddInvert.decTest /usr/local/lib/python3.10/test/decimaltestdata
#7 204.5 /usr/bin/install -c -m 644 ./Lib/test/decimaltestdata/ddLogB.decTest /usr/local/lib/python3.10/test/decimaltestdata
#7 204.5 /usr/bin/install -c -m 644 ./Lib/test/decimaltestdata/ddMax.decTest /usr/local/lib/python3.10/test/decimaltestdata
#7 204.5 /usr/bin/install -c -m 644 ./Lib/test/decimaltestdata/ddMaxMag.decTest /usr/local/lib/python3.10/test/decimaltestdata
#7 204.5 /usr/bin/install -c -m 644 ./Lib/test/decimaltestdata/ddMin.decTest /usr/local/lib/python3.10/test/decimaltestdata
#7 204.5 /usr/bin/install -c -m 644 ./Lib/test/decimaltestdata/ddMinMag.decTest /usr/local/lib/python3.10/test/decimaltestdata
#7 204.5 /usr/bin/install -c -m 644 ./Lib/test/decimaltestdata/ddMinus.decTest /usr/local/lib/python3.10/test/decimaltestdata
#7 204.5 /usr/bin/install -c -m 644 ./Lib/test/decimaltestdata/ddMultiply.decTest /usr/local/lib/python3.10/test/decimaltestdata
#7 204.5 /usr/bin/install -c -m 644 ./Lib/test/decimaltestdata/ddNextMinus.decTest /usr/local/lib/python3.10/test/decimaltestdata
#7 204.5 /usr/bin/install -c -m 644 ./Lib/test/decimaltestdata/ddNextPlus.decTest /usr/local/lib/python3.10/test/decimaltestdata
#7 204.5 /usr/bin/install -c -m 644 ./Lib/test/decimaltestdata/ddNextToward.decTest /usr/local/lib/python3.10/test/decimaltestdata
#7 204.5 /usr/bin/install -c -m 644 ./Lib/test/decimaltestdata/ddOr.decTest /usr/local/lib/python3.10/test/decimaltestdata
#7 204.5 /usr/bin/install -c -m 644 ./Lib/test/decimaltestdata/ddPlus.decTest /usr/local/lib/python3.10/test/decimaltestdata
#7 204.5 /usr/bin/install -c -m 644 ./Lib/test/decimaltestdata/ddQuantize.decTest /usr/local/lib/python3.10/test/decimaltestdata
#7 204.5 /usr/bin/install -c -m 644 ./Lib/test/decimaltestdata/ddReduce.decTest /usr/local/lib/python3.10/test/decimaltestdata
#7 204.5 /usr/bin/install -c -m 644 ./Lib/test/decimaltestdata/ddRemainder.decTest /usr/local/lib/python3.10/test/decimaltestdata
#7 204.5 /usr/bin/install -c -m 644 ./Lib/test/decimaltestdata/ddRemainderNear.decTest /usr/local/lib/python3.10/test/decimaltestdata
#7 204.5 /usr/bin/install -c -m 644 ./Lib/test/decimaltestdata/ddRotate.decTest /usr/local/lib/python3.10/test/decimaltestdata
#7 204.5 /usr/bin/install -c -m 644 ./Lib/test/decimaltestdata/ddSameQuantum.decTest /usr/local/lib/python3.10/test/decimaltestdata
#7 204.5 /usr/bin/install -c -m 644 ./Lib/test/decimaltestdata/ddScaleB.decTest /usr/local/lib/python3.10/test/decimaltestdata
#7 204.5 /usr/bin/install -c -m 644 ./Lib/test/decimaltestdata/ddShift.decTest /usr/local/lib/python3.10/test/decimaltestdata
#7 204.5 /usr/bin/install -c -m 644 ./Lib/test/decimaltestdata/ddSubtract.decTest /usr/local/lib/python3.10/test/decimaltestdata
#7 204.5 /usr/bin/install -c -m 644 ./Lib/test/decimaltestdata/ddToIntegral.decTest /usr/local/lib/python3.10/test/decimaltestdata
#7 204.5 /usr/bin/install -c -m 644 ./Lib/test/decimaltestdata/ddXor.decTest /usr/local/lib/python3.10/test/decimaltestdata
#7 204.5 /usr/bin/install -c -m 644 ./Lib/test/decimaltestdata/decDouble.decTest /usr/local/lib/python3.10/test/decimaltestdata
#7 204.5 /usr/bin/install -c -m 644 ./Lib/test/decimaltestdata/decQuad.decTest /usr/local/lib/python3.10/test/decimaltestdata
#7 204.5 /usr/bin/install -c -m 644 ./Lib/test/decimaltestdata/decSingle.decTest /usr/local/lib/python3.10/test/decimaltestdata
#7 204.5 /usr/bin/install -c -m 644 ./Lib/test/decimaltestdata/divide.decTest /usr/local/lib/python3.10/test/decimaltestdata
#7 204.5 /usr/bin/install -c -m 644 ./Lib/test/decimaltestdata/divideint.decTest /usr/local/lib/python3.10/test/decimaltestdata
#7 204.5 /usr/bin/install -c -m 644 ./Lib/test/decimaltestdata/dqAbs.decTest /usr/local/lib/python3.10/test/decimaltestdata
#7 204.6 /usr/bin/install -c -m 644 ./Lib/test/decimaltestdata/dqAdd.decTest /usr/local/lib/python3.10/test/decimaltestdata
#7 204.6 /usr/bin/install -c -m 644 ./Lib/test/decimaltestdata/dqAnd.decTest /usr/local/lib/python3.10/test/decimaltestdata
#7 204.6 /usr/bin/install -c -m 644 ./Lib/test/decimaltestdata/dqBase.decTest /usr/local/lib/python3.10/test/decimaltestdata
#7 204.6 /usr/bin/install -c -m 644 ./Lib/test/decimaltestdata/dqCanonical.decTest /usr/local/lib/python3.10/test/decimaltestdata
#7 204.6 /usr/bin/install -c -m 644 ./Lib/test/decimaltestdata/dqClass.decTest /usr/local/lib/python3.10/test/decimaltestdata
#7 204.6 /usr/bin/install -c -m 644 ./Lib/test/decimaltestdata/dqCompare.decTest /usr/local/lib/python3.10/test/decimaltestdata
#7 204.6 /usr/bin/install -c -m 644 ./Lib/test/decimaltestdata/dqCompareSig.decTest /usr/local/lib/python3.10/test/decimaltestdata
#7 204.6 /usr/bin/install -c -m 644 ./Lib/test/decimaltestdata/dqCompareTotal.decTest /usr/local/lib/python3.10/test/decimaltestdata
#7 204.6 /usr/bin/install -c -m 644 ./Lib/test/decimaltestdata/dqCompareTotalMag.decTest /usr/local/lib/python3.10/test/decimaltestdata
#7 204.6 /usr/bin/install -c -m 644 ./Lib/test/decimaltestdata/dqCopy.decTest /usr/local/lib/python3.10/test/decimaltestdata
#7 204.6 /usr/bin/install -c -m 644 ./Lib/test/decimaltestdata/dqCopyAbs.decTest /usr/local/lib/python3.10/test/decimaltestdata
#7 204.6 /usr/bin/install -c -m 644 ./Lib/test/decimaltestdata/dqCopyNegate.decTest /usr/local/lib/python3.10/test/decimaltestdata
#7 204.6 /usr/bin/install -c -m 644 ./Lib/test/decimaltestdata/dqCopySign.decTest /usr/local/lib/python3.10/test/decimaltestdata
#7 204.6 /usr/bin/install -c -m 644 ./Lib/test/decimaltestdata/dqDivide.decTest /usr/local/lib/python3.10/test/decimaltestdata
#7 204.6 /usr/bin/install -c -m 644 ./Lib/test/decimaltestdata/dqDivideInt.decTest /usr/local/lib/python3.10/test/decimaltestdata
#7 204.6 /usr/bin/install -c -m 644 ./Lib/test/decimaltestdata/dqEncode.decTest /usr/local/lib/python3.10/test/decimaltestdata
#7 204.6 /usr/bin/install -c -m 644 ./Lib/test/decimaltestdata/dqFMA.decTest /usr/local/lib/python3.10/test/decimaltestdata
#7 204.6 /usr/bin/install -c -m 644 ./Lib/test/decimaltestdata/dqInvert.decTest /usr/local/lib/python3.10/test/decimaltestdata
#7 204.6 /usr/bin/install -c -m 644 ./Lib/test/decimaltestdata/dqLogB.decTest /usr/local/lib/python3.10/test/decimaltestdata
#7 204.6 /usr/bin/install -c -m 644 ./Lib/test/decimaltestdata/dqMax.decTest /usr/local/lib/python3.10/test/decimaltestdata
#7 204.6 /usr/bin/install -c -m 644 ./Lib/test/decimaltestdata/dqMaxMag.decTest /usr/local/lib/python3.10/test/decimaltestdata
#7 204.6 /usr/bin/install -c -m 644 ./Lib/test/decimaltestdata/dqMin.decTest /usr/local/lib/python3.10/test/decimaltestdata
#7 204.6 /usr/bin/install -c -m 644 ./Lib/test/decimaltestdata/dqMinMag.decTest /usr/local/lib/python3.10/test/decimaltestdata
#7 204.6 /usr/bin/install -c -m 644 ./Lib/test/decimaltestdata/dqMinus.decTest /usr/local/lib/python3.10/test/decimaltestdata
#7 204.6 /usr/bin/install -c -m 644 ./Lib/test/decimaltestdata/dqMultiply.decTest /usr/local/lib/python3.10/test/decimaltestdata
#7 204.6 /usr/bin/install -c -m 644 ./Lib/test/decimaltestdata/dqNextMinus.decTest /usr/local/lib/python3.10/test/decimaltestdata
#7 204.6 /usr/bin/install -c -m 644 ./Lib/test/decimaltestdata/dqNextPlus.decTest /usr/local/lib/python3.10/test/decimaltestdata
#7 204.6 /usr/bin/install -c -m 644 ./Lib/test/decimaltestdata/dqNextToward.decTest /usr/local/lib/python3.10/test/decimaltestdata
#7 204.6 /usr/bin/install -c -m 644 ./Lib/test/decimaltestdata/dqOr.decTest /usr/local/lib/python3.10/test/decimaltestdata
#7 204.6 /usr/bin/install -c -m 644 ./Lib/test/decimaltestdata/dqPlus.decTest /usr/local/lib/python3.10/test/decimaltestdata
#7 204.6 /usr/bin/install -c -m 644 ./Lib/test/decimaltestdata/dqQuantize.decTest /usr/local/lib/python3.10/test/decimaltestdata
#7 204.6 /usr/bin/install -c -m 644 ./Lib/test/decimaltestdata/dqReduce.decTest /usr/local/lib/python3.10/test/decimaltestdata
#7 204.6 /usr/bin/install -c -m 644 ./Lib/test/decimaltestdata/dqRemainder.decTest /usr/local/lib/python3.10/test/decimaltestdata
#7 204.6 /usr/bin/install -c -m 644 ./Lib/test/decimaltestdata/dqRemainderNear.decTest /usr/local/lib/python3.10/test/decimaltestdata
#7 204.6 /usr/bin/install -c -m 644 ./Lib/test/decimaltestdata/dqRotate.decTest /usr/local/lib/python3.10/test/decimaltestdata
#7 204.6 /usr/bin/install -c -m 644 ./Lib/test/decimaltestdata/dqSameQuantum.decTest /usr/local/lib/python3.10/test/decimaltestdata
#7 204.6 /usr/bin/install -c -m 644 ./Lib/test/decimaltestdata/dqScaleB.decTest /usr/local/lib/python3.10/test/decimaltestdata
#7 204.6 /usr/bin/install -c -m 644 ./Lib/test/decimaltestdata/dqShift.decTest /usr/local/lib/python3.10/test/decimaltestdata
#7 204.6 /usr/bin/install -c -m 644 ./Lib/test/decimaltestdata/dqSubtract.decTest /usr/local/lib/python3.10/test/decimaltestdata
#7 204.6 /usr/bin/install -c -m 644 ./Lib/test/decimaltestdata/dqToIntegral.decTest /usr/local/lib/python3.10/test/decimaltestdata
#7 204.6 /usr/bin/install -c -m 644 ./Lib/test/decimaltestdata/dqXor.decTest /usr/local/lib/python3.10/test/decimaltestdata
#7 204.6 /usr/bin/install -c -m 644 ./Lib/test/decimaltestdata/dsBase.decTest /usr/local/lib/python3.10/test/decimaltestdata
#7 204.6 /usr/bin/install -c -m 644 ./Lib/test/decimaltestdata/dsEncode.decTest /usr/local/lib/python3.10/test/decimaltestdata
#7 204.6 /usr/bin/install -c -m 644 ./Lib/test/decimaltestdata/exp.decTest /usr/local/lib/python3.10/test/decimaltestdata
#7 204.6 /usr/bin/install -c -m 644 ./Lib/test/decimaltestdata/extra.decTest /usr/local/lib/python3.10/test/decimaltestdata
#7 204.6 /usr/bin/install -c -m 644 ./Lib/test/decimaltestdata/fma.decTest /usr/local/lib/python3.10/test/decimaltestdata
#7 204.6 /usr/bin/install -c -m 644 ./Lib/test/decimaltestdata/inexact.decTest /usr/local/lib/python3.10/test/decimaltestdata
#7 204.6 /usr/bin/install -c -m 644 ./Lib/test/decimaltestdata/invert.decTest /usr/local/lib/python3.10/test/decimaltestdata
#7 204.6 /usr/bin/install -c -m 644 ./Lib/test/decimaltestdata/ln.decTest /usr/local/lib/python3.10/test/decimaltestdata
#7 204.6 /usr/bin/install -c -m 644 ./Lib/test/decimaltestdata/log10.decTest /usr/local/lib/python3.10/test/decimaltestdata
#7 204.6 /usr/bin/install -c -m 644 ./Lib/test/decimaltestdata/logb.decTest /usr/local/lib/python3.10/test/decimaltestdata
#7 204.6 /usr/bin/install -c -m 644 ./Lib/test/decimaltestdata/max.decTest /usr/local/lib/python3.10/test/decimaltestdata
#7 204.6 /usr/bin/install -c -m 644 ./Lib/test/decimaltestdata/maxmag.decTest /usr/local/lib/python3.10/test/decimaltestdata
#7 204.6 /usr/bin/install -c -m 644 ./Lib/test/decimaltestdata/min.decTest /usr/local/lib/python3.10/test/decimaltestdata
#7 204.6 /usr/bin/install -c -m 644 ./Lib/test/decimaltestdata/minmag.decTest /usr/local/lib/python3.10/test/decimaltestdata
#7 204.6 /usr/bin/install -c -m 644 ./Lib/test/decimaltestdata/minus.decTest /usr/local/lib/python3.10/test/decimaltestdata
#7 204.6 /usr/bin/install -c -m 644 ./Lib/test/decimaltestdata/multiply.decTest /usr/local/lib/python3.10/test/decimaltestdata
#7 204.6 /usr/bin/install -c -m 644 ./Lib/test/decimaltestdata/nextminus.decTest /usr/local/lib/python3.10/test/decimaltestdata
#7 204.6 /usr/bin/install -c -m 644 ./Lib/test/decimaltestdata/nextplus.decTest /usr/local/lib/python3.10/test/decimaltestdata
#7 204.6 /usr/bin/install -c -m 644 ./Lib/test/decimaltestdata/nexttoward.decTest /usr/local/lib/python3.10/test/decimaltestdata
#7 204.6 /usr/bin/install -c -m 644 ./Lib/test/decimaltestdata/or.decTest /usr/local/lib/python3.10/test/decimaltestdata
#7 204.6 /usr/bin/install -c -m 644 ./Lib/test/decimaltestdata/plus.decTest /usr/local/lib/python3.10/test/decimaltestdata
#7 204.6 /usr/bin/install -c -m 644 ./Lib/test/decimaltestdata/power.decTest /usr/local/lib/python3.10/test/decimaltestdata
#7 204.6 /usr/bin/install -c -m 644 ./Lib/test/decimaltestdata/powersqrt.decTest /usr/local/lib/python3.10/test/decimaltestdata
#7 204.6 /usr/bin/install -c -m 644 ./Lib/test/decimaltestdata/quantize.decTest /usr/local/lib/python3.10/test/decimaltestdata
#7 204.6 /usr/bin/install -c -m 644 ./Lib/test/decimaltestdata/randomBound32.decTest /usr/local/lib/python3.10/test/decimaltestdata
#7 204.6 /usr/bin/install -c -m 644 ./Lib/test/decimaltestdata/randoms.decTest /usr/local/lib/python3.10/test/decimaltestdata
#7 204.6 /usr/bin/install -c -m 644 ./Lib/test/decimaltestdata/reduce.decTest /usr/local/lib/python3.10/test/decimaltestdata
#7 204.6 /usr/bin/install -c -m 644 ./Lib/test/decimaltestdata/remainder.decTest /usr/local/lib/python3.10/test/decimaltestdata
#7 204.6 /usr/bin/install -c -m 644 ./Lib/test/decimaltestdata/remainderNear.decTest /usr/local/lib/python3.10/test/decimaltestdata
#7 204.6 /usr/bin/install -c -m 644 ./Lib/test/decimaltestdata/rescale.decTest /usr/local/lib/python3.10/test/decimaltestdata
#7 204.6 /usr/bin/install -c -m 644 ./Lib/test/decimaltestdata/rotate.decTest /usr/local/lib/python3.10/test/decimaltestdata
#7 204.6 /usr/bin/install -c -m 644 ./Lib/test/decimaltestdata/rounding.decTest /usr/local/lib/python3.10/test/decimaltestdata
#7 204.6 /usr/bin/install -c -m 644 ./Lib/test/decimaltestdata/samequantum.decTest /usr/local/lib/python3.10/test/decimaltestdata
#7 204.6 /usr/bin/install -c -m 644 ./Lib/test/decimaltestdata/scaleb.decTest /usr/local/lib/python3.10/test/decimaltestdata
#7 204.6 /usr/bin/install -c -m 644 ./Lib/test/decimaltestdata/shift.decTest /usr/local/lib/python3.10/test/decimaltestdata
#7 204.6 /usr/bin/install -c -m 644 ./Lib/test/decimaltestdata/squareroot.decTest /usr/local/lib/python3.10/test/decimaltestdata
#7 204.6 /usr/bin/install -c -m 644 ./Lib/test/decimaltestdata/subtract.decTest /usr/local/lib/python3.10/test/decimaltestdata
#7 204.6 /usr/bin/install -c -m 644 ./Lib/test/decimaltestdata/testall.decTest /usr/local/lib/python3.10/test/decimaltestdata
#7 204.6 /usr/bin/install -c -m 644 ./Lib/test/decimaltestdata/tointegral.decTest /usr/local/lib/python3.10/test/decimaltestdata
#7 204.6 /usr/bin/install -c -m 644 ./Lib/test/decimaltestdata/tointegralx.decTest /usr/local/lib/python3.10/test/decimaltestdata
#7 204.6 /usr/bin/install -c -m 644 ./Lib/test/decimaltestdata/xor.decTest /usr/local/lib/python3.10/test/decimaltestdata
#7 204.6 /usr/bin/install -c -m 644 ./Lib/test/dtracedata/assert_usable.d /usr/local/lib/python3.10/test/dtracedata
#7 204.6 /usr/bin/install -c -m 644 ./Lib/test/dtracedata/assert_usable.stp /usr/local/lib/python3.10/test/dtracedata
#7 204.6 /usr/bin/install -c -m 644 ./Lib/test/dtracedata/call_stack.d /usr/local/lib/python3.10/test/dtracedata
#7 204.6 /usr/bin/install -c -m 644 ./Lib/test/dtracedata/call_stack.d.expected /usr/local/lib/python3.10/test/dtracedata
#7 204.6 /usr/bin/install -c -m 644 ./Lib/test/dtracedata/call_stack.py /usr/local/lib/python3.10/test/dtracedata
#7 204.6 /usr/bin/install -c -m 644 ./Lib/test/dtracedata/call_stack.stp /usr/local/lib/python3.10/test/dtracedata
#7 204.6 /usr/bin/install -c -m 644 ./Lib/test/dtracedata/call_stack.stp.expected /usr/local/lib/python3.10/test/dtracedata
#7 204.6 /usr/bin/install -c -m 644 ./Lib/test/dtracedata/gc.d /usr/local/lib/python3.10/test/dtracedata
#7 204.6 /usr/bin/install -c -m 644 ./Lib/test/dtracedata/gc.d.expected /usr/local/lib/python3.10/test/dtracedata
#7 204.6 /usr/bin/install -c -m 644 ./Lib/test/dtracedata/gc.py /usr/local/lib/python3.10/test/dtracedata
#7 204.6 /usr/bin/install -c -m 644 ./Lib/test/dtracedata/gc.stp /usr/local/lib/python3.10/test/dtracedata
#7 204.6 /usr/bin/install -c -m 644 ./Lib/test/dtracedata/gc.stp.expected /usr/local/lib/python3.10/test/dtracedata
#7 204.6 /usr/bin/install -c -m 644 ./Lib/test/dtracedata/instance.py /usr/local/lib/python3.10/test/dtracedata
#7 204.6 /usr/bin/install -c -m 644 ./Lib/test/dtracedata/line.d /usr/local/lib/python3.10/test/dtracedata
#7 204.6 /usr/bin/install -c -m 644 ./Lib/test/dtracedata/line.d.expected /usr/local/lib/python3.10/test/dtracedata
#7 204.6 /usr/bin/install -c -m 644 ./Lib/test/dtracedata/line.py /usr/local/lib/python3.10/test/dtracedata
#7 204.6 /usr/bin/install -c -m 644 ./Lib/test/encoded_modules/__init__.py /usr/local/lib/python3.10/test/encoded_modules
#7 204.6 /usr/bin/install -c -m 644 ./Lib/test/encoded_modules/module_iso_8859_1.py /usr/local/lib/python3.10/test/encoded_modules
#7 204.6 /usr/bin/install -c -m 644 ./Lib/test/encoded_modules/module_koi8_r.py /usr/local/lib/python3.10/test/encoded_modules
#7 204.6 /usr/bin/install -c -m 644 ./Lib/test/imghdrdata/python.bmp /usr/local/lib/python3.10/test/imghdrdata
#7 204.6 /usr/bin/install -c -m 644 ./Lib/test/imghdrdata/python.exr /usr/local/lib/python3.10/test/imghdrdata
#7 204.6 /usr/bin/install -c -m 644 ./Lib/test/imghdrdata/python.gif /usr/local/lib/python3.10/test/imghdrdata
#7 204.6 /usr/bin/install -c -m 644 ./Lib/test/imghdrdata/python.jpg /usr/local/lib/python3.10/test/imghdrdata
#7 204.6 /usr/bin/install -c -m 644 ./Lib/test/imghdrdata/python.pbm /usr/local/lib/python3.10/test/imghdrdata
#7 204.6 /usr/bin/install -c -m 644 ./Lib/test/imghdrdata/python.pgm /usr/local/lib/python3.10/test/imghdrdata
#7 204.6 /usr/bin/install -c -m 644 ./Lib/test/imghdrdata/python.png /usr/local/lib/python3.10/test/imghdrdata
#7 204.6 /usr/bin/install -c -m 644 ./Lib/test/imghdrdata/python.ppm /usr/local/lib/python3.10/test/imghdrdata
#7 204.6 /usr/bin/install -c -m 644 ./Lib/test/imghdrdata/python.ras /usr/local/lib/python3.10/test/imghdrdata
#7 204.6 /usr/bin/install -c -m 644 ./Lib/test/imghdrdata/python.sgi /usr/local/lib/python3.10/test/imghdrdata
#7 204.6 /usr/bin/install -c -m 644 ./Lib/test/imghdrdata/python.tiff /usr/local/lib/python3.10/test/imghdrdata
#7 204.6 /usr/bin/install -c -m 644 ./Lib/test/imghdrdata/python.webp /usr/local/lib/python3.10/test/imghdrdata
#7 204.6 /usr/bin/install -c -m 644 ./Lib/test/imghdrdata/python.xbm /usr/local/lib/python3.10/test/imghdrdata
#7 204.6 /usr/bin/install -c -m 644 ./Lib/test/libregrtest/__init__.py /usr/local/lib/python3.10/test/libregrtest
#7 204.6 /usr/bin/install -c -m 644 ./Lib/test/libregrtest/cmdline.py /usr/local/lib/python3.10/test/libregrtest
#7 204.6 /usr/bin/install -c -m 644 ./Lib/test/libregrtest/main.py /usr/local/lib/python3.10/test/libregrtest
#7 204.6 /usr/bin/install -c -m 644 ./Lib/test/libregrtest/pgo.py /usr/local/lib/python3.10/test/libregrtest
#7 204.6 /usr/bin/install -c -m 644 ./Lib/test/libregrtest/refleak.py /usr/local/lib/python3.10/test/libregrtest
#7 204.6 /usr/bin/install -c -m 644 ./Lib/test/libregrtest/runtest.py /usr/local/lib/python3.10/test/libregrtest
#7 204.6 /usr/bin/install -c -m 644 ./Lib/test/libregrtest/runtest_mp.py /usr/local/lib/python3.10/test/libregrtest
#7 204.6 /usr/bin/install -c -m 644 ./Lib/test/libregrtest/save_env.py /usr/local/lib/python3.10/test/libregrtest
#7 204.6 /usr/bin/install -c -m 644 ./Lib/test/libregrtest/setup.py /usr/local/lib/python3.10/test/libregrtest
#7 204.6 /usr/bin/install -c -m 644 ./Lib/test/libregrtest/utils.py /usr/local/lib/python3.10/test/libregrtest
#7 204.6 /usr/bin/install -c -m 644 ./Lib/test/libregrtest/win_utils.py /usr/local/lib/python3.10/test/libregrtest
#7 204.6 /usr/bin/install -c -m 644 ./Lib/test/sndhdrdata/README /usr/local/lib/python3.10/test/sndhdrdata
#7 204.6 /usr/bin/install -c -m 644 ./Lib/test/sndhdrdata/sndhdr.8svx /usr/local/lib/python3.10/test/sndhdrdata
#7 204.6 /usr/bin/install -c -m 644 ./Lib/test/sndhdrdata/sndhdr.aifc /usr/local/lib/python3.10/test/sndhdrdata
#7 204.6 /usr/bin/install -c -m 644 ./Lib/test/sndhdrdata/sndhdr.aiff /usr/local/lib/python3.10/test/sndhdrdata
#7 204.6 /usr/bin/install -c -m 644 ./Lib/test/sndhdrdata/sndhdr.au /usr/local/lib/python3.10/test/sndhdrdata
#7 204.6 /usr/bin/install -c -m 644 ./Lib/test/sndhdrdata/sndhdr.hcom /usr/local/lib/python3.10/test/sndhdrdata
#7 204.6 /usr/bin/install -c -m 644 ./Lib/test/sndhdrdata/sndhdr.sndt /usr/local/lib/python3.10/test/sndhdrdata
#7 204.6 /usr/bin/install -c -m 644 ./Lib/test/sndhdrdata/sndhdr.voc /usr/local/lib/python3.10/test/sndhdrdata
#7 204.6 /usr/bin/install -c -m 644 ./Lib/test/sndhdrdata/sndhdr.wav /usr/local/lib/python3.10/test/sndhdrdata
#7 204.6 /usr/bin/install -c -m 644 ./Lib/test/subprocessdata/fd_status.py /usr/local/lib/python3.10/test/subprocessdata
#7 204.6 /usr/bin/install -c -m 644 ./Lib/test/subprocessdata/input_reader.py /usr/local/lib/python3.10/test/subprocessdata
#7 204.6 /usr/bin/install -c -m 644 ./Lib/test/subprocessdata/qcat.py /usr/local/lib/python3.10/test/subprocessdata
#7 204.6 /usr/bin/install -c -m 644 ./Lib/test/subprocessdata/qgrep.py /usr/local/lib/python3.10/test/subprocessdata
#7 204.6 /usr/bin/install -c -m 644 ./Lib/test/subprocessdata/sigchild_ignore.py /usr/local/lib/python3.10/test/subprocessdata
#7 204.6 /usr/bin/install -c -m 644 ./Lib/test/support/__init__.py /usr/local/lib/python3.10/test/support
#7 204.6 /usr/bin/install -c -m 644 ./Lib/test/support/bytecode_helper.py /usr/local/lib/python3.10/test/support
#7 204.6 /usr/bin/install -c -m 644 ./Lib/test/support/hashlib_helper.py /usr/local/lib/python3.10/test/support
#7 204.6 /usr/bin/install -c -m 644 ./Lib/test/support/import_helper.py /usr/local/lib/python3.10/test/support
#7 204.6 /usr/bin/install -c -m 644 ./Lib/test/support/interpreters.py /usr/local/lib/python3.10/test/support
#7 204.6 /usr/bin/install -c -m 644 ./Lib/test/support/logging_helper.py /usr/local/lib/python3.10/test/support
#7 204.6 /usr/bin/install -c -m 644 ./Lib/test/support/os_helper.py /usr/local/lib/python3.10/test/support
#7 204.6 /usr/bin/install -c -m 644 ./Lib/test/support/script_helper.py /usr/local/lib/python3.10/test/support
#7 204.6 /usr/bin/install -c -m 644 ./Lib/test/support/socket_helper.py /usr/local/lib/python3.10/test/support
#7 204.6 /usr/bin/install -c -m 644 ./Lib/test/support/testresult.py /usr/local/lib/python3.10/test/support
#7 204.6 /usr/bin/install -c -m 644 ./Lib/test/support/threading_helper.py /usr/local/lib/python3.10/test/support
#7 204.6 /usr/bin/install -c -m 644 ./Lib/test/support/warnings_helper.py /usr/local/lib/python3.10/test/support
#7 204.6 /usr/bin/install -c -m 644 ./Lib/test/test_asyncio/__init__.py /usr/local/lib/python3.10/test/test_asyncio
#7 204.6 /usr/bin/install -c -m 644 ./Lib/test/test_asyncio/__main__.py /usr/local/lib/python3.10/test/test_asyncio
#7 204.6 /usr/bin/install -c -m 644 ./Lib/test/test_asyncio/echo.py /usr/local/lib/python3.10/test/test_asyncio
#7 204.6 /usr/bin/install -c -m 644 ./Lib/test/test_asyncio/echo2.py /usr/local/lib/python3.10/test/test_asyncio
#7 204.6 /usr/bin/install -c -m 644 ./Lib/test/test_asyncio/echo3.py /usr/local/lib/python3.10/test/test_asyncio
#7 204.6 /usr/bin/install -c -m 644 ./Lib/test/test_asyncio/functional.py /usr/local/lib/python3.10/test/test_asyncio
#7 204.6 /usr/bin/install -c -m 644 ./Lib/test/test_asyncio/test_base_events.py /usr/local/lib/python3.10/test/test_asyncio
#7 204.6 /usr/bin/install -c -m 644 ./Lib/test/test_asyncio/test_buffered_proto.py /usr/local/lib/python3.10/test/test_asyncio
#7 204.6 /usr/bin/install -c -m 644 ./Lib/test/test_asyncio/test_context.py /usr/local/lib/python3.10/test/test_asyncio
#7 204.6 /usr/bin/install -c -m 644 ./Lib/test/test_asyncio/test_events.py /usr/local/lib/python3.10/test/test_asyncio
#7 204.6 /usr/bin/install -c -m 644 ./Lib/test/test_asyncio/test_futures.py /usr/local/lib/python3.10/test/test_asyncio
#7 204.6 /usr/bin/install -c -m 644 ./Lib/test/test_asyncio/test_futures2.py /usr/local/lib/python3.10/test/test_asyncio
#7 204.6 /usr/bin/install -c -m 644 ./Lib/test/test_asyncio/test_locks.py /usr/local/lib/python3.10/test/test_asyncio
#7 204.6 /usr/bin/install -c -m 644 ./Lib/test/test_asyncio/test_pep492.py /usr/local/lib/python3.10/test/test_asyncio
#7 204.7 /usr/bin/install -c -m 644 ./Lib/test/test_asyncio/test_proactor_events.py /usr/local/lib/python3.10/test/test_asyncio
#7 204.7 /usr/bin/install -c -m 644 ./Lib/test/test_asyncio/test_protocols.py /usr/local/lib/python3.10/test/test_asyncio
#7 204.7 /usr/bin/install -c -m 644 ./Lib/test/test_asyncio/test_queues.py /usr/local/lib/python3.10/test/test_asyncio
#7 204.7 /usr/bin/install -c -m 644 ./Lib/test/test_asyncio/test_runners.py /usr/local/lib/python3.10/test/test_asyncio
#7 204.7 /usr/bin/install -c -m 644 ./Lib/test/test_asyncio/test_selector_events.py /usr/local/lib/python3.10/test/test_asyncio
#7 204.7 /usr/bin/install -c -m 644 ./Lib/test/test_asyncio/test_sendfile.py /usr/local/lib/python3.10/test/test_asyncio
#7 204.7 /usr/bin/install -c -m 644 ./Lib/test/test_asyncio/test_server.py /usr/local/lib/python3.10/test/test_asyncio
#7 204.7 /usr/bin/install -c -m 644 ./Lib/test/test_asyncio/test_sock_lowlevel.py /usr/local/lib/python3.10/test/test_asyncio
#7 204.7 /usr/bin/install -c -m 644 ./Lib/test/test_asyncio/test_sslproto.py /usr/local/lib/python3.10/test/test_asyncio
#7 204.7 /usr/bin/install -c -m 644 ./Lib/test/test_asyncio/test_streams.py /usr/local/lib/python3.10/test/test_asyncio
#7 204.7 /usr/bin/install -c -m 644 ./Lib/test/test_asyncio/test_subprocess.py /usr/local/lib/python3.10/test/test_asyncio
#7 204.7 /usr/bin/install -c -m 644 ./Lib/test/test_asyncio/test_tasks.py /usr/local/lib/python3.10/test/test_asyncio
#7 204.7 /usr/bin/install -c -m 644 ./Lib/test/test_asyncio/test_threads.py /usr/local/lib/python3.10/test/test_asyncio
#7 204.7 /usr/bin/install -c -m 644 ./Lib/test/test_asyncio/test_transports.py /usr/local/lib/python3.10/test/test_asyncio
#7 204.7 /usr/bin/install -c -m 644 ./Lib/test/test_asyncio/test_unix_events.py /usr/local/lib/python3.10/test/test_asyncio
#7 204.7 /usr/bin/install -c -m 644 ./Lib/test/test_asyncio/test_waitfor.py /usr/local/lib/python3.10/test/test_asyncio
#7 204.7 /usr/bin/install -c -m 644 ./Lib/test/test_asyncio/test_windows_events.py /usr/local/lib/python3.10/test/test_asyncio
#7 204.7 /usr/bin/install -c -m 644 ./Lib/test/test_asyncio/test_windows_utils.py /usr/local/lib/python3.10/test/test_asyncio
#7 204.7 /usr/bin/install -c -m 644 ./Lib/test/test_asyncio/utils.py /usr/local/lib/python3.10/test/test_asyncio
#7 204.7 /usr/bin/install -c -m 644 ./Lib/test/test_email/__init__.py /usr/local/lib/python3.10/test/test_email
#7 204.7 /usr/bin/install -c -m 644 ./Lib/test/test_email/__main__.py /usr/local/lib/python3.10/test/test_email
#7 204.7 /usr/bin/install -c -m 644 ./Lib/test/test_email/test__encoded_words.py /usr/local/lib/python3.10/test/test_email
#7 204.7 /usr/bin/install -c -m 644 ./Lib/test/test_email/test__header_value_parser.py /usr/local/lib/python3.10/test/test_email
#7 204.7 /usr/bin/install -c -m 644 ./Lib/test/test_email/test_asian_codecs.py /usr/local/lib/python3.10/test/test_email
#7 204.7 /usr/bin/install -c -m 644 ./Lib/test/test_email/test_contentmanager.py /usr/local/lib/python3.10/test/test_email
#7 204.7 /usr/bin/install -c -m 644 ./Lib/test/test_email/test_defect_handling.py /usr/local/lib/python3.10/test/test_email
#7 204.7 /usr/bin/install -c -m 644 ./Lib/test/test_email/test_email.py /usr/local/lib/python3.10/test/test_email
#7 204.7 /usr/bin/install -c -m 644 ./Lib/test/test_email/test_generator.py /usr/local/lib/python3.10/test/test_email
#7 204.7 /usr/bin/install -c -m 644 ./Lib/test/test_email/test_headerregistry.py /usr/local/lib/python3.10/test/test_email
#7 204.7 /usr/bin/install -c -m 644 ./Lib/test/test_email/test_inversion.py /usr/local/lib/python3.10/test/test_email
#7 204.7 /usr/bin/install -c -m 644 ./Lib/test/test_email/test_message.py /usr/local/lib/python3.10/test/test_email
#7 204.7 /usr/bin/install -c -m 644 ./Lib/test/test_email/test_parser.py /usr/local/lib/python3.10/test/test_email
#7 204.7 /usr/bin/install -c -m 644 ./Lib/test/test_email/test_pickleable.py /usr/local/lib/python3.10/test/test_email
#7 204.7 /usr/bin/install -c -m 644 ./Lib/test/test_email/test_policy.py /usr/local/lib/python3.10/test/test_email
#7 204.7 /usr/bin/install -c -m 644 ./Lib/test/test_email/test_utils.py /usr/local/lib/python3.10/test/test_email
#7 204.7 /usr/bin/install -c -m 644 ./Lib/test/test_email/torture_test.py /usr/local/lib/python3.10/test/test_email
#7 204.7 /usr/bin/install -c -m 644 ./Lib/test/test_email/data/PyBanner048.gif /usr/local/lib/python3.10/test/test_email/data
#7 204.7 /usr/bin/install -c -m 644 ./Lib/test/test_email/data/audiotest.au /usr/local/lib/python3.10/test/test_email/data
#7 204.7 /usr/bin/install -c -m 644 ./Lib/test/test_email/data/msg_01.txt /usr/local/lib/python3.10/test/test_email/data
#7 204.7 /usr/bin/install -c -m 644 ./Lib/test/test_email/data/msg_02.txt /usr/local/lib/python3.10/test/test_email/data
#7 204.7 /usr/bin/install -c -m 644 ./Lib/test/test_email/data/msg_03.txt /usr/local/lib/python3.10/test/test_email/data
#7 204.7 /usr/bin/install -c -m 644 ./Lib/test/test_email/data/msg_04.txt /usr/local/lib/python3.10/test/test_email/data
#7 204.7 /usr/bin/install -c -m 644 ./Lib/test/test_email/data/msg_05.txt /usr/local/lib/python3.10/test/test_email/data
#7 204.7 /usr/bin/install -c -m 644 ./Lib/test/test_email/data/msg_06.txt /usr/local/lib/python3.10/test/test_email/data
#7 204.7 /usr/bin/install -c -m 644 ./Lib/test/test_email/data/msg_07.txt /usr/local/lib/python3.10/test/test_email/data
#7 204.7 /usr/bin/install -c -m 644 ./Lib/test/test_email/data/msg_08.txt /usr/local/lib/python3.10/test/test_email/data
#7 204.7 /usr/bin/install -c -m 644 ./Lib/test/test_email/data/msg_09.txt /usr/local/lib/python3.10/test/test_email/data
#7 204.7 /usr/bin/install -c -m 644 ./Lib/test/test_email/data/msg_10.txt /usr/local/lib/python3.10/test/test_email/data
#7 204.7 /usr/bin/install -c -m 644 ./Lib/test/test_email/data/msg_11.txt /usr/local/lib/python3.10/test/test_email/data
#7 204.7 /usr/bin/install -c -m 644 ./Lib/test/test_email/data/msg_12.txt /usr/local/lib/python3.10/test/test_email/data
#7 204.7 /usr/bin/install -c -m 644 ./Lib/test/test_email/data/msg_12a.txt /usr/local/lib/python3.10/test/test_email/data
#7 204.7 /usr/bin/install -c -m 644 ./Lib/test/test_email/data/msg_13.txt /usr/local/lib/python3.10/test/test_email/data
#7 204.7 /usr/bin/install -c -m 644 ./Lib/test/test_email/data/msg_14.txt /usr/local/lib/python3.10/test/test_email/data
#7 204.7 /usr/bin/install -c -m 644 ./Lib/test/test_email/data/msg_15.txt /usr/local/lib/python3.10/test/test_email/data
#7 204.7 /usr/bin/install -c -m 644 ./Lib/test/test_email/data/msg_16.txt /usr/local/lib/python3.10/test/test_email/data
#7 204.7 /usr/bin/install -c -m 644 ./Lib/test/test_email/data/msg_17.txt /usr/local/lib/python3.10/test/test_email/data
#7 204.7 /usr/bin/install -c -m 644 ./Lib/test/test_email/data/msg_18.txt /usr/local/lib/python3.10/test/test_email/data
#7 204.7 /usr/bin/install -c -m 644 ./Lib/test/test_email/data/msg_19.txt /usr/local/lib/python3.10/test/test_email/data
#7 204.7 /usr/bin/install -c -m 644 ./Lib/test/test_email/data/msg_20.txt /usr/local/lib/python3.10/test/test_email/data
#7 204.7 /usr/bin/install -c -m 644 ./Lib/test/test_email/data/msg_21.txt /usr/local/lib/python3.10/test/test_email/data
#7 204.7 /usr/bin/install -c -m 644 ./Lib/test/test_email/data/msg_22.txt /usr/local/lib/python3.10/test/test_email/data
#7 204.7 /usr/bin/install -c -m 644 ./Lib/test/test_email/data/msg_23.txt /usr/local/lib/python3.10/test/test_email/data
#7 204.7 /usr/bin/install -c -m 644 ./Lib/test/test_email/data/msg_24.txt /usr/local/lib/python3.10/test/test_email/data
#7 204.7 /usr/bin/install -c -m 644 ./Lib/test/test_email/data/msg_25.txt /usr/local/lib/python3.10/test/test_email/data
#7 204.7 /usr/bin/install -c -m 644 ./Lib/test/test_email/data/msg_26.txt /usr/local/lib/python3.10/test/test_email/data
#7 204.7 /usr/bin/install -c -m 644 ./Lib/test/test_email/data/msg_27.txt /usr/local/lib/python3.10/test/test_email/data
#7 204.7 /usr/bin/install -c -m 644 ./Lib/test/test_email/data/msg_28.txt /usr/local/lib/python3.10/test/test_email/data
#7 204.7 /usr/bin/install -c -m 644 ./Lib/test/test_email/data/msg_29.txt /usr/local/lib/python3.10/test/test_email/data
#7 204.7 /usr/bin/install -c -m 644 ./Lib/test/test_email/data/msg_30.txt /usr/local/lib/python3.10/test/test_email/data
#7 204.7 /usr/bin/install -c -m 644 ./Lib/test/test_email/data/msg_31.txt /usr/local/lib/python3.10/test/test_email/data
#7 204.7 /usr/bin/install -c -m 644 ./Lib/test/test_email/data/msg_32.txt /usr/local/lib/python3.10/test/test_email/data
#7 204.7 /usr/bin/install -c -m 644 ./Lib/test/test_email/data/msg_33.txt /usr/local/lib/python3.10/test/test_email/data
#7 204.7 /usr/bin/install -c -m 644 ./Lib/test/test_email/data/msg_34.txt /usr/local/lib/python3.10/test/test_email/data
#7 204.7 /usr/bin/install -c -m 644 ./Lib/test/test_email/data/msg_35.txt /usr/local/lib/python3.10/test/test_email/data
#7 204.7 /usr/bin/install -c -m 644 ./Lib/test/test_email/data/msg_36.txt /usr/local/lib/python3.10/test/test_email/data
#7 204.7 /usr/bin/install -c -m 644 ./Lib/test/test_email/data/msg_37.txt /usr/local/lib/python3.10/test/test_email/data
#7 204.7 /usr/bin/install -c -m 644 ./Lib/test/test_email/data/msg_38.txt /usr/local/lib/python3.10/test/test_email/data
#7 204.7 /usr/bin/install -c -m 644 ./Lib/test/test_email/data/msg_39.txt /usr/local/lib/python3.10/test/test_email/data
#7 204.7 /usr/bin/install -c -m 644 ./Lib/test/test_email/data/msg_40.txt /usr/local/lib/python3.10/test/test_email/data
#7 204.7 /usr/bin/install -c -m 644 ./Lib/test/test_email/data/msg_41.txt /usr/local/lib/python3.10/test/test_email/data
#7 204.7 /usr/bin/install -c -m 644 ./Lib/test/test_email/data/msg_42.txt /usr/local/lib/python3.10/test/test_email/data
#7 204.7 /usr/bin/install -c -m 644 ./Lib/test/test_email/data/msg_43.txt /usr/local/lib/python3.10/test/test_email/data
#7 204.7 /usr/bin/install -c -m 644 ./Lib/test/test_email/data/msg_44.txt /usr/local/lib/python3.10/test/test_email/data
#7 204.7 /usr/bin/install -c -m 644 ./Lib/test/test_email/data/msg_45.txt /usr/local/lib/python3.10/test/test_email/data
#7 204.7 /usr/bin/install -c -m 644 ./Lib/test/test_email/data/msg_46.txt /usr/local/lib/python3.10/test/test_email/data
#7 204.7 /usr/bin/install -c -m 644 ./Lib/test/test_import/__init__.py /usr/local/lib/python3.10/test/test_import
#7 204.7 /usr/bin/install -c -m 644 ./Lib/test/test_import/__main__.py /usr/local/lib/python3.10/test/test_import
#7 204.7 /usr/bin/install -c -m 644 ./Lib/test/test_import/data/circular_imports/basic.py /usr/local/lib/python3.10/test/test_import/data/circular_imports
#7 204.7 /usr/bin/install -c -m 644 ./Lib/test/test_import/data/circular_imports/basic2.py /usr/local/lib/python3.10/test/test_import/data/circular_imports
#7 204.7 /usr/bin/install -c -m 644 ./Lib/test/test_import/data/circular_imports/binding.py /usr/local/lib/python3.10/test/test_import/data/circular_imports
#7 204.7 /usr/bin/install -c -m 644 ./Lib/test/test_import/data/circular_imports/binding2.py /usr/local/lib/python3.10/test/test_import/data/circular_imports
#7 204.7 /usr/bin/install -c -m 644 ./Lib/test/test_import/data/circular_imports/from_cycle1.py /usr/local/lib/python3.10/test/test_import/data/circular_imports
#7 204.7 /usr/bin/install -c -m 644 ./Lib/test/test_import/data/circular_imports/from_cycle2.py /usr/local/lib/python3.10/test/test_import/data/circular_imports
#7 204.7 /usr/bin/install -c -m 644 ./Lib/test/test_import/data/circular_imports/indirect.py /usr/local/lib/python3.10/test/test_import/data/circular_imports
#7 204.7 /usr/bin/install -c -m 644 ./Lib/test/test_import/data/circular_imports/rebinding.py /usr/local/lib/python3.10/test/test_import/data/circular_imports
#7 204.7 /usr/bin/install -c -m 644 ./Lib/test/test_import/data/circular_imports/rebinding2.py /usr/local/lib/python3.10/test/test_import/data/circular_imports
#7 204.7 /usr/bin/install -c -m 644 ./Lib/test/test_import/data/circular_imports/source.py /usr/local/lib/python3.10/test/test_import/data/circular_imports
#7 204.7 /usr/bin/install -c -m 644 ./Lib/test/test_import/data/circular_imports/subpackage.py /usr/local/lib/python3.10/test/test_import/data/circular_imports
#7 204.7 /usr/bin/install -c -m 644 ./Lib/test/test_import/data/circular_imports/use.py /usr/local/lib/python3.10/test/test_import/data/circular_imports
#7 204.7 /usr/bin/install -c -m 644 ./Lib/test/test_import/data/circular_imports/util.py /usr/local/lib/python3.10/test/test_import/data/circular_imports
#7 204.7 /usr/bin/install -c -m 644 ./Lib/test/test_import/data/circular_imports/subpkg/subpackage2.py /usr/local/lib/python3.10/test/test_import/data/circular_imports/subpkg
#7 204.7 /usr/bin/install -c -m 644 ./Lib/test/test_import/data/circular_imports/subpkg/util.py /usr/local/lib/python3.10/test/test_import/data/circular_imports/subpkg
#7 204.7 /usr/bin/install -c -m 644 ./Lib/test/test_import/data/package/__init__.py /usr/local/lib/python3.10/test/test_import/data/package
#7 204.7 /usr/bin/install -c -m 644 ./Lib/test/test_import/data/package/submodule.py /usr/local/lib/python3.10/test/test_import/data/package
#7 204.7 /usr/bin/install -c -m 644 ./Lib/test/test_import/data/package2/submodule1.py /usr/local/lib/python3.10/test/test_import/data/package2
#7 204.7 /usr/bin/install -c -m 644 ./Lib/test/test_import/data/package2/submodule2.py /usr/local/lib/python3.10/test/test_import/data/package2
#7 204.7 /usr/bin/install -c -m 644 ./Lib/test/test_import/data/unwritable/__init__.py /usr/local/lib/python3.10/test/test_import/data/unwritable
#7 204.7 /usr/bin/install -c -m 644 ./Lib/test/test_import/data/unwritable/x.py /usr/local/lib/python3.10/test/test_import/data/unwritable
#7 204.7 /usr/bin/install -c -m 644 ./Lib/test/test_importlib/__init__.py /usr/local/lib/python3.10/test/test_importlib
#7 204.7 /usr/bin/install -c -m 644 ./Lib/test/test_importlib/__main__.py /usr/local/lib/python3.10/test/test_importlib
#7 204.7 /usr/bin/install -c -m 644 ./Lib/test/test_importlib/abc.py /usr/local/lib/python3.10/test/test_importlib
#7 204.7 /usr/bin/install -c -m 644 ./Lib/test/test_importlib/fixtures.py /usr/local/lib/python3.10/test/test_importlib
#7 204.7 /usr/bin/install -c -m 644 ./Lib/test/test_importlib/stubs.py /usr/local/lib/python3.10/test/test_importlib
#7 204.7 /usr/bin/install -c -m 644 ./Lib/test/test_importlib/test_abc.py /usr/local/lib/python3.10/test/test_importlib
#7 204.7 /usr/bin/install -c -m 644 ./Lib/test/test_importlib/test_api.py /usr/local/lib/python3.10/test/test_importlib
#7 204.7 /usr/bin/install -c -m 644 ./Lib/test/test_importlib/test_files.py /usr/local/lib/python3.10/test/test_importlib
#7 204.7 /usr/bin/install -c -m 644 ./Lib/test/test_importlib/test_lazy.py /usr/local/lib/python3.10/test/test_importlib
#7 204.7 /usr/bin/install -c -m 644 ./Lib/test/test_importlib/test_locks.py /usr/local/lib/python3.10/test/test_importlib
#7 204.7 /usr/bin/install -c -m 644 ./Lib/test/test_importlib/test_main.py /usr/local/lib/python3.10/test/test_importlib
#7 204.7 /usr/bin/install -c -m 644 ./Lib/test/test_importlib/test_metadata_api.py /usr/local/lib/python3.10/test/test_importlib
#7 204.7 /usr/bin/install -c -m 644 ./Lib/test/test_importlib/test_namespace_pkgs.py /usr/local/lib/python3.10/test/test_importlib
#7 204.7 /usr/bin/install -c -m 644 ./Lib/test/test_importlib/test_open.py /usr/local/lib/python3.10/test/test_importlib
#7 204.7 /usr/bin/install -c -m 644 ./Lib/test/test_importlib/test_path.py /usr/local/lib/python3.10/test/test_importlib
#7 204.7 /usr/bin/install -c -m 644 ./Lib/test/test_importlib/test_pkg_import.py /usr/local/lib/python3.10/test/test_importlib
#7 204.7 /usr/bin/install -c -m 644 ./Lib/test/test_importlib/test_read.py /usr/local/lib/python3.10/test/test_importlib
#7 204.7 /usr/bin/install -c -m 644 ./Lib/test/test_importlib/test_reader.py /usr/local/lib/python3.10/test/test_importlib
#7 204.7 /usr/bin/install -c -m 644 ./Lib/test/test_importlib/test_resource.py /usr/local/lib/python3.10/test/test_importlib
#7 204.7 /usr/bin/install -c -m 644 ./Lib/test/test_importlib/test_spec.py /usr/local/lib/python3.10/test/test_importlib
#7 204.7 /usr/bin/install -c -m 644 ./Lib/test/test_importlib/test_threaded_import.py /usr/local/lib/python3.10/test/test_importlib
#7 204.7 /usr/bin/install -c -m 644 ./Lib/test/test_importlib/test_util.py /usr/local/lib/python3.10/test/test_importlib
#7 204.7 /usr/bin/install -c -m 644 ./Lib/test/test_importlib/test_windows.py /usr/local/lib/python3.10/test/test_importlib
#7 204.7 /usr/bin/install -c -m 644 ./Lib/test/test_importlib/test_zip.py /usr/local/lib/python3.10/test/test_importlib
#7 204.7 /usr/bin/install -c -m 644 ./Lib/test/test_importlib/threaded_import_hangers.py /usr/local/lib/python3.10/test/test_importlib
#7 204.7 /usr/bin/install -c ./Lib/test/test_importlib/update-zips.py /usr/local/lib/python3.10/test/test_importlib
#7 204.7 /usr/bin/install -c -m 644 ./Lib/test/test_importlib/util.py /usr/local/lib/python3.10/test/test_importlib
#7 204.7 /usr/bin/install -c -m 644 ./Lib/test/test_importlib/builtin/__init__.py /usr/local/lib/python3.10/test/test_importlib/builtin
#7 204.7 /usr/bin/install -c -m 644 ./Lib/test/test_importlib/builtin/__main__.py /usr/local/lib/python3.10/test/test_importlib/builtin
#7 204.7 /usr/bin/install -c -m 644 ./Lib/test/test_importlib/builtin/test_finder.py /usr/local/lib/python3.10/test/test_importlib/builtin
#7 204.7 /usr/bin/install -c -m 644 ./Lib/test/test_importlib/builtin/test_loader.py /usr/local/lib/python3.10/test/test_importlib/builtin
#7 204.7 /usr/bin/install -c -m 644 ./Lib/test/test_importlib/data/__init__.py /usr/local/lib/python3.10/test/test_importlib/data
#7 204.7 /usr/bin/install -c -m 644 ./Lib/test/test_importlib/data/example-21.12-py3-none-any.whl /usr/local/lib/python3.10/test/test_importlib/data
#7 204.7 /usr/bin/install -c -m 644 ./Lib/test/test_importlib/data/example-21.12-py3.6.egg /usr/local/lib/python3.10/test/test_importlib/data
#7 204.7 /usr/bin/install -c -m 644 ./Lib/test/test_importlib/data01/__init__.py /usr/local/lib/python3.10/test/test_importlib/data01
#7 204.7 /usr/bin/install -c -m 644 ./Lib/test/test_importlib/data01/binary.file /usr/local/lib/python3.10/test/test_importlib/data01
#7 204.7 /usr/bin/install -c -m 644 ./Lib/test/test_importlib/data01/utf-16.file /usr/local/lib/python3.10/test/test_importlib/data01
#7 204.7 /usr/bin/install -c -m 644 ./Lib/test/test_importlib/data01/utf-8.file /usr/local/lib/python3.10/test/test_importlib/data01
#7 204.7 /usr/bin/install -c -m 644 ./Lib/test/test_importlib/data01/subdirectory/__init__.py /usr/local/lib/python3.10/test/test_importlib/data01/subdirectory
#7 204.7 /usr/bin/install -c -m 644 ./Lib/test/test_importlib/data01/subdirectory/binary.file /usr/local/lib/python3.10/test/test_importlib/data01/subdirectory
#7 204.7 /usr/bin/install -c -m 644 ./Lib/test/test_importlib/data02/__init__.py /usr/local/lib/python3.10/test/test_importlib/data02
#7 204.7 /usr/bin/install -c -m 644 ./Lib/test/test_importlib/data02/one/__init__.py /usr/local/lib/python3.10/test/test_importlib/data02/one
#7 204.7 /usr/bin/install -c -m 644 ./Lib/test/test_importlib/data02/one/resource1.txt /usr/local/lib/python3.10/test/test_importlib/data02/one
#7 204.7 /usr/bin/install -c -m 644 ./Lib/test/test_importlib/data02/two/__init__.py /usr/local/lib/python3.10/test/test_importlib/data02/two
#7 204.7 /usr/bin/install -c -m 644 ./Lib/test/test_importlib/data02/two/resource2.txt /usr/local/lib/python3.10/test/test_importlib/data02/two
#7 204.8 /usr/bin/install -c -m 644 ./Lib/test/test_importlib/data03/__init__.py /usr/local/lib/python3.10/test/test_importlib/data03
#7 204.8 /usr/bin/install -c -m 644 ./Lib/test/test_importlib/data03/namespace/resource1.txt /usr/local/lib/python3.10/test/test_importlib/data03/namespace
#7 204.8 /usr/bin/install -c -m 644 ./Lib/test/test_importlib/data03/namespace/portion1/__init__.py /usr/local/lib/python3.10/test/test_importlib/data03/namespace/portion1
#7 204.8 /usr/bin/install -c -m 644 ./Lib/test/test_importlib/data03/namespace/portion2/__init__.py /usr/local/lib/python3.10/test/test_importlib/data03/namespace/portion2
#7 204.8 /usr/bin/install -c -m 644 ./Lib/test/test_importlib/extension/__init__.py /usr/local/lib/python3.10/test/test_importlib/extension
#7 204.8 /usr/bin/install -c -m 644 ./Lib/test/test_importlib/extension/__main__.py /usr/local/lib/python3.10/test/test_importlib/extension
#7 204.8 /usr/bin/install -c -m 644 ./Lib/test/test_importlib/extension/test_case_sensitivity.py /usr/local/lib/python3.10/test/test_importlib/extension
#7 204.8 /usr/bin/install -c -m 644 ./Lib/test/test_importlib/extension/test_finder.py /usr/local/lib/python3.10/test/test_importlib/extension
#7 204.8 /usr/bin/install -c -m 644 ./Lib/test/test_importlib/extension/test_loader.py /usr/local/lib/python3.10/test/test_importlib/extension
#7 204.8 /usr/bin/install -c -m 644 ./Lib/test/test_importlib/extension/test_path_hook.py /usr/local/lib/python3.10/test/test_importlib/extension
#7 204.8 /usr/bin/install -c -m 644 ./Lib/test/test_importlib/frozen/__init__.py /usr/local/lib/python3.10/test/test_importlib/frozen
#7 204.8 /usr/bin/install -c -m 644 ./Lib/test/test_importlib/frozen/__main__.py /usr/local/lib/python3.10/test/test_importlib/frozen
#7 204.8 /usr/bin/install -c -m 644 ./Lib/test/test_importlib/frozen/test_finder.py /usr/local/lib/python3.10/test/test_importlib/frozen
#7 204.8 /usr/bin/install -c -m 644 ./Lib/test/test_importlib/frozen/test_loader.py /usr/local/lib/python3.10/test/test_importlib/frozen
#7 204.8 /usr/bin/install -c -m 644 ./Lib/test/test_importlib/import_/__init__.py /usr/local/lib/python3.10/test/test_importlib/import_
#7 204.8 /usr/bin/install -c -m 644 ./Lib/test/test_importlib/import_/__main__.py /usr/local/lib/python3.10/test/test_importlib/import_
#7 204.8 /usr/bin/install -c -m 644 ./Lib/test/test_importlib/import_/test___loader__.py /usr/local/lib/python3.10/test/test_importlib/import_
#7 204.8 /usr/bin/install -c -m 644 ./Lib/test/test_importlib/import_/test___package__.py /usr/local/lib/python3.10/test/test_importlib/import_
#7 204.8 /usr/bin/install -c -m 644 ./Lib/test/test_importlib/import_/test_api.py /usr/local/lib/python3.10/test/test_importlib/import_
#7 204.8 /usr/bin/install -c -m 644 ./Lib/test/test_importlib/import_/test_caching.py /usr/local/lib/python3.10/test/test_importlib/import_
#7 204.8 /usr/bin/install -c -m 644 ./Lib/test/test_importlib/import_/test_fromlist.py /usr/local/lib/python3.10/test/test_importlib/import_
#7 204.8 /usr/bin/install -c -m 644 ./Lib/test/test_importlib/import_/test_meta_path.py /usr/local/lib/python3.10/test/test_importlib/import_
#7 204.8 /usr/bin/install -c -m 644 ./Lib/test/test_importlib/import_/test_packages.py /usr/local/lib/python3.10/test/test_importlib/import_
#7 204.8 /usr/bin/install -c -m 644 ./Lib/test/test_importlib/import_/test_path.py /usr/local/lib/python3.10/test/test_importlib/import_
#7 204.8 /usr/bin/install -c -m 644 ./Lib/test/test_importlib/import_/test_relative_imports.py /usr/local/lib/python3.10/test/test_importlib/import_
#7 204.8 /usr/bin/install -c -m 644 ./Lib/test/test_importlib/namespace_pkgs/missing_directory.zip /usr/local/lib/python3.10/test/test_importlib/namespace_pkgs
#7 204.8 /usr/bin/install -c -m 644 ./Lib/test/test_importlib/namespace_pkgs/nested_portion1.zip /usr/local/lib/python3.10/test/test_importlib/namespace_pkgs
#7 204.8 /usr/bin/install -c -m 644 ./Lib/test/test_importlib/namespace_pkgs/top_level_portion1.zip /usr/local/lib/python3.10/test/test_importlib/namespace_pkgs
#7 204.8 /usr/bin/install -c -m 644 ./Lib/test/test_importlib/namespace_pkgs/both_portions/foo/one.py /usr/local/lib/python3.10/test/test_importlib/namespace_pkgs/both_portions/foo
#7 204.8 /usr/bin/install -c -m 644 ./Lib/test/test_importlib/namespace_pkgs/both_portions/foo/two.py /usr/local/lib/python3.10/test/test_importlib/namespace_pkgs/both_portions/foo
#7 204.8 /usr/bin/install -c -m 644 ./Lib/test/test_importlib/namespace_pkgs/module_and_namespace_package/a_test.py /usr/local/lib/python3.10/test/test_importlib/namespace_pkgs/module_and_namespace_package
#7 204.8 /usr/bin/install -c -m 644 ./Lib/test/test_importlib/namespace_pkgs/module_and_namespace_package/a_test/empty /usr/local/lib/python3.10/test/test_importlib/namespace_pkgs/module_and_namespace_package/a_test
#7 204.8 /usr/bin/install -c -m 644 ./Lib/test/test_importlib/namespace_pkgs/not_a_namespace_pkg/foo/__init__.py /usr/local/lib/python3.10/test/test_importlib/namespace_pkgs/not_a_namespace_pkg/foo
#7 204.8 /usr/bin/install -c -m 644 ./Lib/test/test_importlib/namespace_pkgs/not_a_namespace_pkg/foo/one.py /usr/local/lib/python3.10/test/test_importlib/namespace_pkgs/not_a_namespace_pkg/foo
#7 204.8 /usr/bin/install -c -m 644 ./Lib/test/test_importlib/namespace_pkgs/portion1/foo/one.py /usr/local/lib/python3.10/test/test_importlib/namespace_pkgs/portion1/foo
#7 204.8 /usr/bin/install -c -m 644 ./Lib/test/test_importlib/namespace_pkgs/portion2/foo/two.py /usr/local/lib/python3.10/test/test_importlib/namespace_pkgs/portion2/foo
#7 204.8 /usr/bin/install -c -m 644 ./Lib/test/test_importlib/namespace_pkgs/project1/parent/child/one.py /usr/local/lib/python3.10/test/test_importlib/namespace_pkgs/project1/parent/child
#7 204.8 /usr/bin/install -c -m 644 ./Lib/test/test_importlib/namespace_pkgs/project2/parent/child/two.py /usr/local/lib/python3.10/test/test_importlib/namespace_pkgs/project2/parent/child
#7 204.8 /usr/bin/install -c -m 644 ./Lib/test/test_importlib/namespace_pkgs/project3/parent/child/three.py /usr/local/lib/python3.10/test/test_importlib/namespace_pkgs/project3/parent/child
#7 204.8 /usr/bin/install -c -m 644 ./Lib/test/test_importlib/namespacedata01/binary.file /usr/local/lib/python3.10/test/test_importlib/namespacedata01
#7 204.8 /usr/bin/install -c -m 644 ./Lib/test/test_importlib/namespacedata01/utf-16.file /usr/local/lib/python3.10/test/test_importlib/namespacedata01
#7 204.8 /usr/bin/install -c -m 644 ./Lib/test/test_importlib/namespacedata01/utf-8.file /usr/local/lib/python3.10/test/test_importlib/namespacedata01
#7 204.8 /usr/bin/install -c -m 644 ./Lib/test/test_importlib/partial/cfimport.py /usr/local/lib/python3.10/test/test_importlib/partial
#7 204.8 /usr/bin/install -c -m 644 ./Lib/test/test_importlib/partial/pool_in_threads.py /usr/local/lib/python3.10/test/test_importlib/partial
#7 204.8 /usr/bin/install -c -m 644 ./Lib/test/test_importlib/source/__init__.py /usr/local/lib/python3.10/test/test_importlib/source
#7 204.8 /usr/bin/install -c -m 644 ./Lib/test/test_importlib/source/__main__.py /usr/local/lib/python3.10/test/test_importlib/source
#7 204.8 /usr/bin/install -c -m 644 ./Lib/test/test_importlib/source/test_case_sensitivity.py /usr/local/lib/python3.10/test/test_importlib/source
#7 204.8 /usr/bin/install -c -m 644 ./Lib/test/test_importlib/source/test_file_loader.py /usr/local/lib/python3.10/test/test_importlib/source
#7 204.8 /usr/bin/install -c -m 644 ./Lib/test/test_importlib/source/test_finder.py /usr/local/lib/python3.10/test/test_importlib/source
#7 204.8 /usr/bin/install -c -m 644 ./Lib/test/test_importlib/source/test_path_hook.py /usr/local/lib/python3.10/test/test_importlib/source
#7 204.8 /usr/bin/install -c -m 644 ./Lib/test/test_importlib/source/test_source_encoding.py /usr/local/lib/python3.10/test/test_importlib/source
#7 204.8 /usr/bin/install -c -m 644 ./Lib/test/test_importlib/zipdata01/__init__.py /usr/local/lib/python3.10/test/test_importlib/zipdata01
#7 204.8 /usr/bin/install -c -m 644 ./Lib/test/test_importlib/zipdata01/ziptestdata.zip /usr/local/lib/python3.10/test/test_importlib/zipdata01
#7 204.8 /usr/bin/install -c -m 644 ./Lib/test/test_importlib/zipdata02/__init__.py /usr/local/lib/python3.10/test/test_importlib/zipdata02
#7 204.8 /usr/bin/install -c -m 644 ./Lib/test/test_importlib/zipdata02/ziptestdata.zip /usr/local/lib/python3.10/test/test_importlib/zipdata02
#7 204.8 /usr/bin/install -c -m 644 ./Lib/test/test_json/__init__.py /usr/local/lib/python3.10/test/test_json
#7 204.8 /usr/bin/install -c -m 644 ./Lib/test/test_json/__main__.py /usr/local/lib/python3.10/test/test_json
#7 204.8 /usr/bin/install -c -m 644 ./Lib/test/test_json/test_decode.py /usr/local/lib/python3.10/test/test_json
#7 204.8 /usr/bin/install -c -m 644 ./Lib/test/test_json/test_default.py /usr/local/lib/python3.10/test/test_json
#7 204.8 /usr/bin/install -c -m 644 ./Lib/test/test_json/test_dump.py /usr/local/lib/python3.10/test/test_json
#7 204.8 /usr/bin/install -c -m 644 ./Lib/test/test_json/test_encode_basestring_ascii.py /usr/local/lib/python3.10/test/test_json
#7 204.8 /usr/bin/install -c -m 644 ./Lib/test/test_json/test_enum.py /usr/local/lib/python3.10/test/test_json
#7 204.8 /usr/bin/install -c -m 644 ./Lib/test/test_json/test_fail.py /usr/local/lib/python3.10/test/test_json
#7 204.8 /usr/bin/install -c -m 644 ./Lib/test/test_json/test_float.py /usr/local/lib/python3.10/test/test_json
#7 204.8 /usr/bin/install -c -m 644 ./Lib/test/test_json/test_indent.py /usr/local/lib/python3.10/test/test_json
#7 204.8 /usr/bin/install -c -m 644 ./Lib/test/test_json/test_pass1.py /usr/local/lib/python3.10/test/test_json
#7 204.8 /usr/bin/install -c -m 644 ./Lib/test/test_json/test_pass2.py /usr/local/lib/python3.10/test/test_json
#7 204.8 /usr/bin/install -c -m 644 ./Lib/test/test_json/test_pass3.py /usr/local/lib/python3.10/test/test_json
#7 204.8 /usr/bin/install -c -m 644 ./Lib/test/test_json/test_recursion.py /usr/local/lib/python3.10/test/test_json
#7 204.8 /usr/bin/install -c -m 644 ./Lib/test/test_json/test_scanstring.py /usr/local/lib/python3.10/test/test_json
#7 204.8 /usr/bin/install -c -m 644 ./Lib/test/test_json/test_separators.py /usr/local/lib/python3.10/test/test_json
#7 204.8 /usr/bin/install -c -m 644 ./Lib/test/test_json/test_speedups.py /usr/local/lib/python3.10/test/test_json
#7 204.8 /usr/bin/install -c -m 644 ./Lib/test/test_json/test_tool.py /usr/local/lib/python3.10/test/test_json
#7 204.8 /usr/bin/install -c -m 644 ./Lib/test/test_json/test_unicode.py /usr/local/lib/python3.10/test/test_json
#7 204.8 /usr/bin/install -c -m 644 ./Lib/test/test_peg_generator/__init__.py /usr/local/lib/python3.10/test/test_peg_generator
#7 204.8 /usr/bin/install -c -m 644 ./Lib/test/test_peg_generator/__main__.py /usr/local/lib/python3.10/test/test_peg_generator
#7 204.8 /usr/bin/install -c -m 644 ./Lib/test/test_peg_generator/test_c_parser.py /usr/local/lib/python3.10/test/test_peg_generator
#7 204.8 /usr/bin/install -c -m 644 ./Lib/test/test_peg_generator/test_first_sets.py /usr/local/lib/python3.10/test/test_peg_generator
#7 204.8 /usr/bin/install -c -m 644 ./Lib/test/test_peg_generator/test_grammar_validator.py /usr/local/lib/python3.10/test/test_peg_generator
#7 204.8 /usr/bin/install -c -m 644 ./Lib/test/test_peg_generator/test_pegen.py /usr/local/lib/python3.10/test/test_peg_generator
#7 204.8 /usr/bin/install -c -m 644 ./Lib/test/test_tools/__init__.py /usr/local/lib/python3.10/test/test_tools
#7 204.8 /usr/bin/install -c -m 644 ./Lib/test/test_tools/__main__.py /usr/local/lib/python3.10/test/test_tools
#7 204.8 /usr/bin/install -c -m 644 ./Lib/test/test_tools/test_fixcid.py /usr/local/lib/python3.10/test/test_tools
#7 204.8 /usr/bin/install -c -m 644 ./Lib/test/test_tools/test_gprof2html.py /usr/local/lib/python3.10/test/test_tools
#7 204.8 /usr/bin/install -c -m 644 ./Lib/test/test_tools/test_i18n.py /usr/local/lib/python3.10/test/test_tools
#7 204.8 /usr/bin/install -c -m 644 ./Lib/test/test_tools/test_lll.py /usr/local/lib/python3.10/test/test_tools
#7 204.8 /usr/bin/install -c -m 644 ./Lib/test/test_tools/test_md5sum.py /usr/local/lib/python3.10/test/test_tools
#7 204.8 /usr/bin/install -c -m 644 ./Lib/test/test_tools/test_pathfix.py /usr/local/lib/python3.10/test/test_tools
#7 204.8 /usr/bin/install -c -m 644 ./Lib/test/test_tools/test_pdeps.py /usr/local/lib/python3.10/test/test_tools
#7 204.8 /usr/bin/install -c -m 644 ./Lib/test/test_tools/test_pindent.py /usr/local/lib/python3.10/test/test_tools
#7 204.8 /usr/bin/install -c -m 644 ./Lib/test/test_tools/test_reindent.py /usr/local/lib/python3.10/test/test_tools
#7 204.8 /usr/bin/install -c -m 644 ./Lib/test/test_tools/test_sundry.py /usr/local/lib/python3.10/test/test_tools
#7 204.8 /usr/bin/install -c -m 644 ./Lib/test/test_warnings/__init__.py /usr/local/lib/python3.10/test/test_warnings
#7 204.8 /usr/bin/install -c -m 644 ./Lib/test/test_warnings/__main__.py /usr/local/lib/python3.10/test/test_warnings
#7 204.8 /usr/bin/install -c -m 644 ./Lib/test/test_warnings/data/import_warning.py /usr/local/lib/python3.10/test/test_warnings/data
#7 204.8 /usr/bin/install -c -m 644 ./Lib/test/test_warnings/data/stacklevel.py /usr/local/lib/python3.10/test/test_warnings/data
#7 204.8 /usr/bin/install -c -m 644 ./Lib/test/test_zoneinfo/__init__.py /usr/local/lib/python3.10/test/test_zoneinfo
#7 204.8 /usr/bin/install -c -m 644 ./Lib/test/test_zoneinfo/__main__.py /usr/local/lib/python3.10/test/test_zoneinfo
#7 204.8 /usr/bin/install -c -m 644 ./Lib/test/test_zoneinfo/_support.py /usr/local/lib/python3.10/test/test_zoneinfo
#7 204.8 /usr/bin/install -c -m 644 ./Lib/test/test_zoneinfo/test_zoneinfo.py /usr/local/lib/python3.10/test/test_zoneinfo
#7 204.8 /usr/bin/install -c -m 644 ./Lib/test/test_zoneinfo/data/update_test_data.py /usr/local/lib/python3.10/test/test_zoneinfo/data
#7 204.8 /usr/bin/install -c -m 644 ./Lib/test/test_zoneinfo/data/zoneinfo_data.json /usr/local/lib/python3.10/test/test_zoneinfo/data
#7 204.8 /usr/bin/install -c -m 644 ./Lib/test/tracedmodules/__init__.py /usr/local/lib/python3.10/test/tracedmodules
#7 204.8 /usr/bin/install -c -m 644 ./Lib/test/tracedmodules/testmod.py /usr/local/lib/python3.10/test/tracedmodules
#7 204.8 /usr/bin/install -c -m 644 ./Lib/test/typinganndata/__init__.py /usr/local/lib/python3.10/test/typinganndata
#7 204.8 /usr/bin/install -c -m 644 ./Lib/test/typinganndata/ann_module9.py /usr/local/lib/python3.10/test/typinganndata
#7 204.8 /usr/bin/install -c -m 644 ./Lib/test/xmltestdata/expat224_utf8_bug.xml /usr/local/lib/python3.10/test/xmltestdata
#7 204.8 /usr/bin/install -c -m 644 ./Lib/test/xmltestdata/simple-ns.xml /usr/local/lib/python3.10/test/xmltestdata
#7 204.8 /usr/bin/install -c -m 644 ./Lib/test/xmltestdata/simple.xml /usr/local/lib/python3.10/test/xmltestdata
#7 204.8 /usr/bin/install -c -m 644 ./Lib/test/xmltestdata/test.xml /usr/local/lib/python3.10/test/xmltestdata
#7 204.8 /usr/bin/install -c -m 644 ./Lib/test/xmltestdata/test.xml.out /usr/local/lib/python3.10/test/xmltestdata
#7 204.8 /usr/bin/install -c -m 644 ./Lib/test/xmltestdata/c14n-20/README /usr/local/lib/python3.10/test/xmltestdata/c14n-20
#7 204.8 /usr/bin/install -c -m 644 ./Lib/test/xmltestdata/c14n-20/c14nComment.xml /usr/local/lib/python3.10/test/xmltestdata/c14n-20
#7 204.8 /usr/bin/install -c -m 644 ./Lib/test/xmltestdata/c14n-20/c14nDefault.xml /usr/local/lib/python3.10/test/xmltestdata/c14n-20
#7 204.8 /usr/bin/install -c -m 644 ./Lib/test/xmltestdata/c14n-20/c14nPrefix.xml /usr/local/lib/python3.10/test/xmltestdata/c14n-20
#7 204.8 /usr/bin/install -c -m 644 ./Lib/test/xmltestdata/c14n-20/c14nPrefixQname.xml /usr/local/lib/python3.10/test/xmltestdata/c14n-20
#7 204.8 /usr/bin/install -c -m 644 ./Lib/test/xmltestdata/c14n-20/c14nPrefixQnameXpathElem.xml /usr/local/lib/python3.10/test/xmltestdata/c14n-20
#7 204.8 /usr/bin/install -c -m 644 ./Lib/test/xmltestdata/c14n-20/c14nQname.xml /usr/local/lib/python3.10/test/xmltestdata/c14n-20
#7 204.8 /usr/bin/install -c -m 644 ./Lib/test/xmltestdata/c14n-20/c14nQnameElem.xml /usr/local/lib/python3.10/test/xmltestdata/c14n-20
#7 204.8 /usr/bin/install -c -m 644 ./Lib/test/xmltestdata/c14n-20/c14nQnameXpathElem.xml /usr/local/lib/python3.10/test/xmltestdata/c14n-20
#7 204.8 /usr/bin/install -c -m 644 ./Lib/test/xmltestdata/c14n-20/c14nTrim.xml /usr/local/lib/python3.10/test/xmltestdata/c14n-20
#7 204.8 /usr/bin/install -c -m 644 ./Lib/test/xmltestdata/c14n-20/doc.dtd /usr/local/lib/python3.10/test/xmltestdata/c14n-20
#7 204.8 /usr/bin/install -c -m 644 ./Lib/test/xmltestdata/c14n-20/doc.xsl /usr/local/lib/python3.10/test/xmltestdata/c14n-20
#7 204.8 /usr/bin/install -c -m 644 ./Lib/test/xmltestdata/c14n-20/inC14N1.xml /usr/local/lib/python3.10/test/xmltestdata/c14n-20
#7 204.8 /usr/bin/install -c -m 644 ./Lib/test/xmltestdata/c14n-20/inC14N2.xml /usr/local/lib/python3.10/test/xmltestdata/c14n-20
#7 204.8 /usr/bin/install -c -m 644 ./Lib/test/xmltestdata/c14n-20/inC14N3.xml /usr/local/lib/python3.10/test/xmltestdata/c14n-20
#7 204.9 /usr/bin/install -c -m 644 ./Lib/test/xmltestdata/c14n-20/inC14N4.xml /usr/local/lib/python3.10/test/xmltestdata/c14n-20
#7 204.9 /usr/bin/install -c -m 644 ./Lib/test/xmltestdata/c14n-20/inC14N5.xml /usr/local/lib/python3.10/test/xmltestdata/c14n-20
#7 204.9 /usr/bin/install -c -m 644 ./Lib/test/xmltestdata/c14n-20/inC14N6.xml /usr/local/lib/python3.10/test/xmltestdata/c14n-20
#7 204.9 /usr/bin/install -c -m 644 ./Lib/test/xmltestdata/c14n-20/inNsContent.xml /usr/local/lib/python3.10/test/xmltestdata/c14n-20
#7 204.9 /usr/bin/install -c -m 644 ./Lib/test/xmltestdata/c14n-20/inNsDefault.xml /usr/local/lib/python3.10/test/xmltestdata/c14n-20
#7 204.9 /usr/bin/install -c -m 644 ./Lib/test/xmltestdata/c14n-20/inNsPushdown.xml /usr/local/lib/python3.10/test/xmltestdata/c14n-20
#7 204.9 /usr/bin/install -c -m 644 ./Lib/test/xmltestdata/c14n-20/inNsRedecl.xml /usr/local/lib/python3.10/test/xmltestdata/c14n-20
#7 204.9 /usr/bin/install -c -m 644 ./Lib/test/xmltestdata/c14n-20/inNsSort.xml /usr/local/lib/python3.10/test/xmltestdata/c14n-20
#7 204.9 /usr/bin/install -c -m 644 ./Lib/test/xmltestdata/c14n-20/inNsSuperfluous.xml /usr/local/lib/python3.10/test/xmltestdata/c14n-20
#7 204.9 /usr/bin/install -c -m 644 ./Lib/test/xmltestdata/c14n-20/inNsXml.xml /usr/local/lib/python3.10/test/xmltestdata/c14n-20
#7 204.9 /usr/bin/install -c -m 644 ./Lib/test/xmltestdata/c14n-20/out_inC14N1_c14nComment.xml /usr/local/lib/python3.10/test/xmltestdata/c14n-20
#7 204.9 /usr/bin/install -c -m 644 ./Lib/test/xmltestdata/c14n-20/out_inC14N1_c14nDefault.xml /usr/local/lib/python3.10/test/xmltestdata/c14n-20
#7 204.9 /usr/bin/install -c -m 644 ./Lib/test/xmltestdata/c14n-20/out_inC14N2_c14nDefault.xml /usr/local/lib/python3.10/test/xmltestdata/c14n-20
#7 204.9 /usr/bin/install -c -m 644 ./Lib/test/xmltestdata/c14n-20/out_inC14N2_c14nTrim.xml /usr/local/lib/python3.10/test/xmltestdata/c14n-20
#7 204.9 /usr/bin/install -c -m 644 ./Lib/test/xmltestdata/c14n-20/out_inC14N3_c14nDefault.xml /usr/local/lib/python3.10/test/xmltestdata/c14n-20
#7 204.9 /usr/bin/install -c -m 644 ./Lib/test/xmltestdata/c14n-20/out_inC14N3_c14nPrefix.xml /usr/local/lib/python3.10/test/xmltestdata/c14n-20
#7 204.9 /usr/bin/install -c -m 644 ./Lib/test/xmltestdata/c14n-20/out_inC14N3_c14nTrim.xml /usr/local/lib/python3.10/test/xmltestdata/c14n-20
#7 204.9 /usr/bin/install -c -m 644 ./Lib/test/xmltestdata/c14n-20/out_inC14N4_c14nDefault.xml /usr/local/lib/python3.10/test/xmltestdata/c14n-20
#7 204.9 /usr/bin/install -c -m 644 ./Lib/test/xmltestdata/c14n-20/out_inC14N4_c14nTrim.xml /usr/local/lib/python3.10/test/xmltestdata/c14n-20
#7 204.9 /usr/bin/install -c -m 644 ./Lib/test/xmltestdata/c14n-20/out_inC14N5_c14nDefault.xml /usr/local/lib/python3.10/test/xmltestdata/c14n-20
#7 204.9 /usr/bin/install -c -m 644 ./Lib/test/xmltestdata/c14n-20/out_inC14N5_c14nTrim.xml /usr/local/lib/python3.10/test/xmltestdata/c14n-20
#7 204.9 /usr/bin/install -c -m 644 ./Lib/test/xmltestdata/c14n-20/out_inC14N6_c14nDefault.xml /usr/local/lib/python3.10/test/xmltestdata/c14n-20
#7 204.9 /usr/bin/install -c -m 644 ./Lib/test/xmltestdata/c14n-20/out_inNsContent_c14nDefault.xml /usr/local/lib/python3.10/test/xmltestdata/c14n-20
#7 204.9 /usr/bin/install -c -m 644 ./Lib/test/xmltestdata/c14n-20/out_inNsContent_c14nPrefixQnameXpathElem.xml /usr/local/lib/python3.10/test/xmltestdata/c14n-20
#7 204.9 /usr/bin/install -c -m 644 ./Lib/test/xmltestdata/c14n-20/out_inNsContent_c14nQnameElem.xml /usr/local/lib/python3.10/test/xmltestdata/c14n-20
#7 204.9 /usr/bin/install -c -m 644 ./Lib/test/xmltestdata/c14n-20/out_inNsContent_c14nQnameXpathElem.xml /usr/local/lib/python3.10/test/xmltestdata/c14n-20
#7 204.9 /usr/bin/install -c -m 644 ./Lib/test/xmltestdata/c14n-20/out_inNsDefault_c14nDefault.xml /usr/local/lib/python3.10/test/xmltestdata/c14n-20
#7 204.9 /usr/bin/install -c -m 644 ./Lib/test/xmltestdata/c14n-20/out_inNsDefault_c14nPrefix.xml /usr/local/lib/python3.10/test/xmltestdata/c14n-20
#7 204.9 /usr/bin/install -c -m 644 ./Lib/test/xmltestdata/c14n-20/out_inNsPushdown_c14nDefault.xml /usr/local/lib/python3.10/test/xmltestdata/c14n-20
#7 204.9 /usr/bin/install -c -m 644 ./Lib/test/xmltestdata/c14n-20/out_inNsPushdown_c14nPrefix.xml /usr/local/lib/python3.10/test/xmltestdata/c14n-20
#7 204.9 /usr/bin/install -c -m 644 ./Lib/test/xmltestdata/c14n-20/out_inNsRedecl_c14nDefault.xml /usr/local/lib/python3.10/test/xmltestdata/c14n-20
#7 204.9 /usr/bin/install -c -m 644 ./Lib/test/xmltestdata/c14n-20/out_inNsRedecl_c14nPrefix.xml /usr/local/lib/python3.10/test/xmltestdata/c14n-20
#7 204.9 /usr/bin/install -c -m 644 ./Lib/test/xmltestdata/c14n-20/out_inNsSort_c14nDefault.xml /usr/local/lib/python3.10/test/xmltestdata/c14n-20
#7 204.9 /usr/bin/install -c -m 644 ./Lib/test/xmltestdata/c14n-20/out_inNsSort_c14nPrefix.xml /usr/local/lib/python3.10/test/xmltestdata/c14n-20
#7 204.9 /usr/bin/install -c -m 644 ./Lib/test/xmltestdata/c14n-20/out_inNsSuperfluous_c14nDefault.xml /usr/local/lib/python3.10/test/xmltestdata/c14n-20
#7 204.9 /usr/bin/install -c -m 644 ./Lib/test/xmltestdata/c14n-20/out_inNsSuperfluous_c14nPrefix.xml /usr/local/lib/python3.10/test/xmltestdata/c14n-20
#7 204.9 /usr/bin/install -c -m 644 ./Lib/test/xmltestdata/c14n-20/out_inNsXml_c14nDefault.xml /usr/local/lib/python3.10/test/xmltestdata/c14n-20
#7 204.9 /usr/bin/install -c -m 644 ./Lib/test/xmltestdata/c14n-20/out_inNsXml_c14nPrefix.xml /usr/local/lib/python3.10/test/xmltestdata/c14n-20
#7 204.9 /usr/bin/install -c -m 644 ./Lib/test/xmltestdata/c14n-20/out_inNsXml_c14nPrefixQname.xml /usr/local/lib/python3.10/test/xmltestdata/c14n-20
#7 204.9 /usr/bin/install -c -m 644 ./Lib/test/xmltestdata/c14n-20/out_inNsXml_c14nQname.xml /usr/local/lib/python3.10/test/xmltestdata/c14n-20
#7 204.9 /usr/bin/install -c -m 644 ./Lib/test/xmltestdata/c14n-20/world.txt /usr/local/lib/python3.10/test/xmltestdata/c14n-20
#7 204.9 /usr/bin/install -c -m 644 ./Lib/test/ziptestdata/README.md /usr/local/lib/python3.10/test/ziptestdata
#7 204.9 /usr/bin/install -c ./Lib/test/ziptestdata/exe_with_z64 /usr/local/lib/python3.10/test/ziptestdata
#7 204.9 /usr/bin/install -c ./Lib/test/ziptestdata/exe_with_zip /usr/local/lib/python3.10/test/ziptestdata
#7 204.9 /usr/bin/install -c ./Lib/test/ziptestdata/header.sh /usr/local/lib/python3.10/test/ziptestdata
#7 204.9 /usr/bin/install -c -m 644 ./Lib/test/ziptestdata/testdata_module_inside_zip.py /usr/local/lib/python3.10/test/ziptestdata
#7 204.9 /usr/bin/install -c -m 644 ./Lib/tkinter/test/README /usr/local/lib/python3.10/tkinter/test
#7 204.9 /usr/bin/install -c -m 644 ./Lib/tkinter/test/__init__.py /usr/local/lib/python3.10/tkinter/test
#7 204.9 /usr/bin/install -c -m 644 ./Lib/tkinter/test/support.py /usr/local/lib/python3.10/tkinter/test
#7 204.9 /usr/bin/install -c -m 644 ./Lib/tkinter/test/widget_tests.py /usr/local/lib/python3.10/tkinter/test
#7 204.9 /usr/bin/install -c -m 644 ./Lib/tkinter/test/test_tkinter/__init__.py /usr/local/lib/python3.10/tkinter/test/test_tkinter
#7 204.9 /usr/bin/install -c -m 644 ./Lib/tkinter/test/test_tkinter/test_colorchooser.py /usr/local/lib/python3.10/tkinter/test/test_tkinter
#7 204.9 /usr/bin/install -c -m 644 ./Lib/tkinter/test/test_tkinter/test_font.py /usr/local/lib/python3.10/tkinter/test/test_tkinter
#7 204.9 /usr/bin/install -c -m 644 ./Lib/tkinter/test/test_tkinter/test_geometry_managers.py /usr/local/lib/python3.10/tkinter/test/test_tkinter
#7 204.9 /usr/bin/install -c -m 644 ./Lib/tkinter/test/test_tkinter/test_images.py /usr/local/lib/python3.10/tkinter/test/test_tkinter
#7 204.9 /usr/bin/install -c -m 644 ./Lib/tkinter/test/test_tkinter/test_loadtk.py /usr/local/lib/python3.10/tkinter/test/test_tkinter
#7 204.9 /usr/bin/install -c -m 644 ./Lib/tkinter/test/test_tkinter/test_messagebox.py /usr/local/lib/python3.10/tkinter/test/test_tkinter
#7 204.9 /usr/bin/install -c -m 644 ./Lib/tkinter/test/test_tkinter/test_misc.py /usr/local/lib/python3.10/tkinter/test/test_tkinter
#7 204.9 /usr/bin/install -c -m 644 ./Lib/tkinter/test/test_tkinter/test_simpledialog.py /usr/local/lib/python3.10/tkinter/test/test_tkinter
#7 204.9 /usr/bin/install -c -m 644 ./Lib/tkinter/test/test_tkinter/test_text.py /usr/local/lib/python3.10/tkinter/test/test_tkinter
#7 204.9 /usr/bin/install -c -m 644 ./Lib/tkinter/test/test_tkinter/test_variables.py /usr/local/lib/python3.10/tkinter/test/test_tkinter
#7 204.9 /usr/bin/install -c -m 644 ./Lib/tkinter/test/test_tkinter/test_widgets.py /usr/local/lib/python3.10/tkinter/test/test_tkinter
#7 204.9 /usr/bin/install -c -m 644 ./Lib/tkinter/test/test_ttk/__init__.py /usr/local/lib/python3.10/tkinter/test/test_ttk
#7 204.9 /usr/bin/install -c -m 644 ./Lib/tkinter/test/test_ttk/test_extensions.py /usr/local/lib/python3.10/tkinter/test/test_ttk
#7 204.9 /usr/bin/install -c -m 644 ./Lib/tkinter/test/test_ttk/test_style.py /usr/local/lib/python3.10/tkinter/test/test_ttk
#7 204.9 /usr/bin/install -c -m 644 ./Lib/tkinter/test/test_ttk/test_widgets.py /usr/local/lib/python3.10/tkinter/test/test_ttk
#7 204.9 /usr/bin/install -c -m 644 ./Lib/unittest/test/__init__.py /usr/local/lib/python3.10/unittest/test
#7 204.9 /usr/bin/install -c -m 644 ./Lib/unittest/test/__main__.py /usr/local/lib/python3.10/unittest/test
#7 204.9 /usr/bin/install -c -m 644 ./Lib/unittest/test/_test_warnings.py /usr/local/lib/python3.10/unittest/test
#7 204.9 /usr/bin/install -c -m 644 ./Lib/unittest/test/dummy.py /usr/local/lib/python3.10/unittest/test
#7 204.9 /usr/bin/install -c -m 644 ./Lib/unittest/test/support.py /usr/local/lib/python3.10/unittest/test
#7 204.9 /usr/bin/install -c -m 644 ./Lib/unittest/test/test_assertions.py /usr/local/lib/python3.10/unittest/test
#7 204.9 /usr/bin/install -c -m 644 ./Lib/unittest/test/test_async_case.py /usr/local/lib/python3.10/unittest/test
#7 204.9 /usr/bin/install -c -m 644 ./Lib/unittest/test/test_break.py /usr/local/lib/python3.10/unittest/test
#7 204.9 /usr/bin/install -c -m 644 ./Lib/unittest/test/test_case.py /usr/local/lib/python3.10/unittest/test
#7 204.9 /usr/bin/install -c -m 644 ./Lib/unittest/test/test_discovery.py /usr/local/lib/python3.10/unittest/test
#7 204.9 /usr/bin/install -c -m 644 ./Lib/unittest/test/test_functiontestcase.py /usr/local/lib/python3.10/unittest/test
#7 204.9 /usr/bin/install -c -m 644 ./Lib/unittest/test/test_loader.py /usr/local/lib/python3.10/unittest/test
#7 204.9 /usr/bin/install -c -m 644 ./Lib/unittest/test/test_program.py /usr/local/lib/python3.10/unittest/test
#7 204.9 /usr/bin/install -c -m 644 ./Lib/unittest/test/test_result.py /usr/local/lib/python3.10/unittest/test
#7 204.9 /usr/bin/install -c -m 644 ./Lib/unittest/test/test_runner.py /usr/local/lib/python3.10/unittest/test
#7 204.9 /usr/bin/install -c -m 644 ./Lib/unittest/test/test_setups.py /usr/local/lib/python3.10/unittest/test
#7 204.9 /usr/bin/install -c -m 644 ./Lib/unittest/test/test_skipping.py /usr/local/lib/python3.10/unittest/test
#7 204.9 /usr/bin/install -c -m 644 ./Lib/unittest/test/test_suite.py /usr/local/lib/python3.10/unittest/test
#7 204.9 /usr/bin/install -c -m 644 ./Lib/unittest/test/testmock/__init__.py /usr/local/lib/python3.10/unittest/test/testmock
#7 204.9 /usr/bin/install -c -m 644 ./Lib/unittest/test/testmock/__main__.py /usr/local/lib/python3.10/unittest/test/testmock
#7 204.9 /usr/bin/install -c -m 644 ./Lib/unittest/test/testmock/support.py /usr/local/lib/python3.10/unittest/test/testmock
#7 204.9 /usr/bin/install -c -m 644 ./Lib/unittest/test/testmock/testasync.py /usr/local/lib/python3.10/unittest/test/testmock
#7 204.9 /usr/bin/install -c -m 644 ./Lib/unittest/test/testmock/testcallable.py /usr/local/lib/python3.10/unittest/test/testmock
#7 204.9 /usr/bin/install -c -m 644 ./Lib/unittest/test/testmock/testhelpers.py /usr/local/lib/python3.10/unittest/test/testmock
#7 204.9 /usr/bin/install -c -m 644 ./Lib/unittest/test/testmock/testmagicmethods.py /usr/local/lib/python3.10/unittest/test/testmock
#7 204.9 /usr/bin/install -c -m 644 ./Lib/unittest/test/testmock/testmock.py /usr/local/lib/python3.10/unittest/test/testmock
#7 204.9 /usr/bin/install -c -m 644 ./Lib/unittest/test/testmock/testpatch.py /usr/local/lib/python3.10/unittest/test/testmock
#7 204.9 /usr/bin/install -c -m 644 ./Lib/unittest/test/testmock/testsealable.py /usr/local/lib/python3.10/unittest/test/testmock
#7 204.9 /usr/bin/install -c -m 644 ./Lib/unittest/test/testmock/testsentinel.py /usr/local/lib/python3.10/unittest/test/testmock
#7 204.9 /usr/bin/install -c -m 644 ./Lib/unittest/test/testmock/testwith.py /usr/local/lib/python3.10/unittest/test/testmock
#7 204.9 /usr/bin/install -c -m 644 `cat pybuilddir.txt`/_sysconfigdata__linux_x86_64-linux-gnu.py \
#7 204.9 	/usr/local/lib/python3.10; \
#7 204.9 /usr/bin/install -c -m 644 ./LICENSE /usr/local/lib/python3.10/LICENSE.txt
#7 204.9 if test -d /usr/local/lib/python3.10/distutils/tests; then \
#7 204.9 	/usr/bin/install -c -m 644 ./Modules/xxmodule.c \
#7 204.9 		/usr/local/lib/python3.10/distutils/tests ; \
#7 204.9 fi
#7 204.9 PYTHONPATH=/usr/local/lib/python3.10   \
#7 204.9 	./python -E -Wi /usr/local/lib/python3.10/compileall.py \
#7 204.9 	-j0 -d /usr/local/lib/python3.10 -f \
#7 204.9 	-x 'bad_coding|badsyntax|site-packages|lib2to3/tests/data' \
#7 204.9 	/usr/local/lib/python3.10
#7 205.1 Listing '/usr/local/lib/python3.10'...
#7 205.4 Listing '/usr/local/lib/python3.10/asyncio'...
#7 205.4 Listing '/usr/local/lib/python3.10/collections'...
#7 205.4 Listing '/usr/local/lib/python3.10/concurrent'...
#7 205.4 Listing '/usr/local/lib/python3.10/concurrent/futures'...
#7 205.4 Listing '/usr/local/lib/python3.10/ctypes'...
#7 205.4 Listing '/usr/local/lib/python3.10/ctypes/macholib'...
#7 205.4 Listing '/usr/local/lib/python3.10/ctypes/test'...
#7 205.4 Listing '/usr/local/lib/python3.10/curses'...
#7 205.4 Listing '/usr/local/lib/python3.10/dbm'...
#7 205.4 Listing '/usr/local/lib/python3.10/distutils'...
#7 205.4 Listing '/usr/local/lib/python3.10/distutils/command'...
#7 205.4 Listing '/usr/local/lib/python3.10/distutils/tests'...
#7 205.4 Listing '/usr/local/lib/python3.10/email'...
#7 205.4 Listing '/usr/local/lib/python3.10/email/mime'...
#7 205.4 Listing '/usr/local/lib/python3.10/encodings'...
#7 205.4 Listing '/usr/local/lib/python3.10/ensurepip'...
#7 205.4 Listing '/usr/local/lib/python3.10/ensurepip/_bundled'...
#7 205.4 Listing '/usr/local/lib/python3.10/html'...
#7 205.4 Listing '/usr/local/lib/python3.10/http'...
#7 205.4 Listing '/usr/local/lib/python3.10/idlelib'...
#7 205.4 Listing '/usr/local/lib/python3.10/idlelib/Icons'...
#7 205.4 Listing '/usr/local/lib/python3.10/idlelib/idle_test'...
#7 205.4 Listing '/usr/local/lib/python3.10/importlib'...
#7 205.4 Listing '/usr/local/lib/python3.10/importlib/metadata'...
#7 205.4 Listing '/usr/local/lib/python3.10/json'...
#7 205.4 Listing '/usr/local/lib/python3.10/lib2to3'...
#7 205.4 Listing '/usr/local/lib/python3.10/lib2to3/fixes'...
#7 205.4 Listing '/usr/local/lib/python3.10/lib2to3/pgen2'...
#7 205.4 Listing '/usr/local/lib/python3.10/lib2to3/tests'...
#7 205.4 Listing '/usr/local/lib/python3.10/lib2to3/tests/data'...
#7 205.4 Listing '/usr/local/lib/python3.10/lib2to3/tests/data/fixers'...
#7 205.4 Listing '/usr/local/lib/python3.10/lib2to3/tests/data/fixers/myfixes'...
#7 205.4 Listing '/usr/local/lib/python3.10/logging'...
#7 205.4 Listing '/usr/local/lib/python3.10/multiprocessing'...
#7 205.4 Listing '/usr/local/lib/python3.10/multiprocessing/dummy'...
#7 205.4 Listing '/usr/local/lib/python3.10/pydoc_data'...
#7 205.4 Listing '/usr/local/lib/python3.10/site-packages'...
#7 205.4 Listing '/usr/local/lib/python3.10/sqlite3'...
#7 205.4 Listing '/usr/local/lib/python3.10/sqlite3/test'...
#7 205.4 Listing '/usr/local/lib/python3.10/test'...
#7 205.4 Listing '/usr/local/lib/python3.10/test/audiodata'...
#7 205.4 Listing '/usr/local/lib/python3.10/test/capath'...
#7 205.4 Listing '/usr/local/lib/python3.10/test/cjkencodings'...
#7 205.4 Listing '/usr/local/lib/python3.10/test/data'...
#7 205.4 Listing '/usr/local/lib/python3.10/test/decimaltestdata'...
#7 205.4 Listing '/usr/local/lib/python3.10/test/dtracedata'...
#7 205.4 Listing '/usr/local/lib/python3.10/test/encoded_modules'...
#7 205.4 Listing '/usr/local/lib/python3.10/test/imghdrdata'...
#7 205.4 Listing '/usr/local/lib/python3.10/test/libregrtest'...
#7 205.4 Listing '/usr/local/lib/python3.10/test/sndhdrdata'...
#7 205.4 Listing '/usr/local/lib/python3.10/test/subprocessdata'...
#7 205.4 Listing '/usr/local/lib/python3.10/test/support'...
#7 205.4 Listing '/usr/local/lib/python3.10/test/test_asyncio'...
#7 205.4 Listing '/usr/local/lib/python3.10/test/test_email'...
#7 205.4 Listing '/usr/local/lib/python3.10/test/test_email/data'...
#7 205.4 Listing '/usr/local/lib/python3.10/test/test_import'...
#7 205.4 Listing '/usr/local/lib/python3.10/test/test_import/data'...
#7 205.4 Listing '/usr/local/lib/python3.10/test/test_import/data/circular_imports'...
#7 205.4 Listing '/usr/local/lib/python3.10/test/test_import/data/circular_imports/subpkg'...
#7 205.4 Listing '/usr/local/lib/python3.10/test/test_import/data/package'...
#7 205.4 Listing '/usr/local/lib/python3.10/test/test_import/data/package2'...
#7 205.4 Listing '/usr/local/lib/python3.10/test/test_import/data/unwritable'...
#7 205.4 Listing '/usr/local/lib/python3.10/test/test_importlib'...
#7 205.4 Listing '/usr/local/lib/python3.10/test/test_importlib/builtin'...
#7 205.4 Listing '/usr/local/lib/python3.10/test/test_importlib/data'...
#7 205.4 Listing '/usr/local/lib/python3.10/test/test_importlib/data01'...
#7 205.4 Listing '/usr/local/lib/python3.10/test/test_importlib/data01/subdirectory'...
#7 205.4 Listing '/usr/local/lib/python3.10/test/test_importlib/data02'...
#7 205.4 Listing '/usr/local/lib/python3.10/test/test_importlib/data02/one'...
#7 205.4 Listing '/usr/local/lib/python3.10/test/test_importlib/data02/two'...
#7 205.4 Listing '/usr/local/lib/python3.10/test/test_importlib/data03'...
#7 205.4 Listing '/usr/local/lib/python3.10/test/test_importlib/data03/namespace'...
#7 205.4 Listing '/usr/local/lib/python3.10/test/test_importlib/data03/namespace/portion1'...
#7 205.4 Listing '/usr/local/lib/python3.10/test/test_importlib/data03/namespace/portion2'...
#7 205.4 Listing '/usr/local/lib/python3.10/test/test_importlib/extension'...
#7 205.4 Listing '/usr/local/lib/python3.10/test/test_importlib/frozen'...
#7 205.4 Listing '/usr/local/lib/python3.10/test/test_importlib/import_'...
#7 205.4 Listing '/usr/local/lib/python3.10/test/test_importlib/namespace_pkgs'...
#7 205.4 Listing '/usr/local/lib/python3.10/test/test_importlib/namespace_pkgs/both_portions'...
#7 205.4 Listing '/usr/local/lib/python3.10/test/test_importlib/namespace_pkgs/both_portions/foo'...
#7 205.4 Listing '/usr/local/lib/python3.10/test/test_importlib/namespace_pkgs/module_and_namespace_package'...
#7 205.4 Listing '/usr/local/lib/python3.10/test/test_importlib/namespace_pkgs/module_and_namespace_package/a_test'...
#7 205.4 Listing '/usr/local/lib/python3.10/test/test_importlib/namespace_pkgs/not_a_namespace_pkg'...
#7 205.4 Listing '/usr/local/lib/python3.10/test/test_importlib/namespace_pkgs/not_a_namespace_pkg/foo'...
#7 205.4 Listing '/usr/local/lib/python3.10/test/test_importlib/namespace_pkgs/portion1'...
#7 205.4 Listing '/usr/local/lib/python3.10/test/test_importlib/namespace_pkgs/portion1/foo'...
#7 205.4 Listing '/usr/local/lib/python3.10/test/test_importlib/namespace_pkgs/portion2'...
#7 205.4 Listing '/usr/local/lib/python3.10/test/test_importlib/namespace_pkgs/portion2/foo'...
#7 205.4 Listing '/usr/local/lib/python3.10/test/test_importlib/namespace_pkgs/project1'...
#7 205.4 Listing '/usr/local/lib/python3.10/test/test_importlib/namespace_pkgs/project1/parent'...
#7 205.4 Listing '/usr/local/lib/python3.10/test/test_importlib/namespace_pkgs/project1/parent/child'...
#7 205.4 Listing '/usr/local/lib/python3.10/test/test_importlib/namespace_pkgs/project2'...
#7 205.4 Listing '/usr/local/lib/python3.10/test/test_importlib/namespace_pkgs/project2/parent'...
#7 205.4 Listing '/usr/local/lib/python3.10/test/test_importlib/namespace_pkgs/project2/parent/child'...
#7 205.4 Listing '/usr/local/lib/python3.10/test/test_importlib/namespace_pkgs/project3'...
#7 205.4 Listing '/usr/local/lib/python3.10/test/test_importlib/namespace_pkgs/project3/parent'...
#7 205.4 Listing '/usr/local/lib/python3.10/test/test_importlib/namespace_pkgs/project3/parent/child'...
#7 205.4 Listing '/usr/local/lib/python3.10/test/test_importlib/namespacedata01'...
#7 205.4 Listing '/usr/local/lib/python3.10/test/test_importlib/partial'...
#7 205.4 Listing '/usr/local/lib/python3.10/test/test_importlib/source'...
#7 205.4 Listing '/usr/local/lib/python3.10/test/test_importlib/zipdata01'...
#7 205.4 Listing '/usr/local/lib/python3.10/test/test_importlib/zipdata02'...
#7 205.4 Listing '/usr/local/lib/python3.10/test/test_json'...
#7 205.4 Listing '/usr/local/lib/python3.10/test/test_peg_generator'...
#7 205.4 Listing '/usr/local/lib/python3.10/test/test_tools'...
#7 205.4 Listing '/usr/local/lib/python3.10/test/test_warnings'...
#7 205.4 Listing '/usr/local/lib/python3.10/test/test_warnings/data'...
#7 205.4 Listing '/usr/local/lib/python3.10/test/test_zoneinfo'...
#7 205.4 Listing '/usr/local/lib/python3.10/test/test_zoneinfo/data'...
#7 205.4 Listing '/usr/local/lib/python3.10/test/tracedmodules'...
#7 205.4 Listing '/usr/local/lib/python3.10/test/typinganndata'...
#7 205.4 Listing '/usr/local/lib/python3.10/test/xmltestdata'...
#7 205.4 Listing '/usr/local/lib/python3.10/test/xmltestdata/c14n-20'...
#7 205.4 Listing '/usr/local/lib/python3.10/test/ziptestdata'...
#7 205.4 Listing '/usr/local/lib/python3.10/tkinter'...
#7 205.4 Listing '/usr/local/lib/python3.10/tkinter/test'...
#7 205.4 Listing '/usr/local/lib/python3.10/tkinter/test/test_tkinter'...
#7 205.4 Listing '/usr/local/lib/python3.10/tkinter/test/test_ttk'...
#7 205.4 Listing '/usr/local/lib/python3.10/turtledemo'...
#7 205.4 Listing '/usr/local/lib/python3.10/unittest'...
#7 205.4 Listing '/usr/local/lib/python3.10/unittest/test'...
#7 205.4 Listing '/usr/local/lib/python3.10/unittest/test/testmock'...
#7 205.4 Listing '/usr/local/lib/python3.10/urllib'...
#7 205.4 Listing '/usr/local/lib/python3.10/venv'...
#7 205.4 Listing '/usr/local/lib/python3.10/venv/scripts'...
#7 205.4 Listing '/usr/local/lib/python3.10/venv/scripts/common'...
#7 205.4 Listing '/usr/local/lib/python3.10/venv/scripts/posix'...
#7 205.4 Listing '/usr/local/lib/python3.10/wsgiref'...
#7 205.4 Listing '/usr/local/lib/python3.10/xml'...
#7 205.4 Listing '/usr/local/lib/python3.10/xml/dom'...
#7 205.4 Listing '/usr/local/lib/python3.10/xml/etree'...
#7 205.7 Compiling '/usr/local/lib/python3.10/_py_abc.py'...
#7 205.7 Compiling '/usr/local/lib/python3.10/_sysconfigdata__linux_x86_64-linux-gnu.py'...
#7 205.7 Compiling '/usr/local/lib/python3.10/asyncio/mixins.py'...
#7 205.7 Compiling '/usr/local/lib/python3.10/asyncio/subprocess.py'...
#7 205.7 Compiling '/usr/local/lib/python3.10/code.py'...
#7 205.7 Compiling '/usr/local/lib/python3.10/concurrent/futures/thread.py'...
#7 205.7 Compiling '/usr/local/lib/python3.10/ctypes/macholib/dylib.py'...
#7 205.7 Compiling '/usr/local/lib/python3.10/ctypes/test/test_byteswap.py'...
#7 205.7 Compiling '/usr/local/lib/python3.10/ctypes/test/test_structures.py'...
#7 205.7 Compiling '/usr/local/lib/python3.10/distutils/command/sdist.py'...
#7 205.7 Compiling '/usr/local/lib/python3.10/distutils/tests/test_build_ext.py'...
#7 205.7 Compiling '/usr/local/lib/python3.10/distutils/tests/test_install_data.py'...
#7 205.7 Compiling '/usr/local/lib/python3.10/doctest.py'...
#7 205.7 Compiling '/usr/local/lib/python3.10/encodings/iso8859_7.py'...
#7 205.7 Compiling '/usr/local/lib/python3.10/encodings/quopri_codec.py'...
#7 205.7 Compiling '/usr/local/lib/python3.10/idlelib/debugobj.py'...
#7 205.7 Compiling '/usr/local/lib/python3.10/idlelib/history.py'...
#7 205.7 Compiling '/usr/local/lib/python3.10/idlelib/idle_test/test_config.py'...
#7 205.7 Compiling '/usr/local/lib/python3.10/idlelib/idle_test/test_searchengine.py'...
#7 205.7 Compiling '/usr/local/lib/python3.10/idlelib/parenmatch.py'...
#7 205.7 Compiling '/usr/local/lib/python3.10/idlelib/undo.py'...
#7 205.7 Compiling '/usr/local/lib/python3.10/ipaddress.py'...
#7 205.7 Compiling '/usr/local/lib/python3.10/lib2to3/fixes/fix_exitfunc.py'...
#7 205.7 Compiling '/usr/local/lib/python3.10/lib2to3/fixes/fix_paren.py'...
#7 205.7 Compiling '/usr/local/lib/python3.10/lib2to3/pgen2/conv.py'...
#7 205.7 Compiling '/usr/local/lib/python3.10/multiprocessing/__init__.py'...
#7 205.7 Compiling '/usr/local/lib/python3.10/multiprocessing/dummy/__init__.py'...
#7 205.7 Compiling '/usr/local/lib/python3.10/multiprocessing/util.py'...
#7 205.7 Compiling '/usr/local/lib/python3.10/pstats.py'...
#7 205.7 Compiling '/usr/local/lib/python3.10/signal.py'...
#7 205.7 Compiling '/usr/local/lib/python3.10/sqlite3/test/hooks.py'...
#7 205.7 Compiling '/usr/local/lib/python3.10/symtable.py'...
#7 205.7 Compiling '/usr/local/lib/python3.10/test/ann_module4.py'...
#7 205.7 Compiling '/usr/local/lib/python3.10/test/ann_module7.py'...
#7 205.7 Compiling '/usr/local/lib/python3.10/test/dtracedata/gc.py'...
#7 205.7 Compiling '/usr/local/lib/python3.10/test/mock_socket.py'...
#7 205.7 Compiling '/usr/local/lib/python3.10/test/reperf.py'...
#7 205.7 Compiling '/usr/local/lib/python3.10/test/subprocessdata/qcat.py'...
#7 205.7 Compiling '/usr/local/lib/python3.10/test/test__xxsubinterpreters.py'...
#7 205.7 Compiling '/usr/local/lib/python3.10/test/test_complex.py'...
#7 205.7 Compiling '/usr/local/lib/python3.10/test/test_descr.py'...
#7 205.7 Compiling '/usr/local/lib/python3.10/test/test_ipaddress.py'...
#7 205.7 Compiling '/usr/local/lib/python3.10/test/test_pwd.py'...
#7 205.7 Compiling '/usr/local/lib/python3.10/test/test_quopri.py'...
#7 205.7 Compiling '/usr/local/lib/python3.10/test/test_reprlib.py'...
#7 205.7 Compiling '/usr/local/lib/python3.10/test/test_smtpnet.py'...
#7 205.7 Compiling '/usr/local/lib/python3.10/test/test_socket.py'...
#7 205.7 Compiling '/usr/local/lib/python3.10/urllib/__init__.py'...
#7 205.7 Compiling '/usr/local/lib/python3.10/urllib/error.py'...
#7 205.7 Compiling '/usr/local/lib/python3.10/urllib/response.py'...
#7 205.7 Compiling '/usr/local/lib/python3.10/venv/__init__.py'...
#7 205.7 Compiling '/usr/local/lib/python3.10/xml/dom/xmlbuilder.py'...
#7 205.7 Compiling '/usr/local/lib/python3.10/zoneinfo/__init__.py'...
#7 205.7 Compiling '/usr/local/lib/python3.10/asyncio/base_subprocess.py'...
#7 205.7 Compiling '/usr/local/lib/python3.10/base64.py'...
#7 205.7 Compiling '/usr/local/lib/python3.10/configparser.py'...
#7 205.7 Compiling '/usr/local/lib/python3.10/distutils/command/bdist_rpm.py'...
#7 205.7 Compiling '/usr/local/lib/python3.10/distutils/tests/test_bdist_msi.py'...
#7 205.7 Compiling '/usr/local/lib/python3.10/distutils/tests/test_core.py'...
#7 205.7 Compiling '/usr/local/lib/python3.10/email/_encoded_words.py'...
#7 205.7 Compiling '/usr/local/lib/python3.10/email/mime/image.py'...
#7 205.7 Compiling '/usr/local/lib/python3.10/email/utils.py'...
#7 205.7 Compiling '/usr/local/lib/python3.10/encodings/cp424.py'...
#7 205.7 Compiling '/usr/local/lib/python3.10/encodings/cp932.py'...
#7 205.7 Compiling '/usr/local/lib/python3.10/encodings/iso2022_jp_2.py'...
#7 205.7 Compiling '/usr/local/lib/python3.10/encodings/koi8_u.py'...
#7 205.7 Compiling '/usr/local/lib/python3.10/encodings/undefined.py'...
#7 205.7 Compiling '/usr/local/lib/python3.10/ftplib.py'...
#7 205.7 Compiling '/usr/local/lib/python3.10/idlelib/config_key.py'...
#7 205.7 Compiling '/usr/local/lib/python3.10/idlelib/help_about.py'...
#7 205.7 Compiling '/usr/local/lib/python3.10/idlelib/idle_test/test_configdialog.py'...
#7 205.7 Compiling '/usr/local/lib/python3.10/idlelib/runscript.py'...
#7 205.7 Compiling '/usr/local/lib/python3.10/importlib/_adapters.py'...
#7 205.7 Compiling '/usr/local/lib/python3.10/json/tool.py'...
#7 205.7 Compiling '/usr/local/lib/python3.10/lib2to3/fixes/fix_future.py'...
#7 205.7 Compiling '/usr/local/lib/python3.10/lib2to3/fixes/fix_raw_input.py'...
#7 205.7 Compiling '/usr/local/lib/python3.10/lib2to3/pgen2/literals.py'...
#7 205.7 Compiling '/usr/local/lib/python3.10/numbers.py'...
#7 205.7 Compiling '/usr/local/lib/python3.10/posixpath.py'...
#7 205.7 Compiling '/usr/local/lib/python3.10/random.py'...
#7 205.7 Compiling '/usr/local/lib/python3.10/stringprep.py'...
#7 205.7 Compiling '/usr/local/lib/python3.10/test/bad_getattr3.py'...
#7 205.7 Compiling '/usr/local/lib/python3.10/test/libregrtest/runtest.py'...
#7 205.7 Compiling '/usr/local/lib/python3.10/test/profilee.py'...
#7 205.7 Compiling '/usr/local/lib/python3.10/test/test___all__.py'...
#7 205.7 Compiling '/usr/local/lib/python3.10/test/test_argparse.py'...
#7 205.7 Compiling '/usr/local/lib/python3.10/test/test_email/test__encoded_words.py'...
#7 205.7 Compiling '/usr/local/lib/python3.10/test/test_enum.py'...
#7 205.7 Compiling '/usr/local/lib/python3.10/test/test_importlib/test_windows.py'...
#7 205.7 Compiling '/usr/local/lib/python3.10/test/test_json/test_unicode.py'...
#7 205.7 Compiling '/usr/local/lib/python3.10/test/test_lzma.py'...
#7 205.7 Compiling '/usr/local/lib/python3.10/test/test_pkg.py'...
#7 205.7 Compiling '/usr/local/lib/python3.10/test/test_posixpath.py'...
#7 205.7 Compiling '/usr/local/lib/python3.10/test/test_resource.py'...
#7 205.7 Compiling '/usr/local/lib/python3.10/test/test_sax.py'...
#7 205.7 Compiling '/usr/local/lib/python3.10/test/test_strptime.py'...
#7 205.7 Compiling '/usr/local/lib/python3.10/test/test_tarfile.py'...
#7 205.7 Compiling '/usr/local/lib/python3.10/test/test_zoneinfo/data/update_test_data.py'...
#7 205.7 Compiling '/usr/local/lib/python3.10/test/tracedmodules/testmod.py'...
#7 205.7 Compiling '/usr/local/lib/python3.10/test/ziptestdata/testdata_module_inside_zip.py'...
#7 205.7 Compiling '/usr/local/lib/python3.10/tkinter/constants.py'...
#7 205.7 Compiling '/usr/local/lib/python3.10/turtledemo/clock.py'...
#7 205.7 Compiling '/usr/local/lib/python3.10/unittest/runner.py'...
#7 205.7 Compiling '/usr/local/lib/python3.10/unittest/test/test_runner.py'...
#7 205.7 Compiling '/usr/local/lib/python3.10/_aix_support.py'...
#7 205.7 Compiling '/usr/local/lib/python3.10/_markupbase.py'...
#7 205.7 Compiling '/usr/local/lib/python3.10/_strptime.py'...
#7 205.7 Compiling '/usr/local/lib/python3.10/asyncio/staggered.py'...
#7 205.7 Compiling '/usr/local/lib/python3.10/asyncio/unix_events.py'...
#7 205.7 Compiling '/usr/local/lib/python3.10/ctypes/test/test_pointers.py'...
#7 205.7 Compiling '/usr/local/lib/python3.10/curses/__init__.py'...
#7 205.7 Compiling '/usr/local/lib/python3.10/dataclasses.py'...
#7 205.7 Compiling '/usr/local/lib/python3.10/distutils/errors.py'...
#7 205.7 Compiling '/usr/local/lib/python3.10/distutils/log.py'...
#7 205.7 Compiling '/usr/local/lib/python3.10/distutils/tests/test_config_cmd.py'...
#7 205.7 Compiling '/usr/local/lib/python3.10/distutils/tests/test_spawn.py'...
#7 205.7 Compiling '/usr/local/lib/python3.10/distutils/version.py'...
#7 205.7 Compiling '/usr/local/lib/python3.10/email/mime/message.py'...
#7 205.7 Compiling '/usr/local/lib/python3.10/encodings/cp1006.py'...
#7 205.7 Compiling '/usr/local/lib/python3.10/encodings/cp875.py'...
#7 205.7 Compiling '/usr/local/lib/python3.10/encodings/iso2022_jp_3.py'...
#7 205.7 Compiling '/usr/local/lib/python3.10/encodings/iso8859_1.py'...
#7 205.7 Compiling '/usr/local/lib/python3.10/encodings/mac_cyrillic.py'...
#7 205.7 Compiling '/usr/local/lib/python3.10/encodings/utf_16_be.py'...
#7 205.7 Compiling '/usr/local/lib/python3.10/glob.py'...
#7 205.7 Compiling '/usr/local/lib/python3.10/idlelib/help.py'...
#7 205.7 Compiling '/usr/local/lib/python3.10/idlelib/idle_test/test_help.py'...
#7 205.7 Compiling '/usr/local/lib/python3.10/idlelib/idle_test/test_tree.py'...
#7 205.7 Compiling '/usr/local/lib/python3.10/idlelib/replace.py'...
#7 205.7 Compiling '/usr/local/lib/python3.10/imp.py'...
#7 205.7 Compiling '/usr/local/lib/python3.10/json/encoder.py'...
#7 205.7 Compiling '/usr/local/lib/python3.10/lib2to3/fixes/fix_reduce.py'...
#7 205.7 Compiling '/usr/local/lib/python3.10/lib2to3/pgen2/pgen.py'...
#7 205.7 Compiling '/usr/local/lib/python3.10/lib2to3/tests/test_fixers.py'...
#7 205.7 Compiling '/usr/local/lib/python3.10/statistics.py'...
#7 205.7 Compiling '/usr/local/lib/python3.10/test/fork_wait.py'...
#7 205.7 Compiling '/usr/local/lib/python3.10/test/support/__init__.py'...
#7 205.7 Compiling '/usr/local/lib/python3.10/test/test_asyncio/test_proactor_events.py'...
#7 205.7 Compiling '/usr/local/lib/python3.10/test/test_buffer.py'...
#7 205.7 Compiling '/usr/local/lib/python3.10/test/test_fileio.py'...
#7 205.7 Compiling '/usr/local/lib/python3.10/test/test_genexps.py'...
#7 205.7 Compiling '/usr/local/lib/python3.10/test/test_getopt.py'...
#7 205.7 Compiling '/usr/local/lib/python3.10/test/test_grammar.py'...
#7 205.7 Compiling '/usr/local/lib/python3.10/test/test_importlib/test_reader.py'...
#7 205.7 Compiling '/usr/local/lib/python3.10/test/test_index.py'...
#7 205.7 Compiling '/usr/local/lib/python3.10/test/test_keywordonlyarg.py'...
#7 205.7 Compiling '/usr/local/lib/python3.10/test/test_memoryio.py'...
#7 205.7 Compiling '/usr/local/lib/python3.10/test/test_peg_generator/test_grammar_validator.py'...
#7 205.7 Compiling '/usr/local/lib/python3.10/test/test_peg_generator/test_pegen.py'...
#7 205.7 Compiling '/usr/local/lib/python3.10/test/test_print.py'...
#7 205.7 Compiling '/usr/local/lib/python3.10/test/test_pyclbr.py'...
#7 205.7 Compiling '/usr/local/lib/python3.10/test/test_re.py'...
#7 205.7 Compiling '/usr/local/lib/python3.10/test/test_types.py'...
#7 205.7 Compiling '/usr/local/lib/python3.10/traceback.py'...
#7 205.7 Compiling '/usr/local/lib/python3.10/turtledemo/planet_and_moon.py'...
#7 205.7 Compiling '/usr/local/lib/python3.10/unittest/test/dummy.py'...
#7 205.7 Compiling '/usr/local/lib/python3.10/unittest/test/test_discovery.py'...
#7 205.7 Compiling '/usr/local/lib/python3.10/weakref.py'...
#7 205.7 Compiling '/usr/local/lib/python3.10/xml/etree/__init__.py'...
#7 205.7 Compiling '/usr/local/lib/python3.10/xml/parsers/expat.py'...
#7 205.7 Compiling '/usr/local/lib/python3.10/xml/sax/xmlreader.py'...
#7 205.7 Compiling '/usr/local/lib/python3.10/antigravity.py'...
#7 205.7 Compiling '/usr/local/lib/python3.10/asyncio/queues.py'...
#7 205.7 Compiling '/usr/local/lib/python3.10/cgi.py'...
#7 205.7 Compiling '/usr/local/lib/python3.10/ctypes/macholib/dyld.py'...
#7 205.7 Compiling '/usr/local/lib/python3.10/ctypes/test/test_delattr.py'...
#7 205.7 Compiling '/usr/local/lib/python3.10/ctypes/test/test_keeprefs.py'...
#7 205.7 Compiling '/usr/local/lib/python3.10/ctypes/test/test_strings.py'...
#7 205.7 Compiling '/usr/local/lib/python3.10/datetime.py'...
#7 205.7 Compiling '/usr/local/lib/python3.10/distutils/tests/test_versionpredicate.py'...
#7 205.7 Compiling '/usr/local/lib/python3.10/email/_policybase.py'...
#7 205.7 Compiling '/usr/local/lib/python3.10/encodings/bz2_codec.py'...
#7 205.7 Compiling '/usr/local/lib/python3.10/encodings/cp437.py'...
#7 205.7 Compiling '/usr/local/lib/python3.10/encodings/euc_jis_2004.py'...
#7 205.7 Compiling '/usr/local/lib/python3.10/encodings/latin_1.py'...
#7 205.7 Compiling '/usr/local/lib/python3.10/encodings/unicode_escape.py'...
#7 205.7 Compiling '/usr/local/lib/python3.10/functools.py'...
#7 205.7 Compiling '/usr/local/lib/python3.10/idlelib/debugger_r.py'...
#7 205.7 Compiling '/usr/local/lib/python3.10/idlelib/idle_test/test_browser.py'...
#7 205.7 Compiling '/usr/local/lib/python3.10/idlelib/idle_test/test_redirector.py'...
#7 205.7 Compiling '/usr/local/lib/python3.10/idlelib/macosx.py'...
#7 205.7 Compiling '/usr/local/lib/python3.10/importlib/_common.py'...
#7 205.7 Compiling '/usr/local/lib/python3.10/keyword.py'...
#7 205.7 Compiling '/usr/local/lib/python3.10/lib2to3/fixes/fix_funcattrs.py'...
#7 205.7 Compiling '/usr/local/lib/python3.10/lib2to3/fixes/fix_raise.py'...
#7 205.7 Compiling '/usr/local/lib/python3.10/lib2to3/pgen2/parse.py'...
#7 205.7 Compiling '/usr/local/lib/python3.10/lib2to3/pygram.py'...
#7 205.7 Compiling '/usr/local/lib/python3.10/lib2to3/tests/pytree_idempotency.py'...
#7 205.7 Compiling '/usr/local/lib/python3.10/multiprocessing/heap.py'...
#7 205.7 Compiling '/usr/local/lib/python3.10/multiprocessing/synchronize.py'...
#7 205.7 Compiling '/usr/local/lib/python3.10/profile.py'...
#7 205.7 Compiling '/usr/local/lib/python3.10/rlcompleter.py'...
#7 205.7 Compiling '/usr/local/lib/python3.10/socketserver.py'...
#7 205.7 Compiling '/usr/local/lib/python3.10/tabnanny.py'...
#7 205.7 Compiling '/usr/local/lib/python3.10/test/ann_module3.py'...
#7 205.7 Compiling '/usr/local/lib/python3.10/test/bisect_cmd.py'...
#7 205.7 Compiling '/usr/local/lib/python3.10/test/dataclass_module_2.py'...
#7 205.7 Compiling '/usr/local/lib/python3.10/test/future_test1.py'...
#7 205.7 Compiling '/usr/local/lib/python3.10/test/inspect_stringized_annotations.py'...
#7 205.7 Compiling '/usr/local/lib/python3.10/test/pythoninfo.py'...
#7 205.7 Compiling '/usr/local/lib/python3.10/test/support/hashlib_helper.py'...
#7 205.7 Compiling '/usr/local/lib/python3.10/test/support/os_helper.py'...
#7 205.7 Compiling '/usr/local/lib/python3.10/test/test_asyncio/test_queues.py'...
#7 205.7 Compiling '/usr/local/lib/python3.10/test/test_call.py'...
#7 205.7 Compiling '/usr/local/lib/python3.10/test/test_codecmaps_cn.py'...
#7 205.7 Compiling '/usr/local/lib/python3.10/test/test_codecs.py'...
#7 205.7 Compiling '/usr/local/lib/python3.10/test/test_email/test_parser.py'...
#7 205.7 Compiling '/usr/local/lib/python3.10/test/test_faulthandler.py'...
#7 205.7 Compiling '/usr/local/lib/python3.10/test/test_future4.py'...
#7 205.7 Compiling '/usr/local/lib/python3.10/test/test_generator_stop.py'...
#7 205.7 Compiling '/usr/local/lib/python3.10/test/test_genericalias.py'...
#7 205.7 Compiling '/usr/local/lib/python3.10/test/test_hashlib.py'...
#7 205.7 Compiling '/usr/local/lib/python3.10/test/test_importlib/builtin/__init__.py'...
#7 205.7 Compiling '/usr/local/lib/python3.10/test/test_importlib/data02/__init__.py'...
#7 205.7 Compiling '/usr/local/lib/python3.10/test/test_importlib/extension/__init__.py'...
#7 205.7 Compiling '/usr/local/lib/python3.10/test/test_importlib/import_/test_caching.py'...
#7 205.7 Compiling '/usr/local/lib/python3.10/test/test_importlib/test_pkg_import.py'...
#7 205.7 Compiling '/usr/local/lib/python3.10/test/test_isinstance.py'...
#7 205.7 Compiling '/usr/local/lib/python3.10/test/test_long.py'...
#7 205.7 Compiling '/usr/local/lib/python3.10/test/test_pipes.py'...
#7 205.7 Compiling '/usr/local/lib/python3.10/test/test_poll.py'...
#7 205.7 Compiling '/usr/local/lib/python3.10/test/test_pow.py'...
#7 205.7 Compiling '/usr/local/lib/python3.10/test/test_profile.py'...
#7 205.7 Compiling '/usr/local/lib/python3.10/test/test_py_compile.py'...
#7 205.7 Compiling '/usr/local/lib/python3.10/test/test_regrtest.py'...
#7 205.7 Compiling '/usr/local/lib/python3.10/test/test_sqlite.py'...
#7 205.7 Compiling '/usr/local/lib/python3.10/test/test_sys_setprofile.py'...
#7 205.7 Compiling '/usr/local/lib/python3.10/test/test_tools/test_gprof2html.py'...
#7 205.7 Compiling '/usr/local/lib/python3.10/test/test_tools/test_pathfix.py'...
#7 205.7 Compiling '/usr/local/lib/python3.10/test/test_traceback.py'...
#7 205.7 Compiling '/usr/local/lib/python3.10/test/test_zipimport_support.py'...
#7 205.7 Compiling '/usr/local/lib/python3.10/test/testcodec.py'...
#7 205.7 Compiling '/usr/local/lib/python3.10/test/time_hashlib.py'...
#7 205.7 Compiling '/usr/local/lib/python3.10/test/typinganndata/__init__.py'...
#7 205.7 Compiling '/usr/local/lib/python3.10/this.py'...
#7 205.7 Compiling '/usr/local/lib/python3.10/tkinter/commondialog.py'...
#7 205.7 Compiling '/usr/local/lib/python3.10/tkinter/filedialog.py'...
#7 205.7 Compiling '/usr/local/lib/python3.10/tkinter/ttk.py'...
#7 205.7 Compiling '/usr/local/lib/python3.10/unittest/async_case.py'...
#7 205.7 Compiling '/usr/local/lib/python3.10/unittest/mock.py'...
#7 205.7 Compiling '/usr/local/lib/python3.10/asyncio/__init__.py'...
#7 205.7 Compiling '/usr/local/lib/python3.10/asyncio/locks.py'...
#7 205.7 Compiling '/usr/local/lib/python3.10/binhex.py'...
#7 205.7 Compiling '/usr/local/lib/python3.10/ctypes/_endian.py'...
#7 205.7 Compiling '/usr/local/lib/python3.10/ctypes/test/test_bitfields.py'...
#7 205.7 Compiling '/usr/local/lib/python3.10/distutils/bcppcompiler.py'...
#7 205.7 Compiling '/usr/local/lib/python3.10/distutils/command/install_scripts.py'...
#7 205.7 Compiling '/usr/local/lib/python3.10/distutils/dir_util.py'...
#7 205.7 Compiling '/usr/local/lib/python3.10/distutils/tests/test_archive_util.py'...
#7 205.7 Compiling '/usr/local/lib/python3.10/distutils/tests/test_upload.py'...
#7 205.7 Compiling '/usr/local/lib/python3.10/email/_header_value_parser.py'...
#7 205.7 Compiling '/usr/local/lib/python3.10/http/cookies.py'...
#7 205.7 Compiling '/usr/local/lib/python3.10/idlelib/idle_test/test_statusbar.py'...
#7 205.7 Compiling '/usr/local/lib/python3.10/idlelib/pathbrowser.py'...
#7 205.7 Compiling '/usr/local/lib/python3.10/importlib/metadata/_collections.py'...
#7 205.7 Compiling '/usr/local/lib/python3.10/importlib/metadata/_text.py'...
#7 205.7 Compiling '/usr/local/lib/python3.10/io.py'...
#7 205.7 Compiling '/usr/local/lib/python3.10/lib2to3/fixes/fix_apply.py'...
#7 205.7 Compiling '/usr/local/lib/python3.10/lib2to3/fixes/fix_buffer.py'...
#7 205.7 Compiling '/usr/local/lib/python3.10/lib2to3/fixes/fix_ne.py'...
#7 205.7 Compiling '/usr/local/lib/python3.10/lib2to3/fixes/fix_zip.py'...
#7 205.7 Compiling '/usr/local/lib/python3.10/nntplib.py'...
#7 205.7 Compiling '/usr/local/lib/python3.10/runpy.py'...
#7 205.7 Compiling '/usr/local/lib/python3.10/string.py'...
#7 205.7 Compiling '/usr/local/lib/python3.10/test/ann_module.py'...
#7 205.7 Compiling '/usr/local/lib/python3.10/test/audiotests.py'...
#7 205.7 Compiling '/usr/local/lib/python3.10/test/datetimetester.py'...
#7 205.7 Compiling '/usr/local/lib/python3.10/test/multibytecodec_support.py'...
#7 205.7 Compiling '/usr/local/lib/python3.10/test/test_asyncgen.py'...
#7 205.7 Compiling '/usr/local/lib/python3.10/test/test_cgi.py'...
#7 205.7 Compiling '/usr/local/lib/python3.10/test/test_codeccallbacks.py'...
#7 205.7 Compiling '/usr/local/lib/python3.10/test/test_devpoll.py'...
#7 205.7 Compiling '/usr/local/lib/python3.10/test/test_distutils.py'...
#7 205.7 Compiling '/usr/local/lib/python3.10/test/test_dynamic.py'...
#7 205.7 Compiling '/usr/local/lib/python3.10/test/test_email/test_message.py'...
#7 205.7 Compiling '/usr/local/lib/python3.10/test/test_functools.py'...
#7 205.7 Compiling '/usr/local/lib/python3.10/test/test_importlib/util.py'...
#7 205.7 Compiling '/usr/local/lib/python3.10/test/test_math.py'...
#7 205.7 Compiling '/usr/local/lib/python3.10/test/test_robotparser.py'...
#7 205.7 Compiling '/usr/local/lib/python3.10/test/test_select.py'...
#7 205.7 Compiling '/usr/local/lib/python3.10/test/test_shlex.py'...
#7 205.7 Compiling '/usr/local/lib/python3.10/test/test_source_encoding.py'...
#7 205.7 Compiling '/usr/local/lib/python3.10/test/test_string_literals.py'...
#7 205.7 Compiling '/usr/local/lib/python3.10/test/test_sunau.py'...
#7 205.7 Compiling '/usr/local/lib/python3.10/test/test_tabnanny.py'...
#7 205.7 Compiling '/usr/local/lib/python3.10/test/test_thread.py'...
#7 205.7 Compiling '/usr/local/lib/python3.10/test/test_timeit.py'...
#7 205.7 Compiling '/usr/local/lib/python3.10/test/test_tools/test_pdeps.py'...
#7 205.7 Compiling '/usr/local/lib/python3.10/test/test_tools/test_reindent.py'...
#7 205.7 Compiling '/usr/local/lib/python3.10/test/test_tracemalloc.py'...
#7 205.7 Compiling '/usr/local/lib/python3.10/test/test_xdrlib.py'...
#7 205.7 Compiling '/usr/local/lib/python3.10/test/test_xmlrpc.py'...
#7 205.7 Compiling '/usr/local/lib/python3.10/token.py'...
#7 205.7 Compiling '/usr/local/lib/python3.10/turtle.py'...
#7 205.7 Compiling '/usr/local/lib/python3.10/__phello__.foo.py'...
#7 205.7 Compiling '/usr/local/lib/python3.10/_collections_abc.py'...
#7 205.7 Compiling '/usr/local/lib/python3.10/asyncio/proactor_events.py'...
#7 205.7 Compiling '/usr/local/lib/python3.10/bz2.py'...
#7 205.7 Compiling '/usr/local/lib/python3.10/compileall.py'...
#7 205.7 Compiling '/usr/local/lib/python3.10/ctypes/_aix.py'...
#7 205.7 Compiling '/usr/local/lib/python3.10/ctypes/test/test_checkretval.py'...
#7 205.7 Compiling '/usr/local/lib/python3.10/ctypes/test/test_internals.py'...
#7 205.7 Compiling '/usr/local/lib/python3.10/ctypes/test/test_random_things.py'...
#7 205.7 Compiling '/usr/local/lib/python3.10/ctypes/test/test_wintypes.py'...
#7 205.7 Compiling '/usr/local/lib/python3.10/curses/ascii.py'...
#7 205.7 Compiling '/usr/local/lib/python3.10/distutils/command/install_egg_info.py'...
#7 205.7 Compiling '/usr/local/lib/python3.10/distutils/dist.py'...
#7 205.7 Compiling '/usr/local/lib/python3.10/distutils/tests/test_dir_util.py'...
#7 205.7 Compiling '/usr/local/lib/python3.10/email/iterators.py'...
#7 205.7 Compiling '/usr/local/lib/python3.10/encodings/base64_codec.py'...
#7 205.7 Compiling '/usr/local/lib/python3.10/encodings/cp1256.py'...
#7 205.7 Compiling '/usr/local/lib/python3.10/encodings/cp862.py'...
#7 205.7 Compiling '/usr/local/lib/python3.10/encodings/idna.py'...
#7 205.7 Compiling '/usr/local/lib/python3.10/encodings/koi8_r.py'...
#7 205.7 Compiling '/usr/local/lib/python3.10/encodings/utf_8_sig.py'...
#7 205.7 Compiling '/usr/local/lib/python3.10/html/__init__.py'...
#7 205.7 Compiling '/usr/local/lib/python3.10/idlelib/idle_test/htest.py'...
#7 205.7 Compiling '/usr/local/lib/python3.10/idlelib/idle_test/test_mainmenu.py'...
#7 205.7 Compiling '/usr/local/lib/python3.10/idlelib/idle_test/test_text.py'...
#7 205.7 Compiling '/usr/local/lib/python3.10/idlelib/pyshell.py'...
#7 205.7 Compiling '/usr/local/lib/python3.10/importlib/util.py'...
#7 205.7 Compiling '/usr/local/lib/python3.10/lib2to3/fixes/fix_dict.py'...
#7 205.7 Compiling '/usr/local/lib/python3.10/lib2to3/fixes/fix_next.py'...
#7 205.7 Compiling '/usr/local/lib/python3.10/lib2to3/patcomp.py'...
#7 205.7 Compiling '/usr/local/lib/python3.10/multiprocessing/shared_memory.py'...
#7 205.7 Compiling '/usr/local/lib/python3.10/pyclbr.py'...
#7 205.7 Compiling '/usr/local/lib/python3.10/reprlib.py'...
#7 205.7 Compiling '/usr/local/lib/python3.10/sqlite3/test/backup.py'...
#7 205.7 Compiling '/usr/local/lib/python3.10/ssl.py'...
#7 205.7 Compiling '/usr/local/lib/python3.10/test/dtracedata/call_stack.py'...
#7 205.7 Compiling '/usr/local/lib/python3.10/test/future_test2.py'...
#7 205.7 Compiling '/usr/local/lib/python3.10/test/pydocfodder.py'...
#7 205.7 Compiling '/usr/local/lib/python3.10/test/sample_doctest.py'...
#7 205.7 Compiling '/usr/local/lib/python3.10/test/support/logging_helper.py'...
#7 205.7 Compiling '/usr/local/lib/python3.10/test/test_asyncio/test_unix_events.py'...
#7 205.7 Compiling '/usr/local/lib/python3.10/test/test_cprofile.py'...
#7 205.7 Compiling '/usr/local/lib/python3.10/test/test_ctypes.py'...
#7 205.7 Compiling '/usr/local/lib/python3.10/test/test_dataclasses.py'...
#7 205.7 Compiling '/usr/local/lib/python3.10/test/test_http_cookiejar.py'...
#7 205.7 Compiling '/usr/local/lib/python3.10/test/test_importlib/test_path.py'...
#7 205.7 Compiling '/usr/local/lib/python3.10/test/test_json/__main__.py'...
#7 205.7 Compiling '/usr/local/lib/python3.10/test/test_json/test_pass1.py'...
#7 205.7 Compiling '/usr/local/lib/python3.10/test/test_json/test_speedups.py'...
#7 205.7 Compiling '/usr/local/lib/python3.10/test/test_logging.py'...
#7 205.7 Compiling '/usr/local/lib/python3.10/test/test_tempfile.py'...
#7 205.7 Compiling '/usr/local/lib/python3.10/test/test_unicode.py'...
#7 205.7 Compiling '/usr/local/lib/python3.10/typing.py'...
#7 205.7 Compiling '/usr/local/lib/python3.10/xml/__init__.py'...
#7 205.7 Compiling '/usr/local/lib/python3.10/xml/dom/pulldom.py'...
#7 205.7 Compiling '/usr/local/lib/python3.10/zoneinfo/_common.py'...
#7 205.7 Compiling '/usr/local/lib/python3.10/asyncio/base_events.py'...
#7 205.7 Compiling '/usr/local/lib/python3.10/ctypes/test/test_cast.py'...
#7 205.7 Compiling '/usr/local/lib/python3.10/ctypes/test/test_prototypes.py'...
#7 205.7 Compiling '/usr/local/lib/python3.10/distutils/_msvccompiler.py'...
#7 205.7 Compiling '/usr/local/lib/python3.10/distutils/command/install_headers.py'...
#7 205.7 Compiling '/usr/local/lib/python3.10/distutils/fancy_getopt.py'...
#7 205.7 Compiling '/usr/local/lib/python3.10/distutils/msvc9compiler.py'...
#7 205.7 Compiling '/usr/local/lib/python3.10/distutils/tests/test_dist.py'...
#7 205.7 Compiling '/usr/local/lib/python3.10/email/encoders.py'...
#7 205.7 Compiling '/usr/local/lib/python3.10/email/mime/text.py'...
#7 205.7 Compiling '/usr/local/lib/python3.10/encodings/big5.py'...
#7 205.7 Compiling '/usr/local/lib/python3.10/encodings/cp1125.py'...
#7 205.7 Compiling '/usr/local/lib/python3.10/encodings/cp861.py'...
#7 205.7 Compiling '/usr/local/lib/python3.10/encodings/hp_roman8.py'...
#7 205.7 Compiling '/usr/local/lib/python3.10/encodings/iso8859_9.py'...
#7 205.7 Compiling '/usr/local/lib/python3.10/encodings/rot_13.py'...
#7 205.7 Compiling '/usr/local/lib/python3.10/ensurepip/__init__.py'...
#7 205.7 Compiling '/usr/local/lib/python3.10/html/parser.py'...
#7 205.7 Compiling '/usr/local/lib/python3.10/http/cookiejar.py'...
#7 205.7 Compiling '/usr/local/lib/python3.10/idlelib/__main__.py'...
#7 205.7 Compiling '/usr/local/lib/python3.10/idlelib/grep.py'...
#7 205.7 Compiling '/usr/local/lib/python3.10/idlelib/idle_test/test_filelist.py'...
#7 205.7 Compiling '/usr/local/lib/python3.10/idlelib/idle_test/test_hyperparser.py'...
#7 205.7 Compiling '/usr/local/lib/python3.10/idlelib/idle_test/test_undo.py'...
#7 205.7 Compiling '/usr/local/lib/python3.10/idlelib/searchbase.py'...
#7 205.7 Compiling '/usr/local/lib/python3.10/idlelib/tooltip.py'...
#7 205.7 Compiling '/usr/local/lib/python3.10/importlib/metadata/_itertools.py'...
#7 205.7 Compiling '/usr/local/lib/python3.10/lib2to3/fixes/fix_imports.py'...
#7 205.7 Compiling '/usr/local/lib/python3.10/lib2to3/fixes/fix_sys_exc.py'...
#7 205.7 Compiling '/usr/local/lib/python3.10/lib2to3/tests/__init__.py'...
#7 205.7 Compiling '/usr/local/lib/python3.10/lib2to3/tests/test_all_fixers.py'...
#7 205.7 Compiling '/usr/local/lib/python3.10/multiprocessing/forkserver.py'...
#7 205.7 Compiling '/usr/local/lib/python3.10/opcode.py'...
#7 205.7 Compiling '/usr/local/lib/python3.10/pipes.py'...
#7 205.7 Compiling '/usr/local/lib/python3.10/py_compile.py'...
#7 205.7 Compiling '/usr/local/lib/python3.10/pydoc.py'...
#7 205.7 Compiling '/usr/local/lib/python3.10/test/coding20731.py'...
#7 205.7 Compiling '/usr/local/lib/python3.10/test/list_tests.py'...
#7 205.7 Compiling '/usr/local/lib/python3.10/test/subprocessdata/sigchild_ignore.py'...
#7 205.7 Compiling '/usr/local/lib/python3.10/test/test_asynchat.py'...
#7 205.7 Compiling '/usr/local/lib/python3.10/test/test_asyncio/test_server.py'...
#7 205.7 Compiling '/usr/local/lib/python3.10/test/test_asyncio/test_threads.py'...
#7 205.7 Compiling '/usr/local/lib/python3.10/test/test_asyncio/test_windows_events.py'...
#7 205.7 Compiling '/usr/local/lib/python3.10/test/test_bigmem.py'...
#7 205.7 Compiling '/usr/local/lib/python3.10/test/test_copy.py'...
#7 205.7 Compiling '/usr/local/lib/python3.10/test/test_doctest.py'...
#7 205.7 Compiling '/usr/local/lib/python3.10/test/test_email/test_headerregistry.py'...
#7 205.7 Compiling '/usr/local/lib/python3.10/test/test_gettext.py'...
#7 205.7 Compiling '/usr/local/lib/python3.10/test/test_import/__init__.py'...
#7 205.7 Compiling '/usr/local/lib/python3.10/test/test_importlib/test_read.py'...
#7 205.7 Compiling '/usr/local/lib/python3.10/test/test_ioctl.py'...
#7 205.7 Compiling '/usr/local/lib/python3.10/test/test_json/test_float.py'...
#7 205.7 Compiling '/usr/local/lib/python3.10/test/test_json/test_separators.py'...
#7 205.7 Compiling '/usr/local/lib/python3.10/test/test_minidom.py'...
#7 205.7 Compiling '/usr/local/lib/python3.10/test/test_pulldom.py'...
#7 205.7 Compiling '/usr/local/lib/python3.10/test/test_scope.py'...
#7 205.7 Compiling '/usr/local/lib/python3.10/test/test_socketserver.py'...
#7 205.7 Compiling '/usr/local/lib/python3.10/test/test_sundry.py'...
#7 205.7 Compiling '/usr/local/lib/python3.10/test/test_symtable.py'...
#7 205.7 Compiling '/usr/local/lib/python3.10/test/test_threading_local.py'...
#7 205.7 Compiling '/usr/local/lib/python3.10/test/test_tk.py'...
#7 205.7 Compiling '/usr/local/lib/python3.10/test/test_tools/__init__.py'...
#7 205.7 Compiling '/usr/local/lib/python3.10/test/test_unary.py'...
#7 205.7 Compiling '/usr/local/lib/python3.10/test/test_univnewlines.py'...
#7 205.7 Compiling '/usr/local/lib/python3.10/test/test_userstring.py'...
#7 205.7 Compiling '/usr/local/lib/python3.10/test/test_utf8source.py'...
#7 205.7 Compiling '/usr/local/lib/python3.10/test/test_uuid.py'...
#7 205.7 Compiling '/usr/local/lib/python3.10/test/test_zipimport.py'...
#7 205.7 Compiling '/usr/local/lib/python3.10/tkinter/test/test_tkinter/test_loadtk.py'...
#7 205.7 Compiling '/usr/local/lib/python3.10/tkinter/test/test_tkinter/test_widgets.py'...
#7 205.7 Compiling '/usr/local/lib/python3.10/unittest/test/testmock/__main__.py'...
#7 205.7 Compiling '/usr/local/lib/python3.10/unittest/test/testmock/testhelpers.py'...
#7 205.7 Compiling '/usr/local/lib/python3.10/xml/etree/ElementInclude.py'...
#7 205.7 Compiling '/usr/local/lib/python3.10/xml/sax/expatreader.py'...
#7 205.7 Compiling '/usr/local/lib/python3.10/aifc.py'...
#7 205.7 Compiling '/usr/local/lib/python3.10/bisect.py'...
#7 205.7 Compiling '/usr/local/lib/python3.10/cmd.py'...
#7 205.7 Compiling '/usr/local/lib/python3.10/concurrent/futures/process.py'...
#7 205.7 Compiling '/usr/local/lib/python3.10/ctypes/test/test_callbacks.py'...
#7 205.7 Compiling '/usr/local/lib/python3.10/ctypes/test/test_struct_fields.py'...
#7 205.7 Compiling '/usr/local/lib/python3.10/ctypes/util.py'...
#7 205.7 Compiling '/usr/local/lib/python3.10/distutils/command/build_py.py'...
#7 205.7 Compiling '/usr/local/lib/python3.10/distutils/tests/test_bdist.py'...
#7 205.7 Compiling '/usr/local/lib/python3.10/distutils/tests/test_config.py'...
#7 205.7 Compiling '/usr/local/lib/python3.10/distutils/tests/test_sdist.py'...
#7 205.7 Compiling '/usr/local/lib/python3.10/encodings/big5hkscs.py'...
#7 205.7 Compiling '/usr/local/lib/python3.10/encodings/cp1250.py'...
#7 205.7 Compiling '/usr/local/lib/python3.10/encodings/cp775.py'...
#7 205.7 Compiling '/usr/local/lib/python3.10/encodings/gbk.py'...
#7 205.7 Compiling '/usr/local/lib/python3.10/encodings/iso8859_5.py'...
#7 205.7 Compiling '/usr/local/lib/python3.10/encodings/punycode.py'...
#7 205.7 Compiling '/usr/local/lib/python3.10/graphlib.py'...
#7 205.7 Compiling '/usr/local/lib/python3.10/idlelib/colorizer.py'...
#7 205.7 Compiling '/usr/local/lib/python3.10/idlelib/delegator.py'...
#7 205.7 Compiling '/usr/local/lib/python3.10/idlelib/idle_test/__init__.py'...
#7 205.7 Compiling '/usr/local/lib/python3.10/idlelib/idle_test/test_multicall.py'...
#7 205.7 Compiling '/usr/local/lib/python3.10/idlelib/idle_test/test_textview.py'...
#7 205.7 Compiling '/usr/local/lib/python3.10/idlelib/run.py'...
#7 205.7 Compiling '/usr/local/lib/python3.10/importlib/abc.py'...
#7 205.7 Compiling '/usr/local/lib/python3.10/lib2to3/fixes/fix_has_key.py'...
#7 205.7 Compiling '/usr/local/lib/python3.10/lib2to3/fixes/fix_reload.py'...
#7 205.7 Compiling '/usr/local/lib/python3.10/lib2to3/pgen2/token.py'...
#7 205.7 Compiling '/usr/local/lib/python3.10/multiprocessing/dummy/connection.py'...
#7 205.7 Compiling '/usr/local/lib/python3.10/multiprocessing/process.py'...
#7 205.7 Compiling '/usr/local/lib/python3.10/pprint.py'...
#7 205.7 Compiling '/usr/local/lib/python3.10/shlex.py'...
#7 205.7 Compiling '/usr/local/lib/python3.10/stat.py'...
#7 205.7 Compiling '/usr/local/lib/python3.10/test/_test_atexit.py'...
#7 205.7 Compiling '/usr/local/lib/python3.10/test/ann_module2.py'...
#7 205.7 Compiling '/usr/local/lib/python3.10/test/double_const.py'...
#7 205.7 Compiling '/usr/local/lib/python3.10/test/inspect_fodder.py'...
#7 205.7 Compiling '/usr/local/lib/python3.10/test/inspect_stringized_annotations_2.py'...
#7 205.7 Compiling '/usr/local/lib/python3.10/test/regrtest.py'...
#7 205.7 Compiling '/usr/local/lib/python3.10/test/test_asyncio/functional.py'...
#7 205.7 Compiling '/usr/local/lib/python3.10/test/test_asyncio/test_sslproto.py'...
#7 205.7 Compiling '/usr/local/lib/python3.10/test/test_baseexception.py'...
#7 205.7 Compiling '/usr/local/lib/python3.10/test/test_bool.py'...
#7 205.7 Compiling '/usr/local/lib/python3.10/test/test_calendar.py'...
#7 205.7 Compiling '/usr/local/lib/python3.10/test/test_concurrent_futures.py'...
#7 205.7 Compiling '/usr/local/lib/python3.10/test/test_dynamicclassattribute.py'...
#7 205.7 Compiling '/usr/local/lib/python3.10/test/test_email/test_inversion.py'...
#7 205.7 Compiling '/usr/local/lib/python3.10/test/test_enumerate.py'...
#7 205.7 Compiling '/usr/local/lib/python3.10/test/test_fork1.py'...
#7 205.7 Compiling '/usr/local/lib/python3.10/test/test_ftplib.py'...
#7 205.7 Compiling '/usr/local/lib/python3.10/test/test_imaplib.py'...
#7 205.7 Compiling '/usr/local/lib/python3.10/test/test_importlib/stubs.py'...
#7 205.7 Compiling '/usr/local/lib/python3.10/test/test_json/test_default.py'...
#7 205.7 Compiling '/usr/local/lib/python3.10/test/test_json/test_pass2.py'...
#7 205.7 Compiling '/usr/local/lib/python3.10/test/test_json/test_recursion.py'...
#7 205.7 Compiling '/usr/local/lib/python3.10/test/test_list.py'...
#7 205.7 Compiling '/usr/local/lib/python3.10/test/test_memoryview.py'...
#7 205.7 Compiling '/usr/local/lib/python3.10/test/test_ossaudiodev.py'...
#7 205.7 Compiling '/usr/local/lib/python3.10/test/test_osx_env.py'...
#7 205.7 Compiling '/usr/local/lib/python3.10/test/test_patma.py'...
#7 205.7 Compiling '/usr/local/lib/python3.10/test/test_subprocess.py'...
#7 205.7 Compiling '/usr/local/lib/python3.10/tkinter/messagebox.py'...
#7 205.7 Compiling '/usr/local/lib/python3.10/tkinter/test/test_tkinter/test_geometry_managers.py'...
#7 205.7 Compiling '/usr/local/lib/python3.10/unittest/_log.py'...
#7 205.7 Compiling '/usr/local/lib/python3.10/unittest/loader.py'...
#7 205.7 Compiling '/usr/local/lib/python3.10/unittest/test/test_async_case.py'...
#7 205.7 Compiling '/usr/local/lib/python3.10/venv/__main__.py'...
#7 205.7 Compiling '/usr/local/lib/python3.10/wave.py'...
#7 205.7 Compiling '/usr/local/lib/python3.10/wsgiref/simple_server.py'...
#7 205.7 Compiling '/usr/local/lib/python3.10/xml/dom/NodeFilter.py'...
#7 205.7 Compiling '/usr/local/lib/python3.10/xml/sax/saxutils.py'...
#7 205.7 Compiling '/usr/local/lib/python3.10/_weakrefset.py'...
#7 205.7 Compiling '/usr/local/lib/python3.10/asyncio/base_tasks.py'...
#7 205.7 Compiling '/usr/local/lib/python3.10/asyncio/selector_events.py'...
#7 205.7 Compiling '/usr/local/lib/python3.10/ctypes/test/test_array_in_pointer.py'...
#7 205.7 Compiling '/usr/local/lib/python3.10/ctypes/test/test_init.py'...
#7 205.7 Compiling '/usr/local/lib/python3.10/ctypes/test/test_pickling.py'...
#7 205.7 Compiling '/usr/local/lib/python3.10/ctypes/wintypes.py'...
#7 205.7 Compiling '/usr/local/lib/python3.10/dis.py'...
#7 205.7 Compiling '/usr/local/lib/python3.10/distutils/cmd.py'...
#7 205.7 Compiling '/usr/local/lib/python3.10/distutils/cygwinccompiler.py'...
#7 205.7 Compiling '/usr/local/lib/python3.10/distutils/tests/test_bdist_dumb.py'...
#7 205.7 Compiling '/usr/local/lib/python3.10/distutils/tests/test_install.py'...
#7 205.7 Compiling '/usr/local/lib/python3.10/distutils/util.py'...
#7 205.7 Compiling '/usr/local/lib/python3.10/encodings/cp1253.py'...
#7 205.7 Compiling '/usr/local/lib/python3.10/encodings/cp500.py'...
#7 205.7 Compiling '/usr/local/lib/python3.10/encodings/cp865.py'...
#7 205.7 Compiling '/usr/local/lib/python3.10/encodings/iso8859_13.py'...
#7 205.7 Compiling '/usr/local/lib/python3.10/encodings/mac_iceland.py'...
#7 205.7 Compiling '/usr/local/lib/python3.10/encodings/utf_32_le.py'...
#7 205.7 Compiling '/usr/local/lib/python3.10/fnmatch.py'...
#7 205.7 Compiling '/usr/local/lib/python3.10/idlelib/autoexpand.py'...
#7 205.7 Compiling '/usr/local/lib/python3.10/idlelib/hyperparser.py'...
#7 205.7 Compiling '/usr/local/lib/python3.10/idlelib/idle_test/test_debugobj.py'...
#7 205.7 Compiling '/usr/local/lib/python3.10/idlelib/idle_test/test_util.py'...
#7 205.7 Compiling '/usr/local/lib/python3.10/idlelib/idle_test/test_zoomheight.py'...
#7 205.7 Compiling '/usr/local/lib/python3.10/idlelib/squeezer.py'...
#7 205.7 Compiling '/usr/local/lib/python3.10/idlelib/tree.py'...
#7 205.7 Compiling '/usr/local/lib/python3.10/lib2to3/fixes/__init__.py'...
#7 205.7 Compiling '/usr/local/lib/python3.10/lib2to3/fixes/fix_itertools_imports.py'...
#7 205.7 Compiling '/usr/local/lib/python3.10/lib2to3/fixes/fix_methodattrs.py'...
#7 205.7 Compiling '/usr/local/lib/python3.10/lib2to3/pytree.py'...
#7 205.7 Compiling '/usr/local/lib/python3.10/locale.py'...
#7 205.7 Compiling '/usr/local/lib/python3.10/multiprocessing/managers.py'...
#7 205.7 Compiling '/usr/local/lib/python3.10/shelve.py'...
#7 205.7 Compiling '/usr/local/lib/python3.10/sqlite3/test/regression.py'...
#7 205.7 Compiling '/usr/local/lib/python3.10/telnetlib.py'...
#7 205.7 Compiling '/usr/local/lib/python3.10/test/doctest_lineno.py'...
#7 205.7 Compiling '/usr/local/lib/python3.10/test/final_a.py'...
#7 205.7 Compiling '/usr/local/lib/python3.10/test/imp_dummy.py'...
#7 205.7 Compiling '/usr/local/lib/python3.10/test/lock_tests.py'...
#7 205.7 Compiling '/usr/local/lib/python3.10/test/ssltests.py'...
#7 205.7 Compiling '/usr/local/lib/python3.10/test/test___future__.py'...
#7 205.7 Compiling '/usr/local/lib/python3.10/test/test_aifc.py'...
#7 205.7 Compiling '/usr/local/lib/python3.10/test/test_asyncio/test_sock_lowlevel.py'...
#7 205.7 Compiling '/usr/local/lib/python3.10/test/test_asyncio/test_waitfor.py'...
#7 205.7 Compiling '/usr/local/lib/python3.10/test/test_base64.py'...
#7 205.7 Compiling '/usr/local/lib/python3.10/test/test_clinic.py'...
#7 205.7 Compiling '/usr/local/lib/python3.10/test/test_codecencodings_jp.py'...
#7 205.7 Compiling '/usr/local/lib/python3.10/test/test_colorsys.py'...
#7 205.7 Compiling '/usr/local/lib/python3.10/test/test_contextlib_async.py'...
#7 205.7 Compiling '/usr/local/lib/python3.10/test/test_decimal.py'...
#7 205.7 Compiling '/usr/local/lib/python3.10/test/test_importlib/test_open.py'...
#7 205.7 Compiling '/usr/local/lib/python3.10/test/test_io.py'...
#7 205.7 Compiling '/usr/local/lib/python3.10/test/test_tix.py'...
#7 205.7 Compiling '/usr/local/lib/python3.10/test/test_tools/__main__.py'...
#7 205.7 Compiling '/usr/local/lib/python3.10/test/test_tools/test_i18n.py'...
#7 205.7 Compiling '/usr/local/lib/python3.10/test/test_ttk_textonly.py'...
#7 205.7 Compiling '/usr/local/lib/python3.10/test/test_unparse.py'...
#7 205.7 Compiling '/usr/local/lib/python3.10/test/test_winsound.py'...
#7 205.7 Compiling '/usr/local/lib/python3.10/test/test_xml_etree.py'...
#7 205.7 Compiling '/usr/local/lib/python3.10/_bootsubprocess.py'...
#7 205.7 Compiling '/usr/local/lib/python3.10/_osx_support.py'...
#7 205.7 Compiling '/usr/local/lib/python3.10/asyncio/format_helpers.py'...
#7 205.7 Compiling '/usr/local/lib/python3.10/asyncio/transports.py'...
#7 205.7 Compiling '/usr/local/lib/python3.10/chunk.py'...
#7 205.7 Compiling '/usr/local/lib/python3.10/collections/abc.py'...
#7 205.7 Compiling '/usr/local/lib/python3.10/colorsys.py'...
#7 205.7 Compiling '/usr/local/lib/python3.10/csv.py'...
#7 205.7 Compiling '/usr/local/lib/python3.10/ctypes/test/test_functions.py'...
#7 205.7 Compiling '/usr/local/lib/python3.10/curses/textpad.py'...
#7 205.7 Compiling '/usr/local/lib/python3.10/distutils/spawn.py'...
#7 205.7 Compiling '/usr/local/lib/python3.10/distutils/tests/test_file_util.py'...
#7 205.7 Compiling '/usr/local/lib/python3.10/distutils/tests/test_register.py'...
#7 205.7 Compiling '/usr/local/lib/python3.10/email/headerregistry.py'...
#7 205.7 Compiling '/usr/local/lib/python3.10/encodings/cp860.py'...
#7 205.7 Compiling '/usr/local/lib/python3.10/encodings/iso8859_14.py'...
#7 205.7 Compiling '/usr/local/lib/python3.10/encodings/mac_latin2.py'...
#7 205.7 Compiling '/usr/local/lib/python3.10/encodings/mbcs.py'...
#7 205.7 Compiling '/usr/local/lib/python3.10/encodings/shift_jis_2004.py'...
#7 205.7 Compiling '/usr/local/lib/python3.10/http/client.py'...
#7 205.7 Compiling '/usr/local/lib/python3.10/idlelib/editor.py'...
#7 205.7 Compiling '/usr/local/lib/python3.10/idlelib/idle_test/test_query.py'...
#7 205.7 Compiling '/usr/local/lib/python3.10/idlelib/pyparse.py'...
#7 205.7 Compiling '/usr/local/lib/python3.10/imaplib.py'...
#7 205.7 Compiling '/usr/local/lib/python3.10/lib2to3/__init__.py'...
#7 205.7 Compiling '/usr/local/lib/python3.10/lib2to3/btm_utils.py'...
#7 205.7 Compiling '/usr/local/lib/python3.10/lib2to3/fixes/fix_isinstance.py'...
#7 205.7 Compiling '/usr/local/lib/python3.10/lib2to3/fixes/fix_tuple_params.py'...
#7 205.7 Compiling '/usr/local/lib/python3.10/lib2to3/tests/test_util.py'...
#7 205.7 Compiling '/usr/local/lib/python3.10/multiprocessing/connection.py'...
#7 205.7 Compiling '/usr/local/lib/python3.10/netrc.py'...
#7 205.7 Compiling '/usr/local/lib/python3.10/pickle.py'...
#7 205.7 Compiling '/usr/local/lib/python3.10/sqlite3/test/__init__.py'...
#7 205.7 Compiling '/usr/local/lib/python3.10/sqlite3/test/types.py'...
#7 205.7 Compiling '/usr/local/lib/python3.10/subprocess.py'...
#7 205.7 Compiling '/usr/local/lib/python3.10/test/dis_module.py'...
#7 205.7 Compiling '/usr/local/lib/python3.10/test/libregrtest/utils.py'...
#7 205.7 Compiling '/usr/local/lib/python3.10/test/memory_watchdog.py'...
#7 205.7 Compiling '/usr/local/lib/python3.10/test/support/import_helper.py'...
#7 205.7 Compiling '/usr/local/lib/python3.10/test/test_asyncio/test_selector_events.py'...
#7 205.7 Compiling '/usr/local/lib/python3.10/test/test_bz2.py'...
#7 205.7 Compiling '/usr/local/lib/python3.10/test/test_contextlib.py'...
#7 205.7 Compiling '/usr/local/lib/python3.10/test/test_descrtut.py'...
#7 205.7 Compiling '/usr/local/lib/python3.10/test/test_dictviews.py'...
#7 205.7 Compiling '/usr/local/lib/python3.10/test/test_ensurepip.py'...
#7 205.7 Compiling '/usr/local/lib/python3.10/test/test_fractions.py'...
#7 205.7 Compiling '/usr/local/lib/python3.10/test/test_html.py'...
#7 205.7 Compiling '/usr/local/lib/python3.10/test/test_httpservers.py'...
#7 205.7 Compiling '/usr/local/lib/python3.10/test/test_importlib/test_resource.py'...
#7 205.7 Compiling '/usr/local/lib/python3.10/test/test_iterlen.py'...
#7 205.7 Compiling '/usr/local/lib/python3.10/test/test_keyword.py'...
#7 205.7 Compiling '/usr/local/lib/python3.10/test/test_lib2to3.py'...
#7 205.7 Compiling '/usr/local/lib/python3.10/test/test_lltrace.py'...
#7 205.7 Compiling '/usr/local/lib/python3.10/test/test_mailbox.py'...
#7 205.7 Compiling '/usr/local/lib/python3.10/test/test_smtplib.py'...
#7 205.7 Compiling '/usr/local/lib/python3.10/test/test_threading.py'...
#7 205.7 Compiling '/usr/local/lib/python3.10/test/test_unicode_file.py'...
#7 205.7 Compiling '/usr/local/lib/python3.10/test/test_urllib2_localnet.py'...
#7 205.7 Compiling '/usr/local/lib/python3.10/test/test_winreg.py'...
#7 205.7 Compiling '/usr/local/lib/python3.10/test/test_xxtestfuzz.py'...
#7 205.7 Compiling '/usr/local/lib/python3.10/test/test_zipfile.py'...
#7 205.7 Compiling '/usr/local/lib/python3.10/wsgiref/__init__.py'...
#7 205.7 Compiling '/usr/local/lib/python3.10/xml/dom/domreg.py'...
#7 205.7 Compiling '/usr/local/lib/python3.10/xml/etree/ElementPath.py'...
#7 205.7 Compiling '/usr/local/lib/python3.10/zoneinfo/_tzpath.py'...
#7 205.7 Compiling '/usr/local/lib/python3.10/asyncio/base_futures.py'...
#7 205.7 Compiling '/usr/local/lib/python3.10/asyncio/futures.py'...
#7 205.7 Compiling '/usr/local/lib/python3.10/asyncore.py'...
#7 205.7 Compiling '/usr/local/lib/python3.10/ctypes/macholib/framework.py'...
#7 205.7 Compiling '/usr/local/lib/python3.10/ctypes/test/test_find.py'...
#7 205.7 Compiling '/usr/local/lib/python3.10/ctypes/test/test_objects.py'...
#7 205.7 Compiling '/usr/local/lib/python3.10/ctypes/test/test_refcounts.py'...
#7 205.7 Compiling '/usr/local/lib/python3.10/distutils/__init__.py'...
#7 205.7 Compiling '/usr/local/lib/python3.10/distutils/command/install_lib.py'...
#7 205.7 Compiling '/usr/local/lib/python3.10/distutils/tests/test_clean.py'...
#7 205.7 Compiling '/usr/local/lib/python3.10/distutils/tests/test_install_lib.py'...
#7 205.7 Compiling '/usr/local/lib/python3.10/email/mime/__init__.py'...
#7 205.7 Compiling '/usr/local/lib/python3.10/email/policy.py'...
#7 205.7 Compiling '/usr/local/lib/python3.10/encodings/cp1251.py'...
#7 205.7 Compiling '/usr/local/lib/python3.10/encodings/cp949.py'...
#7 205.7 Compiling '/usr/local/lib/python3.10/encodings/johab.py'...
#7 205.7 Compiling '/usr/local/lib/python3.10/encodings/shift_jis.py'...
#7 205.7 Compiling '/usr/local/lib/python3.10/enum.py'...
#7 205.7 Compiling '/usr/local/lib/python3.10/idlelib/autocomplete_w.py'...
#7 205.7 Compiling '/usr/local/lib/python3.10/idlelib/debugger.py'...
#7 205.7 Compiling '/usr/local/lib/python3.10/idlelib/idle.py'...
#7 205.7 Compiling '/usr/local/lib/python3.10/idlelib/idle_test/test_iomenu.py'...
#7 205.7 Compiling '/usr/local/lib/python3.10/idlelib/idle_test/test_outwin.py'...
#7 205.7 Compiling '/usr/local/lib/python3.10/idlelib/idle_test/test_scrolledlist.py'...
#7 205.7 Compiling '/usr/local/lib/python3.10/idlelib/idle_test/test_stackviewer.py'...
#7 205.7 Compiling '/usr/local/lib/python3.10/idlelib/idle_test/tkinter_testing_utils.py'...
#7 205.7 Compiling '/usr/local/lib/python3.10/idlelib/stackviewer.py'...
#7 205.7 Compiling '/usr/local/lib/python3.10/importlib/metadata/_adapters.py'...
#7 205.7 Compiling '/usr/local/lib/python3.10/lib2to3/btm_matcher.py'...
#7 205.7 Compiling '/usr/local/lib/python3.10/lib2to3/fixes/fix_input.py'...
#7 205.7 Compiling '/usr/local/lib/python3.10/lib2to3/fixes/fix_standarderror.py'...
#7 205.7 Compiling '/usr/local/lib/python3.10/multiprocessing/resource_sharer.py'...
#7 205.7 Compiling '/usr/local/lib/python3.10/pathlib.py'...
#7 205.7 Compiling '/usr/local/lib/python3.10/site.py'...
#7 205.7 Compiling '/usr/local/lib/python3.10/tarfile.py'...
#7 205.7 Compiling '/usr/local/lib/python3.10/test/dataclass_module_2_str.py'...
#7 205.7 Compiling '/usr/local/lib/python3.10/test/libregrtest/pgo.py'...
#7 205.7 Compiling '/usr/local/lib/python3.10/test/support/threading_helper.py'...
#7 205.7 Compiling '/usr/local/lib/python3.10/test/test_asyncio/echo2.py'...
#7 205.7 Compiling '/usr/local/lib/python3.10/test/test_asyncio/test_context.py'...
#7 205.7 Compiling '/usr/local/lib/python3.10/test/test_asyncio/test_pep492.py'...
#7 205.7 Compiling '/usr/local/lib/python3.10/test/test_asyncio/test_subprocess.py'...
#7 205.7 Compiling '/usr/local/lib/python3.10/test/test_binhex.py'...
#7 205.7 Compiling '/usr/local/lib/python3.10/test/test_bufio.py'...
#7 205.7 Compiling '/usr/local/lib/python3.10/test/test_builtin.py'...
#7 205.7 Compiling '/usr/local/lib/python3.10/test/test_email/test_email.py'...
#7 205.7 Compiling '/usr/local/lib/python3.10/test/test_importlib/test_abc.py'...
#7 205.7 Compiling '/usr/local/lib/python3.10/test/test_int.py'...
#7 205.7 Compiling '/usr/local/lib/python3.10/test/test_nntplib.py'...
#7 205.7 Compiling '/usr/local/lib/python3.10/test/test_queue.py'...
#7 205.7 Compiling '/usr/local/lib/python3.10/test/test_sched.py'...
#7 205.7 Compiling '/usr/local/lib/python3.10/test/test_setcomps.py'...
#7 205.7 Compiling '/usr/local/lib/python3.10/test/test_shutil.py'...
#7 205.7 Compiling '/usr/local/lib/python3.10/test/test_unpack_ex.py'...
#7 205.7 Compiling '/usr/local/lib/python3.10/test/test_urllibnet.py'...
#7 205.7 Compiling '/usr/local/lib/python3.10/test/test_uu.py'...
#7 205.7 Compiling '/usr/local/lib/python3.10/test/test_warnings/__init__.py'...
#7 205.7 Compiling '/usr/local/lib/python3.10/tkinter/__init__.py'...
#7 205.7 Compiling '/usr/local/lib/python3.10/asyncio/coroutines.py'...
#7 205.7 Compiling '/usr/local/lib/python3.10/asyncio/windows_utils.py'...
#7 205.7 Compiling '/usr/local/lib/python3.10/codecs.py'...
#7 205.7 Compiling '/usr/local/lib/python3.10/copy.py'...
#7 205.7 Compiling '/usr/local/lib/python3.10/ctypes/test/__init__.py'...
#7 205.7 Compiling '/usr/local/lib/python3.10/ctypes/test/test_buffers.py'...
#7 205.7 Compiling '/usr/local/lib/python3.10/ctypes/test/test_loading.py'...
#7 205.7 Compiling '/usr/local/lib/python3.10/ctypes/test/test_slicing.py'...
#7 205.7 Compiling '/usr/local/lib/python3.10/dbm/ndbm.py'...
#7 205.7 Compiling '/usr/local/lib/python3.10/distutils/command/build_clib.py'...
#7 205.7 Compiling '/usr/local/lib/python3.10/distutils/tests/support.py'...
#7 205.7 Compiling '/usr/local/lib/python3.10/distutils/tests/test_dep_util.py'...
#7 205.7 Compiling '/usr/local/lib/python3.10/distutils/tests/test_version.py'...
#7 205.7 Compiling '/usr/local/lib/python3.10/email/mime/application.py'...
#7 205.7 Compiling '/usr/local/lib/python3.10/encodings/ascii.py'...
#7 205.7 Compiling '/usr/local/lib/python3.10/encodings/cp1026.py'...
#7 205.7 Compiling '/usr/local/lib/python3.10/encodings/cp852.py'...
#7 205.7 Compiling '/usr/local/lib/python3.10/encodings/iso2022_jp_1.py'...
#7 205.7 Compiling '/usr/local/lib/python3.10/encodings/koi8_t.py'...
#7 205.7 Compiling '/usr/local/lib/python3.10/encodings/kz1048.py'...
#7 205.7 Compiling '/usr/local/lib/python3.10/ensurepip/_bundled/__init__.py'...
#7 205.7 Compiling '/usr/local/lib/python3.10/http/__init__.py'...
#7 205.7 Compiling '/usr/local/lib/python3.10/idlelib/debugobj_r.py'...
#7 205.7 Compiling '/usr/local/lib/python3.10/idlelib/idle_test/mock_tk.py'...
#7 205.7 Compiling '/usr/local/lib/python3.10/idlelib/idle_test/test_debugger_r.py'...
#7 205.7 Compiling '/usr/local/lib/python3.10/idlelib/idle_test/test_grep.py'...
#7 205.7 Compiling '/usr/local/lib/python3.10/idlelib/idle_test/test_search.py'...
#7 205.7 Compiling '/usr/local/lib/python3.10/idlelib/search.py'...
#7 205.7 Compiling '/usr/local/lib/python3.10/importlib/_bootstrap.py'...
#7 205.7 Compiling '/usr/local/lib/python3.10/lib2to3/fixes/fix_map.py'...
#7 205.7 Compiling '/usr/local/lib/python3.10/lib2to3/refactor.py'...
#7 205.7 Compiling '/usr/local/lib/python3.10/logging/config.py'...
#7 205.7 Compiling '/usr/local/lib/python3.10/ntpath.py'...
#7 205.7 Compiling '/usr/local/lib/python3.10/queue.py'...
#7 205.7 Compiling '/usr/local/lib/python3.10/sqlite3/test/dump.py'...
#7 205.7 Compiling '/usr/local/lib/python3.10/sre_constants.py'...
#7 205.7 Compiling '/usr/local/lib/python3.10/test/_test_embed_set_config.py'...
#7 205.7 Compiling '/usr/local/lib/python3.10/test/libregrtest/main.py'...
#7 205.7 Compiling '/usr/local/lib/python3.10/test/mapping_tests.py'...
#7 205.7 Compiling '/usr/local/lib/python3.10/test/support/script_helper.py'...
#7 205.7 Compiling '/usr/local/lib/python3.10/test/test_asyncio/__main__.py'...
#7 205.7 Compiling '/usr/local/lib/python3.10/test/test_asyncio/test_buffered_proto.py'...
#7 205.7 Compiling '/usr/local/lib/python3.10/test/test_asyncio/utils.py'...
#7 205.7 Compiling '/usr/local/lib/python3.10/test/test_class.py'...
#7 205.7 Compiling '/usr/local/lib/python3.10/test/test_codecencodings_tw.py'...
#7 205.7 Compiling '/usr/local/lib/python3.10/test/test_collections.py'...
#7 205.7 Compiling '/usr/local/lib/python3.10/test/test_exceptions.py'...
#7 205.7 Compiling '/usr/local/lib/python3.10/test/test_importlib/import_/test_api.py'...
#7 205.7 Compiling '/usr/local/lib/python3.10/test/test_importlib/source/test_path_hook.py'...
#7 205.7 Compiling '/usr/local/lib/python3.10/test/test_importlib/test_threaded_import.py'...
#7 205.7 Compiling '/usr/local/lib/python3.10/test/test_json/test_encode_basestring_ascii.py'...
#7 205.7 Compiling '/usr/local/lib/python3.10/test/test_json/test_tool.py'...
#7 205.7 Compiling '/usr/local/lib/python3.10/test/test_mailcap.py'...
#7 205.7 Compiling '/usr/local/lib/python3.10/test/test_multiprocessing_forkserver.py'...
#7 205.7 Compiling '/usr/local/lib/python3.10/test/test_named_expressions.py'...
#7 205.7 Compiling '/usr/local/lib/python3.10/test/test_pdb.py'...
#7 205.7 Compiling '/usr/local/lib/python3.10/test/test_poplib.py'...
#7 205.7 Compiling '/usr/local/lib/python3.10/test/test_pstats.py'...
#7 205.7 Compiling '/usr/local/lib/python3.10/test/test_pyexpat.py'...
#7 205.7 Compiling '/usr/local/lib/python3.10/test/test_script_helper.py'...
#7 205.7 Compiling '/usr/local/lib/python3.10/test/test_shelve.py'...
#7 205.7 Compiling '/usr/local/lib/python3.10/test/test_smtpd.py'...
#7 205.7 Compiling '/usr/local/lib/python3.10/test/test_subclassinit.py'...
#7 205.7 Compiling '/usr/local/lib/python3.10/test/test_sys.py'...
#7 205.7 Compiling '/usr/local/lib/python3.10/test/test_typechecks.py'...
#7 205.7 Compiling '/usr/local/lib/python3.10/test/test_ucn.py'...
#7 205.7 Compiling '/usr/local/lib/python3.10/test/test_unpack.py'...
#7 205.7 Compiling '/usr/local/lib/python3.10/test/test_weakset.py'...
#7 205.7 Compiling '/usr/local/lib/python3.10/test/test_yield_from.py'...
#7 205.7 Compiling '/usr/local/lib/python3.10/test/xmltests.py'...
#7 205.7 Compiling '/usr/local/lib/python3.10/tkinter/__main__.py'...
#7 205.7 Compiling '/usr/local/lib/python3.10/tkinter/dnd.py'...
#7 205.7 Compiling '/usr/local/lib/python3.10/tkinter/test/test_tkinter/test_misc.py'...
#7 205.7 Compiling '/usr/local/lib/python3.10/tokenize.py'...
#7 205.7 Compiling '/usr/local/lib/python3.10/turtledemo/lindenmayer.py'...
#7 205.7 Compiling '/usr/local/lib/python3.10/turtledemo/rosette.py'...
#7 205.7 Compiling '/usr/local/lib/python3.10/unittest/test/test_setups.py'...
#7 205.7 Compiling '/usr/local/lib/python3.10/urllib/parse.py'...
#7 205.7 Compiling '/usr/local/lib/python3.10/xml/sax/handler.py'...
#7 205.7 Compiling '/usr/local/lib/python3.10/zipimport.py'...
#7 205.7 Compiling '/usr/local/lib/python3.10/_compression.py'...
#7 205.7 Compiling '/usr/local/lib/python3.10/_sitebuiltins.py'...
#7 205.7 Compiling '/usr/local/lib/python3.10/_threading_local.py'...
#7 205.7 Compiling '/usr/local/lib/python3.10/asyncio/log.py'...
#7 205.7 Compiling '/usr/local/lib/python3.10/asyncio/threads.py'...
#7 205.7 Compiling '/usr/local/lib/python3.10/cgitb.py'...
#7 205.7 Compiling '/usr/local/lib/python3.10/concurrent/futures/_base.py'...
#7 205.7 Compiling '/usr/local/lib/python3.10/ctypes/__init__.py'...
#7 205.7 Compiling '/usr/local/lib/python3.10/ctypes/test/test_memfunctions.py'...
#7 205.7 Compiling '/usr/local/lib/python3.10/ctypes/test/test_unaligned_structures.py'...
#7 205.7 Compiling '/usr/local/lib/python3.10/distutils/ccompiler.py'...
#7 205.7 Compiling '/usr/local/lib/python3.10/distutils/tests/test_build_py.py'...
#7 205.7 Compiling '/usr/local/lib/python3.10/distutils/tests/test_unixccompiler.py'...
#7 205.7 Compiling '/usr/local/lib/python3.10/email/feedparser.py'...
#7 205.7 Compiling '/usr/local/lib/python3.10/encodings/cp1257.py'...
#7 205.7 Compiling '/usr/local/lib/python3.10/encodings/cp866.py'...
#7 205.7 Compiling '/usr/local/lib/python3.10/encodings/iso8859_2.py'...
#7 205.7 Compiling '/usr/local/lib/python3.10/encodings/mac_turkish.py'...
#7 205.7 Compiling '/usr/local/lib/python3.10/ensurepip/__main__.py'...
#7 205.7 Compiling '/usr/local/lib/python3.10/html/entities.py'...
#7 205.7 Compiling '/usr/local/lib/python3.10/idlelib/__init__.py'...
#7 205.7 Compiling '/usr/local/lib/python3.10/idlelib/format.py'...
#7 205.7 Compiling '/usr/local/lib/python3.10/idlelib/idle_test/test_editor.py'...
#7 205.7 Compiling '/usr/local/lib/python3.10/idlelib/idle_test/test_replace.py'...
#7 205.7 Compiling '/usr/local/lib/python3.10/idlelib/mainmenu.py'...
#7 205.7 Compiling '/usr/local/lib/python3.10/idlelib/textview.py'...
#7 205.7 Compiling '/usr/local/lib/python3.10/importlib/metadata/_functools.py'...
#7 205.7 Compiling '/usr/local/lib/python3.10/importlib/readers.py'...
#7 205.7 Compiling '/usr/local/lib/python3.10/lib2to3/fixes/fix_asserts.py'...
#7 205.7 Compiling '/usr/local/lib/python3.10/lib2to3/fixes/fix_metaclass.py'...
#7 205.7 Compiling '/usr/local/lib/python3.10/lib2to3/fixes/fix_xreadlines.py'...
#7 205.7 Compiling '/usr/local/lib/python3.10/linecache.py'...
#7 205.7 Compiling '/usr/local/lib/python3.10/mailcap.py'...
#7 205.7 Compiling '/usr/local/lib/python3.10/multiprocessing/popen_forkserver.py'...
#7 205.7 Compiling '/usr/local/lib/python3.10/nturl2path.py'...
#7 205.7 Compiling '/usr/local/lib/python3.10/os.py'...
#7 205.7 Compiling '/usr/local/lib/python3.10/sched.py'...
#7 205.7 Compiling '/usr/local/lib/python3.10/sqlite3/test/dbapi.py'...
#7 205.7 Compiling '/usr/local/lib/python3.10/test/bad_getattr2.py'...
#7 205.7 Compiling '/usr/local/lib/python3.10/test/libregrtest/cmdline.py'...
#7 205.7 Compiling '/usr/local/lib/python3.10/test/seq_tests.py'...
#7 205.7 Compiling '/usr/local/lib/python3.10/test/support/testresult.py'...
#7 205.7 Compiling '/usr/local/lib/python3.10/test/test_asyncio/echo3.py'...
#7 205.7 Compiling '/usr/local/lib/python3.10/test/test_atexit.py'...
#7 205.7 Compiling '/usr/local/lib/python3.10/test/test_audit.py'...
#7 205.7 Compiling '/usr/local/lib/python3.10/test/test_binascii.py'...
#7 205.7 Compiling '/usr/local/lib/python3.10/test/test_c_locale_coercion.py'...
#7 205.7 Compiling '/usr/local/lib/python3.10/test/test_cmd.py'...
#7 205.7 Compiling '/usr/local/lib/python3.10/test/test_cmd_line_script.py'...
#7 205.7 Compiling '/usr/local/lib/python3.10/test/test_codecmaps_kr.py'...
#7 205.7 Compiling '/usr/local/lib/python3.10/test/test_configparser.py'...
#7 205.7 Compiling '/usr/local/lib/python3.10/test/test_email/__main__.py'...
#7 205.7 Compiling '/usr/local/lib/python3.10/test/test_email/test_policy.py'...
#7 205.7 Compiling '/usr/local/lib/python3.10/test/test_format.py'...
#7 205.7 Compiling '/usr/local/lib/python3.10/test/test_getpass.py'...
#7 205.7 Compiling '/usr/local/lib/python3.10/test/test_graphlib.py'...
#7 205.7 Compiling '/usr/local/lib/python3.10/test/test_import/data/circular_imports/basic.py'...
#7 205.7 Compiling '/usr/local/lib/python3.10/test/test_import/data/circular_imports/binding.py'...
#7 205.7 Compiling '/usr/local/lib/python3.10/test/test_import/data/circular_imports/indirect.py'...
#7 205.7 Compiling '/usr/local/lib/python3.10/test/test_import/data/circular_imports/subpkg/subpackage2.py'...
#7 205.7 Compiling '/usr/local/lib/python3.10/test/test_import/data/package2/submodule2.py'...
#7 205.7 Compiling '/usr/local/lib/python3.10/test/test_importlib/data03/namespace/portion1/__init__.py'...
#7 205.7 Compiling '/usr/local/lib/python3.10/test/test_importlib/extension/test_path_hook.py'...
#7 205.7 Compiling '/usr/local/lib/python3.10/test/test_importlib/import_/test___loader__.py'...
#7 205.7 Compiling '/usr/local/lib/python3.10/test/test_importlib/namespace_pkgs/module_and_namespace_package/a_test.py'...
#7 205.7 Compiling '/usr/local/lib/python3.10/test/test_importlib/namespace_pkgs/project2/parent/child/two.py'...
#7 205.7 Compiling '/usr/local/lib/python3.10/test/test_importlib/source/test_source_encoding.py'...
#7 205.7 Compiling '/usr/local/lib/python3.10/test/test_importlib/update-zips.py'...
#7 205.7 Compiling '/usr/local/lib/python3.10/test/test_json/test_pass3.py'...
#7 205.7 Compiling '/usr/local/lib/python3.10/test/test_mmap.py'...
#7 205.7 Compiling '/usr/local/lib/python3.10/test/test_pathlib.py'...
#7 205.7 Compiling '/usr/local/lib/python3.10/test/test_tools/test_fixcid.py'...
#7 205.7 Compiling '/usr/local/lib/python3.10/test/test_tools/test_md5sum.py'...
#7 205.7 Compiling '/usr/local/lib/python3.10/test/test_tools/test_sundry.py'...
#7 205.7 Compiling '/usr/local/lib/python3.10/test/test_ttk_guionly.py'...
#7 205.7 Compiling '/usr/local/lib/python3.10/test/test_tuple.py'...
#7 205.7 Compiling '/usr/local/lib/python3.10/test/test_warnings/data/stacklevel.py'...
#7 205.7 Compiling '/usr/local/lib/python3.10/test/test_winconsoleio.py'...
#7 205.7 Compiling '/usr/local/lib/python3.10/test/test_xml_dom_minicompat.py'...
#7 205.7 Compiling '/usr/local/lib/python3.10/test/test_xmlrpc_net.py'...
#7 205.7 Compiling '/usr/local/lib/python3.10/test/test_xxlimited.py'...
#7 205.7 Compiling '/usr/local/lib/python3.10/test/test_zipfile64.py'...
#7 205.7 Compiling '/usr/local/lib/python3.10/test/test_zlib.py'...
#7 205.7 Compiling '/usr/local/lib/python3.10/tkinter/dialog.py'...
#7 205.7 Compiling '/usr/local/lib/python3.10/tkinter/scrolledtext.py'...
#7 205.7 Compiling '/usr/local/lib/python3.10/tkinter/test/__init__.py'...
#7 205.7 Compiling '/usr/local/lib/python3.10/tkinter/test/test_tkinter/test_images.py'...
#7 205.7 Compiling '/usr/local/lib/python3.10/tracemalloc.py'...
#7 205.7 Compiling '/usr/local/lib/python3.10/turtledemo/paint.py'...
#7 205.7 Compiling '/usr/local/lib/python3.10/turtledemo/penrose.py'...
#7 205.7 Compiling '/usr/local/lib/python3.10/unittest/test/__main__.py'...
#7 205.7 Compiling '/usr/local/lib/python3.10/unittest/test/test_case.py'...
#7 205.7 Compiling '/usr/local/lib/python3.10/asyncio/__main__.py'...
#7 205.7 Compiling '/usr/local/lib/python3.10/asyncio/sslproto.py'...
#7 205.7 Compiling '/usr/local/lib/python3.10/concurrent/__init__.py'...
#7 205.7 Compiling '/usr/local/lib/python3.10/contextlib.py'...
#7 205.7 Compiling '/usr/local/lib/python3.10/ctypes/test/test_libc.py'...
#7 205.7 Compiling '/usr/local/lib/python3.10/ctypes/test/test_repr.py'...
#7 205.7 Compiling '/usr/local/lib/python3.10/curses/has_key.py'...
#7 205.7 Compiling '/usr/local/lib/python3.10/distutils/command/check.py'...
#7 205.7 Compiling '/usr/local/lib/python3.10/distutils/dep_util.py'...
#7 205.7 Compiling '/usr/local/lib/python3.10/distutils/filelist.py'...
#7 205.7 Compiling '/usr/local/lib/python3.10/distutils/tests/test_check.py'...
#7 205.7 Compiling '/usr/local/lib/python3.10/distutils/tests/test_msvc9compiler.py'...
#7 205.7 Compiling '/usr/local/lib/python3.10/email/charset.py'...
#7 205.7 Compiling '/usr/local/lib/python3.10/encodings/cp037.py'...
#7 205.7 Compiling '/usr/local/lib/python3.10/encodings/cp855.py'...
#7 205.7 Compiling '/usr/local/lib/python3.10/encodings/iso8859_11.py'...
#7 205.7 Compiling '/usr/local/lib/python3.10/encodings/mac_greek.py'...
#7 205.7 Compiling '/usr/local/lib/python3.10/encodings/utf_32_be.py'...
#7 205.7 Compiling '/usr/local/lib/python3.10/getopt.py'...
#7 205.7 Compiling '/usr/local/lib/python3.10/idlelib/calltip_w.py'...
#7 205.7 Compiling '/usr/local/lib/python3.10/idlelib/config.py'...
#7 205.7 Compiling '/usr/local/lib/python3.10/idlelib/idle_test/test_format.py'...
#7 205.7 Compiling '/usr/local/lib/python3.10/idlelib/idle_test/test_percolator.py'...
#7 205.7 Compiling '/usr/local/lib/python3.10/idlelib/idle_test/test_squeezer.py'...
#7 205.7 Compiling '/usr/local/lib/python3.10/idlelib/percolator.py'...
#7 205.7 Compiling '/usr/local/lib/python3.10/lib2to3/__main__.py'...
#7 205.7 Compiling '/usr/local/lib/python3.10/lib2to3/fixes/fix_imports2.py'...
#7 205.7 Compiling '/usr/local/lib/python3.10/lib2to3/fixes/fix_set_literal.py'...
#7 205.7 Compiling '/usr/local/lib/python3.10/lib2to3/fixes/fix_xrange.py'...
#7 205.7 Compiling '/usr/local/lib/python3.10/logging/__init__.py'...
#7 205.7 Compiling '/usr/local/lib/python3.10/pickletools.py'...
#7 205.7 Compiling '/usr/local/lib/python3.10/sndhdr.py'...
#7 205.7 Compiling '/usr/local/lib/python3.10/sre_parse.py'...
#7 205.7 Compiling '/usr/local/lib/python3.10/test/good_getattr.py'...
#7 205.7 Compiling '/usr/local/lib/python3.10/test/mp_fork_bomb.py'...
#7 205.7 Compiling '/usr/local/lib/python3.10/test/sample_doctest_no_docstrings.py'...
#7 205.7 Compiling '/usr/local/lib/python3.10/test/signalinterproctester.py'...
#7 205.7 Compiling '/usr/local/lib/python3.10/test/subprocessdata/qgrep.py'...
#7 205.7 Compiling '/usr/local/lib/python3.10/test/test_abstract_numbers.py'...
#7 205.7 Compiling '/usr/local/lib/python3.10/test/test_asyncio/test_locks.py'...
#7 205.7 Compiling '/usr/local/lib/python3.10/test/test_bdb.py'...
#7 205.7 Compiling '/usr/local/lib/python3.10/test/test_codecmaps_jp.py'...
#7 205.7 Compiling '/usr/local/lib/python3.10/test/test_compile.py'...
#7 205.7 Compiling '/usr/local/lib/python3.10/test/test_dict.py'...
#7 205.7 Compiling '/usr/local/lib/python3.10/test/test_email/test_asian_codecs.py'...
#7 205.7 Compiling '/usr/local/lib/python3.10/test/test_email/torture_test.py'...
#7 205.7 Compiling '/usr/local/lib/python3.10/test/test_errno.py'...
#7 205.7 Compiling '/usr/local/lib/python3.10/test/test_extcall.py'...
#7 205.7 Compiling '/usr/local/lib/python3.10/test/test_file.py'...
#7 205.7 Compiling '/usr/local/lib/python3.10/test/test_fstring.py'...
#7 205.7 Compiling '/usr/local/lib/python3.10/test/test_import/data/circular_imports/rebinding2.py'...
#7 205.7 Compiling '/usr/local/lib/python3.10/test/test_import/data/package/__init__.py'...
#7 205.7 Compiling '/usr/local/lib/python3.10/test/test_import/data/unwritable/x.py'...
#7 205.7 Compiling '/usr/local/lib/python3.10/test/test_importlib/builtin/__main__.py'...
#7 205.7 Compiling '/usr/local/lib/python3.10/test/test_importlib/data01/subdirectory/__init__.py'...
#7 205.7 Compiling '/usr/local/lib/python3.10/test/test_importlib/data03/namespace/portion2/__init__.py'...
#7 205.7 Compiling '/usr/local/lib/python3.10/test/test_importlib/fixtures.py'...
#7 205.7 Compiling '/usr/local/lib/python3.10/test/test_importlib/namespace_pkgs/both_portions/foo/one.py'...
#7 205.7 Compiling '/usr/local/lib/python3.10/test/test_importlib/namespace_pkgs/not_a_namespace_pkg/foo/one.py'...
#7 205.7 Compiling '/usr/local/lib/python3.10/test/test_importlib/source/test_file_loader.py'...
#7 205.7 Compiling '/usr/local/lib/python3.10/test/test_importlib/test_zip.py'...
#7 205.7 Compiling '/usr/local/lib/python3.10/test/test_json/__init__.py'...
#7 205.7 Compiling '/usr/local/lib/python3.10/test/test_json/test_indent.py'...
#7 205.7 Compiling '/usr/local/lib/python3.10/test/test_json/test_scanstring.py'...
#7 205.7 Compiling '/usr/local/lib/python3.10/test/test_locale.py'...
#7 205.7 Compiling '/usr/local/lib/python3.10/test/test_nis.py'...
#7 205.7 Compiling '/usr/local/lib/python3.10/test/test_numeric_tower.py'...
#7 205.7 Compiling '/usr/local/lib/python3.10/test/test_ordered_dict.py'...
#7 205.7 Compiling '/usr/local/lib/python3.10/test/test_posix.py'...
#7 205.7 Compiling '/usr/local/lib/python3.10/test/test_sys_settrace.py'...
#7 205.7 Compiling '/usr/local/lib/python3.10/test/test_webbrowser.py'...
#7 205.7 Compiling '/usr/local/lib/python3.10/test/test_xml_etree_c.py'...
#7 205.7 Compiling '/usr/local/lib/python3.10/test/test_zipapp.py'...
#7 205.7 Compiling '/usr/local/lib/python3.10/test/test_zoneinfo/__main__.py'...
#7 205.7 Compiling '/usr/local/lib/python3.10/test/test_zoneinfo/test_zoneinfo.py'...
#7 205.7 Compiling '/usr/local/lib/python3.10/unittest/test/__init__.py'...
#7 205.7 Compiling '/usr/local/lib/python3.10/unittest/test/test_loader.py'...
#7 205.7 Compiling '/usr/local/lib/python3.10/wsgiref/validate.py'...
#7 205.7 Compiling '/usr/local/lib/python3.10/xml/parsers/__init__.py'...
#7 205.7 Compiling '/usr/local/lib/python3.10/xmlrpc/__init__.py'...
#7 205.7 Compiling '/usr/local/lib/python3.10/xmlrpc/server.py'...
#7 205.7 Compiling '/usr/local/lib/python3.10/asyncio/events.py'...
#7 205.7 Compiling '/usr/local/lib/python3.10/cProfile.py'...
#7 205.7 Compiling '/usr/local/lib/python3.10/collections/__init__.py'...
#7 205.7 Compiling '/usr/local/lib/python3.10/ctypes/test/test_unicode.py'...
#7 205.7 Compiling '/usr/local/lib/python3.10/dbm/gnu.py'...
#7 205.7 Compiling '/usr/local/lib/python3.10/distutils/command/build.py'...
#7 205.7 Compiling '/usr/local/lib/python3.10/distutils/command/register.py'...
#7 205.7 Compiling '/usr/local/lib/python3.10/distutils/tests/__init__.py'...
#7 205.7 Compiling '/usr/local/lib/python3.10/distutils/tests/test_build_scripts.py'...
#7 205.7 Compiling '/usr/local/lib/python3.10/distutils/tests/test_install_scripts.py'...
#7 205.7 Compiling '/usr/local/lib/python3.10/distutils/tests/test_util.py'...
#7 205.7 Compiling '/usr/local/lib/python3.10/email/errors.py'...
#7 205.7 Compiling '/usr/local/lib/python3.10/email/mime/nonmultipart.py'...
#7 205.7 Compiling '/usr/local/lib/python3.10/encodings/__init__.py'...
#7 205.7 Compiling '/usr/local/lib/python3.10/encodings/cp1254.py'...
#7 205.7 Compiling '/usr/local/lib/python3.10/encodings/cp720.py'...
#7 205.7 Compiling '/usr/local/lib/python3.10/encodings/cp864.py'...
#7 205.7 Compiling '/usr/local/lib/python3.10/encodings/iso8859_15.py'...
#7 205.7 Compiling '/usr/local/lib/python3.10/encodings/mac_roman.py'...
#7 205.7 Compiling '/usr/local/lib/python3.10/encodings/ptcp154.py'...
#7 205.7 Compiling '/usr/local/lib/python3.10/encodings/utf_7.py'...
#7 205.7 Compiling '/usr/local/lib/python3.10/fractions.py'...
#7 205.7 Compiling '/usr/local/lib/python3.10/idlelib/calltip.py'...
#7 205.7 Compiling '/usr/local/lib/python3.10/idlelib/idle_test/mock_idle.py'...
#7 205.7 Compiling '/usr/local/lib/python3.10/idlelib/idle_test/test_calltip.py'...
#7 205.7 Compiling '/usr/local/lib/python3.10/idlelib/idle_test/test_pyparse.py'...
#7 205.7 Compiling '/usr/local/lib/python3.10/idlelib/redirector.py'...
#7 205.7 Compiling '/usr/local/lib/python3.10/imghdr.py'...
#7 205.7 Compiling '/usr/local/lib/python3.10/json/__init__.py'...
#7 205.7 Compiling '/usr/local/lib/python3.10/lib2to3/fixes/fix_execfile.py'...
#7 205.7 Compiling '/usr/local/lib/python3.10/lib2to3/fixes/fix_operator.py'...
#7 205.7 Compiling '/usr/local/lib/python3.10/lib2to3/pgen2/driver.py'...
#7 205.7 Compiling '/usr/local/lib/python3.10/multiprocessing/sharedctypes.py'...
#7 205.7 Compiling '/usr/local/lib/python3.10/platform.py'...
#7 205.7 Compiling '/usr/local/lib/python3.10/secrets.py'...
#7 205.7 Compiling '/usr/local/lib/python3.10/sqlite3/dbapi2.py'...
#7 205.7 Compiling '/usr/local/lib/python3.10/sre_compile.py'...
#7 205.7 Compiling '/usr/local/lib/python3.10/test/_test_multiprocessing.py'...
#7 205.7 Compiling '/usr/local/lib/python3.10/test/dataclass_module_1_str.py'...
#7 205.7 Compiling '/usr/local/lib/python3.10/test/libregrtest/__init__.py'...
#7 205.7 Compiling '/usr/local/lib/python3.10/test/subprocessdata/input_reader.py'...
#7 205.7 Compiling '/usr/local/lib/python3.10/test/test__osx_support.py'...
#7 205.7 Compiling '/usr/local/lib/python3.10/test/test_asyncio/test_events.py'...
#7 205.7 Compiling '/usr/local/lib/python3.10/test/test_dbm_gnu.py'...
#7 205.7 Compiling '/usr/local/lib/python3.10/test/test_deque.py'...
#7 205.7 Compiling '/usr/local/lib/python3.10/test/test_email/test_pickleable.py'...
#7 205.7 Compiling '/usr/local/lib/python3.10/test/test_exception_hierarchy.py'...
#7 205.7 Compiling '/usr/local/lib/python3.10/test/test_finalization.py'...
#7 205.7 Compiling '/usr/local/lib/python3.10/test/test_generators.py'...
#7 205.7 Compiling '/usr/local/lib/python3.10/test/test_idle.py'...
#7 205.7 Compiling '/usr/local/lib/python3.10/test/test_imghdr.py'...
#7 205.7 Compiling '/usr/local/lib/python3.10/test/test_import/data/circular_imports/from_cycle1.py'...
#7 205.7 Compiling '/usr/local/lib/python3.10/test/test_import/data/circular_imports/subpackage.py'...
#7 205.7 Compiling '/usr/local/lib/python3.10/test/test_import/data/package2/submodule1.py'...
#7 205.7 Compiling '/usr/local/lib/python3.10/test/test_importlib/builtin/test_finder.py'...
#7 205.7 Compiling '/usr/local/lib/python3.10/test/test_importlib/import_/__init__.py'...
#7 205.7 Compiling '/usr/local/lib/python3.10/test/test_importlib/import_/test_relative_imports.py'...
#7 205.7 Compiling '/usr/local/lib/python3.10/test/test_importlib/zipdata01/__init__.py'...
#7 205.7 Compiling '/usr/local/lib/python3.10/test/test_json/test_dump.py'...
#7 205.7 Compiling '/usr/local/lib/python3.10/test/test_listcomps.py'...
#7 205.7 Compiling '/usr/local/lib/python3.10/test/test_longexp.py'...
#7 205.7 Compiling '/usr/local/lib/python3.10/test/test_marshal.py'...
#7 205.7 Compiling '/usr/local/lib/python3.10/test/test_openpty.py'...
#7 205.7 Compiling '/usr/local/lib/python3.10/test/test_operator.py'...
#7 205.7 Compiling '/usr/local/lib/python3.10/test/test_platform.py'...
#7 205.7 Compiling '/usr/local/lib/python3.10/test/test_pydoc.py'...
#7 205.7 Compiling '/usr/local/lib/python3.10/test/test_slice.py'...
#7 205.7 Compiling '/usr/local/lib/python3.10/test/test_spwd.py'...
#7 205.7 Compiling '/usr/local/lib/python3.10/test/test_stat.py'...
#7 205.7 Compiling '/usr/local/lib/python3.10/test/test_stringprep.py'...
#7 205.7 Compiling '/usr/local/lib/python3.10/test/test_strtod.py'...
#7 205.7 Compiling '/usr/local/lib/python3.10/test/test_support.py'...
#7 205.7 Compiling '/usr/local/lib/python3.10/test/test_textwrap.py'...
#7 205.7 Compiling '/usr/local/lib/python3.10/test/test_type_comments.py'...
#7 205.7 Compiling '/usr/local/lib/python3.10/test/test_unicode_file_functions.py'...
#7 205.7 Compiling '/usr/local/lib/python3.10/test/test_urllib2net.py'...
#7 205.7 Compiling '/usr/local/lib/python3.10/test/test_warnings/data/import_warning.py'...
#7 205.7 Compiling '/usr/local/lib/python3.10/test/test_weakref.py'...
#7 205.7 Compiling '/usr/local/lib/python3.10/turtledemo/sorting_animate.py'...
#7 205.7 Compiling '/usr/local/lib/python3.10/unittest/test/support.py'...
#7 205.7 Compiling '/usr/local/lib/python3.10/unittest/test/test_result.py'...
#7 205.7 Compiling '/usr/local/lib/python3.10/wsgiref/handlers.py'...
#7 205.7 Compiling '/usr/local/lib/python3.10/xml/dom/expatbuilder.py'...
#7 205.7 Compiling '/usr/local/lib/python3.10/asyncio/constants.py'...
#7 205.7 Compiling '/usr/local/lib/python3.10/asyncio/tasks.py'...
#7 205.7 Compiling '/usr/local/lib/python3.10/contextvars.py'...
#7 205.7 Compiling '/usr/local/lib/python3.10/ctypes/macholib/__init__.py'...
#7 205.7 Compiling '/usr/local/lib/python3.10/ctypes/test/test_bytes.py'...
#7 205.7 Compiling '/usr/local/lib/python3.10/ctypes/test/test_incomplete.py'...
#7 205.7 Compiling '/usr/local/lib/python3.10/ctypes/test/test_macholib.py'...
#7 205.7 Compiling '/usr/local/lib/python3.10/ctypes/test/test_sizes.py'...
#7 205.7 Compiling '/usr/local/lib/python3.10/distutils/command/__init__.py'...
#7 205.7 Compiling '/usr/local/lib/python3.10/distutils/command/build_scripts.py'...
#7 205.7 Compiling '/usr/local/lib/python3.10/distutils/command/upload.py'...
#7 205.7 Compiling '/usr/local/lib/python3.10/distutils/tests/test_cygwinccompiler.py'...
#7 205.7 Compiling '/usr/local/lib/python3.10/distutils/versionpredicate.py'...
#7 205.7 Compiling '/usr/local/lib/python3.10/email/mime/base.py'...
#7 205.7 Compiling '/usr/local/lib/python3.10/email/quoprimime.py'...
#7 205.7 Compiling '/usr/local/lib/python3.10/encodings/cp1255.py'...
#7 205.7 Compiling '/usr/local/lib/python3.10/encodings/cp737.py'...
#7 205.7 Compiling '/usr/local/lib/python3.10/encodings/euc_jisx0213.py'...
#7 205.7 Compiling '/usr/local/lib/python3.10/encodings/iso2022_kr.py'...
#7 205.7 Compiling '/usr/local/lib/python3.10/encodings/mac_croatian.py'...
#7 205.7 Compiling '/usr/local/lib/python3.10/encodings/utf_16.py'...
#7 205.7 Compiling '/usr/local/lib/python3.10/getpass.py'...
#7 205.7 Compiling '/usr/local/lib/python3.10/gzip.py'...
#7 205.7 Compiling '/usr/local/lib/python3.10/idlelib/idle_test/test_debugger.py'...
#7 205.7 Compiling '/usr/local/lib/python3.10/idlelib/idle_test/test_delegator.py'...
#7 205.7 Compiling '/usr/local/lib/python3.10/idlelib/idle_test/test_macosx.py'...
#7 205.7 Compiling '/usr/local/lib/python3.10/idlelib/idle_test/test_warning.py'...
#7 205.7 Compiling '/usr/local/lib/python3.10/idlelib/searchengine.py'...
#7 205.7 Compiling '/usr/local/lib/python3.10/importlib/_bootstrap_external.py'...
#7 205.7 Compiling '/usr/local/lib/python3.10/lib2to3/fixes/fix_exec.py'...
#7 205.7 Compiling '/usr/local/lib/python3.10/lib2to3/fixes/fix_numliterals.py'...
#7 205.7 Compiling '/usr/local/lib/python3.10/lib2to3/pgen2/__init__.py'...
#7 205.7 Compiling '/usr/local/lib/python3.10/mailbox.py'...
#7 205.7 Compiling '/usr/local/lib/python3.10/smtplib.py'...
#7 205.7 Compiling '/usr/local/lib/python3.10/test/_typed_dict_helper.py'...
#7 205.7 Compiling '/usr/local/lib/python3.10/test/bad_getattr.py'...
#7 205.7 Compiling '/usr/local/lib/python3.10/test/dtracedata/instance.py'...
#7 205.7 Compiling '/usr/local/lib/python3.10/test/dtracedata/line.py'...
#7 205.7 Compiling '/usr/local/lib/python3.10/test/libregrtest/runtest_mp.py'...
#7 205.7 Compiling '/usr/local/lib/python3.10/test/pyclbr_input.py'...
#7 205.7 Compiling '/usr/local/lib/python3.10/test/support/bytecode_helper.py'...
#7 205.7 Compiling '/usr/local/lib/python3.10/test/test_ast.py'...
#7 205.7 Compiling '/usr/local/lib/python3.10/test/test_dbm_dumb.py'...
#7 205.7 Compiling '/usr/local/lib/python3.10/test/test_defaultdict.py'...
#7 205.7 Compiling '/usr/local/lib/python3.10/test/test_email/__init__.py'...
#7 205.7 Compiling '/usr/local/lib/python3.10/test/test_email/test__header_value_parser.py'...
#7 205.7 Compiling '/usr/local/lib/python3.10/test/test_importlib/import_/test_packages.py'...
#7 205.7 Compiling '/usr/local/lib/python3.10/test/test_importlib/namespace_pkgs/portion1/foo/one.py'...
#7 205.7 Compiling '/usr/local/lib/python3.10/test/test_importlib/source/__main__.py'...
#7 205.7 Compiling '/usr/local/lib/python3.10/test/test_importlib/test_locks.py'...
#7 205.7 Compiling '/usr/local/lib/python3.10/test/test_itertools.py'...
#7 205.7 Compiling '/usr/local/lib/python3.10/test/test_syslog.py'...
#7 205.7 Compiling '/usr/local/lib/python3.10/test/test_telnetlib.py'...
#7 205.7 Compiling '/usr/local/lib/python3.10/test/test_threadsignals.py'...
#7 205.7 Compiling '/usr/local/lib/python3.10/test/test_tokenize.py'...
#7 205.7 Compiling '/usr/local/lib/python3.10/test/test_unicode_identifiers.py'...
#7 205.7 Compiling '/usr/local/lib/python3.10/test/test_userdict.py'...
#7 205.7 Compiling '/usr/local/lib/python3.10/test/test_venv.py'...
#7 205.7 Compiling '/usr/local/lib/python3.10/test/test_with.py'...
#7 205.7 Compiling '/usr/local/lib/python3.10/test/test_zoneinfo/__init__.py'...
#7 205.7 Compiling '/usr/local/lib/python3.10/test/test_zoneinfo/_support.py'...
#7 205.7 Compiling '/usr/local/lib/python3.10/test/tracedmodules/__init__.py'...
#7 205.7 Compiling '/usr/local/lib/python3.10/textwrap.py'...
#7 205.7 Compiling '/usr/local/lib/python3.10/tkinter/test/test_tkinter/test_colorchooser.py'...
#7 205.7 Compiling '/usr/local/lib/python3.10/tkinter/test/test_tkinter/test_text.py'...
#7 205.7 Compiling '/usr/local/lib/python3.10/tkinter/test/widget_tests.py'...
#7 205.7 Compiling '/usr/local/lib/python3.10/turtledemo/minimal_hanoi.py'...
#7 205.7 Compiling '/usr/local/lib/python3.10/turtledemo/tree.py'...
#7 205.7 Compiling '/usr/local/lib/python3.10/unittest/suite.py'...
#7 205.7 Compiling '/usr/local/lib/python3.10/unittest/test/test_skipping.py'...
#7 205.7 Compiling '/usr/local/lib/python3.10/uu.py'...
#7 205.7 Compiling '/usr/local/lib/python3.10/wsgiref/headers.py'...
#7 205.7 Compiling '/usr/local/lib/python3.10/xdrlib.py'...
#7 205.7 Compiling '/usr/local/lib/python3.10/xml/sax/__init__.py'...
#7 205.7 Compiling '/usr/local/lib/python3.10/zipapp.py'...
#7 205.7 Compiling '/usr/local/lib/python3.10/zoneinfo/_zoneinfo.py'...
#7 205.7 Compiling '/usr/local/lib/python3.10/asyncio/runners.py'...
#7 205.7 Compiling '/usr/local/lib/python3.10/calendar.py'...
#7 205.7 Compiling '/usr/local/lib/python3.10/ctypes/test/__main__.py'...
#7 205.7 Compiling '/usr/local/lib/python3.10/ctypes/test/test_python_api.py'...
#7 205.7 Compiling '/usr/local/lib/python3.10/ctypes/test/test_varsize_struct.py'...
#7 205.7 Compiling '/usr/local/lib/python3.10/distutils/command/bdist_dumb.py'...
#7 205.7 Compiling '/usr/local/lib/python3.10/distutils/command/install_data.py'...
#7 205.7 Compiling '/usr/local/lib/python3.10/distutils/config.py'...
#7 205.7 Compiling '/usr/local/lib/python3.10/distutils/file_util.py'...
#7 205.7 Compiling '/usr/local/lib/python3.10/distutils/tests/test_bdist_rpm.py'...
#7 205.7 Compiling '/usr/local/lib/python3.10/distutils/unixccompiler.py'...
#7 205.7 Compiling '/usr/local/lib/python3.10/email/mime/multipart.py'...
#7 205.7 Compiling '/usr/local/lib/python3.10/encodings/cp1140.py'...
#7 205.7 Compiling '/usr/local/lib/python3.10/encodings/cp850.py'...
#7 205.7 Compiling '/usr/local/lib/python3.10/encodings/euc_kr.py'...
#7 205.7 Compiling '/usr/local/lib/python3.10/encodings/gb2312.py'...
#7 205.7 Compiling '/usr/local/lib/python3.10/encodings/iso8859_3.py'...
#7 205.7 Compiling '/usr/local/lib/python3.10/encodings/oem.py'...
#7 205.7 Compiling '/usr/local/lib/python3.10/encodings/tis_620.py'...
#7 205.7 Compiling '/usr/local/lib/python3.10/gettext.py'...
#7 205.7 Compiling '/usr/local/lib/python3.10/idlelib/configdialog.py'...
#7 205.7 Compiling '/usr/local/lib/python3.10/idlelib/outwin.py'...
#7 205.7 Compiling '/usr/local/lib/python3.10/idlelib/util.py'...
#7 205.7 Compiling '/usr/local/lib/python3.10/idlelib/zoomheight.py'...
#7 205.7 Compiling '/usr/local/lib/python3.10/importlib/resources.py'...
#7 205.7 Compiling '/usr/local/lib/python3.10/lib2to3/fixes/fix_basestring.py'...
#7 205.7 Compiling '/usr/local/lib/python3.10/lib2to3/fixes/fix_ws_comma.py'...
#7 205.7 Compiling '/usr/local/lib/python3.10/lib2to3/tests/test_main.py'...
#7 205.7 Compiling '/usr/local/lib/python3.10/multiprocessing/pool.py'...
#7 205.7 Compiling '/usr/local/lib/python3.10/pydoc_data/__init__.py'...
#7 205.7 Compiling '/usr/local/lib/python3.10/socket.py'...
#7 205.7 Compiling '/usr/local/lib/python3.10/test/__init__.py'...
#7 205.7 Compiling '/usr/local/lib/python3.10/test/final_b.py'...
#7 205.7 Compiling '/usr/local/lib/python3.10/test/inspect_fodder2.py'...
#7 205.7 Compiling '/usr/local/lib/python3.10/test/pydoc_mod.py'...
#7 205.7 Compiling '/usr/local/lib/python3.10/test/support/interpreters.py'...
#7 205.7 Compiling '/usr/local/lib/python3.10/test/test_asyncio/test_tasks.py'...
#7 205.7 Compiling '/usr/local/lib/python3.10/test/test_doctest2.py'...
#7 205.7 Compiling '/usr/local/lib/python3.10/test/test_epoll.py'...
#7 205.7 Compiling '/usr/local/lib/python3.10/test/test_hash.py'...
#7 205.7 Compiling '/usr/local/lib/python3.10/test/test_http_cookies.py'...
#7 205.7 Compiling '/usr/local/lib/python3.10/test/test_import/data/circular_imports/source.py'...
#7 205.7 Compiling '/usr/local/lib/python3.10/test/test_import/data/package/submodule.py'...
#7 205.7 Compiling '/usr/local/lib/python3.10/test/test_importlib/__main__.py'...
#7 205.7 Compiling '/usr/local/lib/python3.10/test/test_importlib/data/__init__.py'...
#7 205.7 Compiling '/usr/local/lib/python3.10/test/test_importlib/data02/two/__init__.py'...
#7 205.7 Compiling '/usr/local/lib/python3.10/test/test_importlib/import_/test___package__.py'...
#7 205.7 Compiling '/usr/local/lib/python3.10/test/test_importlib/partial/cfimport.py'...
#7 205.7 Compiling '/usr/local/lib/python3.10/test/test_importlib/test_files.py'...
#7 205.7 Compiling '/usr/local/lib/python3.10/test/test_importlib/zipdata02/__init__.py'...
#7 205.7 Compiling '/usr/local/lib/python3.10/test/test_json/test_decode.py'...
#7 205.7 Compiling '/usr/local/lib/python3.10/test/test_kqueue.py'...
#7 205.7 Compiling '/usr/local/lib/python3.10/test/test_metaclass.py'...
#7 205.7 Compiling '/usr/local/lib/python3.10/test/test_module.py'...
#7 205.7 Compiling '/usr/local/lib/python3.10/test/test_ntpath.py'...
#7 205.7 Compiling '/usr/local/lib/python3.10/test/test_pickletools.py'...
#7 205.7 Compiling '/usr/local/lib/python3.10/test/test_positional_only_arg.py'...
#7 205.7 Compiling '/usr/local/lib/python3.10/test/test_pty.py'...
#7 205.7 Compiling '/usr/local/lib/python3.10/test/test_range.py'...
#7 205.7 Compiling '/usr/local/lib/python3.10/test/test_site.py'...
#7 205.7 Compiling '/usr/local/lib/python3.10/test/test_strftime.py'...
#7 205.7 Compiling '/usr/local/lib/python3.10/test/test_struct.py'...
#7 205.7 Compiling '/usr/local/lib/python3.10/test/test_threadedtempfile.py'...
#7 205.7 Compiling '/usr/local/lib/python3.10/test/test_time.py'...
#7 205.7 Compiling '/usr/local/lib/python3.10/test/test_urlparse.py'...
#7 205.7 Compiling '/usr/local/lib/python3.10/test/tf_inherit_check.py'...
#7 205.7 Compiling '/usr/local/lib/python3.10/test/win_console_handler.py'...
#7 205.7 Compiling '/usr/local/lib/python3.10/tkinter/test/test_tkinter/__init__.py'...
#7 205.7 Compiling '/usr/local/lib/python3.10/tkinter/test/test_tkinter/test_messagebox.py'...
#7 205.7 Compiling '/usr/local/lib/python3.10/tkinter/test/test_tkinter/test_variables.py'...
#7 205.7 Compiling '/usr/local/lib/python3.10/tty.py'...
#7 205.7 Compiling '/usr/local/lib/python3.10/turtledemo/__main__.py'...
#7 205.7 Compiling '/usr/local/lib/python3.10/turtledemo/nim.py'...
#7 205.7 Compiling '/usr/local/lib/python3.10/unittest/test/test_assertions.py'...
#7 205.7 Compiling '/usr/local/lib/python3.10/unittest/test/testmock/support.py'...
#7 205.7 Compiling '/usr/local/lib/python3.10/unittest/test/testmock/testcallable.py'...
#7 205.7 Compiling '/usr/local/lib/python3.10/unittest/test/testmock/testpatch.py'...
#7 205.7 Compiling '/usr/local/lib/python3.10/ast.py'...
#7 205.7 Compiling '/usr/local/lib/python3.10/ctypes/test/test_arrays.py'...
#7 205.7 Compiling '/usr/local/lib/python3.10/ctypes/test/test_returnfuncptrs.py'...
#7 205.7 Compiling '/usr/local/lib/python3.10/ctypes/test/test_values.py'...
#7 205.7 Compiling '/usr/local/lib/python3.10/distutils/archive_util.py'...
#7 205.7 Compiling '/usr/local/lib/python3.10/distutils/core.py'...
#7 205.7 Compiling '/usr/local/lib/python3.10/distutils/sysconfig.py'...
#7 205.7 Compiling '/usr/local/lib/python3.10/distutils/tests/test_sysconfig.py'...
#7 205.7 Compiling '/usr/local/lib/python3.10/email/generator.py'...
#7 205.7 Compiling '/usr/local/lib/python3.10/encodings/cp1258.py'...
#7 205.7 Compiling '/usr/local/lib/python3.10/encodings/cp950.py'...
#7 205.7 Compiling '/usr/local/lib/python3.10/encodings/iso2022_jp_ext.py'...
#7 205.7 Compiling '/usr/local/lib/python3.10/encodings/mac_arabic.py'...
#7 205.7 Compiling '/usr/local/lib/python3.10/encodings/utf_16_le.py'...
#7 205.7 Compiling '/usr/local/lib/python3.10/genericpath.py'...
#7 205.7 Compiling '/usr/local/lib/python3.10/idlelib/browser.py'...
#7 205.7 Compiling '/usr/local/lib/python3.10/idlelib/idle_test/test_autocomplete_w.py'...
#7 205.7 Compiling '/usr/local/lib/python3.10/idlelib/idle_test/test_colorizer.py'...
#7 205.7 Compiling '/usr/local/lib/python3.10/idlelib/idle_test/test_rpc.py'...
#7 205.7 Compiling '/usr/local/lib/python3.10/idlelib/idle_test/test_window.py'...
#7 205.7 Compiling '/usr/local/lib/python3.10/idlelib/sidebar.py'...
#7 205.7 Compiling '/usr/local/lib/python3.10/importlib/metadata/_meta.py'...
#7 205.7 Compiling '/usr/local/lib/python3.10/lib2to3/fixer_util.py'...
#7 205.7 Compiling '/usr/local/lib/python3.10/lib2to3/fixes/fix_itertools.py'...
#7 205.7 Compiling '/usr/local/lib/python3.10/lib2to3/fixes/fix_types.py'...
#7 205.7 Compiling '/usr/local/lib/python3.10/lib2to3/tests/test_parser.py'...
#7 205.7 Compiling '/usr/local/lib/python3.10/mimetypes.py'...
#7 205.7 Compiling '/usr/local/lib/python3.10/multiprocessing/popen_spawn_posix.py'...
#7 205.7 Compiling '/usr/local/lib/python3.10/optparse.py'...
#7 205.7 Compiling '/usr/local/lib/python3.10/shutil.py'...
#7 205.7 Compiling '/usr/local/lib/python3.10/test/gdb_sample.py'...
#7 205.7 Compiling '/usr/local/lib/python3.10/test/mod_generics_cache.py'...
#7 205.7 Compiling '/usr/local/lib/python3.10/test/re_tests.py'...
#7 205.7 Compiling '/usr/local/lib/python3.10/test/support/socket_helper.py'...
#7 205.7 Compiling '/usr/local/lib/python3.10/test/test_asyncio/__init__.py'...
#7 205.7 Compiling '/usr/local/lib/python3.10/test/test_asyncio/test_base_events.py'...
#7 205.7 Compiling '/usr/local/lib/python3.10/test/test_coroutines.py'...
#7 205.7 Compiling '/usr/local/lib/python3.10/test/test_float.py'...
#7 205.7 Compiling '/usr/local/lib/python3.10/test/test_importlib/frozen/__init__.py'...
#7 205.7 Compiling '/usr/local/lib/python3.10/test/test_importlib/import_/test_fromlist.py'...
#7 205.7 Compiling '/usr/local/lib/python3.10/test/test_importlib/namespace_pkgs/project3/parent/child/three.py'...
#7 205.7 Compiling '/usr/local/lib/python3.10/test/test_importlib/source/test_finder.py'...
#7 205.7 Compiling '/usr/local/lib/python3.10/test/test_importlib/test_util.py'...
#7 205.7 Compiling '/usr/local/lib/python3.10/test/test_modulefinder.py'...
#7 205.7 Compiling '/usr/local/lib/python3.10/test/test_multiprocessing_spawn.py'...
#7 205.7 Compiling '/usr/local/lib/python3.10/test/test_netrc.py'...
#7 205.7 Compiling '/usr/local/lib/python3.10/test/test_peg_generator/__main__.py'...
#7 205.7 Compiling '/usr/local/lib/python3.10/test/test_peg_generator/test_first_sets.py'...
#7 205.7 Compiling '/usr/local/lib/python3.10/test/test_pickle.py'...
#7 205.7 Compiling '/usr/local/lib/python3.10/test/test_property.py'...
#7 205.7 Compiling '/usr/local/lib/python3.10/test/test_random.py'...
#7 205.7 Compiling '/usr/local/lib/python3.10/test/test_structseq.py'...
#7 205.7 Compiling '/usr/local/lib/python3.10/test/test_super.py'...
#7 205.7 Compiling '/usr/local/lib/python3.10/test/test_sysconfig.py'...
#7 205.7 Compiling '/usr/local/lib/python3.10/test/test_timeout.py'...
#7 205.7 Compiling '/usr/local/lib/python3.10/test/test_tools/test_lll.py'...
#7 205.7 Compiling '/usr/local/lib/python3.10/test/test_tools/test_pindent.py'...
#7 205.7 Compiling '/usr/local/lib/python3.10/test/test_turtle.py'...
#7 205.7 Compiling '/usr/local/lib/python3.10/test/test_urllib.py'...
#7 205.7 Compiling '/usr/local/lib/python3.10/tkinter/simpledialog.py'...
#7 205.7 Compiling '/usr/local/lib/python3.10/tkinter/test/test_ttk/test_widgets.py'...
#7 205.7 Compiling '/usr/local/lib/python3.10/unittest/test/testmock/testsentinel.py'...
#7 205.7 Compiling '/usr/local/lib/python3.10/unittest/test/testmock/testwith.py'...
#7 205.7 Compiling '/usr/local/lib/python3.10/webbrowser.py'...
#7 205.7 Compiling '/usr/local/lib/python3.10/xml/dom/minicompat.py'...
#7 205.7 Compiling '/usr/local/lib/python3.10/xml/etree/cElementTree.py'...
#7 205.7 Compiling '/usr/local/lib/python3.10/xml/sax/_exceptions.py'...
#7 205.7 Compiling '/usr/local/lib/python3.10/xmlrpc/client.py'...
#7 205.7 Compiling '/usr/local/lib/python3.10/asyncio/exceptions.py'...
#7 205.7 Compiling '/usr/local/lib/python3.10/asyncio/trsock.py'...
#7 205.7 Compiling '/usr/local/lib/python3.10/codeop.py'...
#7 205.7 Compiling '/usr/local/lib/python3.10/copyreg.py'...
#7 205.7 Compiling '/usr/local/lib/python3.10/ctypes/test/test_frombuffer.py'...
#7 205.7 Compiling '/usr/local/lib/python3.10/ctypes/test/test_simplesubclasses.py'...
#7 205.7 Compiling '/usr/local/lib/python3.10/dbm/dumb.py'...
#7 205.7 Compiling '/usr/local/lib/python3.10/distutils/command/config.py'...
#7 205.7 Compiling '/usr/local/lib/python3.10/distutils/msvccompiler.py'...
#7 205.7 Compiling '/usr/local/lib/python3.10/distutils/tests/test_msvccompiler.py'...
#7 205.7 Compiling '/usr/local/lib/python3.10/email/base64mime.py'...
#7 205.7 Compiling '/usr/local/lib/python3.10/email/parser.py'...
#7 205.7 Compiling '/usr/local/lib/python3.10/encodings/charmap.py'...
#7 205.7 Compiling '/usr/local/lib/python3.10/encodings/cp1252.py'...
#7 205.7 Compiling '/usr/local/lib/python3.10/encodings/cp857.py'...
#7 205.7 Compiling '/usr/local/lib/python3.10/encodings/iso2022_jp.py'...
#7 205.7 Compiling '/usr/local/lib/python3.10/encodings/iso2022_jp_2004.py'...
#7 205.7 Compiling '/usr/local/lib/python3.10/encodings/shift_jisx0213.py'...
#7 205.7 Compiling '/usr/local/lib/python3.10/filecmp.py'...
#7 205.7 Compiling '/usr/local/lib/python3.10/http/server.py'...
#7 205.7 Compiling '/usr/local/lib/python3.10/idlelib/dynoption.py'...
#7 205.7 Compiling '/usr/local/lib/python3.10/idlelib/filelist.py'...
#7 205.7 Compiling '/usr/local/lib/python3.10/idlelib/idle_test/test_config_key.py'...
#7 205.7 Compiling '/usr/local/lib/python3.10/idlelib/idle_test/test_history.py'...
#7 205.7 Compiling '/usr/local/lib/python3.10/idlelib/idle_test/test_sidebar.py'...
#7 205.7 Compiling '/usr/local/lib/python3.10/idlelib/idle_test/test_zzdummy.py'...
#7 205.7 Compiling '/usr/local/lib/python3.10/idlelib/statusbar.py'...
#7 205.7 Compiling '/usr/local/lib/python3.10/importlib/metadata/__init__.py'...
#7 205.7 Compiling '/usr/local/lib/python3.10/lib2to3/fixes/fix_except.py'...
#7 205.7 Compiling '/usr/local/lib/python3.10/lib2to3/fixes/fix_nonzero.py'...
#7 205.7 Compiling '/usr/local/lib/python3.10/lib2to3/main.py'...
#7 205.7 Compiling '/usr/local/lib/python3.10/multiprocessing/queues.py'...
#7 205.7 Compiling '/usr/local/lib/python3.10/plistlib.py'...
#7 205.7 Compiling '/usr/local/lib/python3.10/selectors.py'...
#7 205.7 Compiling '/usr/local/lib/python3.10/tempfile.py'...
#7 205.7 Compiling '/usr/local/lib/python3.10/test/curses_tests.py'...
#7 205.7 Compiling '/usr/local/lib/python3.10/test/mp_preload.py'...
#7 205.7 Compiling '/usr/local/lib/python3.10/test/ssl_servers.py'...
#7 205.7 Compiling '/usr/local/lib/python3.10/test/test_abc.py'...
#7 205.7 Compiling '/usr/local/lib/python3.10/test/test_asyncio/test_runners.py'...
#7 205.7 Compiling '/usr/local/lib/python3.10/test/test_asyncio/test_streams.py'...
#7 205.7 Compiling '/usr/local/lib/python3.10/test/test_bytes.py'...
#7 205.7 Compiling '/usr/local/lib/python3.10/test/test_email/test_contentmanager.py'...
#7 205.7 Compiling '/usr/local/lib/python3.10/test/test_future3.py'...
#7 205.7 Compiling '/usr/local/lib/python3.10/test/test_gc.py'...
#7 205.7 Compiling '/usr/local/lib/python3.10/test/test_imp.py'...
#7 205.7 Compiling '/usr/local/lib/python3.10/test/test_importlib/extension/test_loader.py'...
#7 205.7 Compiling '/usr/local/lib/python3.10/test/test_importlib/import_/test_path.py'...
#7 205.7 Compiling '/usr/local/lib/python3.10/test/test_importlib/test_metadata_api.py'...
#7 205.7 Compiling '/usr/local/lib/python3.10/test/test_importlib/threaded_import_hangers.py'...
#7 205.7 Compiling '/usr/local/lib/python3.10/test/test_iter.py'...
#7 205.7 Compiling '/usr/local/lib/python3.10/test/test_opcodes.py'...
#7 205.7 Compiling '/usr/local/lib/python3.10/test/test_os.py'...
#7 205.7 Compiling '/usr/local/lib/python3.10/test/test_unittest.py'...
#7 205.7 Compiling '/usr/local/lib/python3.10/test/test_urllib_response.py'...
#7 205.7 Compiling '/usr/local/lib/python3.10/test/test_userlist.py'...
#7 205.7 Compiling '/usr/local/lib/python3.10/test/test_utf8_mode.py'...
#7 205.7 Compiling '/usr/local/lib/python3.10/test/test_wait4.py'...
#7 205.7 Compiling '/usr/local/lib/python3.10/test/test_warnings/__main__.py'...
#7 205.7 Compiling '/usr/local/lib/python3.10/test/test_wave.py'...
#7 205.7 Compiling '/usr/local/lib/python3.10/test/typinganndata/ann_module9.py'...
#7 205.7 Compiling '/usr/local/lib/python3.10/timeit.py'...
#7 205.7 Compiling '/usr/local/lib/python3.10/tkinter/test/test_tkinter/test_font.py'...
#7 205.7 Compiling '/usr/local/lib/python3.10/tkinter/tix.py'...
#7 205.7 Compiling '/usr/local/lib/python3.10/unittest/test/testmock/__init__.py'...
#7 205.7 Compiling '/usr/local/lib/python3.10/unittest/test/testmock/testmagicmethods.py'...
#7 205.7 Compiling '/usr/local/lib/python3.10/uuid.py'...
#7 205.7 Compiling '/usr/local/lib/python3.10/xml/dom/minidom.py'...
#7 205.7 Compiling '/usr/local/lib/python3.10/__future__.py'...
#7 205.7 Compiling '/usr/local/lib/python3.10/_compat_pickle.py'...
#7 205.7 Compiling '/usr/local/lib/python3.10/_pyio.py'...
#7 205.7 Compiling '/usr/local/lib/python3.10/bdb.py'...
#7 205.7 Compiling '/usr/local/lib/python3.10/ctypes/test/test_as_parameter.py'...
#7 205.7 Compiling '/usr/local/lib/python3.10/ctypes/test/test_numbers.py'...
#7 205.7 Compiling '/usr/local/lib/python3.10/distutils/command/bdist.py'...
#7 205.7 Compiling '/usr/local/lib/python3.10/distutils/command/install.py'...
#7 205.7 Compiling '/usr/local/lib/python3.10/distutils/tests/test_build.py'...
#7 205.7 Compiling '/usr/local/lib/python3.10/distutils/tests/test_filelist.py'...
#7 205.7 Compiling '/usr/local/lib/python3.10/email/message.py'...
#7 205.7 Compiling '/usr/local/lib/python3.10/encodings/euc_jp.py'...
#7 205.7 Compiling '/usr/local/lib/python3.10/encodings/iso8859_10.py'...
#7 205.7 Compiling '/usr/local/lib/python3.10/encodings/mac_farsi.py'...
#7 205.7 Compiling '/usr/local/lib/python3.10/encodings/utf_32.py'...
#7 205.7 Compiling '/usr/local/lib/python3.10/idlelib/codecontext.py'...
#7 205.7 Compiling '/usr/local/lib/python3.10/idlelib/idle_test/test_autoexpand.py'...
#7 205.7 Compiling '/usr/local/lib/python3.10/idlelib/idle_test/test_editmenu.py'...
#7 205.7 Compiling '/usr/local/lib/python3.10/idlelib/idle_test/test_pathbrowser.py'...
#7 205.7 Compiling '/usr/local/lib/python3.10/idlelib/idle_test/test_run.py'...
#7 205.7 Compiling '/usr/local/lib/python3.10/idlelib/query.py'...
#7 205.7 Compiling '/usr/local/lib/python3.10/importlib/__init__.py'...
#7 205.7 Compiling '/usr/local/lib/python3.10/json/scanner.py'...
#7 205.7 Compiling '/usr/local/lib/python3.10/lib2to3/fixes/fix_filter.py'...
#7 205.7 Compiling '/usr/local/lib/python3.10/lib2to3/fixes/fix_print.py'...
#7 205.7 Compiling '/usr/local/lib/python3.10/lib2to3/pgen2/grammar.py'...
#7 205.7 Compiling '/usr/local/lib/python3.10/multiprocessing/reduction.py'...
#7 205.7 Compiling '/usr/local/lib/python3.10/poplib.py'...
#7 205.7 Compiling '/usr/local/lib/python3.10/sqlite3/dump.py'...
#7 205.7 Compiling '/usr/local/lib/python3.10/sqlite3/test/userfunctions.py'...
#7 205.7 Compiling '/usr/local/lib/python3.10/struct.py'...
#7 205.7 Compiling '/usr/local/lib/python3.10/test/__main__.py'...
#7 205.7 Compiling '/usr/local/lib/python3.10/test/ann_module5.py'...
#7 205.7 Compiling '/usr/local/lib/python3.10/test/autotest.py'...
#7 205.7 Compiling '/usr/local/lib/python3.10/test/dataclass_module_1.py'...
#7 205.7 Compiling '/usr/local/lib/python3.10/test/libregrtest/refleak.py'...
#7 205.7 Compiling '/usr/local/lib/python3.10/test/string_tests.py'...
#7 205.7 Compiling '/usr/local/lib/python3.10/test/test_asyncio/echo.py'...
#7 205.7 Compiling '/usr/local/lib/python3.10/test/test_asyncio/test_futures2.py'...
#7 205.7 Compiling '/usr/local/lib/python3.10/test/test_asyncio/test_sendfile.py'...
#7 205.7 Compiling '/usr/local/lib/python3.10/test/test_audioop.py'...
#7 205.7 Compiling '/usr/local/lib/python3.10/test/test_code_module.py'...
#7 205.7 Compiling '/usr/local/lib/python3.10/test/test_codecencodings_cn.py'...
#7 205.7 Compiling '/usr/local/lib/python3.10/test/test_codecencodings_iso2022.py'...
#7 205.7 Compiling '/usr/local/lib/python3.10/test/test_codecmaps_hk.py'...
#7 205.7 Compiling '/usr/local/lib/python3.10/test/test_codeop.py'...
#7 205.7 Compiling '/usr/local/lib/python3.10/test/test_crashers.py'...
#7 205.7 Compiling '/usr/local/lib/python3.10/test/test_csv.py'...
#7 205.7 Compiling '/usr/local/lib/python3.10/test/test_dtrace.py'...
#7 205.7 Compiling '/usr/local/lib/python3.10/test/test_email/test_generator.py'...
#7 205.7 Compiling '/usr/local/lib/python3.10/test/test_fcntl.py'...
#7 205.7 Compiling '/usr/local/lib/python3.10/test/test_fnmatch.py'...
#7 205.7 Compiling '/usr/local/lib/python3.10/test/test_future5.py'...
#7 205.7 Compiling '/usr/local/lib/python3.10/test/test_gdb.py'...
#7 205.7 Compiling '/usr/local/lib/python3.10/test/test_global.py'...
#7 205.7 Compiling '/usr/local/lib/python3.10/test/test_heapq.py'...
#7 205.7 Compiling '/usr/local/lib/python3.10/test/test_import/data/circular_imports/basic2.py'...
#7 205.7 Compiling '/usr/local/lib/python3.10/test/test_import/data/circular_imports/from_cycle2.py'...
#7 205.7 Compiling '/usr/local/lib/python3.10/test/test_import/data/circular_imports/subpkg/util.py'...
#7 205.7 Compiling '/usr/local/lib/python3.10/test/test_importlib/abc.py'...
#7 205.7 Compiling '/usr/local/lib/python3.10/test/test_importlib/data01/__init__.py'...
#7 205.7 Compiling '/usr/local/lib/python3.10/test/test_importlib/data03/__init__.py'...
#7 205.7 Compiling '/usr/local/lib/python3.10/test/test_importlib/extension/test_case_sensitivity.py'...
#7 205.7 Compiling '/usr/local/lib/python3.10/test/test_importlib/frozen/test_loader.py'...
#7 205.7 Compiling '/usr/local/lib/python3.10/test/test_importlib/source/__init__.py'...
#7 205.7 Compiling '/usr/local/lib/python3.10/test/test_importlib/test_lazy.py'...
#7 205.7 Compiling '/usr/local/lib/python3.10/test/test_interpreters.py'...
#7 205.7 Compiling '/usr/local/lib/python3.10/test/test_multiprocessing_fork.py'...
#7 205.7 Compiling '/usr/local/lib/python3.10/test/test_multiprocessing_main_handling.py'...
#7 205.7 Compiling '/usr/local/lib/python3.10/test/test_peg_generator/test_c_parser.py'...
#7 205.7 Compiling '/usr/local/lib/python3.10/test/test_pkgutil.py'...
#7 205.7 Compiling '/usr/local/lib/python3.10/test/test_raise.py'...
#7 205.7 Compiling '/usr/local/lib/python3.10/test/test_selectors.py'...
#7 205.7 Compiling '/usr/local/lib/python3.10/test/test_sndhdr.py'...
#7 205.7 Compiling '/usr/local/lib/python3.10/test/test_sort.py'...
#7 205.7 Compiling '/usr/local/lib/python3.10/test/test_string.py'...
#7 205.7 Compiling '/usr/local/lib/python3.10/test/test_syntax.py'...
#7 205.7 Compiling '/usr/local/lib/python3.10/test/test_tcl.py'...
#7 205.7 Compiling '/usr/local/lib/python3.10/test/test_trace.py'...
#7 205.7 Compiling '/usr/local/lib/python3.10/test/test_urllib2.py'...
#7 205.7 Compiling '/usr/local/lib/python3.10/tkinter/test/support.py'...
#7 205.7 Compiling '/usr/local/lib/python3.10/tkinter/test/test_ttk/__init__.py'...
#7 205.7 Compiling '/usr/local/lib/python3.10/tkinter/test/test_ttk/test_style.py'...
#7 205.7 Compiling '/usr/local/lib/python3.10/trace.py'...
#7 205.7 Compiling '/usr/local/lib/python3.10/unittest/__init__.py'...
#7 205.7 Compiling '/usr/local/lib/python3.10/unittest/case.py'...
#7 205.7 Compiling '/usr/local/lib/python3.10/unittest/util.py'...
#7 205.7 Compiling '/usr/local/lib/python3.10/urllib/robotparser.py'...
#7 205.7 Compiling '/usr/local/lib/python3.10/warnings.py'...
#7 205.7 Compiling '/usr/local/lib/python3.10/wsgiref/util.py'...
#7 205.7 Compiling '/usr/local/lib/python3.10/xml/dom/__init__.py'...
#7 205.7 Compiling '/usr/local/lib/python3.10/xml/etree/ElementTree.py'...
#7 205.7 Compiling '/usr/local/lib/python3.10/asyncio/streams.py'...
#7 205.7 Compiling '/usr/local/lib/python3.10/ctypes/test/test_errno.py'...
#7 205.7 Compiling '/usr/local/lib/python3.10/ctypes/test/test_parameters.py'...
#7 205.7 Compiling '/usr/local/lib/python3.10/decimal.py'...
#7 205.7 Compiling '/usr/local/lib/python3.10/distutils/command/build_ext.py'...
#7 205.7 Compiling '/usr/local/lib/python3.10/distutils/tests/test_build_clib.py'...
#7 205.7 Compiling '/usr/local/lib/python3.10/distutils/tests/test_log.py'...
#7 205.7 Compiling '/usr/local/lib/python3.10/email/_parseaddr.py'...
#7 205.7 Compiling '/usr/local/lib/python3.10/encodings/cp869.py'...
#7 205.7 Compiling '/usr/local/lib/python3.10/encodings/iso8859_16.py'...
#7 205.7 Compiling '/usr/local/lib/python3.10/encodings/mac_romanian.py'...
#7 205.7 Compiling '/usr/local/lib/python3.10/encodings/zlib_codec.py'...
#7 205.7 Compiling '/usr/local/lib/python3.10/hmac.py'...
#7 205.7 Compiling '/usr/local/lib/python3.10/idlelib/idle_test/test_debugobj_r.py'...
#7 205.7 Compiling '/usr/local/lib/python3.10/idlelib/idle_test/test_parenmatch.py'...
#7 205.7 Compiling '/usr/local/lib/python3.10/idlelib/idle_test/test_tooltip.py'...
#7 205.7 Compiling '/usr/local/lib/python3.10/idlelib/rpc.py'...
#7 205.7 Compiling '/usr/local/lib/python3.10/importlib/machinery.py'...
#7 205.7 Compiling '/usr/local/lib/python3.10/lib2to3/fixes/fix_idioms.py'...
#7 205.7 Compiling '/usr/local/lib/python3.10/lib2to3/fixes/fix_renames.py'...
#7 205.7 Compiling '/usr/local/lib/python3.10/lib2to3/fixes/fix_unicode.py'...
#7 205.7 Compiling '/usr/local/lib/python3.10/lib2to3/tests/test_refactor.py'...
#7 205.7 Compiling '/usr/local/lib/python3.10/lzma.py'...
#7 205.7 Compiling '/usr/local/lib/python3.10/multiprocessing/context.py'...
#7 205.7 Compiling '/usr/local/lib/python3.10/multiprocessing/resource_tracker.py'...
#7 205.7 Compiling '/usr/local/lib/python3.10/pdb.py'...
#7 205.7 Compiling '/usr/local/lib/python3.10/sqlite3/__init__.py'...
#7 205.7 Compiling '/usr/local/lib/python3.10/sqlite3/test/transactions.py'...
#7 205.7 Compiling '/usr/local/lib/python3.10/sunau.py'...
#7 205.7 Compiling '/usr/local/lib/python3.10/test/ann_module6.py'...
#7 205.7 Compiling '/usr/local/lib/python3.10/test/audit-tests.py'...
#7 205.7 Compiling '/usr/local/lib/python3.10/test/encoded_modules/module_koi8_r.py'...
#7 205.7 Compiling '/usr/local/lib/python3.10/test/libregrtest/win_utils.py'...
#7 205.7 Compiling '/usr/local/lib/python3.10/test/support/warnings_helper.py'...
#7 205.7 Compiling '/usr/local/lib/python3.10/test/test__locale.py'...
#7 205.7 Compiling '/usr/local/lib/python3.10/test/test_asdl_parser.py'...
#7 205.7 Compiling '/usr/local/lib/python3.10/test/test_asyncio/test_transports.py'...
#7 205.7 Compiling '/usr/local/lib/python3.10/test/test_asyncore.py'...
#7 205.7 Compiling '/usr/local/lib/python3.10/test/test_check_c_globals.py'...
#7 205.7 Compiling '/usr/local/lib/python3.10/test/test_cmd_line.py'...
#7 205.7 Compiling '/usr/local/lib/python3.10/test/test_contains.py'...
#7 205.7 Compiling '/usr/local/lib/python3.10/test/test_crypt.py'...
#7 205.7 Compiling '/usr/local/lib/python3.10/test/test_datetime.py'...
#7 205.7 Compiling '/usr/local/lib/python3.10/test/test_dbm.py'...
#7 205.7 Compiling '/usr/local/lib/python3.10/test/test_dbm_ndbm.py'...
#7 205.7 Compiling '/usr/local/lib/python3.10/test/test_decorators.py'...
#7 205.7 Compiling '/usr/local/lib/python3.10/test/test_dict_version.py'...
#7 205.7 Compiling '/usr/local/lib/python3.10/test/test_email/test_utils.py'...
#7 205.7 Compiling '/usr/local/lib/python3.10/test/test_fileinput.py'...
#7 205.7 Compiling '/usr/local/lib/python3.10/test/test_gzip.py'...
#7 205.7 Compiling '/usr/local/lib/python3.10/test/test_import/data/circular_imports/use.py'...
#7 205.7 Compiling '/usr/local/lib/python3.10/test/test_importlib/__init__.py'...
#7 205.7 Compiling '/usr/local/lib/python3.10/test/test_importlib/builtin/test_loader.py'...
#7 205.7 Compiling '/usr/local/lib/python3.10/test/test_importlib/extension/test_finder.py'...
#7 205.7 Compiling '/usr/local/lib/python3.10/test/test_importlib/frozen/test_finder.py'...
#7 205.7 Compiling '/usr/local/lib/python3.10/test/test_importlib/namespace_pkgs/both_portions/foo/two.py'...
#7 205.7 Compiling '/usr/local/lib/python3.10/test/test_importlib/namespace_pkgs/not_a_namespace_pkg/foo/__init__.py'...
#7 205.7 Compiling '/usr/local/lib/python3.10/test/test_importlib/namespace_pkgs/portion2/foo/two.py'...
#7 205.7 Compiling '/usr/local/lib/python3.10/test/test_importlib/source/test_case_sensitivity.py'...
#7 205.7 Compiling '/usr/local/lib/python3.10/test/test_importlib/test_namespace_pkgs.py'...
#7 205.7 Compiling '/usr/local/lib/python3.10/test/test_json/test_enum.py'...
#7 205.7 Compiling '/usr/local/lib/python3.10/test/test_linecache.py'...
#7 205.7 Compiling '/usr/local/lib/python3.10/test/test_multibytecodec.py'...
#7 205.7 Compiling '/usr/local/lib/python3.10/test/test_optparse.py'...
#7 205.7 Compiling '/usr/local/lib/python3.10/test/test_repl.py'...
#7 205.7 Compiling '/usr/local/lib/python3.10/test/test_rlcompleter.py'...
#7 205.7 Compiling '/usr/local/lib/python3.10/test/test_secrets.py'...
#7 205.7 Compiling '/usr/local/lib/python3.10/test/test_signal.py'...
#7 205.7 Compiling '/usr/local/lib/python3.10/test/test_ssl.py'...
#7 205.7 Compiling '/usr/local/lib/python3.10/turtledemo/yinyang.py'...
#7 205.7 Compiling '/usr/local/lib/python3.10/unittest/test/_test_warnings.py'...
#7 205.7 Compiling '/usr/local/lib/python3.10/unittest/test/test_break.py'...
#7 205.7 Compiling '/usr/local/lib/python3.10/unittest/test/test_suite.py'...
#7 205.7 Compiling '/usr/local/lib/python3.10/unittest/test/testmock/testsealable.py'...
#7 205.7 Compiling '/usr/local/lib/python3.10/urllib/request.py'...
#7 205.7 Compiling '/usr/local/lib/python3.10/argparse.py'...
#7 205.7 Compiling '/usr/local/lib/python3.10/concurrent/futures/__init__.py'...
#7 205.7 Compiling '/usr/local/lib/python3.10/crypt.py'...
#7 205.7 Compiling '/usr/local/lib/python3.10/ctypes/test/test_cfuncs.py'...
#7 205.7 Compiling '/usr/local/lib/python3.10/ctypes/test/test_stringptr.py'...
#7 205.7 Compiling '/usr/local/lib/python3.10/difflib.py'...
#7 205.7 Compiling '/usr/local/lib/python3.10/distutils/tests/test_install_headers.py'...
#7 205.7 Compiling '/usr/local/lib/python3.10/distutils/text_file.py'...
#7 205.7 Compiling '/usr/local/lib/python3.10/email/__init__.py'...
#7 205.7 Compiling '/usr/local/lib/python3.10/email/mime/audio.py'...
#7 205.7 Compiling '/usr/local/lib/python3.10/encodings/aliases.py'...
#7 205.7 Compiling '/usr/local/lib/python3.10/encodings/cp856.py'...
#7 205.7 Compiling '/usr/local/lib/python3.10/encodings/cp863.py'...
#7 205.7 Compiling '/usr/local/lib/python3.10/encodings/hex_codec.py'...
#7 205.7 Compiling '/usr/local/lib/python3.10/encodings/iso8859_6.py'...
#7 205.7 Compiling '/usr/local/lib/python3.10/encodings/utf_8.py'...
#7 205.7 Compiling '/usr/local/lib/python3.10/hashlib.py'...
#7 205.7 Compiling '/usr/local/lib/python3.10/idlelib/idle_test/test_autocomplete.py'...
#7 205.7 Compiling '/usr/local/lib/python3.10/idlelib/idle_test/test_help_about.py'...
#7 205.7 Compiling '/usr/local/lib/python3.10/idlelib/idle_test/test_searchbase.py'...
#7 205.7 Compiling '/usr/local/lib/python3.10/idlelib/multicall.py'...
#7 205.7 Compiling '/usr/local/lib/python3.10/idlelib/zzdummy.py'...
#7 205.7 Compiling '/usr/local/lib/python3.10/inspect.py'...
#7 205.7 Compiling '/usr/local/lib/python3.10/lib2to3/fixes/fix_long.py'...
#7 205.7 Compiling '/usr/local/lib/python3.10/lib2to3/fixes/fix_urllib.py'...
#7 205.7 Compiling '/usr/local/lib/python3.10/logging/handlers.py'...
#7 205.7 Compiling '/usr/local/lib/python3.10/multiprocessing/popen_spawn_win32.py'...
#7 205.7 Compiling '/usr/local/lib/python3.10/operator.py'...
#7 205.7 Compiling '/usr/local/lib/python3.10/quopri.py'...
#7 205.7 Compiling '/usr/local/lib/python3.10/smtpd.py'...
#7 205.7 Compiling '/usr/local/lib/python3.10/test/_test_eintr.py'...
#7 205.7 Compiling '/usr/local/lib/python3.10/test/doctest_aliases.py'...
#7 205.7 Compiling '/usr/local/lib/python3.10/test/inspect_stock_annotations.py'...
#7 205.7 Compiling '/usr/local/lib/python3.10/test/make_ssl_certs.py'...
#7 205.7 Compiling '/usr/local/lib/python3.10/test/relimport.py'...
#7 205.7 Compiling '/usr/local/lib/python3.10/test/sample_doctest_no_doctests.py'...
#7 205.7 Compiling '/usr/local/lib/python3.10/test/subprocessdata/fd_status.py'...
#7 205.7 Compiling '/usr/local/lib/python3.10/test/test__opcode.py'...
#7 205.7 Compiling '/usr/local/lib/python3.10/test/test_array.py'...
#7 205.7 Compiling '/usr/local/lib/python3.10/test/test_code.py'...
#7 205.7 Compiling '/usr/local/lib/python3.10/test/test_codecencodings_hk.py'...
#7 205.7 Compiling '/usr/local/lib/python3.10/test/test_codecencodings_kr.py'...
#7 205.7 Compiling '/usr/local/lib/python3.10/test/test_compileall.py'...
#7 205.7 Compiling '/usr/local/lib/python3.10/test/test_dictcomps.py'...
#7 205.7 Compiling '/usr/local/lib/python3.10/test/test_dis.py'...
#7 205.7 Compiling '/usr/local/lib/python3.10/test/test_embed.py'...
#7 205.7 Compiling '/usr/local/lib/python3.10/test/test_grp.py'...
#7 205.7 Compiling '/usr/local/lib/python3.10/test/test_hmac.py'...
#7 205.7 Compiling '/usr/local/lib/python3.10/test/test_import/__main__.py'...
#7 205.7 Compiling '/usr/local/lib/python3.10/test/test_import/data/circular_imports/binding2.py'...
#7 205.7 Compiling '/usr/local/lib/python3.10/test/test_import/data/circular_imports/rebinding.py'...
#7 205.7 Compiling '/usr/local/lib/python3.10/test/test_import/data/circular_imports/util.py'...
#7 205.7 Compiling '/usr/local/lib/python3.10/test/test_import/data/unwritable/__init__.py'...
#7 205.7 Compiling '/usr/local/lib/python3.10/test/test_importlib/data02/one/__init__.py'...
#7 205.7 Compiling '/usr/local/lib/python3.10/test/test_importlib/import_/__main__.py'...
#7 205.7 Compiling '/usr/local/lib/python3.10/test/test_importlib/test_main.py'...
#7 205.7 Compiling '/usr/local/lib/python3.10/test/test_int_literal.py'...
#7 205.7 Compiling '/usr/local/lib/python3.10/test/test_json/test_fail.py'...
#7 205.7 Compiling '/usr/local/lib/python3.10/test/test_largefile.py'...
#7 205.7 Compiling '/usr/local/lib/python3.10/test/test_mimetypes.py'...
#7 205.7 Compiling '/usr/local/lib/python3.10/test/test_opcache.py'...
#7 205.7 Compiling '/usr/local/lib/python3.10/test/test_peepholer.py'...
#7 205.7 Compiling '/usr/local/lib/python3.10/test/test_plistlib.py'...
#7 205.7 Compiling '/usr/local/lib/python3.10/test/test_readline.py'...
#7 205.7 Compiling '/usr/local/lib/python3.10/test/test_runpy.py'...
#7 205.7 Compiling '/usr/local/lib/python3.10/test/test_startfile.py'...
#7 205.7 Compiling '/usr/local/lib/python3.10/test/test_statistics.py'...
#7 205.7 Compiling '/usr/local/lib/python3.10/tkinter/colorchooser.py'...
#7 205.7 Compiling '/usr/local/lib/python3.10/tkinter/font.py'...
#7 205.7 Compiling '/usr/local/lib/python3.10/tkinter/test/test_tkinter/test_simpledialog.py'...
#7 205.7 Compiling '/usr/local/lib/python3.10/tkinter/test/test_ttk/test_extensions.py'...
#7 205.7 Compiling '/usr/local/lib/python3.10/turtledemo/__init__.py'...
#7 205.7 Compiling '/usr/local/lib/python3.10/turtledemo/bytedesign.py'...
#7 205.7 Compiling '/usr/local/lib/python3.10/turtledemo/forest.py'...
#7 205.7 Compiling '/usr/local/lib/python3.10/turtledemo/peace.py'...
#7 205.7 Compiling '/usr/local/lib/python3.10/turtledemo/round_dance.py'...
#7 205.7 Compiling '/usr/local/lib/python3.10/types.py'...
#7 205.7 Compiling '/usr/local/lib/python3.10/unittest/__main__.py'...
#7 205.7 Compiling '/usr/local/lib/python3.10/unittest/main.py'...
#7 205.7 Compiling '/usr/local/lib/python3.10/unittest/result.py'...
#7 205.7 Compiling '/usr/local/lib/python3.10/unittest/test/test_program.py'...
#7 205.7 Compiling '/usr/local/lib/python3.10/unittest/test/testmock/testmock.py'...
#7 205.7 Compiling '/usr/local/lib/python3.10/_pydecimal.py'...
#7 205.7 Compiling '/usr/local/lib/python3.10/distutils/command/clean.py'...
#7 205.7 Compiling '/usr/local/lib/python3.10/distutils/debug.py'...
#7 205.7 Compiling '/usr/local/lib/python3.10/distutils/extension.py'...
#7 205.7 Compiling '/usr/local/lib/python3.10/distutils/tests/test_extension.py'...
#7 205.7 Compiling '/usr/local/lib/python3.10/email/header.py'...
#7 205.7 Compiling '/usr/local/lib/python3.10/encodings/cp858.py'...
#7 205.7 Compiling '/usr/local/lib/python3.10/encodings/hz.py'...
#7 205.7 Compiling '/usr/local/lib/python3.10/encodings/iso8859_8.py'...
#7 205.7 Compiling '/usr/local/lib/python3.10/encodings/raw_unicode_escape.py'...
#7 205.7 Compiling '/usr/local/lib/python3.10/ensurepip/_uninstall.py'...
#7 205.7 Compiling '/usr/local/lib/python3.10/fileinput.py'...
#7 205.7 Compiling '/usr/local/lib/python3.10/idlelib/autocomplete.py'...
#7 205.7 Compiling '/usr/local/lib/python3.10/idlelib/idle_test/test_codecontext.py'...
#7 205.7 Compiling '/usr/local/lib/python3.10/idlelib/idle_test/test_runscript.py'...
#7 205.7 Compiling '/usr/local/lib/python3.10/idlelib/iomenu.py'...
#7 205.7 Compiling '/usr/local/lib/python3.10/idlelib/window.py'...
#7 205.7 Compiling '/usr/local/lib/python3.10/lib2to3/fixer_base.py'...
#7 205.7 Compiling '/usr/local/lib/python3.10/lib2to3/fixes/fix_intern.py'...
#7 205.7 Compiling '/usr/local/lib/python3.10/lib2to3/fixes/fix_throw.py'...
#7 205.7 Compiling '/usr/local/lib/python3.10/lib2to3/tests/__main__.py'...
#7 205.7 Compiling '/usr/local/lib/python3.10/lib2to3/tests/support.py'...
#7 205.7 Compiling '/usr/local/lib/python3.10/multiprocessing/popen_fork.py'...
#7 205.7 Compiling '/usr/local/lib/python3.10/pty.py'...
#7 205.7 Compiling '/usr/local/lib/python3.10/pydoc_data/topics.py'...
#7 205.7 Compiling '/usr/local/lib/python3.10/test/dataclass_textanno.py'...
#7 205.7 Compiling '/usr/local/lib/python3.10/test/encoded_modules/module_iso_8859_1.py'...
#7 205.7 Compiling '/usr/local/lib/python3.10/test/libregrtest/setup.py'...
#7 205.7 Compiling '/usr/local/lib/python3.10/test/pickletester.py'...
#7 205.7 Compiling '/usr/local/lib/python3.10/test/test_asyncio/test_protocols.py'...
#7 205.7 Compiling '/usr/local/lib/python3.10/test/test_asyncio/test_windows_utils.py'...
#7 205.7 Compiling '/usr/local/lib/python3.10/test/test_augassign.py'...
#7 205.7 Compiling '/usr/local/lib/python3.10/test/test_bisect.py'...
#7 205.7 Compiling '/usr/local/lib/python3.10/test/test_charmapcodec.py'...
#7 205.7 Compiling '/usr/local/lib/python3.10/test/test_cmath.py'...
#7 205.7 Compiling '/usr/local/lib/python3.10/test/test_compare.py'...
#7 205.7 Compiling '/usr/local/lib/python3.10/test/test_copyreg.py'...
#7 205.7 Compiling '/usr/local/lib/python3.10/test/test_curses.py'...
#7 205.7 Compiling '/usr/local/lib/python3.10/test/test_docxmlrpc.py'...
#7 205.7 Compiling '/usr/local/lib/python3.10/test/test_email/test_defect_handling.py'...
#7 205.7 Compiling '/usr/local/lib/python3.10/test/test_exception_variations.py'...
#7 205.7 Compiling '/usr/local/lib/python3.10/test/test_filecmp.py'...
#7 205.7 Compiling '/usr/local/lib/python3.10/test/test_frozen.py'...
#7 205.7 Compiling '/usr/local/lib/python3.10/test/test_funcattrs.py'...
#7 205.7 Compiling '/usr/local/lib/python3.10/test/test_genericclass.py'...
#7 205.7 Compiling '/usr/local/lib/python3.10/test/test_glob.py'...
#7 205.7 Compiling '/usr/local/lib/python3.10/test/test_httplib.py'...
#7 205.7 Compiling '/usr/local/lib/python3.10/test/test_importlib/test_spec.py'...
#7 205.7 Compiling '/usr/local/lib/python3.10/test/test_msilib.py'...
#7 205.7 Compiling '/usr/local/lib/python3.10/test/test_peg_generator/__init__.py'...
#7 205.7 Compiling '/usr/local/lib/python3.10/test/test_picklebuffer.py'...
#7 205.7 Compiling '/usr/local/lib/python3.10/test/test_popen.py'...
#7 205.7 Compiling '/usr/local/lib/python3.10/test/test_pprint.py'...
#7 205.7 Compiling '/usr/local/lib/python3.10/test/test_richcmp.py'...
#7 205.7 Compiling '/usr/local/lib/python3.10/test/test_set.py'...
#7 205.7 Compiling '/usr/local/lib/python3.10/test/test_typing.py'...
#7 205.7 Compiling '/usr/local/lib/python3.10/abc.py'...
#7 205.7 Compiling '/usr/local/lib/python3.10/asynchat.py'...
#7 205.7 Compiling '/usr/local/lib/python3.10/asyncio/protocols.py'...
#7 205.7 Compiling '/usr/local/lib/python3.10/asyncio/windows_events.py'...
#7 205.7 Compiling '/usr/local/lib/python3.10/ctypes/test/test_anon.py'...
#7 205.7 Compiling '/usr/local/lib/python3.10/ctypes/test/test_funcptr.py'...
#7 205.7 Compiling '/usr/local/lib/python3.10/ctypes/test/test_pep3118.py'...
#7 205.7 Compiling '/usr/local/lib/python3.10/ctypes/test/test_win32.py'...
#7 205.7 Compiling '/usr/local/lib/python3.10/curses/panel.py'...
#7 205.7 Compiling '/usr/local/lib/python3.10/dbm/__init__.py'...
#7 205.7 Compiling '/usr/local/lib/python3.10/distutils/command/bdist_msi.py'...
#7 205.7 Compiling '/usr/local/lib/python3.10/distutils/tests/test_cmd.py'...
#7 205.7 Compiling '/usr/local/lib/python3.10/distutils/tests/test_text_file.py'...
#7 205.7 Compiling '/usr/local/lib/python3.10/email/contentmanager.py'...
#7 205.7 Compiling '/usr/local/lib/python3.10/encodings/cp273.py'...
#7 205.7 Compiling '/usr/local/lib/python3.10/encodings/cp874.py'...
#7 205.7 Compiling '/usr/local/lib/python3.10/encodings/gb18030.py'...
#7 205.7 Compiling '/usr/local/lib/python3.10/encodings/iso8859_4.py'...
#7 205.7 Compiling '/usr/local/lib/python3.10/encodings/palmos.py'...
#7 205.7 Compiling '/usr/local/lib/python3.10/encodings/uu_codec.py'...
#7 205.7 Compiling '/usr/local/lib/python3.10/heapq.py'...
#7 205.7 Compiling '/usr/local/lib/python3.10/idlelib/idle_test/template.py'...
#7 205.7 Compiling '/usr/local/lib/python3.10/idlelib/idle_test/test_calltip_w.py'...
#7 205.7 Compiling '/usr/local/lib/python3.10/idlelib/idle_test/test_pyshell.py'...
#7 205.7 Compiling '/usr/local/lib/python3.10/idlelib/scrolledlist.py'...
#7 205.7 Compiling '/usr/local/lib/python3.10/importlib/_abc.py'...
#7 205.7 Compiling '/usr/local/lib/python3.10/json/decoder.py'...
#7 205.7 Compiling '/usr/local/lib/python3.10/lib2to3/fixes/fix_getcwdu.py'...
#7 205.7 Compiling '/usr/local/lib/python3.10/lib2to3/fixes/fix_import.py'...
#7 205.7 Compiling '/usr/local/lib/python3.10/lib2to3/fixes/fix_repr.py'...
#7 205.7 Compiling '/usr/local/lib/python3.10/lib2to3/pgen2/tokenize.py'...
#7 205.7 Compiling '/usr/local/lib/python3.10/lib2to3/tests/test_pytree.py'...
#7 205.7 Compiling '/usr/local/lib/python3.10/modulefinder.py'...
#7 205.7 Compiling '/usr/local/lib/python3.10/multiprocessing/spawn.py'...
#7 205.7 Compiling '/usr/local/lib/python3.10/pkgutil.py'...
#7 205.7 Compiling '/usr/local/lib/python3.10/re.py'...
#7 205.7 Compiling '/usr/local/lib/python3.10/sqlite3/test/factory.py'...
#7 205.7 Compiling '/usr/local/lib/python3.10/sysconfig.py'...
#7 205.7 Compiling '/usr/local/lib/python3.10/test/encoded_modules/__init__.py'...
#7 205.7 Compiling '/usr/local/lib/python3.10/test/libregrtest/save_env.py'...
#7 205.7 Compiling '/usr/local/lib/python3.10/test/sortperf.py'...
#7 205.7 Compiling '/usr/local/lib/python3.10/test/test_asyncio/test_futures.py'...
#7 205.7 Compiling '/usr/local/lib/python3.10/test/test_bigaddrspace.py'...
#7 205.7 Compiling '/usr/local/lib/python3.10/test/test_binop.py'...
#7 205.7 Compiling '/usr/local/lib/python3.10/test/test_cgitb.py'...
#7 205.7 Compiling '/usr/local/lib/python3.10/test/test_codecmaps_tw.py'...
#7 205.7 Compiling '/usr/local/lib/python3.10/test/test_context.py'...
#7 205.7 Compiling '/usr/local/lib/python3.10/test/test_difflib.py'...
#7 205.7 Compiling '/usr/local/lib/python3.10/test/test_eintr.py'...
#7 205.7 Compiling '/usr/local/lib/python3.10/test/test_eof.py'...
#7 205.7 Compiling '/usr/local/lib/python3.10/test/test_file_eintr.py'...
#7 205.7 Compiling '/usr/local/lib/python3.10/test/test_flufl.py'...
#7 205.7 Compiling '/usr/local/lib/python3.10/test/test_frame.py'...
#7 205.7 Compiling '/usr/local/lib/python3.10/test/test_future.py'...
#7 205.7 Compiling '/usr/local/lib/python3.10/test/test_genericpath.py'...
#7 205.7 Compiling '/usr/local/lib/python3.10/test/test_htmlparser.py'...
#7 205.7 Compiling '/usr/local/lib/python3.10/test/test_importlib/extension/__main__.py'...
#7 205.7 Compiling '/usr/local/lib/python3.10/test/test_importlib/frozen/__main__.py'...
#7 205.7 Compiling '/usr/local/lib/python3.10/test/test_importlib/import_/test_meta_path.py'...
#7 205.7 Compiling '/usr/local/lib/python3.10/test/test_importlib/namespace_pkgs/project1/parent/child/one.py'...
#7 205.7 Compiling '/usr/local/lib/python3.10/test/test_importlib/partial/pool_in_threads.py'...
#7 205.7 Compiling '/usr/local/lib/python3.10/test/test_importlib/test_api.py'...
#7 205.7 Compiling '/usr/local/lib/python3.10/test/test_inspect.py'...
#7 205.7 Compiling '/usr/local/lib/python3.10/test/test_type_annotations.py'...
#7 205.7 Compiling '/usr/local/lib/python3.10/test/test_unicodedata.py'...
#7 205.7 Compiling '/usr/local/lib/python3.10/test/test_wait3.py'...
#7 205.7 Compiling '/usr/local/lib/python3.10/test/test_wsgiref.py'...
#7 205.7 Compiling '/usr/local/lib/python3.10/threading.py'...
#7 205.7 Compiling '/usr/local/lib/python3.10/turtledemo/chaos.py'...
#7 205.7 Compiling '/usr/local/lib/python3.10/turtledemo/colormixer.py'...
#7 205.7 Compiling '/usr/local/lib/python3.10/turtledemo/fractalcurves.py'...
#7 205.7 Compiling '/usr/local/lib/python3.10/turtledemo/two_canvases.py'...
#7 205.7 Compiling '/usr/local/lib/python3.10/unittest/signals.py'...
#7 205.7 Compiling '/usr/local/lib/python3.10/unittest/test/test_functiontestcase.py'...
#7 205.7 Compiling '/usr/local/lib/python3.10/unittest/test/testmock/testasync.py'...
#7 205.7 Compiling '/usr/local/lib/python3.10/zipfile.py'...
#7 205.7 Listing '/usr/local/lib/python3.10/xml/parsers'...
#7 205.7 Listing '/usr/local/lib/python3.10/xml/sax'...
#7 205.7 Listing '/usr/local/lib/python3.10/xmlrpc'...
#7 205.7 Listing '/usr/local/lib/python3.10/zoneinfo'...
#7 205.7 PYTHONPATH=/usr/local/lib/python3.10  \
#7 205.7 	./python -E -Wi -O /usr/local/lib/python3.10/compileall.py \
#7 205.7 	-j0 -d /usr/local/lib/python3.10 -f \
#7 205.7 	-x 'bad_coding|badsyntax|site-packages|lib2to3/tests/data' \
#7 205.7 	/usr/local/lib/python3.10
#7 205.8 Listing '/usr/local/lib/python3.10'...
#7 206.4 Listing '/usr/local/lib/python3.10/asyncio'...
#7 206.4 Listing '/usr/local/lib/python3.10/collections'...
#7 206.4 Listing '/usr/local/lib/python3.10/concurrent'...
#7 206.4 Listing '/usr/local/lib/python3.10/concurrent/futures'...
#7 206.4 Listing '/usr/local/lib/python3.10/ctypes'...
#7 206.4 Listing '/usr/local/lib/python3.10/ctypes/macholib'...
#7 206.4 Listing '/usr/local/lib/python3.10/ctypes/test'...
#7 206.4 Listing '/usr/local/lib/python3.10/curses'...
#7 206.4 Listing '/usr/local/lib/python3.10/dbm'...
#7 206.4 Listing '/usr/local/lib/python3.10/distutils'...
#7 206.4 Listing '/usr/local/lib/python3.10/distutils/command'...
#7 206.4 Listing '/usr/local/lib/python3.10/distutils/tests'...
#7 206.4 Listing '/usr/local/lib/python3.10/email'...
#7 206.4 Listing '/usr/local/lib/python3.10/email/mime'...
#7 206.4 Listing '/usr/local/lib/python3.10/encodings'...
#7 206.4 Listing '/usr/local/lib/python3.10/ensurepip'...
#7 206.4 Listing '/usr/local/lib/python3.10/ensurepip/_bundled'...
#7 206.4 Listing '/usr/local/lib/python3.10/html'...
#7 206.4 Listing '/usr/local/lib/python3.10/http'...
#7 206.4 Listing '/usr/local/lib/python3.10/idlelib'...
#7 206.4 Listing '/usr/local/lib/python3.10/idlelib/Icons'...
#7 206.4 Listing '/usr/local/lib/python3.10/idlelib/idle_test'...
#7 206.4 Listing '/usr/local/lib/python3.10/importlib'...
#7 206.4 Listing '/usr/local/lib/python3.10/importlib/metadata'...
#7 206.4 Listing '/usr/local/lib/python3.10/json'...
#7 206.4 Listing '/usr/local/lib/python3.10/lib2to3'...
#7 206.4 Listing '/usr/local/lib/python3.10/lib2to3/fixes'...
#7 206.4 Listing '/usr/local/lib/python3.10/lib2to3/pgen2'...
#7 206.4 Listing '/usr/local/lib/python3.10/lib2to3/tests'...
#7 206.4 Listing '/usr/local/lib/python3.10/lib2to3/tests/data'...
#7 206.4 Listing '/usr/local/lib/python3.10/lib2to3/tests/data/fixers'...
#7 206.4 Listing '/usr/local/lib/python3.10/lib2to3/tests/data/fixers/myfixes'...
#7 206.4 Listing '/usr/local/lib/python3.10/logging'...
#7 206.4 Listing '/usr/local/lib/python3.10/multiprocessing'...
#7 206.4 Listing '/usr/local/lib/python3.10/multiprocessing/dummy'...
#7 206.4 Listing '/usr/local/lib/python3.10/pydoc_data'...
#7 206.4 Listing '/usr/local/lib/python3.10/site-packages'...
#7 206.4 Listing '/usr/local/lib/python3.10/sqlite3'...
#7 206.4 Listing '/usr/local/lib/python3.10/sqlite3/test'...
#7 206.4 Listing '/usr/local/lib/python3.10/test'...
#7 206.4 Listing '/usr/local/lib/python3.10/test/audiodata'...
#7 206.4 Listing '/usr/local/lib/python3.10/test/capath'...
#7 206.4 Listing '/usr/local/lib/python3.10/test/cjkencodings'...
#7 206.4 Listing '/usr/local/lib/python3.10/test/data'...
#7 206.4 Listing '/usr/local/lib/python3.10/test/decimaltestdata'...
#7 206.4 Listing '/usr/local/lib/python3.10/test/dtracedata'...
#7 206.4 Listing '/usr/local/lib/python3.10/test/encoded_modules'...
#7 206.4 Listing '/usr/local/lib/python3.10/test/imghdrdata'...
#7 206.4 Listing '/usr/local/lib/python3.10/test/libregrtest'...
#7 206.4 Listing '/usr/local/lib/python3.10/test/sndhdrdata'...
#7 206.4 Listing '/usr/local/lib/python3.10/test/subprocessdata'...
#7 206.4 Listing '/usr/local/lib/python3.10/test/support'...
#7 206.4 Listing '/usr/local/lib/python3.10/test/test_asyncio'...
#7 206.4 Listing '/usr/local/lib/python3.10/test/test_email'...
#7 206.4 Listing '/usr/local/lib/python3.10/test/test_email/data'...
#7 206.4 Listing '/usr/local/lib/python3.10/test/test_import'...
#7 206.4 Listing '/usr/local/lib/python3.10/test/test_import/data'...
#7 206.4 Listing '/usr/local/lib/python3.10/test/test_import/data/circular_imports'...
#7 206.4 Listing '/usr/local/lib/python3.10/test/test_import/data/circular_imports/subpkg'...
#7 206.4 Listing '/usr/local/lib/python3.10/test/test_import/data/package'...
#7 206.4 Listing '/usr/local/lib/python3.10/test/test_import/data/package2'...
#7 206.4 Listing '/usr/local/lib/python3.10/test/test_import/data/unwritable'...
#7 206.4 Listing '/usr/local/lib/python3.10/test/test_importlib'...
#7 206.4 Listing '/usr/local/lib/python3.10/test/test_importlib/builtin'...
#7 206.4 Listing '/usr/local/lib/python3.10/test/test_importlib/data'...
#7 206.4 Listing '/usr/local/lib/python3.10/test/test_importlib/data01'...
#7 206.4 Listing '/usr/local/lib/python3.10/test/test_importlib/data01/subdirectory'...
#7 206.4 Listing '/usr/local/lib/python3.10/test/test_importlib/data02'...
#7 206.4 Listing '/usr/local/lib/python3.10/test/test_importlib/data02/one'...
#7 206.4 Listing '/usr/local/lib/python3.10/test/test_importlib/data02/two'...
#7 206.4 Listing '/usr/local/lib/python3.10/test/test_importlib/data03'...
#7 206.4 Listing '/usr/local/lib/python3.10/test/test_importlib/data03/namespace'...
#7 206.4 Listing '/usr/local/lib/python3.10/test/test_importlib/data03/namespace/portion1'...
#7 206.4 Listing '/usr/local/lib/python3.10/test/test_importlib/data03/namespace/portion2'...
#7 206.4 Listing '/usr/local/lib/python3.10/test/test_importlib/extension'...
#7 206.4 Listing '/usr/local/lib/python3.10/test/test_importlib/frozen'...
#7 206.4 Listing '/usr/local/lib/python3.10/test/test_importlib/import_'...
#7 206.4 Listing '/usr/local/lib/python3.10/test/test_importlib/namespace_pkgs'...
#7 206.4 Listing '/usr/local/lib/python3.10/test/test_importlib/namespace_pkgs/both_portions'...
#7 206.4 Listing '/usr/local/lib/python3.10/test/test_importlib/namespace_pkgs/both_portions/foo'...
#7 206.4 Listing '/usr/local/lib/python3.10/test/test_importlib/namespace_pkgs/module_and_namespace_package'...
#7 206.4 Listing '/usr/local/lib/python3.10/test/test_importlib/namespace_pkgs/module_and_namespace_package/a_test'...
#7 206.4 Listing '/usr/local/lib/python3.10/test/test_importlib/namespace_pkgs/not_a_namespace_pkg'...
#7 206.4 Listing '/usr/local/lib/python3.10/test/test_importlib/namespace_pkgs/not_a_namespace_pkg/foo'...
#7 206.4 Listing '/usr/local/lib/python3.10/test/test_importlib/namespace_pkgs/portion1'...
#7 206.4 Listing '/usr/local/lib/python3.10/test/test_importlib/namespace_pkgs/portion1/foo'...
#7 206.4 Listing '/usr/local/lib/python3.10/test/test_importlib/namespace_pkgs/portion2'...
#7 206.4 Listing '/usr/local/lib/python3.10/test/test_importlib/namespace_pkgs/portion2/foo'...
#7 206.4 Listing '/usr/local/lib/python3.10/test/test_importlib/namespace_pkgs/project1'...
#7 206.4 Listing '/usr/local/lib/python3.10/test/test_importlib/namespace_pkgs/project1/parent'...
#7 206.4 Listing '/usr/local/lib/python3.10/test/test_importlib/namespace_pkgs/project1/parent/child'...
#7 206.4 Listing '/usr/local/lib/python3.10/test/test_importlib/namespace_pkgs/project2'...
#7 206.4 Listing '/usr/local/lib/python3.10/test/test_importlib/namespace_pkgs/project2/parent'...
#7 206.4 Listing '/usr/local/lib/python3.10/test/test_importlib/namespace_pkgs/project2/parent/child'...
#7 206.4 Listing '/usr/local/lib/python3.10/test/test_importlib/namespace_pkgs/project3'...
#7 206.4 Listing '/usr/local/lib/python3.10/test/test_importlib/namespace_pkgs/project3/parent'...
#7 206.4 Listing '/usr/local/lib/python3.10/test/test_importlib/namespace_pkgs/project3/parent/child'...
#7 206.4 Listing '/usr/local/lib/python3.10/test/test_importlib/namespacedata01'...
#7 206.4 Listing '/usr/local/lib/python3.10/test/test_importlib/partial'...
#7 206.4 Listing '/usr/local/lib/python3.10/test/test_importlib/source'...
#7 206.4 Listing '/usr/local/lib/python3.10/test/test_importlib/zipdata01'...
#7 206.4 Listing '/usr/local/lib/python3.10/test/test_importlib/zipdata02'...
#7 206.4 Listing '/usr/local/lib/python3.10/test/test_json'...
#7 206.4 Listing '/usr/local/lib/python3.10/test/test_peg_generator'...
#7 206.4 Listing '/usr/local/lib/python3.10/test/test_tools'...
#7 206.4 Listing '/usr/local/lib/python3.10/test/test_warnings'...
#7 206.4 Listing '/usr/local/lib/python3.10/test/test_warnings/data'...
#7 206.4 Listing '/usr/local/lib/python3.10/test/test_zoneinfo'...
#7 206.4 Listing '/usr/local/lib/python3.10/test/test_zoneinfo/data'...
#7 206.4 Listing '/usr/local/lib/python3.10/test/tracedmodules'...
#7 206.4 Listing '/usr/local/lib/python3.10/test/typinganndata'...
#7 206.4 Listing '/usr/local/lib/python3.10/test/xmltestdata'...
#7 206.4 Listing '/usr/local/lib/python3.10/test/xmltestdata/c14n-20'...
#7 206.4 Listing '/usr/local/lib/python3.10/test/ziptestdata'...
#7 206.4 Listing '/usr/local/lib/python3.10/tkinter'...
#7 206.4 Listing '/usr/local/lib/python3.10/tkinter/test'...
#7 206.4 Listing '/usr/local/lib/python3.10/tkinter/test/test_tkinter'...
#7 206.4 Listing '/usr/local/lib/python3.10/tkinter/test/test_ttk'...
#7 206.4 Listing '/usr/local/lib/python3.10/turtledemo'...
#7 206.4 Listing '/usr/local/lib/python3.10/unittest'...
#7 206.4 Listing '/usr/local/lib/python3.10/unittest/test'...
#7 206.4 Listing '/usr/local/lib/python3.10/unittest/test/testmock'...
#7 206.4 Listing '/usr/local/lib/python3.10/urllib'...
#7 206.4 Listing '/usr/local/lib/python3.10/venv'...
#7 206.4 Listing '/usr/local/lib/python3.10/venv/scripts'...
#7 206.4 Listing '/usr/local/lib/python3.10/venv/scripts/common'...
#7 206.4 Listing '/usr/local/lib/python3.10/venv/scripts/posix'...
#7 206.4 Listing '/usr/local/lib/python3.10/wsgiref'...
#7 206.4 Listing '/usr/local/lib/python3.10/xml'...
#7 206.4 Listing '/usr/local/lib/python3.10/xml/dom'...
#7 206.4 Listing '/usr/local/lib/python3.10/xml/etree'...
#7 206.5 Compiling '/usr/local/lib/python3.10/asyncio/trsock.py'...
#7 206.5 Compiling '/usr/local/lib/python3.10/codeop.py'...
#7 206.5 Compiling '/usr/local/lib/python3.10/concurrent/futures/__init__.py'...
#7 206.5 Compiling '/usr/local/lib/python3.10/csv.py'...
#7 206.5 Compiling '/usr/local/lib/python3.10/ctypes/test/test_python_api.py'...
#7 206.5 Compiling '/usr/local/lib/python3.10/distutils/_msvccompiler.py'...
#7 206.5 Compiling '/usr/local/lib/python3.10/distutils/dist.py'...
#7 206.5 Compiling '/usr/local/lib/python3.10/email/header.py'...
#7 206.5 Compiling '/usr/local/lib/python3.10/encodings/cp037.py'...
#7 206.5 Compiling '/usr/local/lib/python3.10/encodings/cp855.py'...
#7 206.5 Compiling '/usr/local/lib/python3.10/encodings/hp_roman8.py'...
#7 206.5 Compiling '/usr/local/lib/python3.10/encodings/koi8_r.py'...
#7 206.5 Compiling '/usr/local/lib/python3.10/encodings/mac_farsi.py'...
#7 206.5 Compiling '/usr/local/lib/python3.10/encodings/utf_8.py'...
#7 206.5 Compiling '/usr/local/lib/python3.10/hashlib.py'...
#7 206.5 Compiling '/usr/local/lib/python3.10/idlelib/idle_test/test_debugger_r.py'...
#7 206.5 Compiling '/usr/local/lib/python3.10/idlelib/idle_test/test_replace.py'...
#7 206.5 Compiling '/usr/local/lib/python3.10/idlelib/scrolledlist.py'...
#7 206.5 Compiling '/usr/local/lib/python3.10/imp.py'...
#7 206.5 Compiling '/usr/local/lib/python3.10/inspect.py'...
#7 206.5 Compiling '/usr/local/lib/python3.10/lib2to3/fixes/fix_long.py'...
#7 206.5 Compiling '/usr/local/lib/python3.10/lib2to3/fixes/fix_types.py'...
#7 206.5 Compiling '/usr/local/lib/python3.10/lib2to3/pygram.py'...
#7 206.5 Compiling '/usr/local/lib/python3.10/lib2to3/tests/pytree_idempotency.py'...
#7 206.5 Compiling '/usr/local/lib/python3.10/multiprocessing/forkserver.py'...
#7 206.5 Compiling '/usr/local/lib/python3.10/operator.py'...
#7 206.5 Compiling '/usr/local/lib/python3.10/pickle.py'...
#7 206.5 Compiling '/usr/local/lib/python3.10/sndhdr.py'...
#7 206.5 Compiling '/usr/local/lib/python3.10/test/__init__.py'...
#7 206.5 Compiling '/usr/local/lib/python3.10/test/bad_getattr3.py'...
#7 206.5 Compiling '/usr/local/lib/python3.10/test/encoded_modules/__init__.py'...
#7 206.5 Compiling '/usr/local/lib/python3.10/test/libregrtest/save_env.py'...
#7 206.5 Compiling '/usr/local/lib/python3.10/test/sample_doctest_no_docstrings.py'...
#7 206.5 Compiling '/usr/local/lib/python3.10/test/string_tests.py'...
#7 206.5 Compiling '/usr/local/lib/python3.10/test/test_asyncio/test_protocols.py'...
#7 206.5 Compiling '/usr/local/lib/python3.10/test/test_asyncio/test_streams.py'...
#7 206.5 Compiling '/usr/local/lib/python3.10/test/test_bool.py'...
#7 206.5 Compiling '/usr/local/lib/python3.10/test/test_clinic.py'...
#7 206.5 Compiling '/usr/local/lib/python3.10/test/test_crypt.py'...
#7 206.5 Compiling '/usr/local/lib/python3.10/test/test_dbm_dumb.py'...
#7 206.5 Compiling '/usr/local/lib/python3.10/test/test_devpoll.py'...
#7 206.5 Compiling '/usr/local/lib/python3.10/test/test_dynamic.py'...
#7 206.5 Compiling '/usr/local/lib/python3.10/test/test_email/__main__.py'...
#7 206.5 Compiling '/usr/local/lib/python3.10/test/test_email/test_generator.py'...
#7 206.5 Compiling '/usr/local/lib/python3.10/test/test_extcall.py'...
#7 206.5 Compiling '/usr/local/lib/python3.10/test/test_fileinput.py'...
#7 206.5 Compiling '/usr/local/lib/python3.10/test/test_future4.py'...
#7 206.5 Compiling '/usr/local/lib/python3.10/test/test_global.py'...
#7 206.5 Compiling '/usr/local/lib/python3.10/test/test_hash.py'...
#7 206.5 Compiling '/usr/local/lib/python3.10/test/test_imp.py'...
#7 206.5 Compiling '/usr/local/lib/python3.10/test/test_import/data/circular_imports/binding.py'...
#7 206.5 Compiling '/usr/local/lib/python3.10/test/test_import/data/package/submodule.py'...
#7 206.5 Compiling '/usr/local/lib/python3.10/test/test_importlib/data02/one/__init__.py'...
#7 206.5 Compiling '/usr/local/lib/python3.10/test/test_importlib/import_/test_caching.py'...
#7 206.5 Compiling '/usr/local/lib/python3.10/test/test_importlib/import_/test_relative_imports.py'...
#7 206.5 Compiling '/usr/local/lib/python3.10/test/test_importlib/source/test_file_loader.py'...
#7 206.5 Compiling '/usr/local/lib/python3.10/test/test_json/test_encode_basestring_ascii.py'...
#7 206.5 Compiling '/usr/local/lib/python3.10/test/test_linecache.py'...
#7 206.5 Compiling '/usr/local/lib/python3.10/test/test_multibytecodec.py'...
#7 206.5 Compiling '/usr/local/lib/python3.10/test/test_pdb.py'...
#7 206.5 Compiling '/usr/local/lib/python3.10/test/test_poplib.py'...
#7 206.5 Compiling '/usr/local/lib/python3.10/test/test_pulldom.py'...
#7 206.5 Compiling '/usr/local/lib/python3.10/test/test_reprlib.py'...
#7 206.5 Compiling '/usr/local/lib/python3.10/test/test_set.py'...
#7 206.5 Compiling '/usr/local/lib/python3.10/test/test_type_comments.py'...
#7 206.5 Compiling '/usr/local/lib/python3.10/test/test_warnings/__init__.py'...
#7 206.5 Compiling '/usr/local/lib/python3.10/test/test_zipfile64.py'...
#7 206.5 Compiling '/usr/local/lib/python3.10/test/test_zoneinfo/data/update_test_data.py'...
#7 206.5 Compiling '/usr/local/lib/python3.10/test/tracedmodules/__init__.py'...
#7 206.5 Compiling '/usr/local/lib/python3.10/test/win_console_handler.py'...
#7 206.5 Compiling '/usr/local/lib/python3.10/tkinter/__main__.py'...
#7 206.5 Compiling '/usr/local/lib/python3.10/tkinter/dialog.py'...
#7 206.5 Compiling '/usr/local/lib/python3.10/tkinter/filedialog.py'...
#7 206.5 Compiling '/usr/local/lib/python3.10/tkinter/ttk.py'...
#7 206.5 Compiling '/usr/local/lib/python3.10/unittest/test/dummy.py'...
#7 206.5 Compiling '/usr/local/lib/python3.10/unittest/test/test_case.py'...
#7 206.5 Compiling '/usr/local/lib/python3.10/xml/sax/saxutils.py'...
#7 206.5 Compiling '/usr/local/lib/python3.10/asyncio/base_futures.py'...
#7 206.5 Compiling '/usr/local/lib/python3.10/asyncio/coroutines.py'...
#7 206.5 Compiling '/usr/local/lib/python3.10/asyncio/locks.py'...
#7 206.5 Compiling '/usr/local/lib/python3.10/cgitb.py'...
#7 206.5 Compiling '/usr/local/lib/python3.10/contextvars.py'...
#7 206.5 Compiling '/usr/local/lib/python3.10/ctypes/test/test_internals.py'...
#7 206.5 Compiling '/usr/local/lib/python3.10/ctypes/test/test_strings.py'...
#7 206.5 Compiling '/usr/local/lib/python3.10/difflib.py'...
#7 206.5 Compiling '/usr/local/lib/python3.10/distutils/tests/test_build_py.py'...
#7 206.5 Compiling '/usr/local/lib/python3.10/distutils/tests/test_msvccompiler.py'...
#7 206.5 Compiling '/usr/local/lib/python3.10/email/mime/text.py'...
#7 206.5 Compiling '/usr/local/lib/python3.10/encodings/cp860.py'...
#7 206.5 Compiling '/usr/local/lib/python3.10/encodings/euc_jp.py'...
#7 206.5 Compiling '/usr/local/lib/python3.10/encodings/iso8859_4.py'...
#7 206.5 Compiling '/usr/local/lib/python3.10/encodings/iso8859_9.py'...
#7 206.5 Compiling '/usr/local/lib/python3.10/encodings/mbcs.py'...
#7 206.5 Compiling '/usr/local/lib/python3.10/encodings/utf_16_le.py'...
#7 206.5 Compiling '/usr/local/lib/python3.10/getpass.py'...
#7 206.5 Compiling '/usr/local/lib/python3.10/idlelib/idle_test/test_autocomplete_w.py'...
#7 206.5 Compiling '/usr/local/lib/python3.10/idlelib/idle_test/test_history.py'...
#7 206.5 Compiling '/usr/local/lib/python3.10/idlelib/idle_test/test_tree.py'...
#7 206.5 Compiling '/usr/local/lib/python3.10/idlelib/statusbar.py'...
#7 206.5 Compiling '/usr/local/lib/python3.10/importlib/_adapters.py'...
#7 206.5 Compiling '/usr/local/lib/python3.10/lib2to3/fixes/__init__.py'...
#7 206.5 Compiling '/usr/local/lib/python3.10/lib2to3/fixes/fix_dict.py'...
#7 206.5 Compiling '/usr/local/lib/python3.10/lib2to3/fixes/fix_tuple_params.py'...
#7 206.5 Compiling '/usr/local/lib/python3.10/lib2to3/pgen2/literals.py'...
#7 206.5 Compiling '/usr/local/lib/python3.10/mimetypes.py'...
#7 206.5 Compiling '/usr/local/lib/python3.10/multiprocessing/dummy/connection.py'...
#7 206.5 Compiling '/usr/local/lib/python3.10/multiprocessing/popen_spawn_posix.py'...
#7 206.5 Compiling '/usr/local/lib/python3.10/netrc.py'...
#7 206.5 Compiling '/usr/local/lib/python3.10/profile.py'...
#7 206.5 Compiling '/usr/local/lib/python3.10/shutil.py'...
#7 206.5 Compiling '/usr/local/lib/python3.10/struct.py'...
#7 206.5 Compiling '/usr/local/lib/python3.10/test/_test_embed_set_config.py'...
#7 206.5 Compiling '/usr/local/lib/python3.10/test/audiotests.py'...
#7 206.5 Compiling '/usr/local/lib/python3.10/test/dtracedata/instance.py'...
#7 206.5 Compiling '/usr/local/lib/python3.10/test/libregrtest/pgo.py'...
#7 206.5 Compiling '/usr/local/lib/python3.10/test/regrtest.py'...
#7 206.5 Compiling '/usr/local/lib/python3.10/test/subprocessdata/input_reader.py'...
#7 206.5 Compiling '/usr/local/lib/python3.10/test/test_asyncio/echo3.py'...
#7 206.5 Compiling '/usr/local/lib/python3.10/test/test_asyncio/test_futures2.py'...
#7 206.5 Compiling '/usr/local/lib/python3.10/test/test_asyncio/utils.py'...
#7 206.5 Compiling '/usr/local/lib/python3.10/test/test_calendar.py'...
#7 206.5 Compiling '/usr/local/lib/python3.10/test/test_codecs.py'...
#7 206.5 Compiling '/usr/local/lib/python3.10/test/test_ensurepip.py'...
#7 206.5 Compiling '/usr/local/lib/python3.10/test/test_fork1.py'...
#7 206.5 Compiling '/usr/local/lib/python3.10/test/test_future3.py'...
#7 206.5 Compiling '/usr/local/lib/python3.10/test/test_genericpath.py'...
#7 206.5 Compiling '/usr/local/lib/python3.10/test/test_hashlib.py'...
#7 206.5 Compiling '/usr/local/lib/python3.10/test/test_import/data/circular_imports/rebinding2.py'...
#7 206.5 Compiling '/usr/local/lib/python3.10/test/test_importlib/abc.py'...
#7 206.5 Compiling '/usr/local/lib/python3.10/test/test_importlib/extension/__main__.py'...
#7 206.5 Compiling '/usr/local/lib/python3.10/test/test_importlib/test_abc.py'...
#7 206.5 Compiling '/usr/local/lib/python3.10/test/test_json/__main__.py'...
#7 206.5 Compiling '/usr/local/lib/python3.10/test/test_json/test_dump.py'...
#7 206.5 Compiling '/usr/local/lib/python3.10/test/test_lib2to3.py'...
#7 206.5 Compiling '/usr/local/lib/python3.10/test/test_memoryio.py'...
#7 206.5 Compiling '/usr/local/lib/python3.10/test/test_peepholer.py'...
#7 206.5 Compiling '/usr/local/lib/python3.10/test/test_posixpath.py'...
#7 206.5 Compiling '/usr/local/lib/python3.10/test/test_random.py'...
#7 206.5 Compiling '/usr/local/lib/python3.10/test/test_smtpnet.py'...
#7 206.5 Compiling '/usr/local/lib/python3.10/test/test_statistics.py'...
#7 206.5 Compiling '/usr/local/lib/python3.10/test/test_zoneinfo/__init__.py'...
#7 206.5 Compiling '/usr/local/lib/python3.10/test/test_zoneinfo/test_zoneinfo.py'...
#7 206.5 Compiling '/usr/local/lib/python3.10/unittest/test/testmock/__main__.py'...
#7 206.5 Compiling '/usr/local/lib/python3.10/unittest/test/testmock/testasync.py'...
#7 206.5 Compiling '/usr/local/lib/python3.10/xml/dom/domreg.py'...
#7 206.5 Compiling '/usr/local/lib/python3.10/xml/etree/__init__.py'...
#7 206.5 Compiling '/usr/local/lib/python3.10/xml/etree/cElementTree.py'...
#7 206.5 Compiling '/usr/local/lib/python3.10/xml/sax/__init__.py'...
#7 206.5 Compiling '/usr/local/lib/python3.10/zipapp.py'...
#7 206.5 Compiling '/usr/local/lib/python3.10/_bootsubprocess.py'...
#7 206.5 Compiling '/usr/local/lib/python3.10/_pyio.py'...
#7 206.5 Compiling '/usr/local/lib/python3.10/asyncio/base_tasks.py'...
#7 206.5 Compiling '/usr/local/lib/python3.10/asyncio/events.py'...
#7 206.5 Compiling '/usr/local/lib/python3.10/calendar.py'...
#7 206.5 Compiling '/usr/local/lib/python3.10/copyreg.py'...
#7 206.5 Compiling '/usr/local/lib/python3.10/ctypes/test/test_delattr.py'...
#7 206.5 Compiling '/usr/local/lib/python3.10/ctypes/test/test_loading.py'...
#7 206.5 Compiling '/usr/local/lib/python3.10/ctypes/test/test_wintypes.py'...
#7 206.5 Compiling '/usr/local/lib/python3.10/dbm/gnu.py'...
#7 206.5 Compiling '/usr/local/lib/python3.10/distutils/command/__init__.py'...
#7 206.5 Compiling '/usr/local/lib/python3.10/distutils/command/check.py'...
#7 206.5 Compiling '/usr/local/lib/python3.10/distutils/command/register.py'...
#7 206.5 Compiling '/usr/local/lib/python3.10/distutils/tests/support.py'...
#7 206.5 Compiling '/usr/local/lib/python3.10/distutils/tests/test_dist.py'...
#7 206.5 Compiling '/usr/local/lib/python3.10/email/_parseaddr.py'...
#7 206.5 Compiling '/usr/local/lib/python3.10/email/quoprimime.py'...
#7 206.5 Compiling '/usr/local/lib/python3.10/encodings/cp1258.py'...
#7 206.5 Compiling '/usr/local/lib/python3.10/encodings/cp932.py'...
#7 206.5 Compiling '/usr/local/lib/python3.10/encodings/iso2022_jp_ext.py'...
#7 206.5 Compiling '/usr/local/lib/python3.10/encodings/oem.py'...
#7 206.5 Compiling '/usr/local/lib/python3.10/encodings/utf_16_be.py'...
#7 206.5 Compiling '/usr/local/lib/python3.10/genericpath.py'...
#7 206.5 Compiling '/usr/local/lib/python3.10/idlelib/browser.py'...
#7 206.5 Compiling '/usr/local/lib/python3.10/idlelib/help.py'...
#7 206.5 Compiling '/usr/local/lib/python3.10/idlelib/idle_test/test_configdialog.py'...
#7 206.5 Compiling '/usr/local/lib/python3.10/idlelib/pyshell.py'...
#7 206.5 Compiling '/usr/local/lib/python3.10/lib2to3/fixer_base.py'...
#7 206.5 Compiling '/usr/local/lib/python3.10/lib2to3/fixes/fix_input.py'...
#7 206.5 Compiling '/usr/local/lib/python3.10/lib2to3/pgen2/token.py'...
#7 206.5 Compiling '/usr/local/lib/python3.10/multiprocessing/resource_tracker.py'...
#7 206.5 Compiling '/usr/local/lib/python3.10/pickletools.py'...
#7 206.5 Compiling '/usr/local/lib/python3.10/selectors.py'...
#7 206.5 Compiling '/usr/local/lib/python3.10/telnetlib.py'...
#7 206.5 Compiling '/usr/local/lib/python3.10/test/bisect_cmd.py'...
#7 206.5 Compiling '/usr/local/lib/python3.10/test/dataclass_module_1_str.py'...
#7 206.5 Compiling '/usr/local/lib/python3.10/test/libregrtest/cmdline.py'...
#7 206.5 Compiling '/usr/local/lib/python3.10/test/libregrtest/setup.py'...
#7 206.5 Compiling '/usr/local/lib/python3.10/test/relimport.py'...
#7 206.5 Compiling '/usr/local/lib/python3.10/test/support/os_helper.py'...
#7 206.5 Compiling '/usr/local/lib/python3.10/test/test_asyncio/echo2.py'...
#7 206.5 Compiling '/usr/local/lib/python3.10/test/test_asyncio/test_transports.py'...
#7 206.5 Compiling '/usr/local/lib/python3.10/test/test_audit.py'...
#7 206.5 Compiling '/usr/local/lib/python3.10/test/test_binop.py'...
#7 206.5 Compiling '/usr/local/lib/python3.10/test/test_check_c_globals.py'...
#7 206.5 Compiling '/usr/local/lib/python3.10/test/test_cmd_line_script.py'...
#7 206.5 Compiling '/usr/local/lib/python3.10/test/test_crashers.py'...
#7 206.5 Compiling '/usr/local/lib/python3.10/test/test_dbm.py'...
#7 206.5 Compiling '/usr/local/lib/python3.10/test/test_decorators.py'...
#7 206.5 Compiling '/usr/local/lib/python3.10/test/test_email/__init__.py'...
#7 206.5 Compiling '/usr/local/lib/python3.10/test/test_email/test_headerregistry.py'...
#7 206.5 Compiling '/usr/local/lib/python3.10/test/test_future5.py'...
#7 206.5 Compiling '/usr/local/lib/python3.10/test/test_genericalias.py'...
#7 206.5 Compiling '/usr/local/lib/python3.10/test/test_heapq.py'...
#7 206.5 Compiling '/usr/local/lib/python3.10/test/test_httplib.py'...
#7 206.5 Compiling '/usr/local/lib/python3.10/test/test_importlib/import_/test_fromlist.py'...
#7 206.5 Compiling '/usr/local/lib/python3.10/test/test_importlib/source/test_case_sensitivity.py'...
#7 206.5 Compiling '/usr/local/lib/python3.10/test/test_importlib/stubs.py'...
#7 206.5 Compiling '/usr/local/lib/python3.10/test/test_io.py'...
#7 206.5 Compiling '/usr/local/lib/python3.10/test/test_ssl.py'...
#7 206.5 Compiling '/usr/local/lib/python3.10/tty.py'...
#7 206.5 Compiling '/usr/local/lib/python3.10/turtle.py'...
#7 206.5 Compiling '/usr/local/lib/python3.10/asyncio/base_events.py'...
#7 206.5 Compiling '/usr/local/lib/python3.10/ctypes/test/test_as_parameter.py'...
#7 206.5 Compiling '/usr/local/lib/python3.10/ctypes/test/test_memfunctions.py'...
#7 206.5 Compiling '/usr/local/lib/python3.10/ctypes/test/test_unaligned_structures.py'...
#7 206.5 Compiling '/usr/local/lib/python3.10/distutils/ccompiler.py'...
#7 206.5 Compiling '/usr/local/lib/python3.10/distutils/file_util.py'...
#7 206.5 Compiling '/usr/local/lib/python3.10/distutils/tests/test_cygwinccompiler.py'...
#7 206.5 Compiling '/usr/local/lib/python3.10/distutils/tests/test_version.py'...
#7 206.5 Compiling '/usr/local/lib/python3.10/email/message.py'...
#7 206.5 Compiling '/usr/local/lib/python3.10/encodings/cp1255.py'...
#7 206.5 Compiling '/usr/local/lib/python3.10/encodings/cp273.py'...
#7 206.5 Compiling '/usr/local/lib/python3.10/encodings/cp720.py'...
#7 206.5 Compiling '/usr/local/lib/python3.10/encodings/iso2022_jp_2.py'...
#7 206.5 Compiling '/usr/local/lib/python3.10/encodings/raw_unicode_escape.py'...
#7 206.5 Compiling '/usr/local/lib/python3.10/http/client.py'...
#7 206.5 Compiling '/usr/local/lib/python3.10/idlelib/__main__.py'...
#7 206.5 Compiling '/usr/local/lib/python3.10/idlelib/filelist.py'...
#7 206.5 Compiling '/usr/local/lib/python3.10/idlelib/help_about.py'...
#7 206.5 Compiling '/usr/local/lib/python3.10/idlelib/idle_test/test_config_key.py'...
#7 206.5 Compiling '/usr/local/lib/python3.10/idlelib/idle_test/test_scrolledlist.py'...
#7 206.5 Compiling '/usr/local/lib/python3.10/idlelib/idle_test/test_searchengine.py'...
#7 206.5 Compiling '/usr/local/lib/python3.10/idlelib/run.py'...
#7 206.5 Compiling '/usr/local/lib/python3.10/json/scanner.py'...
#7 206.5 Compiling '/usr/local/lib/python3.10/lib2to3/fixes/fix_execfile.py'...
#7 206.5 Compiling '/usr/local/lib/python3.10/lib2to3/fixes/fix_operator.py'...
#7 206.5 Compiling '/usr/local/lib/python3.10/lib2to3/pgen2/tokenize.py'...
#7 206.5 Compiling '/usr/local/lib/python3.10/lib2to3/tests/test_all_fixers.py'...
#7 206.5 Compiling '/usr/local/lib/python3.10/multiprocessing/managers.py'...
#7 206.5 Compiling '/usr/local/lib/python3.10/pyclbr.py'...
#7 206.5 Compiling '/usr/local/lib/python3.10/sqlite3/test/__init__.py'...
#7 206.5 Compiling '/usr/local/lib/python3.10/tabnanny.py'...
#7 206.5 Compiling '/usr/local/lib/python3.10/test/ann_module4.py'...
#7 206.5 Compiling '/usr/local/lib/python3.10/test/ann_module6.py'...
#7 206.5 Compiling '/usr/local/lib/python3.10/test/autotest.py'...
#7 206.5 Compiling '/usr/local/lib/python3.10/test/encoded_modules/module_koi8_r.py'...
#7 206.5 Compiling '/usr/local/lib/python3.10/test/imp_dummy.py'...
#7 206.5 Compiling '/usr/local/lib/python3.10/test/lock_tests.py'...
#7 206.5 Compiling '/usr/local/lib/python3.10/test/support/socket_helper.py'...
#7 206.5 Compiling '/usr/local/lib/python3.10/test/test___all__.py'...
#7 206.5 Compiling '/usr/local/lib/python3.10/test/test_asyncio/test_selector_events.py'...
#7 206.5 Compiling '/usr/local/lib/python3.10/test/test_charmapcodec.py'...
#7 206.5 Compiling '/usr/local/lib/python3.10/test/test_code_module.py'...
#7 206.5 Compiling '/usr/local/lib/python3.10/test/test_configparser.py'...
#7 206.5 Compiling '/usr/local/lib/python3.10/test/test_email/test_message.py'...
#7 206.5 Compiling '/usr/local/lib/python3.10/test/test_fileio.py'...
#7 206.5 Compiling '/usr/local/lib/python3.10/test/test_genericclass.py'...
#7 206.5 Compiling '/usr/local/lib/python3.10/test/test_html.py'...
#7 206.5 Compiling '/usr/local/lib/python3.10/test/test_import/data/circular_imports/binding2.py'...
#7 206.5 Compiling '/usr/local/lib/python3.10/test/test_import/data/package2/submodule2.py'...
#7 206.5 Compiling '/usr/local/lib/python3.10/test/test_importlib/data03/__init__.py'...
#7 206.5 Compiling '/usr/local/lib/python3.10/test/test_ioctl.py'...
#7 206.5 Compiling '/usr/local/lib/python3.10/test/test_mimetypes.py'...
#7 206.5 Compiling '/usr/local/lib/python3.10/test/test_ntpath.py'...
#7 206.5 Compiling '/usr/local/lib/python3.10/test/test_profile.py'...
#7 206.5 Compiling '/usr/local/lib/python3.10/test/test_range.py'...
#7 206.5 Compiling '/usr/local/lib/python3.10/test/test_signal.py'...
#7 206.5 Compiling '/usr/local/lib/python3.10/test/test_string.py'...
#7 206.5 Compiling '/usr/local/lib/python3.10/test/test_tabnanny.py'...
#7 206.5 Compiling '/usr/local/lib/python3.10/test/test_threadedtempfile.py'...
#7 206.5 Compiling '/usr/local/lib/python3.10/test/test_threadsignals.py'...
#7 206.5 Compiling '/usr/local/lib/python3.10/test/test_tools/test_pdeps.py'...
#7 206.5 Compiling '/usr/local/lib/python3.10/test/test_tracemalloc.py'...
#7 206.5 Compiling '/usr/local/lib/python3.10/test/test_webbrowser.py'...
#7 206.5 Compiling '/usr/local/lib/python3.10/test/test_yield_from.py'...
#7 206.5 Compiling '/usr/local/lib/python3.10/tkinter/commondialog.py'...
#7 206.5 Compiling '/usr/local/lib/python3.10/tkinter/messagebox.py'...
#7 206.5 Compiling '/usr/local/lib/python3.10/tkinter/test/test_tkinter/test_colorchooser.py'...
#7 206.5 Compiling '/usr/local/lib/python3.10/tkinter/test/test_tkinter/test_variables.py'...
#7 206.5 Compiling '/usr/local/lib/python3.10/turtledemo/__main__.py'...
#7 206.5 Compiling '/usr/local/lib/python3.10/types.py'...
#7 206.5 Compiling '/usr/local/lib/python3.10/unittest/test/support.py'...
#7 206.5 Compiling '/usr/local/lib/python3.10/unittest/test/test_program.py'...
#7 206.5 Compiling '/usr/local/lib/python3.10/unittest/test/testmock/testhelpers.py'...
#7 206.5 Compiling '/usr/local/lib/python3.10/xml/sax/xmlreader.py'...
#7 206.5 Compiling '/usr/local/lib/python3.10/asyncio/constants.py'...
#7 206.5 Compiling '/usr/local/lib/python3.10/asyncio/exceptions.py'...
#7 206.5 Compiling '/usr/local/lib/python3.10/asyncio/proactor_events.py'...
#7 206.5 Compiling '/usr/local/lib/python3.10/ctypes/macholib/dyld.py'...
#7 206.5 Compiling '/usr/local/lib/python3.10/ctypes/test/test_bytes.py'...
#7 206.5 Compiling '/usr/local/lib/python3.10/ctypes/test/test_macholib.py'...
#7 206.5 Compiling '/usr/local/lib/python3.10/ctypes/test/test_repr.py'...
#7 206.5 Compiling '/usr/local/lib/python3.10/ctypes/test/test_unicode.py'...
#7 206.5 Compiling '/usr/local/lib/python3.10/dbm/dumb.py'...
#7 206.5 Compiling '/usr/local/lib/python3.10/distutils/command/clean.py'...
#7 206.5 Compiling '/usr/local/lib/python3.10/distutils/command/install_data.py'...
#7 206.5 Compiling '/usr/local/lib/python3.10/distutils/cygwinccompiler.py'...
#7 206.5 Compiling '/usr/local/lib/python3.10/distutils/tests/__init__.py'...
#7 206.5 Compiling '/usr/local/lib/python3.10/distutils/tests/test_install_lib.py'...
#7 206.5 Compiling '/usr/local/lib/python3.10/doctest.py'...
#7 206.5 Compiling '/usr/local/lib/python3.10/encodings/cp856.py'...
#7 206.5 Compiling '/usr/local/lib/python3.10/encodings/cp864.py'...
#7 206.5 Compiling '/usr/local/lib/python3.10/encodings/cp950.py'...
#7 206.5 Compiling '/usr/local/lib/python3.10/encodings/gb18030.py'...
#7 206.5 Compiling '/usr/local/lib/python3.10/encodings/iso8859_2.py'...
#7 206.5 Compiling '/usr/local/lib/python3.10/encodings/iso8859_6.py'...
#7 206.5 Compiling '/usr/local/lib/python3.10/encodings/shift_jisx0213.py'...
#7 206.5 Compiling '/usr/local/lib/python3.10/fnmatch.py'...
#7 206.5 Compiling '/usr/local/lib/python3.10/http/server.py'...
#7 206.5 Compiling '/usr/local/lib/python3.10/idlelib/autocomplete_w.py'...
#7 206.5 Compiling '/usr/local/lib/python3.10/idlelib/idle_test/test_debugobj_r.py'...
#7 206.5 Compiling '/usr/local/lib/python3.10/idlelib/idle_test/test_help.py'...
#7 206.5 Compiling '/usr/local/lib/python3.10/idlelib/mainmenu.py'...
#7 206.5 Compiling '/usr/local/lib/python3.10/idlelib/stackviewer.py'...
#7 206.5 Compiling '/usr/local/lib/python3.10/importlib/_bootstrap_external.py'...
#7 206.5 Compiling '/usr/local/lib/python3.10/lib2to3/fixes/fix_getcwdu.py'...
#7 206.5 Compiling '/usr/local/lib/python3.10/lib2to3/fixes/fix_reduce.py'...
#7 206.5 Compiling '/usr/local/lib/python3.10/lib2to3/fixes/fix_xreadlines.py'...
#7 206.5 Compiling '/usr/local/lib/python3.10/lib2to3/tests/__main__.py'...
#7 206.5 Compiling '/usr/local/lib/python3.10/lib2to3/tests/test_fixers.py'...
#7 206.5 Compiling '/usr/local/lib/python3.10/random.py'...
#7 206.5 Compiling '/usr/local/lib/python3.10/sqlite3/test/regression.py'...
#7 206.5 Compiling '/usr/local/lib/python3.10/test/_typed_dict_helper.py'...
#7 206.5 Compiling '/usr/local/lib/python3.10/test/dis_module.py'...
#7 206.5 Compiling '/usr/local/lib/python3.10/test/libregrtest/utils.py'...
#7 206.5 Compiling '/usr/local/lib/python3.10/test/ssl_servers.py'...
#7 206.5 Compiling '/usr/local/lib/python3.10/test/test_asyncio/__init__.py'...
#7 206.5 Compiling '/usr/local/lib/python3.10/test/test_asyncio/echo.py'...
#7 206.5 Compiling '/usr/local/lib/python3.10/test/test_asyncio/test_sendfile.py'...
#7 206.5 Compiling '/usr/local/lib/python3.10/test/test_asyncio/test_windows_events.py'...
#7 206.5 Compiling '/usr/local/lib/python3.10/test/test_buffer.py'...
#7 206.5 Compiling '/usr/local/lib/python3.10/test/test_email/test_defect_handling.py'...
#7 206.5 Compiling '/usr/local/lib/python3.10/test/test_faulthandler.py'...
#7 206.5 Compiling '/usr/local/lib/python3.10/test/test_grp.py'...
#7 206.5 Compiling '/usr/local/lib/python3.10/test/test_import/data/circular_imports/util.py'...
#7 206.5 Compiling '/usr/local/lib/python3.10/test/test_importlib/import_/test___package__.py'...
#7 206.5 Compiling '/usr/local/lib/python3.10/test/test_importlib/namespace_pkgs/both_portions/foo/one.py'...
#7 206.5 Compiling '/usr/local/lib/python3.10/test/test_importlib/source/test_path_hook.py'...
#7 206.5 Compiling '/usr/local/lib/python3.10/test/test_importlib/threaded_import_hangers.py'...
#7 206.5 Compiling '/usr/local/lib/python3.10/test/test_isinstance.py'...
#7 206.5 Compiling '/usr/local/lib/python3.10/test/test_keywordonlyarg.py'...
#7 206.5 Compiling '/usr/local/lib/python3.10/test/test_memoryview.py'...
#7 206.5 Compiling '/usr/local/lib/python3.10/test/test_ordered_dict.py'...
#7 206.5 Compiling '/usr/local/lib/python3.10/test/test_pyclbr.py'...
#7 206.5 Compiling '/usr/local/lib/python3.10/test/test_re.py'...
#7 206.5 Compiling '/usr/local/lib/python3.10/test/test_unary.py'...
#7 206.5 Compiling '/usr/local/lib/python3.10/test/test_unittest.py'...
#7 206.5 Compiling '/usr/local/lib/python3.10/test/test_unpack_ex.py'...
#7 206.5 Compiling '/usr/local/lib/python3.10/test/test_urllib2net.py'...
#7 206.5 Compiling '/usr/local/lib/python3.10/test/test_userstring.py'...
#7 206.5 Compiling '/usr/local/lib/python3.10/test/test_uu.py'...
#7 206.5 Compiling '/usr/local/lib/python3.10/test/test_xdrlib.py'...
#7 206.5 Compiling '/usr/local/lib/python3.10/test/test_xmlrpc.py'...
#7 206.5 Compiling '/usr/local/lib/python3.10/tracemalloc.py'...
#7 206.5 Compiling '/usr/local/lib/python3.10/turtledemo/penrose.py'...
#7 206.5 Compiling '/usr/local/lib/python3.10/unittest/suite.py'...
#7 206.5 Compiling '/usr/local/lib/python3.10/unittest/test/testmock/__init__.py'...
#7 206.5 Compiling '/usr/local/lib/python3.10/unittest/test/testmock/support.py'...
#7 206.5 Compiling '/usr/local/lib/python3.10/unittest/test/testmock/testcallable.py'...
#7 206.5 Compiling '/usr/local/lib/python3.10/unittest/test/testmock/testsentinel.py'...
#7 206.5 Compiling '/usr/local/lib/python3.10/weakref.py'...
#7 206.5 Compiling '/usr/local/lib/python3.10/asyncio/__init__.py'...
#7 206.5 Compiling '/usr/local/lib/python3.10/asyncio/staggered.py'...
#7 206.5 Compiling '/usr/local/lib/python3.10/bz2.py'...
#7 206.5 Compiling '/usr/local/lib/python3.10/compileall.py'...
#7 206.5 Compiling '/usr/local/lib/python3.10/ctypes/test/test_cast.py'...
#7 206.5 Compiling '/usr/local/lib/python3.10/ctypes/test/test_random_things.py'...
#7 206.5 Compiling '/usr/local/lib/python3.10/ctypes/util.py'...
#7 206.5 Compiling '/usr/local/lib/python3.10/distutils/config.py'...
#7 206.5 Compiling '/usr/local/lib/python3.10/distutils/tests/test_build_clib.py'...
#7 206.5 Compiling '/usr/local/lib/python3.10/distutils/tests/test_log.py'...
#7 206.5 Compiling '/usr/local/lib/python3.10/email/_header_value_parser.py'...
#7 206.5 Compiling '/usr/local/lib/python3.10/encodings/cp424.py'...
#7 206.5 Compiling '/usr/local/lib/python3.10/encodings/iso8859_10.py'...
#7 206.5 Compiling '/usr/local/lib/python3.10/encodings/quopri_codec.py'...
#7 206.5 Compiling '/usr/local/lib/python3.10/html/entities.py'...
#7 206.5 Compiling '/usr/local/lib/python3.10/idlelib/dynoption.py'...
#7 206.5 Compiling '/usr/local/lib/python3.10/idlelib/idle_test/test_autoexpand.py'...
#7 206.5 Compiling '/usr/local/lib/python3.10/idlelib/macosx.py'...
#7 206.5 Compiling '/usr/local/lib/python3.10/idlelib/window.py'...
#7 206.5 Compiling '/usr/local/lib/python3.10/importlib/metadata/_functools.py'...
#7 206.5 Compiling '/usr/local/lib/python3.10/lib2to3/btm_utils.py'...
#7 206.5 Compiling '/usr/local/lib/python3.10/lib2to3/fixes/fix_intern.py'...
#7 206.5 Compiling '/usr/local/lib/python3.10/lib2to3/fixes/fix_sys_exc.py'...
#7 206.5 Compiling '/usr/local/lib/python3.10/lib2to3/pgen2/conv.py'...
#7 206.5 Compiling '/usr/local/lib/python3.10/lib2to3/pgen2/pgen.py'...
#7 206.5 Compiling '/usr/local/lib/python3.10/lib2to3/tests/support.py'...
#7 206.5 Compiling '/usr/local/lib/python3.10/multiprocessing/heap.py'...
#7 206.5 Compiling '/usr/local/lib/python3.10/optparse.py'...
#7 206.5 Compiling '/usr/local/lib/python3.10/smtplib.py'...
#7 206.5 Compiling '/usr/local/lib/python3.10/string.py'...
#7 206.5 Compiling '/usr/local/lib/python3.10/test/final_b.py'...
#7 206.5 Compiling '/usr/local/lib/python3.10/test/inspect_fodder2.py'...
#7 206.5 Compiling '/usr/local/lib/python3.10/test/memory_watchdog.py'...
#7 206.5 Compiling '/usr/local/lib/python3.10/test/support/__init__.py'...
#7 206.5 Compiling '/usr/local/lib/python3.10/test/test_asyncio/test_sslproto.py'...
#7 206.5 Compiling '/usr/local/lib/python3.10/test/test_binascii.py'...
#7 206.5 Compiling '/usr/local/lib/python3.10/test/test_cgi.py'...
#7 206.5 Compiling '/usr/local/lib/python3.10/test/test_codecencodings_iso2022.py'...
#7 206.5 Compiling '/usr/local/lib/python3.10/test/test_codecmaps_cn.py'...
#7 206.5 Compiling '/usr/local/lib/python3.10/test/test_codecmaps_tw.py'...
#7 206.5 Compiling '/usr/local/lib/python3.10/test/test_compare.py'...
#7 206.5 Compiling '/usr/local/lib/python3.10/test/test_cprofile.py'...
#7 206.5 Compiling '/usr/local/lib/python3.10/test/test_dataclasses.py'...
#7 206.5 Compiling '/usr/local/lib/python3.10/test/test_eof.py'...
#7 206.5 Compiling '/usr/local/lib/python3.10/test/test_frame.py'...
#7 206.5 Compiling '/usr/local/lib/python3.10/test/test_funcattrs.py'...
#7 206.5 Compiling '/usr/local/lib/python3.10/test/test_getpass.py'...
#7 206.5 Compiling '/usr/local/lib/python3.10/test/test_gzip.py'...
#7 206.5 Compiling '/usr/local/lib/python3.10/test/test_import/data/circular_imports/rebinding.py'...
#7 206.5 Compiling '/usr/local/lib/python3.10/test/test_importlib/__main__.py'...
#7 206.5 Compiling '/usr/local/lib/python3.10/test/test_importlib/extension/__init__.py'...
#7 206.5 Compiling '/usr/local/lib/python3.10/test/test_importlib/update-zips.py'...
#7 206.5 Compiling '/usr/local/lib/python3.10/test/test_json/test_decode.py'...
#7 206.5 Compiling '/usr/local/lib/python3.10/test/test_kqueue.py'...
#7 206.5 Compiling '/usr/local/lib/python3.10/test/test_mmap.py'...
#7 206.5 Compiling '/usr/local/lib/python3.10/test/test_peg_generator/test_first_sets.py'...
#7 206.5 Compiling '/usr/local/lib/python3.10/test/test_pipes.py'...
#7 206.5 Compiling '/usr/local/lib/python3.10/test/test_platform.py'...
#7 206.5 Compiling '/usr/local/lib/python3.10/test/test_pty.py'...
#7 206.5 Compiling '/usr/local/lib/python3.10/test/test_richcmp.py'...
#7 206.5 Compiling '/usr/local/lib/python3.10/test/test_selectors.py'...
#7 206.5 Compiling '/usr/local/lib/python3.10/test/test_sort.py'...
#7 206.5 Compiling '/usr/local/lib/python3.10/test/test_syntax.py'...
#7 206.5 Compiling '/usr/local/lib/python3.10/test/test_telnetlib.py'...
#7 206.5 Compiling '/usr/local/lib/python3.10/test/test_time.py'...
#7 206.5 Compiling '/usr/local/lib/python3.10/test/test_turtle.py'...
#7 206.5 Compiling '/usr/local/lib/python3.10/test/test_urllibnet.py'...
#7 206.5 Compiling '/usr/local/lib/python3.10/test/test_userlist.py'...
#7 206.5 Compiling '/usr/local/lib/python3.10/test/test_utf8source.py'...
#7 206.5 Compiling '/usr/local/lib/python3.10/test/test_uuid.py'...
#7 206.5 Compiling '/usr/local/lib/python3.10/test/test_winsound.py'...
#7 206.5 Compiling '/usr/local/lib/python3.10/test/test_xmlrpc_net.py'...
#7 206.5 Compiling '/usr/local/lib/python3.10/test/test_zipfile.py'...
#7 206.5 Compiling '/usr/local/lib/python3.10/xdrlib.py'...
#7 206.5 Compiling '/usr/local/lib/python3.10/asyncio/unix_events.py'...
#7 206.5 Compiling '/usr/local/lib/python3.10/ctypes/test/test_returnfuncptrs.py'...
#7 206.5 Compiling '/usr/local/lib/python3.10/curses/__init__.py'...
#7 206.5 Compiling '/usr/local/lib/python3.10/distutils/command/bdist_dumb.py'...
#7 206.5 Compiling '/usr/local/lib/python3.10/distutils/command/install_egg_info.py'...
#7 206.5 Compiling '/usr/local/lib/python3.10/distutils/debug.py'...
#7 206.5 Compiling '/usr/local/lib/python3.10/distutils/tests/test_bdist_msi.py'...
#7 206.5 Compiling '/usr/local/lib/python3.10/distutils/tests/test_file_util.py'...
#7 206.5 Compiling '/usr/local/lib/python3.10/distutils/unixccompiler.py'...
#7 206.5 Compiling '/usr/local/lib/python3.10/email/mime/image.py'...
#7 206.5 Compiling '/usr/local/lib/python3.10/encodings/cp1250.py'...
#7 206.5 Compiling '/usr/local/lib/python3.10/encodings/cp862.py'...
#7 206.5 Compiling '/usr/local/lib/python3.10/encodings/iso2022_kr.py'...
#7 206.5 Compiling '/usr/local/lib/python3.10/encodings/shift_jis.py'...
#7 206.5 Compiling '/usr/local/lib/python3.10/enum.py'...
#7 206.5 Compiling '/usr/local/lib/python3.10/idlelib/calltip.py'...
#7 206.5 Compiling '/usr/local/lib/python3.10/idlelib/grep.py'...
#7 206.5 Compiling '/usr/local/lib/python3.10/idlelib/idle_test/test_calltip_w.py'...
#7 206.5 Compiling '/usr/local/lib/python3.10/idlelib/idle_test/test_pyshell.py'...
#7 206.5 Compiling '/usr/local/lib/python3.10/idlelib/idle_test/test_window.py'...
#7 206.5 Compiling '/usr/local/lib/python3.10/idlelib/runscript.py'...
#7 206.5 Compiling '/usr/local/lib/python3.10/importlib/metadata/_collections.py'...
#7 206.5 Compiling '/usr/local/lib/python3.10/lib2to3/fixes/fix_exitfunc.py'...
#7 206.5 Compiling '/usr/local/lib/python3.10/lib2to3/fixes/fix_paren.py'...
#7 206.5 Compiling '/usr/local/lib/python3.10/lib2to3/pytree.py'...
#7 206.5 Compiling '/usr/local/lib/python3.10/linecache.py'...
#7 206.5 Compiling '/usr/local/lib/python3.10/multiprocessing/popen_fork.py'...
#7 206.5 Compiling '/usr/local/lib/python3.10/nntplib.py'...
#7 206.5 Compiling '/usr/local/lib/python3.10/pydoc_data/topics.py'...
#7 206.5 Compiling '/usr/local/lib/python3.10/stat.py'...
#7 206.5 Compiling '/usr/local/lib/python3.10/test/_test_multiprocessing.py'...
#7 206.5 Compiling '/usr/local/lib/python3.10/test/dtracedata/call_stack.py'...
#7 206.5 Compiling '/usr/local/lib/python3.10/test/mod_generics_cache.py'...
#7 206.5 Compiling '/usr/local/lib/python3.10/test/pythoninfo.py'...
#7 206.5 Compiling '/usr/local/lib/python3.10/test/support/interpreters.py'...
#7 206.5 Compiling '/usr/local/lib/python3.10/test/test_asyncio/test_futures.py'...
#7 206.5 Compiling '/usr/local/lib/python3.10/test/test_base64.py'...
#7 206.5 Compiling '/usr/local/lib/python3.10/test/test_cmd.py'...
#7 206.5 Compiling '/usr/local/lib/python3.10/test/test_codecencodings_kr.py'...
#7 206.5 Compiling '/usr/local/lib/python3.10/test/test_complex.py'...
#7 206.5 Compiling '/usr/local/lib/python3.10/test/test_dict.py'...
#7 206.5 Compiling '/usr/local/lib/python3.10/test/test_enum.py'...
#7 206.5 Compiling '/usr/local/lib/python3.10/test/test_importlib/frozen/__main__.py'...
#7 206.5 Compiling '/usr/local/lib/python3.10/test/test_importlib/namespace_pkgs/project1/parent/child/one.py'...
#7 206.5 Compiling '/usr/local/lib/python3.10/test/test_importlib/test_threaded_import.py'...
#7 206.5 Compiling '/usr/local/lib/python3.10/test/test_json/test_speedups.py'...
#7 206.5 Compiling '/usr/local/lib/python3.10/test/test_math.py'...
#7 206.5 Compiling '/usr/local/lib/python3.10/test/test_select.py'...
#7 206.5 Compiling '/usr/local/lib/python3.10/test/test_site.py'...
#7 206.5 Compiling '/usr/local/lib/python3.10/test/test_socket.py'...
#7 206.5 Compiling '/usr/local/lib/python3.10/xml/dom/pulldom.py'...
#7 206.5 Compiling '/usr/local/lib/python3.10/zoneinfo/__init__.py'...
#7 206.5 Compiling '/usr/local/lib/python3.10/zoneinfo/_tzpath.py'...
#7 206.5 Compiling '/usr/local/lib/python3.10/_aix_support.py'...
#7 206.5 Compiling '/usr/local/lib/python3.10/asyncio/mixins.py'...
#7 206.5 Compiling '/usr/local/lib/python3.10/asyncio/tasks.py'...
#7 206.5 Compiling '/usr/local/lib/python3.10/crypt.py'...
#7 206.5 Compiling '/usr/local/lib/python3.10/ctypes/test/test_frombuffer.py'...
#7 206.5 Compiling '/usr/local/lib/python3.10/ctypes/test/test_refcounts.py'...
#7 206.5 Compiling '/usr/local/lib/python3.10/ctypes/test/test_values.py'...
#7 206.5 Compiling '/usr/local/lib/python3.10/distutils/archive_util.py'...
#7 206.5 Compiling '/usr/local/lib/python3.10/distutils/command/config.py'...
#7 206.5 Compiling '/usr/local/lib/python3.10/distutils/extension.py'...
#7 206.5 Compiling '/usr/local/lib/python3.10/distutils/tests/test_bdist_rpm.py'...
#7 206.5 Compiling '/usr/local/lib/python3.10/distutils/tests/test_install.py'...
#7 206.5 Compiling '/usr/local/lib/python3.10/distutils/versionpredicate.py'...
#7 206.5 Compiling '/usr/local/lib/python3.10/email/mime/audio.py'...
#7 206.5 Compiling '/usr/local/lib/python3.10/encodings/cp1125.py'...
#7 206.5 Compiling '/usr/local/lib/python3.10/encodings/cp1254.py'...
#7 206.5 Compiling '/usr/local/lib/python3.10/encodings/cp869.py'...
#7 206.5 Compiling '/usr/local/lib/python3.10/encodings/punycode.py'...
#7 206.5 Compiling '/usr/local/lib/python3.10/ensurepip/_uninstall.py'...
#7 206.5 Compiling '/usr/local/lib/python3.10/http/cookiejar.py'...
#7 206.5 Compiling '/usr/local/lib/python3.10/idlelib/autoexpand.py'...
#7 206.5 Compiling '/usr/local/lib/python3.10/idlelib/format.py'...
#7 206.5 Compiling '/usr/local/lib/python3.10/idlelib/idle_test/test_colorizer.py'...
#7 206.5 Compiling '/usr/local/lib/python3.10/idlelib/idle_test/test_statusbar.py'...
#7 206.5 Compiling '/usr/local/lib/python3.10/idlelib/pathbrowser.py'...
#7 206.5 Compiling '/usr/local/lib/python3.10/idlelib/undo.py'...
#7 206.5 Compiling '/usr/local/lib/python3.10/json/__init__.py'...
#7 206.5 Compiling '/usr/local/lib/python3.10/lib2to3/fixes/fix_exec.py'...
#7 206.5 Compiling '/usr/local/lib/python3.10/lib2to3/fixes/fix_numliterals.py'...
#7 206.5 Compiling '/usr/local/lib/python3.10/lib2to3/fixes/fix_repr.py'...
#7 206.5 Compiling '/usr/local/lib/python3.10/lib2to3/tests/test_refactor.py'...
#7 206.5 Compiling '/usr/local/lib/python3.10/multiprocessing/popen_forkserver.py'...
#7 206.5 Compiling '/usr/local/lib/python3.10/ntpath.py'...
#7 206.5 Compiling '/usr/local/lib/python3.10/queue.py'...
#7 206.5 Compiling '/usr/local/lib/python3.10/sqlite3/__init__.py'...
#7 206.5 Compiling '/usr/local/lib/python3.10/stringprep.py'...
#7 206.5 Compiling '/usr/local/lib/python3.10/test/ann_module2.py'...
#7 206.5 Compiling '/usr/local/lib/python3.10/test/dataclass_module_1.py'...
#7 206.5 Compiling '/usr/local/lib/python3.10/test/good_getattr.py'...
#7 206.5 Compiling '/usr/local/lib/python3.10/test/mp_fork_bomb.py'...
#7 206.5 Compiling '/usr/local/lib/python3.10/test/pickletester.py'...
#7 206.5 Compiling '/usr/local/lib/python3.10/test/test_bisect.py'...
#7 206.5 Compiling '/usr/local/lib/python3.10/test/test_codecencodings_cn.py'...
#7 206.5 Compiling '/usr/local/lib/python3.10/test/test_codecmaps_hk.py'...
#7 206.5 Compiling '/usr/local/lib/python3.10/test/test_codeop.py'...
#7 206.5 Compiling '/usr/local/lib/python3.10/test/test_contextlib_async.py'...
#7 206.5 Compiling '/usr/local/lib/python3.10/test/test_dbm_ndbm.py'...
#7 206.5 Compiling '/usr/local/lib/python3.10/test/test_dictviews.py'...
#7 206.5 Compiling '/usr/local/lib/python3.10/test/test_email/test_policy.py'...
#7 206.5 Compiling '/usr/local/lib/python3.10/test/test_finalization.py'...
#7 206.5 Compiling '/usr/local/lib/python3.10/test/test_gc.py'...
#7 206.5 Compiling '/usr/local/lib/python3.10/test/test_import/__init__.py'...
#7 206.5 Compiling '/usr/local/lib/python3.10/test/test_importlib/frozen/__init__.py'...
#7 206.5 Compiling '/usr/local/lib/python3.10/test/test_importlib/namespace_pkgs/portion1/foo/one.py'...
#7 206.5 Compiling '/usr/local/lib/python3.10/test/test_importlib/test_main.py'...
#7 206.5 Compiling '/usr/local/lib/python3.10/test/test_inspect.py'...
#7 206.5 Compiling '/usr/local/lib/python3.10/test/test_structseq.py'...
#7 206.5 Compiling '/usr/local/lib/python3.10/test/test_sys_settrace.py'...
#7 206.5 Compiling '/usr/local/lib/python3.10/test/test_urllib.py'...
#7 206.5 Compiling '/usr/local/lib/python3.10/test/typinganndata/ann_module9.py'...
#7 206.5 Compiling '/usr/local/lib/python3.10/tkinter/test/test_tkinter/test_widgets.py'...
#7 206.5 Compiling '/usr/local/lib/python3.10/webbrowser.py'...
#7 206.5 Compiling '/usr/local/lib/python3.10/xmlrpc/__init__.py'...
#7 206.5 Compiling '/usr/local/lib/python3.10/zoneinfo/_common.py'...
#7 206.5 Compiling '/usr/local/lib/python3.10/__future__.py'...
#7 206.5 Compiling '/usr/local/lib/python3.10/_py_abc.py'...
#7 206.5 Compiling '/usr/local/lib/python3.10/_strptime.py'...
#7 206.5 Compiling '/usr/local/lib/python3.10/asyncio/transports.py'...
#7 206.5 Compiling '/usr/local/lib/python3.10/cProfile.py'...
#7 206.5 Compiling '/usr/local/lib/python3.10/code.py'...
#7 206.5 Compiling '/usr/local/lib/python3.10/concurrent/__init__.py'...
#7 206.5 Compiling '/usr/local/lib/python3.10/contextlib.py'...
#7 206.5 Compiling '/usr/local/lib/python3.10/ctypes/test/test_slicing.py'...
#7 206.5 Compiling '/usr/local/lib/python3.10/distutils/bcppcompiler.py'...
#7 206.5 Compiling '/usr/local/lib/python3.10/distutils/command/install_headers.py'...
#7 206.5 Compiling '/usr/local/lib/python3.10/distutils/core.py'...
#7 206.5 Compiling '/usr/local/lib/python3.10/distutils/dir_util.py'...
#7 206.5 Compiling '/usr/local/lib/python3.10/distutils/tests/test_bdist_dumb.py'...
#7 206.5 Compiling '/usr/local/lib/python3.10/distutils/tests/test_config.py'...
#7 206.5 Compiling '/usr/local/lib/python3.10/distutils/tests/test_register.py'...
#7 206.5 Compiling '/usr/local/lib/python3.10/email/base64mime.py'...
#7 206.5 Compiling '/usr/local/lib/python3.10/email/parser.py'...
#7 206.5 Compiling '/usr/local/lib/python3.10/encodings/cp863.py'...
#7 206.5 Compiling '/usr/local/lib/python3.10/encodings/iso2022_jp_2004.py'...
#7 206.5 Compiling '/usr/local/lib/python3.10/encodings/kz1048.py'...
#7 206.5 Compiling '/usr/local/lib/python3.10/encodings/mac_roman.py'...
#7 206.5 Compiling '/usr/local/lib/python3.10/ensurepip/__init__.py'...
#7 206.5 Compiling '/usr/local/lib/python3.10/http/cookies.py'...
#7 206.5 Compiling '/usr/local/lib/python3.10/idlelib/__init__.py'...
#7 206.5 Compiling '/usr/local/lib/python3.10/idlelib/codecontext.py'...
#7 206.5 Compiling '/usr/local/lib/python3.10/idlelib/hyperparser.py'...
#7 206.5 Compiling '/usr/local/lib/python3.10/idlelib/idle_test/test_debugobj.py'...
#7 206.5 Compiling '/usr/local/lib/python3.10/idlelib/idle_test/test_hyperparser.py'...
#7 206.5 Compiling '/usr/local/lib/python3.10/idlelib/idle_test/test_redirector.py'...
#7 206.5 Compiling '/usr/local/lib/python3.10/idlelib/percolator.py'...
#7 206.5 Compiling '/usr/local/lib/python3.10/imghdr.py'...
#7 206.5 Compiling '/usr/local/lib/python3.10/importlib/readers.py'...
#7 206.5 Compiling '/usr/local/lib/python3.10/lib2to3/fixer_util.py'...
#7 206.5 Compiling '/usr/local/lib/python3.10/lib2to3/fixes/fix_itertools.py'...
#7 206.5 Compiling '/usr/local/lib/python3.10/lib2to3/fixes/fix_ws_comma.py'...
#7 206.5 Compiling '/usr/local/lib/python3.10/lib2to3/tests/test_parser.py'...
#7 206.5 Compiling '/usr/local/lib/python3.10/multiprocessing/process.py'...
#7 206.5 Compiling '/usr/local/lib/python3.10/pathlib.py'...
#7 206.5 Compiling '/usr/local/lib/python3.10/smtpd.py'...
#7 206.5 Compiling '/usr/local/lib/python3.10/statistics.py'...
#7 206.5 Compiling '/usr/local/lib/python3.10/test/curses_tests.py'...
#7 206.5 Compiling '/usr/local/lib/python3.10/test/mp_preload.py'...
#7 206.5 Compiling '/usr/local/lib/python3.10/test/subprocessdata/qcat.py'...
#7 206.5 Compiling '/usr/local/lib/python3.10/test/test_asyncio/functional.py'...
#7 206.5 Compiling '/usr/local/lib/python3.10/test/test_asyncio/test_subprocess.py'...
#7 206.5 Compiling '/usr/local/lib/python3.10/test/test_asyncore.py'...
#7 206.5 Compiling '/usr/local/lib/python3.10/test/test_cgitb.py'...
#7 206.5 Compiling '/usr/local/lib/python3.10/test/test_codecencodings_jp.py'...
#7 206.5 Compiling '/usr/local/lib/python3.10/test/test_colorsys.py'...
#7 206.5 Compiling '/usr/local/lib/python3.10/test/test_contextlib.py'...
#7 206.5 Compiling '/usr/local/lib/python3.10/test/test_deque.py'...
#7 206.5 Compiling '/usr/local/lib/python3.10/test/test_epoll.py'...
#7 206.5 Compiling '/usr/local/lib/python3.10/test/test_fnmatch.py'...
#7 206.5 Compiling '/usr/local/lib/python3.10/test/test_generator_stop.py'...
#7 206.5 Compiling '/usr/local/lib/python3.10/test/test_graphlib.py'...
#7 206.5 Compiling '/usr/local/lib/python3.10/test/test_imaplib.py'...
#7 206.5 Compiling '/usr/local/lib/python3.10/test/test_importlib/builtin/test_loader.py'...
#7 206.5 Compiling '/usr/local/lib/python3.10/test/test_importlib/fixtures.py'...
#7 206.5 Compiling '/usr/local/lib/python3.10/test/test_importlib/namespace_pkgs/not_a_namespace_pkg/foo/one.py'...
#7 206.5 Compiling '/usr/local/lib/python3.10/test/test_importlib/test_locks.py'...
#7 206.5 Compiling '/usr/local/lib/python3.10/test/test_importlib/test_path.py'...
#7 206.5 Compiling '/usr/local/lib/python3.10/test/test_importlib/test_resource.py'...
#7 206.5 Compiling '/usr/local/lib/python3.10/test/test_json/__init__.py'...
#7 206.5 Compiling '/usr/local/lib/python3.10/test/test_json/test_separators.py'...
#7 206.5 Compiling '/usr/local/lib/python3.10/test/test_metaclass.py'...
#7 206.5 Compiling '/usr/local/lib/python3.10/test/test_module.py'...
#7 206.5 Compiling '/usr/local/lib/python3.10/test/test_multiprocessing_forkserver.py'...
#7 206.5 Compiling '/usr/local/lib/python3.10/test/test_nis.py'...
#7 206.5 Compiling '/usr/local/lib/python3.10/test/test_openpty.py'...
#7 206.5 Compiling '/usr/local/lib/python3.10/test/test_optparse.py'...
#7 206.5 Compiling '/usr/local/lib/python3.10/test/test_pydoc.py'...
#7 206.5 Compiling '/usr/local/lib/python3.10/test/test_slice.py'...
#7 206.5 Compiling '/usr/local/lib/python3.10/test/test_source_encoding.py'...
#7 206.5 Compiling '/usr/local/lib/python3.10/test/test_sys.py'...
#7 206.5 Compiling '/usr/local/lib/python3.10/test/test_ucn.py'...
#7 206.5 Compiling '/usr/local/lib/python3.10/test/test_warnings/__main__.py'...
#7 206.5 Compiling '/usr/local/lib/python3.10/test/test_warnings/data/import_warning.py'...
#7 206.5 Compiling '/usr/local/lib/python3.10/test/test_wave.py'...
#7 206.5 Compiling '/usr/local/lib/python3.10/test/test_xml_etree_c.py'...
#7 206.5 Compiling '/usr/local/lib/python3.10/test/test_zoneinfo/__main__.py'...
#7 206.5 Compiling '/usr/local/lib/python3.10/test/testcodec.py'...
#7 206.5 Compiling '/usr/local/lib/python3.10/test/tf_inherit_check.py'...
#7 206.5 Compiling '/usr/local/lib/python3.10/test/ziptestdata/testdata_module_inside_zip.py'...
#7 206.5 Compiling '/usr/local/lib/python3.10/tkinter/colorchooser.py'...
#7 206.5 Compiling '/usr/local/lib/python3.10/tkinter/scrolledtext.py'...
#7 206.5 Compiling '/usr/local/lib/python3.10/tkinter/test/__init__.py'...
#7 206.5 Compiling '/usr/local/lib/python3.10/tkinter/test/test_tkinter/__init__.py'...
#7 206.5 Compiling '/usr/local/lib/python3.10/turtledemo/minimal_hanoi.py'...
#7 206.5 Compiling '/usr/local/lib/python3.10/unittest/__init__.py'...
#7 206.5 Compiling '/usr/local/lib/python3.10/unittest/mock.py'...
#7 206.5 Compiling '/usr/local/lib/python3.10/asyncio/streams.py'...
#7 206.5 Compiling '/usr/local/lib/python3.10/copy.py'...
#7 206.5 Compiling '/usr/local/lib/python3.10/ctypes/test/test_keeprefs.py'...
#7 206.5 Compiling '/usr/local/lib/python3.10/ctypes/wintypes.py'...
#7 206.5 Compiling '/usr/local/lib/python3.10/distutils/command/bdist.py'...
#7 206.5 Compiling '/usr/local/lib/python3.10/distutils/command/install.py'...
#7 206.5 Compiling '/usr/local/lib/python3.10/distutils/tests/test_filelist.py'...
#7 206.5 Compiling '/usr/local/lib/python3.10/distutils/version.py'...
#7 206.5 Compiling '/usr/local/lib/python3.10/email/mime/base.py'...
#7 206.5 Compiling '/usr/local/lib/python3.10/encodings/cp1140.py'...
#7 206.5 Compiling '/usr/local/lib/python3.10/encodings/cp861.py'...
#7 206.5 Compiling '/usr/local/lib/python3.10/encodings/euc_jis_2004.py'...
#7 206.5 Compiling '/usr/local/lib/python3.10/encodings/gb2312.py'...
#7 206.5 Compiling '/usr/local/lib/python3.10/encodings/iso8859_16.py'...
#7 206.5 Compiling '/usr/local/lib/python3.10/encodings/utf_16.py'...
#7 206.5 Compiling '/usr/local/lib/python3.10/getopt.py'...
#7 206.5 Compiling '/usr/local/lib/python3.10/idlelib/colorizer.py'...
#7 206.5 Compiling '/usr/local/lib/python3.10/idlelib/idle_test/__init__.py'...
#7 206.5 Compiling '/usr/local/lib/python3.10/idlelib/idle_test/test_editmenu.py'...
#7 206.5 Compiling '/usr/local/lib/python3.10/idlelib/idle_test/test_multicall.py'...
#7 206.5 Compiling '/usr/local/lib/python3.10/idlelib/idle_test/test_rpc.py'...
#7 206.5 Compiling '/usr/local/lib/python3.10/idlelib/idle_test/test_zoomheight.py'...
#7 206.5 Compiling '/usr/local/lib/python3.10/idlelib/outwin.py'...
#7 206.5 Compiling '/usr/local/lib/python3.10/idlelib/squeezer.py'...
#7 206.5 Compiling '/usr/local/lib/python3.10/importlib/_common.py'...
#7 206.5 Compiling '/usr/local/lib/python3.10/importlib/metadata/_text.py'...
#7 206.5 Compiling '/usr/local/lib/python3.10/lib2to3/__init__.py'...
#7 206.5 Compiling '/usr/local/lib/python3.10/lib2to3/fixes/fix_import.py'...
#7 206.5 Compiling '/usr/local/lib/python3.10/lib2to3/fixes/fix_standarderror.py'...
#7 206.5 Compiling '/usr/local/lib/python3.10/lib2to3/refactor.py'...
#7 206.5 Compiling '/usr/local/lib/python3.10/logging/config.py'...
#7 206.5 Compiling '/usr/local/lib/python3.10/platform.py'...
#7 206.5 Compiling '/usr/local/lib/python3.10/secrets.py'...
#7 206.5 Compiling '/usr/local/lib/python3.10/sqlite3/test/backup.py'...
#7 206.5 Compiling '/usr/local/lib/python3.10/sre_constants.py'...
#7 206.5 Compiling '/usr/local/lib/python3.10/test/_test_atexit.py'...
#7 206.5 Compiling '/usr/local/lib/python3.10/test/doctest_lineno.py'...
#7 206.5 Compiling '/usr/local/lib/python3.10/test/final_a.py'...
#7 206.5 Compiling '/usr/local/lib/python3.10/test/fork_wait.py'...
#7 206.5 Compiling '/usr/local/lib/python3.10/test/gdb_sample.py'...
#7 206.5 Compiling '/usr/local/lib/python3.10/test/mock_socket.py'...
#7 206.5 Compiling '/usr/local/lib/python3.10/test/sample_doctest_no_doctests.py'...
#7 206.5 Compiling '/usr/local/lib/python3.10/test/support/import_helper.py'...
#7 206.5 Compiling '/usr/local/lib/python3.10/test/test_asyncgen.py'...
#7 206.5 Compiling '/usr/local/lib/python3.10/test/test_asyncio/test_windows_utils.py'...
#7 206.5 Compiling '/usr/local/lib/python3.10/test/test_baseexception.py'...
#7 206.5 Compiling '/usr/local/lib/python3.10/test/test_bigaddrspace.py'...
#7 206.5 Compiling '/usr/local/lib/python3.10/test/test_bufio.py'...
#7 206.5 Compiling '/usr/local/lib/python3.10/test/test_bytes.py'...
#7 206.5 Compiling '/usr/local/lib/python3.10/test/test_descr.py'...
#7 206.5 Compiling '/usr/local/lib/python3.10/test/test_http_cookies.py'...
#7 206.5 Compiling '/usr/local/lib/python3.10/test/test_import/data/circular_imports/subpackage.py'...
#7 206.5 Compiling '/usr/local/lib/python3.10/test/test_importlib/builtin/__main__.py'...
#7 206.5 Compiling '/usr/local/lib/python3.10/test/test_importlib/extension/test_finder.py'...
#7 206.5 Compiling '/usr/local/lib/python3.10/test/test_importlib/test_api.py'...
#7 206.5 Compiling '/usr/local/lib/python3.10/test/test_iterlen.py'...
#7 206.5 Compiling '/usr/local/lib/python3.10/test/test_mailbox.py'...
#7 206.5 Compiling '/usr/local/lib/python3.10/test/test_runpy.py'...
#7 206.5 Compiling '/usr/local/lib/python3.10/test/test_spwd.py'...
#7 206.5 Compiling '/usr/local/lib/python3.10/test/test_string_literals.py'...
#7 206.5 Compiling '/usr/local/lib/python3.10/test/test_sunau.py'...
#7 206.5 Compiling '/usr/local/lib/python3.10/test/test_sysconfig.py'...
#7 206.5 Compiling '/usr/local/lib/python3.10/test/test_thread.py'...
#7 206.5 Compiling '/usr/local/lib/python3.10/test/test_tix.py'...
#7 206.5 Compiling '/usr/local/lib/python3.10/test/test_tokenize.py'...
#7 206.5 Compiling '/usr/local/lib/python3.10/test/test_unicode_file.py'...
#7 206.5 Compiling '/usr/local/lib/python3.10/test/test_wait4.py'...
#7 206.5 Compiling '/usr/local/lib/python3.10/test/test_xml_etree.py'...
#7 206.5 Compiling '/usr/local/lib/python3.10/asyncio/format_helpers.py'...
#7 206.5 Compiling '/usr/local/lib/python3.10/cgi.py'...
#7 206.5 Compiling '/usr/local/lib/python3.10/ctypes/test/test_find.py'...
#7 206.5 Compiling '/usr/local/lib/python3.10/ctypes/test/test_pointers.py'...
#7 206.5 Compiling '/usr/local/lib/python3.10/curses/has_key.py'...
#7 206.5 Compiling '/usr/local/lib/python3.10/distutils/command/build_ext.py'...
#7 206.5 Compiling '/usr/local/lib/python3.10/distutils/tests/test_archive_util.py'...
#7 206.5 Compiling '/usr/local/lib/python3.10/distutils/tests/test_sdist.py'...
#7 206.5 Compiling '/usr/local/lib/python3.10/email/errors.py'...
#7 206.5 Compiling '/usr/local/lib/python3.10/encodings/__init__.py'...
#7 206.5 Compiling '/usr/local/lib/python3.10/encodings/cp437.py'...
#7 206.5 Compiling '/usr/local/lib/python3.10/encodings/gbk.py'...
#7 206.5 Compiling '/usr/local/lib/python3.10/encodings/iso8859_8.py'...
#7 206.5 Compiling '/usr/local/lib/python3.10/encodings/mac_arabic.py'...
#7 206.5 Compiling '/usr/local/lib/python3.10/encodings/zlib_codec.py'...
#7 206.5 Compiling '/usr/local/lib/python3.10/http/__init__.py'...
#7 206.5 Compiling '/usr/local/lib/python3.10/idlelib/debugobj.py'...
#7 206.5 Compiling '/usr/local/lib/python3.10/idlelib/idle_test/test_editor.py'...
#7 206.5 Compiling '/usr/local/lib/python3.10/idlelib/idle_test/test_pyparse.py'...
#7 206.5 Compiling '/usr/local/lib/python3.10/idlelib/pyparse.py'...
#7 206.5 Compiling '/usr/local/lib/python3.10/importlib/__init__.py'...
#7 206.5 Compiling '/usr/local/lib/python3.10/importlib/util.py'...
#7 206.5 Compiling '/usr/local/lib/python3.10/lib2to3/fixes/fix_basestring.py'...
#7 206.5 Compiling '/usr/local/lib/python3.10/lib2to3/fixes/fix_set_literal.py'...
#7 206.5 Compiling '/usr/local/lib/python3.10/lib2to3/tests/test_util.py'...
#7 206.5 Compiling '/usr/local/lib/python3.10/multiprocessing/popen_spawn_win32.py'...
#7 206.5 Compiling '/usr/local/lib/python3.10/numbers.py'...
#7 206.5 Compiling '/usr/local/lib/python3.10/py_compile.py'...
#7 206.5 Compiling '/usr/local/lib/python3.10/shelve.py'...
#7 206.5 Compiling '/usr/local/lib/python3.10/sqlite3/test/transactions.py'...
#7 206.5 Compiling '/usr/local/lib/python3.10/test/ann_module.py'...
#7 206.5 Compiling '/usr/local/lib/python3.10/test/dataclass_module_2_str.py'...
#7 206.5 Compiling '/usr/local/lib/python3.10/test/encoded_modules/module_iso_8859_1.py'...
#7 206.5 Compiling '/usr/local/lib/python3.10/test/re_tests.py'...
#7 206.5 Compiling '/usr/local/lib/python3.10/test/sortperf.py'...
#7 206.5 Compiling '/usr/local/lib/python3.10/test/test__locale.py'...
#7 206.5 Compiling '/usr/local/lib/python3.10/test/test_asdl_parser.py'...
#7 206.5 Compiling '/usr/local/lib/python3.10/test/test_asyncio/test_pep492.py'...
#7 206.5 Compiling '/usr/local/lib/python3.10/test/test_asyncio/test_threads.py'...
#7 206.5 Compiling '/usr/local/lib/python3.10/test/test_bdb.py'...
#7 206.5 Compiling '/usr/local/lib/python3.10/test/test_collections.py'...
#7 206.5 Compiling '/usr/local/lib/python3.10/test/test_email/torture_test.py'...
#7 206.5 Compiling '/usr/local/lib/python3.10/test/test_float.py'...
#7 206.5 Compiling '/usr/local/lib/python3.10/test/test_import/data/circular_imports/basic.py'...
#7 206.5 Compiling '/usr/local/lib/python3.10/test/test_import/data/circular_imports/use.py'...
#7 206.5 Compiling '/usr/local/lib/python3.10/test/test_importlib/import_/__main__.py'...
#7 206.5 Compiling '/usr/local/lib/python3.10/test/test_int_literal.py'...
#7 206.5 Compiling '/usr/local/lib/python3.10/test/test_json/test_pass1.py'...
#7 206.5 Compiling '/usr/local/lib/python3.10/test/test_listcomps.py'...
#7 206.5 Compiling '/usr/local/lib/python3.10/test/test_longexp.py'...
#7 206.5 Compiling '/usr/local/lib/python3.10/test/test_marshal.py'...
#7 206.5 Compiling '/usr/local/lib/python3.10/test/test_multiprocessing_main_handling.py'...
#7 206.5 Compiling '/usr/local/lib/python3.10/test/test_patma.py'...
#7 206.5 Compiling '/usr/local/lib/python3.10/test/test_struct.py'...
#7 206.5 Compiling '/usr/local/lib/python3.10/test/test_tools/test_i18n.py'...
#7 206.5 Compiling '/usr/local/lib/python3.10/test/test_type_annotations.py'...
#7 206.5 Compiling '/usr/local/lib/python3.10/test/test_univnewlines.py'...
#7 206.5 Compiling '/usr/local/lib/python3.10/test/test_xxtestfuzz.py'...
#7 206.5 Compiling '/usr/local/lib/python3.10/test/test_zipimport_support.py'...
#7 206.5 Compiling '/usr/local/lib/python3.10/tkinter/__init__.py'...
#7 206.5 Compiling '/usr/local/lib/python3.10/bdb.py'...
#7 206.5 Compiling '/usr/local/lib/python3.10/ctypes/test/test_errno.py'...
#7 206.5 Compiling '/usr/local/lib/python3.10/ctypes/test/test_parameters.py'...
#7 206.5 Compiling '/usr/local/lib/python3.10/curses/panel.py'...
#7 206.5 Compiling '/usr/local/lib/python3.10/distutils/__init__.py'...
#7 206.5 Compiling '/usr/local/lib/python3.10/distutils/command/build_clib.py'...
#7 206.5 Compiling '/usr/local/lib/python3.10/distutils/command/install_scripts.py'...
#7 206.5 Compiling '/usr/local/lib/python3.10/distutils/dep_util.py'...
#7 206.5 Compiling '/usr/local/lib/python3.10/distutils/sysconfig.py'...
#7 206.5 Compiling '/usr/local/lib/python3.10/distutils/tests/test_install_headers.py'...
#7 206.5 Compiling '/usr/local/lib/python3.10/distutils/tests/test_versionpredicate.py'...
#7 206.5 Compiling '/usr/local/lib/python3.10/email/headerregistry.py'...
#7 206.5 Compiling '/usr/local/lib/python3.10/encodings/charmap.py'...
#7 206.5 Compiling '/usr/local/lib/python3.10/encodings/cp1026.py'...
#7 206.5 Compiling '/usr/local/lib/python3.10/encodings/cp858.py'...
#7 206.5 Compiling '/usr/local/lib/python3.10/encodings/cp865.py'...
#7 206.5 Compiling '/usr/local/lib/python3.10/encodings/koi8_t.py'...
#7 206.5 Compiling '/usr/local/lib/python3.10/encodings/mac_latin2.py'...
#7 206.5 Compiling '/usr/local/lib/python3.10/ensurepip/__main__.py'...
#7 206.5 Compiling '/usr/local/lib/python3.10/heapq.py'...
#7 206.5 Compiling '/usr/local/lib/python3.10/idlelib/config.py'...
#7 206.5 Compiling '/usr/local/lib/python3.10/idlelib/idle_test/test_autocomplete.py'...
#7 206.5 Compiling '/usr/local/lib/python3.10/idlelib/idle_test/test_parenmatch.py'...
#7 206.5 Compiling '/usr/local/lib/python3.10/idlelib/idle_test/test_sidebar.py'...
#7 206.5 Compiling '/usr/local/lib/python3.10/idlelib/tooltip.py'...
#7 206.5 Compiling '/usr/local/lib/python3.10/importlib/metadata/__init__.py'...
#7 206.5 Compiling '/usr/local/lib/python3.10/lib2to3/fixes/fix_renames.py'...
#7 206.5 Compiling '/usr/local/lib/python3.10/lib2to3/tests/__init__.py'...
#7 206.5 Compiling '/usr/local/lib/python3.10/lib2to3/tests/test_main.py'...
#7 206.5 Compiling '/usr/local/lib/python3.10/multiprocessing/pool.py'...
#7 206.5 Compiling '/usr/local/lib/python3.10/multiprocessing/util.py'...
#7 206.5 Compiling '/usr/local/lib/python3.10/pstats.py'...
#7 206.5 Compiling '/usr/local/lib/python3.10/sqlite3/dump.py'...
#7 206.5 Compiling '/usr/local/lib/python3.10/sysconfig.py'...
#7 206.5 Compiling '/usr/local/lib/python3.10/test/double_const.py'...
#7 206.5 Compiling '/usr/local/lib/python3.10/test/inspect_fodder.py'...
#7 206.5 Compiling '/usr/local/lib/python3.10/test/test___future__.py'...
#7 206.5 Compiling '/usr/local/lib/python3.10/test/test_aifc.py'...
#7 206.5 Compiling '/usr/local/lib/python3.10/test/test_asyncio/test_server.py'...
#7 206.5 Compiling '/usr/local/lib/python3.10/test/test_asyncio/test_unix_events.py'...
#7 206.5 Compiling '/usr/local/lib/python3.10/test/test_copy.py'...
#7 206.5 Compiling '/usr/local/lib/python3.10/test/test_dict_version.py'...
#7 206.5 Compiling '/usr/local/lib/python3.10/test/test_docxmlrpc.py'...
#7 206.5 Compiling '/usr/local/lib/python3.10/test/test_errno.py'...
#7 206.5 Compiling '/usr/local/lib/python3.10/test/test_file_eintr.py'...
#7 206.5 Compiling '/usr/local/lib/python3.10/test/test_frozen.py'...
#7 206.5 Compiling '/usr/local/lib/python3.10/test/test_generators.py'...
#7 206.5 Compiling '/usr/local/lib/python3.10/test/test_idle.py'...
#7 206.5 Compiling '/usr/local/lib/python3.10/test/test_import/data/circular_imports/from_cycle2.py'...
#7 206.5 Compiling '/usr/local/lib/python3.10/test/test_importlib/__init__.py'...
#7 206.5 Compiling '/usr/local/lib/python3.10/test/test_importlib/partial/pool_in_threads.py'...
#7 206.5 Compiling '/usr/local/lib/python3.10/test/test_importlib/test_util.py'...
#7 206.5 Compiling '/usr/local/lib/python3.10/test/test_json/test_recursion.py'...
#7 206.5 Compiling '/usr/local/lib/python3.10/test/test_largefile.py'...
#7 206.5 Compiling '/usr/local/lib/python3.10/test/test_msilib.py'...
#7 206.5 Compiling '/usr/local/lib/python3.10/test/test_operator.py'...
#7 206.5 Compiling '/usr/local/lib/python3.10/test/test_pow.py'...
#7 206.5 Compiling '/usr/local/lib/python3.10/test/test_regrtest.py'...
#7 206.5 Compiling '/usr/local/lib/python3.10/test/test_sqlite.py'...
#7 206.5 Compiling '/usr/local/lib/python3.10/test/test_stringprep.py'...
#7 206.5 Compiling '/usr/local/lib/python3.10/test/test_subclassinit.py'...
#7 206.5 Compiling '/usr/local/lib/python3.10/test/test_textwrap.py'...
#7 206.5 Compiling '/usr/local/lib/python3.10/test/test_ttk_textonly.py'...
#7 206.5 Compiling '/usr/local/lib/python3.10/test/test_urllib_response.py'...
#7 206.5 Compiling '/usr/local/lib/python3.10/test/test_urlparse.py'...
#7 206.5 Compiling '/usr/local/lib/python3.10/tkinter/simpledialog.py'...
#7 206.5 Compiling '/usr/local/lib/python3.10/token.py'...
#7 206.5 Compiling '/usr/local/lib/python3.10/traceback.py'...
#7 206.5 Compiling '/usr/local/lib/python3.10/turtledemo/fractalcurves.py'...
#7 206.5 Compiling '/usr/local/lib/python3.10/turtledemo/sorting_animate.py'...
#7 206.5 Compiling '/usr/local/lib/python3.10/unittest/test/__init__.py'...
#7 206.5 Compiling '/usr/local/lib/python3.10/unittest/test/_test_warnings.py'...
#7 206.5 Compiling '/usr/local/lib/python3.10/unittest/test/test_async_case.py'...
#7 206.5 Compiling '/usr/local/lib/python3.10/unittest/test/test_skipping.py'...
#7 206.5 Compiling '/usr/local/lib/python3.10/unittest/util.py'...
#7 206.5 Compiling '/usr/local/lib/python3.10/uuid.py'...
#7 206.5 Compiling '/usr/local/lib/python3.10/xml/dom/NodeFilter.py'...
#7 206.5 Compiling '/usr/local/lib/python3.10/xml/etree/ElementInclude.py'...
#7 206.5 Compiling '/usr/local/lib/python3.10/xml/parsers/expat.py'...
#7 206.5 Compiling '/usr/local/lib/python3.10/xml/sax/_exceptions.py'...
#7 206.5 Compiling '/usr/local/lib/python3.10/zipimport.py'...
#7 206.5 Compiling '/usr/local/lib/python3.10/asyncio/protocols.py'...
#7 206.5 Compiling '/usr/local/lib/python3.10/base64.py'...
#7 206.5 Compiling '/usr/local/lib/python3.10/ctypes/_aix.py'...
#7 206.5 Compiling '/usr/local/lib/python3.10/ctypes/test/test_buffers.py'...
#7 206.5 Compiling '/usr/local/lib/python3.10/ctypes/test/test_init.py'...
#7 206.5 Compiling '/usr/local/lib/python3.10/ctypes/test/test_simplesubclasses.py'...
#7 206.5 Compiling '/usr/local/lib/python3.10/datetime.py'...
#7 206.5 Compiling '/usr/local/lib/python3.10/email/charset.py'...
#7 206.5 Compiling '/usr/local/lib/python3.10/encodings/aliases.py'...
#7 206.5 Compiling '/usr/local/lib/python3.10/encodings/cp850.py'...
#7 206.5 Compiling '/usr/local/lib/python3.10/encodings/iso2022_jp.py'...
#7 206.5 Compiling '/usr/local/lib/python3.10/encodings/johab.py'...
#7 206.5 Compiling '/usr/local/lib/python3.10/encodings/mac_cyrillic.py'...
#7 206.5 Compiling '/usr/local/lib/python3.10/encodings/utf_32.py'...
#7 206.5 Compiling '/usr/local/lib/python3.10/graphlib.py'...
#7 206.5 Compiling '/usr/local/lib/python3.10/idlelib/idle_test/test_codecontext.py'...
#7 206.5 Compiling '/usr/local/lib/python3.10/idlelib/idle_test/test_tooltip.py'...
#7 206.5 Compiling '/usr/local/lib/python3.10/idlelib/tree.py'...
#7 206.5 Compiling '/usr/local/lib/python3.10/json/encoder.py'...
#7 206.5 Compiling '/usr/local/lib/python3.10/lib2to3/fixes/fix_idioms.py'...
#7 206.5 Compiling '/usr/local/lib/python3.10/lib2to3/fixes/fix_itertools_imports.py'...
#7 206.5 Compiling '/usr/local/lib/python3.10/lib2to3/fixes/fix_throw.py'...
#7 206.5 Compiling '/usr/local/lib/python3.10/mailcap.py'...
#7 206.5 Compiling '/usr/local/lib/python3.10/multiprocessing/resource_sharer.py'...
#7 206.5 Compiling '/usr/local/lib/python3.10/os.py'...
#7 206.5 Compiling '/usr/local/lib/python3.10/re.py'...
#7 206.5 Compiling '/usr/local/lib/python3.10/sqlite3/test/factory.py'...
#7 206.5 Compiling '/usr/local/lib/python3.10/ssl.py'...
#7 206.5 Compiling '/usr/local/lib/python3.10/test/bad_getattr2.py'...
#7 206.5 Compiling '/usr/local/lib/python3.10/test/dataclass_textanno.py'...
#7 206.5 Compiling '/usr/local/lib/python3.10/test/libregrtest/refleak.py'...
#7 206.5 Compiling '/usr/local/lib/python3.10/test/libregrtest/win_utils.py'...
#7 206.5 Compiling '/usr/local/lib/python3.10/test/pydoc_mod.py'...
#7 206.5 Compiling '/usr/local/lib/python3.10/test/reperf.py'...
#7 206.5 Compiling '/usr/local/lib/python3.10/test/ssltests.py'...
#7 206.5 Compiling '/usr/local/lib/python3.10/test/test_asynchat.py'...
#7 206.5 Compiling '/usr/local/lib/python3.10/test/test_asyncio/test_proactor_events.py'...
#7 206.5 Compiling '/usr/local/lib/python3.10/test/test_cmath.py'...
#7 206.5 Compiling '/usr/local/lib/python3.10/test/test_coroutines.py'...
#7 206.5 Compiling '/usr/local/lib/python3.10/test/test_email/test_contentmanager.py'...
#7 206.5 Compiling '/usr/local/lib/python3.10/test/test_ftplib.py'...
#7 206.5 Compiling '/usr/local/lib/python3.10/test/test_hmac.py'...
#7 206.5 Compiling '/usr/local/lib/python3.10/test/test_import/data/circular_imports/from_cycle1.py'...
#7 206.5 Compiling '/usr/local/lib/python3.10/test/test_import/data/unwritable/__init__.py'...
#7 206.5 Compiling '/usr/local/lib/python3.10/test/test_importlib/data03/namespace/portion1/__init__.py'...
#7 206.5 Compiling '/usr/local/lib/python3.10/test/test_importlib/util.py'...
#7 206.5 Compiling '/usr/local/lib/python3.10/test/test_json/test_fail.py'...
#7 206.5 Compiling '/usr/local/lib/python3.10/test/test_logging.py'...
#7 206.5 Compiling '/usr/local/lib/python3.10/test/test_tempfile.py'...
#7 206.5 Compiling '/usr/local/lib/python3.10/test/test_unicode_file_functions.py'...
#7 206.5 Compiling '/usr/local/lib/python3.10/test/test_unpack.py'...
#7 206.5 Compiling '/usr/local/lib/python3.10/test/test_urllib2_localnet.py'...
#7 206.5 Compiling '/usr/local/lib/python3.10/test/test_wsgiref.py'...
#7 206.5 Compiling '/usr/local/lib/python3.10/this.py'...
#7 206.5 Compiling '/usr/local/lib/python3.10/tkinter/dnd.py'...
#7 206.5 Compiling '/usr/local/lib/python3.10/tkinter/test/test_tkinter/test_messagebox.py'...
#7 206.5 Compiling '/usr/local/lib/python3.10/tkinter/test/test_ttk/__init__.py'...
#7 206.5 Compiling '/usr/local/lib/python3.10/tkinter/test/test_ttk/test_style.py'...
#7 206.5 Compiling '/usr/local/lib/python3.10/tokenize.py'...
#7 206.5 Compiling '/usr/local/lib/python3.10/turtledemo/planet_and_moon.py'...
#7 206.5 Compiling '/usr/local/lib/python3.10/unittest/result.py'...
#7 206.5 Compiling '/usr/local/lib/python3.10/unittest/test/test_discovery.py'...
#7 206.5 Compiling '/usr/local/lib/python3.10/unittest/test/testmock/testwith.py'...
#7 206.5 Compiling '/usr/local/lib/python3.10/wsgiref/handlers.py'...
#7 206.5 Compiling '/usr/local/lib/python3.10/xml/parsers/__init__.py'...
#7 206.5 Compiling '/usr/local/lib/python3.10/xml/sax/expatreader.py'...
#7 206.5 Compiling '/usr/local/lib/python3.10/zoneinfo/_zoneinfo.py'...
#7 206.5 Compiling '/usr/local/lib/python3.10/argparse.py'...
#7 206.5 Compiling '/usr/local/lib/python3.10/ctypes/_endian.py'...
#7 206.5 Compiling '/usr/local/lib/python3.10/ctypes/macholib/framework.py'...
#7 206.5 Compiling '/usr/local/lib/python3.10/ctypes/test/test_arrays.py'...
#7 206.5 Compiling '/usr/local/lib/python3.10/ctypes/test/test_numbers.py'...
#7 206.5 Compiling '/usr/local/lib/python3.10/dbm/__init__.py'...
#7 206.5 Compiling '/usr/local/lib/python3.10/distutils/command/build_scripts.py'...
#7 206.5 Compiling '/usr/local/lib/python3.10/distutils/command/sdist.py'...
#7 206.5 Compiling '/usr/local/lib/python3.10/distutils/tests/test_bdist.py'...
#7 206.5 Compiling '/usr/local/lib/python3.10/distutils/tests/test_dir_util.py'...
#7 206.5 Compiling '/usr/local/lib/python3.10/distutils/util.py'...
#7 206.5 Compiling '/usr/local/lib/python3.10/email/mime/message.py'...
#7 206.5 Compiling '/usr/local/lib/python3.10/encodings/cp1251.py'...
#7 206.5 Compiling '/usr/local/lib/python3.10/encodings/cp1256.py'...
#7 206.5 Compiling '/usr/local/lib/python3.10/encodings/iso8859_11.py'...
#7 206.5 Compiling '/usr/local/lib/python3.10/encodings/mac_romanian.py'...
#7 206.5 Compiling '/usr/local/lib/python3.10/ensurepip/_bundled/__init__.py'...
#7 206.5 Compiling '/usr/local/lib/python3.10/hmac.py'...
#7 206.5 Compiling '/usr/local/lib/python3.10/idlelib/configdialog.py'...
#7 206.5 Compiling '/usr/local/lib/python3.10/idlelib/idle_test/test_format.py'...
#7 206.5 Compiling '/usr/local/lib/python3.10/idlelib/idle_test/test_zzdummy.py'...
#7 206.5 Compiling '/usr/local/lib/python3.10/idlelib/sidebar.py'...
#7 206.5 Compiling '/usr/local/lib/python3.10/lib2to3/fixes/fix_asserts.py'...
#7 206.5 Compiling '/usr/local/lib/python3.10/lib2to3/fixes/fix_methodattrs.py'...
#7 206.5 Compiling '/usr/local/lib/python3.10/lib2to3/fixes/fix_unicode.py'...
#7 206.5 Compiling '/usr/local/lib/python3.10/logging/__init__.py'...
#7 206.5 Compiling '/usr/local/lib/python3.10/poplib.py'...
#7 206.5 Compiling '/usr/local/lib/python3.10/pydoc.py'...
#7 206.5 Compiling '/usr/local/lib/python3.10/test/__main__.py'...
#7 206.5 Compiling '/usr/local/lib/python3.10/test/doctest_aliases.py'...
#7 206.5 Compiling '/usr/local/lib/python3.10/test/pydocfodder.py'...
#7 206.5 Compiling '/usr/local/lib/python3.10/test/support/script_helper.py'...
#7 206.5 Compiling '/usr/local/lib/python3.10/test/test__opcode.py'...
#7 206.5 Compiling '/usr/local/lib/python3.10/test/test_asyncio/test_context.py'...
#7 206.5 Compiling '/usr/local/lib/python3.10/test/test_asyncio/test_runners.py'...
#7 206.5 Compiling '/usr/local/lib/python3.10/test/test_asyncio/test_waitfor.py'...
#7 206.5 Compiling '/usr/local/lib/python3.10/test/test_bigmem.py'...
#7 206.5 Compiling '/usr/local/lib/python3.10/test/test_codeccallbacks.py'...
#7 206.5 Compiling '/usr/local/lib/python3.10/test/test_datetime.py'...
#7 206.5 Compiling '/usr/local/lib/python3.10/test/test_decimal.py'...
#7 206.5 Compiling '/usr/local/lib/python3.10/test/test_import/data/circular_imports/indirect.py'...
#7 206.5 Compiling '/usr/local/lib/python3.10/test/test_import/data/unwritable/x.py'...
#7 206.5 Compiling '/usr/local/lib/python3.10/test/test_importlib/data03/namespace/portion2/__init__.py'...
#7 206.5 Compiling '/usr/local/lib/python3.10/test/test_importlib/namespace_pkgs/both_portions/foo/two.py'...
#7 206.5 Compiling '/usr/local/lib/python3.10/test/test_importlib/source/test_source_encoding.py'...
#7 206.5 Compiling '/usr/local/lib/python3.10/test/test_int.py'...
#7 206.5 Compiling '/usr/local/lib/python3.10/test/test_json/test_unicode.py'...
#7 206.5 Compiling '/usr/local/lib/python3.10/test/test_named_expressions.py'...
#7 206.5 Compiling '/usr/local/lib/python3.10/test/test_pkg.py'...
#7 206.5 Compiling '/usr/local/lib/python3.10/test/test_poll.py'...
#7 206.5 Compiling '/usr/local/lib/python3.10/test/test_pprint.py'...
#7 206.5 Compiling '/usr/local/lib/python3.10/test/test_smtpd.py'...
#7 206.5 Compiling '/usr/local/lib/python3.10/test/test_strtod.py'...
#7 206.5 Compiling '/usr/local/lib/python3.10/test/test_syslog.py'...
#7 206.5 Compiling '/usr/local/lib/python3.10/test/test_tarfile.py'...
#7 206.5 Compiling '/usr/local/lib/python3.10/test/test_xml_dom_minicompat.py'...
#7 206.5 Compiling '/usr/local/lib/python3.10/test/test_xxlimited.py'...
#7 206.5 Compiling '/usr/local/lib/python3.10/test/test_zipimport.py'...
#7 206.5 Compiling '/usr/local/lib/python3.10/tkinter/test/widget_tests.py'...
#7 206.5 Compiling '/usr/local/lib/python3.10/turtledemo/chaos.py'...
#7 206.5 Compiling '/usr/local/lib/python3.10/turtledemo/lindenmayer.py'...
#7 206.5 Compiling '/usr/local/lib/python3.10/turtledemo/rosette.py'...
#7 206.5 Compiling '/usr/local/lib/python3.10/typing.py'...
#7 206.5 Compiling '/usr/local/lib/python3.10/wsgiref/validate.py'...
#7 206.5 Compiling '/usr/local/lib/python3.10/xml/sax/handler.py'...
#7 206.5 Compiling '/usr/local/lib/python3.10/xmlrpc/server.py'...
#7 206.5 Compiling '/usr/local/lib/python3.10/asyncio/futures.py'...
#7 206.5 Compiling '/usr/local/lib/python3.10/codecs.py'...
#7 206.5 Compiling '/usr/local/lib/python3.10/ctypes/test/test_cfuncs.py'...
#7 206.5 Compiling '/usr/local/lib/python3.10/ctypes/test/test_prototypes.py'...
#7 206.5 Compiling '/usr/local/lib/python3.10/curses/textpad.py'...
#7 206.5 Compiling '/usr/local/lib/python3.10/distutils/fancy_getopt.py'...
#7 206.5 Compiling '/usr/local/lib/python3.10/distutils/tests/test_dep_util.py'...
#7 206.5 Compiling '/usr/local/lib/python3.10/distutils/tests/test_sysconfig.py'...
#7 206.5 Compiling '/usr/local/lib/python3.10/email/feedparser.py'...
#7 206.5 Compiling '/usr/local/lib/python3.10/encodings/big5.py'...
#7 206.5 Compiling '/usr/local/lib/python3.10/encodings/cp737.py'...
#7 206.5 Compiling '/usr/local/lib/python3.10/encodings/euc_kr.py'...
#7 206.5 Compiling '/usr/local/lib/python3.10/encodings/iso8859_5.py'...
#7 206.5 Compiling '/usr/local/lib/python3.10/encodings/undefined.py'...
#7 206.5 Compiling '/usr/local/lib/python3.10/fractions.py'...
#7 206.5 Compiling '/usr/local/lib/python3.10/idlelib/autocomplete.py'...
#7 206.5 Compiling '/usr/local/lib/python3.10/idlelib/idle_test/test_browser.py'...
#7 206.5 Compiling '/usr/local/lib/python3.10/idlelib/idle_test/test_mainmenu.py'...
#7 206.5 Compiling '/usr/local/lib/python3.10/idlelib/idle_test/test_percolator.py'...
#7 206.5 Compiling '/usr/local/lib/python3.10/idlelib/idle_test/test_undo.py'...
#7 206.5 Compiling '/usr/local/lib/python3.10/idlelib/replace.py'...
#7 206.5 Compiling '/usr/local/lib/python3.10/idlelib/zzdummy.py'...
#7 206.5 Compiling '/usr/local/lib/python3.10/importlib/abc.py'...
#7 206.5 Compiling '/usr/local/lib/python3.10/io.py'...
#7 206.5 Compiling '/usr/local/lib/python3.10/lib2to3/fixes/fix_buffer.py'...
#7 206.5 Compiling '/usr/local/lib/python3.10/lib2to3/fixes/fix_ne.py'...
#7 206.5 Compiling '/usr/local/lib/python3.10/lib2to3/main.py'...
#7 206.5 Compiling '/usr/local/lib/python3.10/modulefinder.py'...
#7 206.5 Compiling '/usr/local/lib/python3.10/opcode.py'...
#7 206.5 Compiling '/usr/local/lib/python3.10/rlcompleter.py'...
#7 206.5 Compiling '/usr/local/lib/python3.10/sqlite3/test/dump.py'...
#7 206.5 Compiling '/usr/local/lib/python3.10/tempfile.py'...
#7 206.5 Compiling '/usr/local/lib/python3.10/test/inspect_stock_annotations.py'...
#7 206.5 Compiling '/usr/local/lib/python3.10/test/make_ssl_certs.py'...
#7 206.5 Compiling '/usr/local/lib/python3.10/test/seq_tests.py'...
#7 206.5 Compiling '/usr/local/lib/python3.10/test/test__osx_support.py'...
#7 206.5 Compiling '/usr/local/lib/python3.10/test/test_asyncio/test_locks.py'...
#7 206.5 Compiling '/usr/local/lib/python3.10/test/test_binhex.py'...
#7 206.5 Compiling '/usr/local/lib/python3.10/test/test_bz2.py'...
#7 206.5 Compiling '/usr/local/lib/python3.10/test/test_codecmaps_kr.py'...
#7 206.5 Compiling '/usr/local/lib/python3.10/test/test_compileall.py'...
#7 206.5 Compiling '/usr/local/lib/python3.10/test/test_descrtut.py'...
#7 206.5 Compiling '/usr/local/lib/python3.10/test/test_dis.py'...
#7 206.5 Compiling '/usr/local/lib/python3.10/test/test_email/test_inversion.py'...
#7 206.5 Compiling '/usr/local/lib/python3.10/test/test_exceptions.py'...
#7 206.5 Compiling '/usr/local/lib/python3.10/test/test_importlib/data/__init__.py'...
#7 206.5 Compiling '/usr/local/lib/python3.10/test/test_importlib/extension/test_path_hook.py'...
#7 206.5 Compiling '/usr/local/lib/python3.10/test/test_importlib/namespace_pkgs/not_a_namespace_pkg/foo/__init__.py'...
#7 206.5 Compiling '/usr/local/lib/python3.10/test/test_importlib/test_lazy.py'...
#7 206.5 Compiling '/usr/local/lib/python3.10/test/test_importlib/test_namespace_pkgs.py'...
#7 206.5 Compiling '/usr/local/lib/python3.10/test/test_json/test_indent.py'...
#7 206.5 Compiling '/usr/local/lib/python3.10/test/test_netrc.py'...
#7 206.5 Compiling '/usr/local/lib/python3.10/test/test_peg_generator/__init__.py'...
#7 206.5 Compiling '/usr/local/lib/python3.10/test/test_peg_generator/__main__.py'...
#7 206.5 Compiling '/usr/local/lib/python3.10/test/test_peg_generator/test_grammar_validator.py'...
#7 206.5 Compiling '/usr/local/lib/python3.10/test/test_pickle.py'...
#7 206.5 Compiling '/usr/local/lib/python3.10/test/test_print.py'...
#7 206.5 Compiling '/usr/local/lib/python3.10/test/test_raise.py'...
#7 206.5 Compiling '/usr/local/lib/python3.10/test/test_robotparser.py'...
#7 206.5 Compiling '/usr/local/lib/python3.10/test/test_script_helper.py'...
#7 206.5 Compiling '/usr/local/lib/python3.10/test/test_shutil.py'...
#7 206.5 Compiling '/usr/local/lib/python3.10/test/test_wait3.py'...
#7 206.5 Compiling '/usr/local/lib/python3.10/test/test_weakset.py'...
#7 206.5 Compiling '/usr/local/lib/python3.10/test/test_zoneinfo/_support.py'...
#7 206.5 Compiling '/usr/local/lib/python3.10/test/tracedmodules/testmod.py'...
#7 206.5 Compiling '/usr/local/lib/python3.10/threading.py'...
#7 206.5 Compiling '/usr/local/lib/python3.10/turtledemo/colormixer.py'...
#7 206.5 Compiling '/usr/local/lib/python3.10/turtledemo/paint.py'...
#7 206.5 Compiling '/usr/local/lib/python3.10/turtledemo/tree.py'...
#7 206.5 Compiling '/usr/local/lib/python3.10/unittest/_log.py'...
#7 206.5 Compiling '/usr/local/lib/python3.10/unittest/runner.py'...
#7 206.5 Compiling '/usr/local/lib/python3.10/unittest/test/test_functiontestcase.py'...
#7 206.5 Compiling '/usr/local/lib/python3.10/unittest/test/test_result.py'...
#7 206.5 Compiling '/usr/local/lib/python3.10/wsgiref/__init__.py'...
#7 206.5 Compiling '/usr/local/lib/python3.10/wsgiref/headers.py'...
#7 206.5 Compiling '/usr/local/lib/python3.10/xml/__init__.py'...
#7 206.5 Compiling '/usr/local/lib/python3.10/xml/dom/expatbuilder.py'...
#7 206.5 Compiling '/usr/local/lib/python3.10/asyncio/subprocess.py'...
#7 206.5 Compiling '/usr/local/lib/python3.10/configparser.py'...
#7 206.5 Compiling '/usr/local/lib/python3.10/distutils/cmd.py'...
#7 206.5 Compiling '/usr/local/lib/python3.10/distutils/command/upload.py'...
#7 206.5 Compiling '/usr/local/lib/python3.10/distutils/errors.py'...
#7 206.5 Compiling '/usr/local/lib/python3.10/distutils/filelist.py'...
#7 206.5 Compiling '/usr/local/lib/python3.10/distutils/tests/test_clean.py'...
#7 206.5 Compiling '/usr/local/lib/python3.10/distutils/tests/test_install_data.py'...
#7 206.5 Compiling '/usr/local/lib/python3.10/distutils/tests/test_upload.py'...
#7 206.5 Compiling '/usr/local/lib/python3.10/email/iterators.py'...
#7 206.5 Compiling '/usr/local/lib/python3.10/encodings/ascii.py'...
#7 206.5 Compiling '/usr/local/lib/python3.10/encodings/cp500.py'...
#7 206.5 Compiling '/usr/local/lib/python3.10/encodings/iso2022_jp_1.py'...
#7 206.5 Compiling '/usr/local/lib/python3.10/encodings/tis_620.py'...
#7 206.5 Compiling '/usr/local/lib/python3.10/ftplib.py'...
#7 206.5 Compiling '/usr/local/lib/python3.10/glob.py'...
#7 206.5 Compiling '/usr/local/lib/python3.10/idlelib/idle.py'...
#7 206.5 Compiling '/usr/local/lib/python3.10/idlelib/idle_test/test_debugger.py'...
#7 206.5 Compiling '/usr/local/lib/python3.10/idlelib/idle_test/test_outwin.py'...
#7 206.5 Compiling '/usr/local/lib/python3.10/idlelib/idle_test/test_query.py'...
#7 206.5 Compiling '/usr/local/lib/python3.10/idlelib/idle_test/test_warning.py'...
#7 206.5 Compiling '/usr/local/lib/python3.10/idlelib/search.py'...
#7 206.5 Compiling '/usr/local/lib/python3.10/importlib/metadata/_adapters.py'...
#7 206.5 Compiling '/usr/local/lib/python3.10/lib2to3/fixes/fix_raise.py'...
#7 206.5 Compiling '/usr/local/lib/python3.10/lib2to3/pgen2/parse.py'...
#7 206.5 Compiling '/usr/local/lib/python3.10/multiprocessing/dummy/__init__.py'...
#7 206.5 Compiling '/usr/local/lib/python3.10/multiprocessing/spawn.py'...
#7 206.5 Compiling '/usr/local/lib/python3.10/plistlib.py'...
#7 206.5 Compiling '/usr/local/lib/python3.10/sqlite3/test/types.py'...
#7 206.5 Compiling '/usr/local/lib/python3.10/test/_test_eintr.py'...
#7 206.5 Compiling '/usr/local/lib/python3.10/test/audit-tests.py'...
#7 206.5 Compiling '/usr/local/lib/python3.10/test/list_tests.py'...
#7 206.5 Compiling '/usr/local/lib/python3.10/test/subprocessdata/qgrep.py'...
#7 206.5 Compiling '/usr/local/lib/python3.10/test/test_asyncio/test_base_events.py'...
#7 206.5 Compiling '/usr/local/lib/python3.10/test/test_codecencodings_hk.py'...
#7 206.5 Compiling '/usr/local/lib/python3.10/test/test_codecencodings_tw.py'...
#7 206.5 Compiling '/usr/local/lib/python3.10/test/test_codecmaps_jp.py'...
#7 206.5 Compiling '/usr/local/lib/python3.10/test/test_compile.py'...
#7 206.5 Compiling '/usr/local/lib/python3.10/test/test_dtrace.py'...
#7 206.5 Compiling '/usr/local/lib/python3.10/test/test_email/test__encoded_words.py'...
#7 206.5 Compiling '/usr/local/lib/python3.10/test/test_exception_variations.py'...
#7 206.5 Compiling '/usr/local/lib/python3.10/test/test_flufl.py'...
#7 206.5 Compiling '/usr/local/lib/python3.10/test/test_future.py'...
#7 206.5 Compiling '/usr/local/lib/python3.10/test/test_gettext.py'...
#7 206.5 Compiling '/usr/local/lib/python3.10/test/test_import/__main__.py'...
#7 206.5 Compiling '/usr/local/lib/python3.10/test/test_import/data/circular_imports/subpkg/subpackage2.py'...
#7 206.5 Compiling '/usr/local/lib/python3.10/test/test_importlib/frozen/test_loader.py'...
#7 206.5 Compiling '/usr/local/lib/python3.10/test/test_importlib/namespace_pkgs/project3/parent/child/three.py'...
#7 206.5 Compiling '/usr/local/lib/python3.10/test/test_importlib/test_pkg_import.py'...
#7 206.5 Compiling '/usr/local/lib/python3.10/test/test_importlib/test_zip.py'...
#7 206.5 Compiling '/usr/local/lib/python3.10/test/test_json/test_default.py'...
#7 206.5 Compiling '/usr/local/lib/python3.10/test/test_keyword.py'...
#7 206.5 Compiling '/usr/local/lib/python3.10/test/test_locale.py'...
#7 206.5 Compiling '/usr/local/lib/python3.10/test/test_multiprocessing_spawn.py'...
#7 206.5 Compiling '/usr/local/lib/python3.10/test/test_ossaudiodev.py'...
#7 206.5 Compiling '/usr/local/lib/python3.10/test/test_picklebuffer.py'...
#7 206.5 Compiling '/usr/local/lib/python3.10/test/test_plistlib.py'...
#7 206.5 Compiling '/usr/local/lib/python3.10/test/test_pwd.py'...
#7 206.5 Compiling '/usr/local/lib/python3.10/test/test_pyexpat.py'...
#7 206.5 Compiling '/usr/local/lib/python3.10/test/test_shelve.py'...
#7 206.5 Compiling '/usr/local/lib/python3.10/test/test_sndhdr.py'...
#7 206.5 Compiling '/usr/local/lib/python3.10/test/test_strftime.py'...
#7 206.5 Compiling '/usr/local/lib/python3.10/test/test_subprocess.py'...
#7 206.5 Compiling '/usr/local/lib/python3.10/test/typinganndata/__init__.py'...
#7 206.5 Compiling '/usr/local/lib/python3.10/test/xmltests.py'...
#7 206.5 Compiling '/usr/local/lib/python3.10/tkinter/constants.py'...
#7 206.5 Compiling '/usr/local/lib/python3.10/tkinter/font.py'...
#7 206.5 Compiling '/usr/local/lib/python3.10/tkinter/test/test_tkinter/test_misc.py'...
#7 206.5 Compiling '/usr/local/lib/python3.10/turtledemo/__init__.py'...
#7 206.5 Compiling '/usr/local/lib/python3.10/turtledemo/forest.py'...
#7 206.5 Compiling '/usr/local/lib/python3.10/turtledemo/round_dance.py'...
#7 206.5 Compiling '/usr/local/lib/python3.10/unittest/async_case.py'...
#7 206.5 Compiling '/usr/local/lib/python3.10/unittest/test/test_loader.py'...
#7 206.5 Compiling '/usr/local/lib/python3.10/urllib/__init__.py'...
#7 206.5 Compiling '/usr/local/lib/python3.10/urllib/parse.py'...
#7 206.5 Compiling '/usr/local/lib/python3.10/xml/dom/xmlbuilder.py'...
#7 206.5 Compiling '/usr/local/lib/python3.10/xmlrpc/client.py'...
#7 206.5 Compiling '/usr/local/lib/python3.10/asyncio/base_subprocess.py'...
#7 206.5 Compiling '/usr/local/lib/python3.10/asyncio/log.py'...
#7 206.5 Compiling '/usr/local/lib/python3.10/asyncio/queues.py'...
#7 206.5 Compiling '/usr/local/lib/python3.10/asyncio/threads.py'...
#7 206.5 Compiling '/usr/local/lib/python3.10/binhex.py'...
#7 206.5 Compiling '/usr/local/lib/python3.10/concurrent/futures/process.py'...
#7 206.5 Compiling '/usr/local/lib/python3.10/ctypes/test/test_libc.py'...
#7 206.5 Compiling '/usr/local/lib/python3.10/ctypes/test/test_sizes.py'...
#7 206.5 Compiling '/usr/local/lib/python3.10/dbm/ndbm.py'...
#7 206.5 Compiling '/usr/local/lib/python3.10/distutils/command/bdist_msi.py'...
#7 206.5 Compiling '/usr/local/lib/python3.10/distutils/tests/test_build_ext.py'...
#7 206.5 Compiling '/usr/local/lib/python3.10/email/__init__.py'...
#7 206.5 Compiling '/usr/local/lib/python3.10/email/mime/multipart.py'...
#7 206.5 Compiling '/usr/local/lib/python3.10/encodings/cp1252.py'...
#7 206.5 Compiling '/usr/local/lib/python3.10/encodings/cp874.py'...
#7 206.5 Compiling '/usr/local/lib/python3.10/encodings/iso8859_13.py'...
#7 206.5 Compiling '/usr/local/lib/python3.10/encodings/palmos.py'...
#7 206.5 Compiling '/usr/local/lib/python3.10/encodings/utf_32_le.py'...
#7 206.5 Compiling '/usr/local/lib/python3.10/idlelib/calltip_w.py'...
#7 206.5 Compiling '/usr/local/lib/python3.10/idlelib/idle_test/test_calltip.py'...
#7 206.5 Compiling '/usr/local/lib/python3.10/idlelib/idle_test/test_filelist.py'...
#7 206.5 Compiling '/usr/local/lib/python3.10/idlelib/idle_test/test_run.py'...
#7 206.5 Compiling '/usr/local/lib/python3.10/idlelib/textview.py'...
#7 206.5 Compiling '/usr/local/lib/python3.10/keyword.py'...
#7 206.5 Compiling '/usr/local/lib/python3.10/lib2to3/fixes/fix_filter.py'...
#7 206.5 Compiling '/usr/local/lib/python3.10/lib2to3/patcomp.py'...
#7 206.5 Compiling '/usr/local/lib/python3.10/lzma.py'...
#7 206.5 Compiling '/usr/local/lib/python3.10/multiprocessing/synchronize.py'...
#7 206.5 Compiling '/usr/local/lib/python3.10/pprint.py'...
#7 206.5 Compiling '/usr/local/lib/python3.10/socketserver.py'...
#7 206.5 Compiling '/usr/local/lib/python3.10/subprocess.py'...
#7 206.5 Compiling '/usr/local/lib/python3.10/test/dtracedata/line.py'...
#7 206.5 Compiling '/usr/local/lib/python3.10/test/libregrtest/runtest_mp.py'...
#7 206.5 Compiling '/usr/local/lib/python3.10/test/support/threading_helper.py'...
#7 206.5 Compiling '/usr/local/lib/python3.10/test/test__xxsubinterpreters.py'...
#7 206.5 Compiling '/usr/local/lib/python3.10/test/test_class.py'...
#7 206.5 Compiling '/usr/local/lib/python3.10/test/test_contains.py'...
#7 206.5 Compiling '/usr/local/lib/python3.10/test/test_ctypes.py'...
#7 206.5 Compiling '/usr/local/lib/python3.10/test/test_dbm_gnu.py'...
#7 206.5 Compiling '/usr/local/lib/python3.10/test/test_difflib.py'...
#7 206.5 Compiling '/usr/local/lib/python3.10/test/test_email/test_pickleable.py'...
#7 206.5 Compiling '/usr/local/lib/python3.10/test/test_fcntl.py'...
#7 206.5 Compiling '/usr/local/lib/python3.10/test/test_format.py'...
#7 206.5 Compiling '/usr/local/lib/python3.10/test/test_genexps.py'...
#7 206.5 Compiling '/usr/local/lib/python3.10/test/test_grammar.py'...
#7 206.5 Compiling '/usr/local/lib/python3.10/test/test_importlib/data01/__init__.py'...
#7 206.5 Compiling '/usr/local/lib/python3.10/test/test_importlib/frozen/test_finder.py'...
#7 206.5 Compiling '/usr/local/lib/python3.10/test/test_importlib/namespace_pkgs/project2/parent/child/two.py'...
#7 206.5 Compiling '/usr/local/lib/python3.10/test/test_importlib/test_open.py'...
#7 206.5 Compiling '/usr/local/lib/python3.10/test/test_importlib/test_reader.py'...
#7 206.5 Compiling '/usr/local/lib/python3.10/test/test_ipaddress.py'...
#7 206.5 Compiling '/usr/local/lib/python3.10/test/test_opcodes.py'...
#7 206.5 Compiling '/usr/local/lib/python3.10/test/test_pathlib.py'...
#7 206.5 Compiling '/usr/local/lib/python3.10/test/test_traceback.py'...
#7 206.5 Compiling '/usr/local/lib/python3.10/test/test_with.py'...
#7 206.5 Compiling '/usr/local/lib/python3.10/tkinter/test/test_tkinter/test_geometry_managers.py'...
#7 206.5 Compiling '/usr/local/lib/python3.10/unittest/test/testmock/testpatch.py'...
#7 206.5 Compiling '/usr/local/lib/python3.10/_compat_pickle.py'...
#7 206.5 Compiling '/usr/local/lib/python3.10/_sysconfigdata__linux_x86_64-linux-gnu.py'...
#7 206.5 Compiling '/usr/local/lib/python3.10/asynchat.py'...
#7 206.5 Compiling '/usr/local/lib/python3.10/asyncore.py'...
#7 206.5 Compiling '/usr/local/lib/python3.10/concurrent/futures/_base.py'...
#7 206.5 Compiling '/usr/local/lib/python3.10/ctypes/test/test_checkretval.py'...
#7 206.5 Compiling '/usr/local/lib/python3.10/ctypes/test/test_functions.py'...
#7 206.5 Compiling '/usr/local/lib/python3.10/dataclasses.py'...
#7 206.5 Compiling '/usr/local/lib/python3.10/distutils/tests/test_build.py'...
#7 206.5 Compiling '/usr/local/lib/python3.10/distutils/tests/test_core.py'...
#7 206.5 Compiling '/usr/local/lib/python3.10/distutils/tests/test_spawn.py'...
#7 206.5 Compiling '/usr/local/lib/python3.10/email/contentmanager.py'...
#7 206.5 Compiling '/usr/local/lib/python3.10/encodings/base64_codec.py'...
#7 206.5 Compiling '/usr/local/lib/python3.10/encodings/cp949.py'...
#7 206.5 Compiling '/usr/local/lib/python3.10/encodings/hex_codec.py'...
#7 206.5 Compiling '/usr/local/lib/python3.10/encodings/iso8859_14.py'...
#7 206.5 Compiling '/usr/local/lib/python3.10/encodings/shift_jis_2004.py'...
#7 206.5 Compiling '/usr/local/lib/python3.10/fileinput.py'...
#7 206.5 Compiling '/usr/local/lib/python3.10/idlelib/delegator.py'...
#7 206.5 Compiling '/usr/local/lib/python3.10/idlelib/idle_test/mock_tk.py'...
#7 206.5 Compiling '/usr/local/lib/python3.10/idlelib/idle_test/test_macosx.py'...
#7 206.5 Compiling '/usr/local/lib/python3.10/idlelib/idle_test/test_search.py'...
#7 206.5 Compiling '/usr/local/lib/python3.10/idlelib/idle_test/test_textview.py'...
#7 206.5 Compiling '/usr/local/lib/python3.10/idlelib/rpc.py'...
#7 206.5 Compiling '/usr/local/lib/python3.10/json/decoder.py'...
#7 206.5 Compiling '/usr/local/lib/python3.10/lib2to3/fixes/fix_future.py'...
#7 206.5 Compiling '/usr/local/lib/python3.10/lib2to3/fixes/fix_raw_input.py'...
#7 206.5 Compiling '/usr/local/lib/python3.10/lib2to3/pgen2/driver.py'...
#7 206.5 Compiling '/usr/local/lib/python3.10/multiprocessing/connection.py'...
#7 206.5 Compiling '/usr/local/lib/python3.10/pipes.py'...
#7 206.5 Compiling '/usr/local/lib/python3.10/site.py'...
#7 206.5 Compiling '/usr/local/lib/python3.10/sre_parse.py'...
#7 206.5 Compiling '/usr/local/lib/python3.10/test/inspect_stringized_annotations.py'...
#7 206.5 Compiling '/usr/local/lib/python3.10/test/subprocessdata/fd_status.py'...
#7 206.5 Compiling '/usr/local/lib/python3.10/test/test_abstract_numbers.py'...
#7 206.5 Compiling '/usr/local/lib/python3.10/test/test_asyncio/test_events.py'...
#7 206.5 Compiling '/usr/local/lib/python3.10/test/test_copyreg.py'...
#7 206.5 Compiling '/usr/local/lib/python3.10/test/test_curses.py'...
#7 206.5 Compiling '/usr/local/lib/python3.10/test/test_email/test__header_value_parser.py'...
#7 206.5 Compiling '/usr/local/lib/python3.10/test/test_http_cookiejar.py'...
#7 206.5 Compiling '/usr/local/lib/python3.10/test/test_importlib/builtin/test_finder.py'...
#7 206.5 Compiling '/usr/local/lib/python3.10/test/test_importlib/extension/test_loader.py'...
#7 206.5 Compiling '/usr/local/lib/python3.10/test/test_importlib/namespace_pkgs/portion2/foo/two.py'...
#7 206.5 Compiling '/usr/local/lib/python3.10/test/test_importlib/test_metadata_api.py'...
#7 206.5 Compiling '/usr/local/lib/python3.10/test/test_itertools.py'...
#7 206.5 Compiling '/usr/local/lib/python3.10/test/test_smtplib.py'...
#7 206.5 Compiling '/usr/local/lib/python3.10/test/test_tools/test_reindent.py'...
#7 206.5 Compiling '/usr/local/lib/python3.10/test/test_tuple.py'...
#7 206.5 Compiling '/usr/local/lib/python3.10/test/test_unparse.py'...
#7 206.5 Compiling '/usr/local/lib/python3.10/test/test_warnings/data/stacklevel.py'...
#7 206.5 Compiling '/usr/local/lib/python3.10/test/test_weakref.py'...
#7 206.5 Compiling '/usr/local/lib/python3.10/turtledemo/yinyang.py'...
#7 206.5 Compiling '/usr/local/lib/python3.10/unittest/loader.py'...
#7 206.5 Compiling '/usr/local/lib/python3.10/unittest/test/test_runner.py'...
#7 206.5 Compiling '/usr/local/lib/python3.10/_compression.py'...
#7 206.5 Compiling '/usr/local/lib/python3.10/_sitebuiltins.py'...
#7 206.5 Compiling '/usr/local/lib/python3.10/_threading_local.py'...
#7 206.5 Compiling '/usr/local/lib/python3.10/abc.py'...
#7 206.5 Compiling '/usr/local/lib/python3.10/ast.py'...
#7 206.5 Compiling '/usr/local/lib/python3.10/bisect.py'...
#7 206.5 Compiling '/usr/local/lib/python3.10/chunk.py'...
#7 206.5 Compiling '/usr/local/lib/python3.10/collections/abc.py'...
#7 206.5 Compiling '/usr/local/lib/python3.10/colorsys.py'...
#7 206.5 Compiling '/usr/local/lib/python3.10/ctypes/__init__.py'...
#7 206.5 Compiling '/usr/local/lib/python3.10/ctypes/test/test_funcptr.py'...
#7 206.5 Compiling '/usr/local/lib/python3.10/ctypes/test/test_objects.py'...
#7 206.5 Compiling '/usr/local/lib/python3.10/ctypes/test/test_struct_fields.py'...
#7 206.5 Compiling '/usr/local/lib/python3.10/decimal.py'...
#7 206.5 Compiling '/usr/local/lib/python3.10/distutils/command/bdist_rpm.py'...
#7 206.5 Compiling '/usr/local/lib/python3.10/distutils/msvccompiler.py'...
#7 206.5 Compiling '/usr/local/lib/python3.10/distutils/tests/test_extension.py'...
#7 206.5 Compiling '/usr/local/lib/python3.10/distutils/tests/test_text_file.py'...
#7 206.5 Compiling '/usr/local/lib/python3.10/email/encoders.py'...
#7 206.5 Compiling '/usr/local/lib/python3.10/email/utils.py'...
#7 206.5 Compiling '/usr/local/lib/python3.10/encodings/hz.py'...
#7 206.5 Compiling '/usr/local/lib/python3.10/encodings/rot_13.py'...
#7 206.5 Compiling '/usr/local/lib/python3.10/filecmp.py'...
#7 206.5 Compiling '/usr/local/lib/python3.10/idlelib/debugobj_r.py'...
#7 206.5 Compiling '/usr/local/lib/python3.10/idlelib/idle_test/test_delegator.py'...
#7 206.5 Compiling '/usr/local/lib/python3.10/idlelib/idle_test/test_iomenu.py'...
#7 206.5 Compiling '/usr/local/lib/python3.10/idlelib/idle_test/test_runscript.py'...
#7 206.5 Compiling '/usr/local/lib/python3.10/idlelib/idle_test/tkinter_testing_utils.py'...
#7 206.5 Compiling '/usr/local/lib/python3.10/idlelib/zoomheight.py'...
#7 206.5 Compiling '/usr/local/lib/python3.10/importlib/metadata/_itertools.py'...
#7 206.5 Compiling '/usr/local/lib/python3.10/lib2to3/btm_matcher.py'...
#7 206.5 Compiling '/usr/local/lib/python3.10/lib2to3/fixes/fix_imports2.py'...
#7 206.5 Compiling '/usr/local/lib/python3.10/lib2to3/fixes/fix_metaclass.py'...
#7 206.5 Compiling '/usr/local/lib/python3.10/lib2to3/fixes/fix_zip.py'...
#7 206.5 Compiling '/usr/local/lib/python3.10/logging/handlers.py'...
#7 206.5 Compiling '/usr/local/lib/python3.10/nturl2path.py'...
#7 206.5 Compiling '/usr/local/lib/python3.10/pty.py'...
#7 206.5 Compiling '/usr/local/lib/python3.10/sched.py'...
#7 206.5 Compiling '/usr/local/lib/python3.10/shlex.py'...
#7 206.5 Compiling '/usr/local/lib/python3.10/sre_compile.py'...
#7 206.5 Compiling '/usr/local/lib/python3.10/test/ann_module5.py'...
#7 206.5 Compiling '/usr/local/lib/python3.10/test/datetimetester.py'...
#7 206.5 Compiling '/usr/local/lib/python3.10/test/libregrtest/runtest.py'...
#7 206.5 Compiling '/usr/local/lib/python3.10/test/subprocessdata/sigchild_ignore.py'...
#7 206.5 Compiling '/usr/local/lib/python3.10/test/test_asyncio/__main__.py'...
#7 206.5 Compiling '/usr/local/lib/python3.10/test/test_asyncio/test_tasks.py'...
#7 206.5 Compiling '/usr/local/lib/python3.10/test/test_dictcomps.py'...
#7 206.5 Compiling '/usr/local/lib/python3.10/test/test_eintr.py'...
#7 206.5 Compiling '/usr/local/lib/python3.10/test/test_email/test_email.py'...
#7 206.5 Compiling '/usr/local/lib/python3.10/test/test_importlib/data02/two/__init__.py'...
#7 206.5 Compiling '/usr/local/lib/python3.10/test/test_importlib/import_/test_packages.py'...
#7 206.5 Compiling '/usr/local/lib/python3.10/test/test_importlib/source/__init__.py'...
#7 206.5 Compiling '/usr/local/lib/python3.10/test/test_index.py'...
#7 206.5 Compiling '/usr/local/lib/python3.10/test/test_json/test_pass3.py'...
#7 206.5 Compiling '/usr/local/lib/python3.10/test/test_json/test_scanstring.py'...
#7 206.5 Compiling '/usr/local/lib/python3.10/test/test_mailcap.py'...
#7 206.5 Compiling '/usr/local/lib/python3.10/test/test_modulefinder.py'...
#7 206.5 Compiling '/usr/local/lib/python3.10/test/test_nntplib.py'...
#7 206.5 Compiling '/usr/local/lib/python3.10/test/test_queue.py'...
#7 206.5 Compiling '/usr/local/lib/python3.10/test/test_scope.py'...
#7 206.5 Compiling '/usr/local/lib/python3.10/test/test_stat.py'...
#7 206.5 Compiling '/usr/local/lib/python3.10/test/test_super.py'...
#7 206.5 Compiling '/usr/local/lib/python3.10/test/test_timeit.py'...
#7 206.5 Compiling '/usr/local/lib/python3.10/test/test_tools/test_pindent.py'...
#7 206.5 Compiling '/usr/local/lib/python3.10/test/test_typechecks.py'...
#7 206.5 Compiling '/usr/local/lib/python3.10/test/test_unicode_identifiers.py'...
#7 206.5 Compiling '/usr/local/lib/python3.10/test/test_urllib2.py'...
#7 206.5 Compiling '/usr/local/lib/python3.10/test/time_hashlib.py'...
#7 206.5 Compiling '/usr/local/lib/python3.10/timeit.py'...
#7 206.5 Compiling '/usr/local/lib/python3.10/tkinter/test/test_tkinter/test_images.py'...
#7 206.5 Compiling '/usr/local/lib/python3.10/turtledemo/bytedesign.py'...
#7 206.5 Compiling '/usr/local/lib/python3.10/turtledemo/nim.py'...
#7 206.5 Compiling '/usr/local/lib/python3.10/unittest/signals.py'...
#7 206.5 Compiling '/usr/local/lib/python3.10/unittest/test/__main__.py'...
#7 206.5 Compiling '/usr/local/lib/python3.10/unittest/test/test_assertions.py'...
#7 206.5 Compiling '/usr/local/lib/python3.10/unittest/test/test_suite.py'...
#7 206.5 Compiling '/usr/local/lib/python3.10/unittest/test/testmock/testmock.py'...
#7 206.5 Compiling '/usr/local/lib/python3.10/__phello__.foo.py'...
#7 206.5 Compiling '/usr/local/lib/python3.10/_markupbase.py'...
#7 206.5 Compiling '/usr/local/lib/python3.10/_weakrefset.py'...
#7 206.5 Compiling '/usr/local/lib/python3.10/aifc.py'...
#7 206.5 Compiling '/usr/local/lib/python3.10/asyncio/windows_events.py'...
#7 206.5 Compiling '/usr/local/lib/python3.10/ctypes/test/__init__.py'...
#7 206.5 Compiling '/usr/local/lib/python3.10/ctypes/test/test_bitfields.py'...
#7 206.5 Compiling '/usr/local/lib/python3.10/ctypes/test/test_stringptr.py'...
#7 206.5 Compiling '/usr/local/lib/python3.10/ctypes/test/test_win32.py'...
#7 206.5 Compiling '/usr/local/lib/python3.10/distutils/command/build_py.py'...
#7 206.5 Compiling '/usr/local/lib/python3.10/distutils/msvc9compiler.py'...
#7 206.5 Compiling '/usr/local/lib/python3.10/distutils/text_file.py'...
#7 206.5 Compiling '/usr/local/lib/python3.10/email/mime/application.py'...
#7 206.5 Compiling '/usr/local/lib/python3.10/encodings/cp1006.py'...
#7 206.5 Compiling '/usr/local/lib/python3.10/encodings/cp857.py'...
#7 206.5 Compiling '/usr/local/lib/python3.10/encodings/cp866.py'...
#7 206.5 Compiling '/usr/local/lib/python3.10/encodings/iso8859_15.py'...
#7 206.5 Compiling '/usr/local/lib/python3.10/encodings/unicode_escape.py'...
#7 206.5 Compiling '/usr/local/lib/python3.10/functools.py'...
#7 206.5 Compiling '/usr/local/lib/python3.10/idlelib/history.py'...
#7 206.5 Compiling '/usr/local/lib/python3.10/idlelib/idle_test/test_config.py'...
#7 206.5 Compiling '/usr/local/lib/python3.10/idlelib/idle_test/test_util.py'...
#7 206.5 Compiling '/usr/local/lib/python3.10/idlelib/parenmatch.py'...
#7 206.5 Compiling '/usr/local/lib/python3.10/idlelib/query.py'...
#7 206.5 Compiling '/usr/local/lib/python3.10/json/tool.py'...
#7 206.5 Compiling '/usr/local/lib/python3.10/lib2to3/fixes/fix_funcattrs.py'...
#7 206.5 Compiling '/usr/local/lib/python3.10/lib2to3/fixes/fix_has_key.py'...
#7 206.5 Compiling '/usr/local/lib/python3.10/lib2to3/fixes/fix_reload.py'...
#7 206.5 Compiling '/usr/local/lib/python3.10/lib2to3/pgen2/__init__.py'...
#7 206.5 Compiling '/usr/local/lib/python3.10/lib2to3/pgen2/grammar.py'...
#7 206.5 Compiling '/usr/local/lib/python3.10/multiprocessing/__init__.py'...
#7 206.5 Compiling '/usr/local/lib/python3.10/multiprocessing/reduction.py'...
#7 206.5 Compiling '/usr/local/lib/python3.10/pdb.py'...
#7 206.5 Compiling '/usr/local/lib/python3.10/socket.py'...
#7 206.5 Compiling '/usr/local/lib/python3.10/symtable.py'...
#7 206.5 Compiling '/usr/local/lib/python3.10/test/ann_module7.py'...
#7 206.5 Compiling '/usr/local/lib/python3.10/test/bad_getattr.py'...
#7 206.5 Compiling '/usr/local/lib/python3.10/test/multibytecodec_support.py'...
#7 206.5 Compiling '/usr/local/lib/python3.10/test/support/warnings_helper.py'...
#7 206.5 Compiling '/usr/local/lib/python3.10/test/test_asyncio/test_buffered_proto.py'...
#7 206.5 Compiling '/usr/local/lib/python3.10/test/test_asyncio/test_queues.py'...
#7 206.5 Compiling '/usr/local/lib/python3.10/test/test_augassign.py'...
#7 206.5 Compiling '/usr/local/lib/python3.10/test/test_builtin.py'...
#7 206.5 Compiling '/usr/local/lib/python3.10/test/test_distutils.py'...
#7 206.5 Compiling '/usr/local/lib/python3.10/test/test_doctest.py'...
#7 206.5 Compiling '/usr/local/lib/python3.10/test/test_filecmp.py'...
#7 206.5 Compiling '/usr/local/lib/python3.10/test/test_fstring.py'...
#7 206.5 Compiling '/usr/local/lib/python3.10/test/test_import/data/circular_imports/basic2.py'...
#7 206.5 Compiling '/usr/local/lib/python3.10/test/test_import/data/package/__init__.py'...
#7 206.5 Compiling '/usr/local/lib/python3.10/test/test_importlib/data02/__init__.py'...
#7 206.5 Compiling '/usr/local/lib/python3.10/test/test_importlib/import_/test_api.py'...
#7 206.5 Compiling '/usr/local/lib/python3.10/test/test_importlib/partial/cfimport.py'...
#7 206.5 Compiling '/usr/local/lib/python3.10/test/test_importlib/test_spec.py'...
#7 206.5 Compiling '/usr/local/lib/python3.10/test/test_json/test_pass2.py'...
#7 206.5 Compiling '/usr/local/lib/python3.10/test/test_long.py'...
#7 206.5 Compiling '/usr/local/lib/python3.10/test/test_numeric_tower.py'...
#7 206.5 Compiling '/usr/local/lib/python3.10/test/test_peg_generator/test_c_parser.py'...
#7 206.5 Compiling '/usr/local/lib/python3.10/test/test_pickletools.py'...
#7 206.5 Compiling '/usr/local/lib/python3.10/test/test_pkgutil.py'...
#7 206.5 Compiling '/usr/local/lib/python3.10/test/test_pstats.py'...
#7 206.5 Compiling '/usr/local/lib/python3.10/test/test_quopri.py'...
#7 206.5 Compiling '/usr/local/lib/python3.10/test/test_readline.py'...
#7 206.5 Compiling '/usr/local/lib/python3.10/test/test_sched.py'...
#7 206.5 Compiling '/usr/local/lib/python3.10/test/test_setcomps.py'...
#7 206.5 Compiling '/usr/local/lib/python3.10/test/test_shlex.py'...
#7 206.5 Compiling '/usr/local/lib/python3.10/test/test_socketserver.py'...
#7 206.5 Compiling '/usr/local/lib/python3.10/test/test_symtable.py'...
#7 206.5 Compiling '/usr/local/lib/python3.10/test/test_tcl.py'...
#7 206.5 Compiling '/usr/local/lib/python3.10/test/test_tools/test_pathfix.py'...
#7 206.5 Compiling '/usr/local/lib/python3.10/test/test_trace.py'...
#7 206.5 Compiling '/usr/local/lib/python3.10/test/test_userdict.py'...
#7 206.5 Compiling '/usr/local/lib/python3.10/test/test_venv.py'...
#7 206.5 Compiling '/usr/local/lib/python3.10/test/test_winreg.py'...
#7 206.5 Compiling '/usr/local/lib/python3.10/test/test_zlib.py'...
#7 206.5 Compiling '/usr/local/lib/python3.10/tkinter/test/test_tkinter/test_simpledialog.py'...
#7 206.5 Compiling '/usr/local/lib/python3.10/tkinter/test/test_ttk/test_widgets.py'...
#7 206.5 Compiling '/usr/local/lib/python3.10/urllib/response.py'...
#7 206.5 Compiling '/usr/local/lib/python3.10/venv/__init__.py'...
#7 206.5 Compiling '/usr/local/lib/python3.10/wsgiref/simple_server.py'...
#7 206.5 Compiling '/usr/local/lib/python3.10/xml/dom/minicompat.py'...
#7 206.5 Compiling '/usr/local/lib/python3.10/xml/etree/ElementTree.py'...
#7 206.5 Compiling '/usr/local/lib/python3.10/_osx_support.py'...
#7 206.5 Compiling '/usr/local/lib/python3.10/asyncio/__main__.py'...
#7 206.5 Compiling '/usr/local/lib/python3.10/asyncio/sslproto.py'...
#7 206.5 Compiling '/usr/local/lib/python3.10/collections/__init__.py'...
#7 206.5 Compiling '/usr/local/lib/python3.10/ctypes/test/test_varsize_struct.py'...
#7 206.5 Compiling '/usr/local/lib/python3.10/dis.py'...
#7 206.5 Compiling '/usr/local/lib/python3.10/distutils/tests/test_config_cmd.py'...
#7 206.5 Compiling '/usr/local/lib/python3.10/distutils/tests/test_unixccompiler.py'...
#7 206.5 Compiling '/usr/local/lib/python3.10/email/generator.py'...
#7 206.5 Compiling '/usr/local/lib/python3.10/encodings/big5hkscs.py'...
#7 206.5 Compiling '/usr/local/lib/python3.10/encodings/cp775.py'...
#7 206.5 Compiling '/usr/local/lib/python3.10/encodings/idna.py'...
#7 206.5 Compiling '/usr/local/lib/python3.10/encodings/mac_croatian.py'...
#7 206.5 Compiling '/usr/local/lib/python3.10/encodings/ptcp154.py'...
#7 206.5 Compiling '/usr/local/lib/python3.10/encodings/uu_codec.py'...
#7 206.5 Compiling '/usr/local/lib/python3.10/html/__init__.py'...
#7 206.5 Compiling '/usr/local/lib/python3.10/idlelib/config_key.py'...
#7 206.5 Compiling '/usr/local/lib/python3.10/idlelib/idle_test/htest.py'...
#7 206.5 Compiling '/usr/local/lib/python3.10/idlelib/idle_test/test_help_about.py'...
#7 206.5 Compiling '/usr/local/lib/python3.10/idlelib/idle_test/test_squeezer.py'...
#7 206.5 Compiling '/usr/local/lib/python3.10/idlelib/iomenu.py'...
#7 206.5 Compiling '/usr/local/lib/python3.10/idlelib/searchbase.py'...
#7 206.5 Compiling '/usr/local/lib/python3.10/importlib/machinery.py'...
#7 206.5 Compiling '/usr/local/lib/python3.10/importlib/metadata/_meta.py'...
#7 206.5 Compiling '/usr/local/lib/python3.10/lib2to3/__main__.py'...
#7 206.5 Compiling '/usr/local/lib/python3.10/lib2to3/fixes/fix_imports.py'...
#7 206.5 Compiling '/usr/local/lib/python3.10/lib2to3/fixes/fix_next.py'...
#7 206.5 Compiling '/usr/local/lib/python3.10/lib2to3/fixes/fix_print.py'...
#7 206.5 Compiling '/usr/local/lib/python3.10/lib2to3/tests/test_pytree.py'...
#7 206.5 Compiling '/usr/local/lib/python3.10/multiprocessing/queues.py'...
#7 206.5 Compiling '/usr/local/lib/python3.10/quopri.py'...
#7 206.5 Compiling '/usr/local/lib/python3.10/sqlite3/dbapi2.py'...
#7 206.5 Compiling '/usr/local/lib/python3.10/sunau.py'...
#7 206.5 Compiling '/usr/local/lib/python3.10/test/coding20731.py'...
#7 206.5 Compiling '/usr/local/lib/python3.10/test/future_test1.py'...
#7 206.5 Compiling '/usr/local/lib/python3.10/test/inspect_stringized_annotations_2.py'...
#7 206.5 Compiling '/usr/local/lib/python3.10/test/mapping_tests.py'...
#7 206.5 Compiling '/usr/local/lib/python3.10/test/support/testresult.py'...
#7 206.5 Compiling '/usr/local/lib/python3.10/test/test_abc.py'...
#7 206.5 Compiling '/usr/local/lib/python3.10/test/test_asyncio/test_sock_lowlevel.py'...
#7 206.5 Compiling '/usr/local/lib/python3.10/test/test_atexit.py'...
#7 206.5 Compiling '/usr/local/lib/python3.10/test/test_c_locale_coercion.py'...
#7 206.5 Compiling '/usr/local/lib/python3.10/test/test_call.py'...
#7 206.5 Compiling '/usr/local/lib/python3.10/test/test_code.py'...
#7 206.5 Compiling '/usr/local/lib/python3.10/test/test_concurrent_futures.py'...
#7 206.5 Compiling '/usr/local/lib/python3.10/test/test_email/test_utils.py'...
#7 206.5 Compiling '/usr/local/lib/python3.10/test/test_embed.py'...
#7 206.5 Compiling '/usr/local/lib/python3.10/test/test_getopt.py'...
#7 206.5 Compiling '/usr/local/lib/python3.10/test/test_httpservers.py'...
#7 206.5 Compiling '/usr/local/lib/python3.10/test/test_import/data/circular_imports/subpkg/util.py'...
#7 206.5 Compiling '/usr/local/lib/python3.10/test/test_importlib/data01/subdirectory/__init__.py'...
#7 206.5 Compiling '/usr/local/lib/python3.10/test/test_importlib/import_/__init__.py'...
#7 206.5 Compiling '/usr/local/lib/python3.10/test/test_importlib/test_read.py'...
#7 206.5 Compiling '/usr/local/lib/python3.10/test/test_importlib/zipdata02/__init__.py'...
#7 206.5 Compiling '/usr/local/lib/python3.10/test/test_json/test_float.py'...
#7 206.5 Compiling '/usr/local/lib/python3.10/test/test_lltrace.py'...
#7 206.5 Compiling '/usr/local/lib/python3.10/test/test_minidom.py'...
#7 206.5 Compiling '/usr/local/lib/python3.10/test/test_property.py'...
#7 206.5 Compiling '/usr/local/lib/python3.10/test/test_resource.py'...
#7 206.5 Compiling '/usr/local/lib/python3.10/test/test_sax.py'...
#7 206.5 Compiling '/usr/local/lib/python3.10/test/test_strptime.py'...
#7 206.5 Compiling '/usr/local/lib/python3.10/test/test_threading_local.py'...
#7 206.5 Compiling '/usr/local/lib/python3.10/test/test_tk.py'...
#7 206.5 Compiling '/usr/local/lib/python3.10/test/test_tools/__init__.py'...
#7 206.5 Compiling '/usr/local/lib/python3.10/test/test_tools/test_fixcid.py'...
#7 206.5 Compiling '/usr/local/lib/python3.10/test/test_tools/test_md5sum.py'...
#7 206.5 Compiling '/usr/local/lib/python3.10/test/test_ttk_guionly.py'...
#7 206.5 Compiling '/usr/local/lib/python3.10/test/test_types.py'...
#7 206.5 Compiling '/usr/local/lib/python3.10/tkinter/test/test_tkinter/test_loadtk.py'...
#7 206.5 Compiling '/usr/local/lib/python3.10/tkinter/test/test_tkinter/test_text.py'...
#7 206.5 Compiling '/usr/local/lib/python3.10/tkinter/tix.py'...
#7 206.5 Compiling '/usr/local/lib/python3.10/unittest/test/testmock/testmagicmethods.py'...
#7 206.5 Compiling '/usr/local/lib/python3.10/urllib/robotparser.py'...
#7 206.5 Compiling '/usr/local/lib/python3.10/wave.py'...
#7 206.5 Compiling '/usr/local/lib/python3.10/wsgiref/util.py'...
#7 206.5 Compiling '/usr/local/lib/python3.10/xml/dom/minidom.py'...
#7 206.5 Compiling '/usr/local/lib/python3.10/_pydecimal.py'...
#7 206.5 Compiling '/usr/local/lib/python3.10/distutils/tests/test_build_scripts.py'...
#7 206.5 Compiling '/usr/local/lib/python3.10/distutils/tests/test_util.py'...
#7 206.5 Compiling '/usr/local/lib/python3.10/email/mime/__init__.py'...
#7 206.5 Compiling '/usr/local/lib/python3.10/encodings/bz2_codec.py'...
#7 206.5 Compiling '/usr/local/lib/python3.10/encodings/cp852.py'...
#7 206.5 Compiling '/usr/local/lib/python3.10/encodings/iso8859_1.py'...
#7 206.5 Compiling '/usr/local/lib/python3.10/encodings/mac_turkish.py'...
#7 206.5 Compiling '/usr/local/lib/python3.10/encodings/utf_32_be.py'...
#7 206.5 Compiling '/usr/local/lib/python3.10/gettext.py'...
#7 206.5 Compiling '/usr/local/lib/python3.10/idlelib/debugger.py'...
#7 206.5 Compiling '/usr/local/lib/python3.10/idlelib/idle_test/template.py'...
#7 206.5 Compiling '/usr/local/lib/python3.10/idlelib/idle_test/test_searchbase.py'...
#7 206.5 Compiling '/usr/local/lib/python3.10/idlelib/redirector.py'...
#7 206.5 Compiling '/usr/local/lib/python3.10/idlelib/util.py'...
#7 206.5 Compiling '/usr/local/lib/python3.10/importlib/_abc.py'...
#7 206.5 Compiling '/usr/local/lib/python3.10/importlib/resources.py'...
#7 206.5 Compiling '/usr/local/lib/python3.10/lib2to3/fixes/fix_apply.py'...
#7 206.5 Compiling '/usr/local/lib/python3.10/lib2to3/fixes/fix_map.py'...
#7 206.5 Compiling '/usr/local/lib/python3.10/lib2to3/fixes/fix_xrange.py'...
#7 206.5 Compiling '/usr/local/lib/python3.10/locale.py'...
#7 206.5 Compiling '/usr/local/lib/python3.10/multiprocessing/shared_memory.py'...
#7 206.5 Compiling '/usr/local/lib/python3.10/posixpath.py'...
#7 206.5 Compiling '/usr/local/lib/python3.10/reprlib.py'...
#7 206.5 Compiling '/usr/local/lib/python3.10/sqlite3/test/dbapi.py'...
#7 206.5 Compiling '/usr/local/lib/python3.10/test/ann_module3.py'...
#7 206.5 Compiling '/usr/local/lib/python3.10/test/dataclass_module_2.py'...
#7 206.5 Compiling '/usr/local/lib/python3.10/test/libregrtest/main.py'...
#7 206.5 Compiling '/usr/local/lib/python3.10/test/pyclbr_input.py'...
#7 206.5 Compiling '/usr/local/lib/python3.10/test/support/logging_helper.py'...
#7 206.5 Compiling '/usr/local/lib/python3.10/test/test_ast.py'...
#7 206.5 Compiling '/usr/local/lib/python3.10/test/test_csv.py'...
#7 206.5 Compiling '/usr/local/lib/python3.10/test/test_email/test_asian_codecs.py'...
#7 206.5 Compiling '/usr/local/lib/python3.10/test/test_exception_hierarchy.py'...
#7 206.5 Compiling '/usr/local/lib/python3.10/test/test_fractions.py'...
#7 206.5 Compiling '/usr/local/lib/python3.10/test/test_glob.py'...
#7 206.5 Compiling '/usr/local/lib/python3.10/test/test_imghdr.py'...
#7 206.5 Compiling '/usr/local/lib/python3.10/test/test_import/data/circular_imports/source.py'...
#7 206.5 Compiling '/usr/local/lib/python3.10/test/test_importlib/builtin/__init__.py'...
#7 206.5 Compiling '/usr/local/lib/python3.10/test/test_importlib/extension/test_case_sensitivity.py'...
#7 206.5 Compiling '/usr/local/lib/python3.10/test/test_importlib/namespace_pkgs/module_and_namespace_package/a_test.py'...
#7 206.5 Compiling '/usr/local/lib/python3.10/test/test_importlib/test_files.py'...
#7 206.5 Compiling '/usr/local/lib/python3.10/test/test_interpreters.py'...
#7 206.5 Compiling '/usr/local/lib/python3.10/test/test_lzma.py'...
#7 206.5 Compiling '/usr/local/lib/python3.10/test/test_popen.py'...
#7 206.5 Compiling '/usr/local/lib/python3.10/test/test_posix.py'...
#7 206.5 Compiling '/usr/local/lib/python3.10/test/test_sundry.py'...
#7 206.5 Compiling '/usr/local/lib/python3.10/test/test_sys_setprofile.py'...
#7 206.5 Compiling '/usr/local/lib/python3.10/test/test_threading.py'...
#7 206.5 Compiling '/usr/local/lib/python3.10/test/test_unicodedata.py'...
#7 206.5 Compiling '/usr/local/lib/python3.10/test/test_utf8_mode.py'...
#7 206.5 Compiling '/usr/local/lib/python3.10/test/test_winconsoleio.py'...
#7 206.5 Compiling '/usr/local/lib/python3.10/test/test_zipapp.py'...
#7 206.5 Compiling '/usr/local/lib/python3.10/textwrap.py'...
#7 206.5 Compiling '/usr/local/lib/python3.10/tkinter/test/test_tkinter/test_font.py'...
#7 206.5 Compiling '/usr/local/lib/python3.10/tkinter/test/test_ttk/test_extensions.py'...
#7 206.5 Compiling '/usr/local/lib/python3.10/turtledemo/clock.py'...
#7 206.5 Compiling '/usr/local/lib/python3.10/unittest/__main__.py'...
#7 206.5 Compiling '/usr/local/lib/python3.10/unittest/main.py'...
#7 206.5 Compiling '/usr/local/lib/python3.10/unittest/test/test_break.py'...
#7 206.5 Compiling '/usr/local/lib/python3.10/unittest/test/test_setups.py'...
#7 206.5 Compiling '/usr/local/lib/python3.10/unittest/test/testmock/testsealable.py'...
#7 206.5 Compiling '/usr/local/lib/python3.10/urllib/request.py'...
#7 206.5 Compiling '/usr/local/lib/python3.10/_collections_abc.py'...
#7 206.5 Compiling '/usr/local/lib/python3.10/asyncio/selector_events.py'...
#7 206.5 Compiling '/usr/local/lib/python3.10/ctypes/macholib/__init__.py'...
#7 206.5 Compiling '/usr/local/lib/python3.10/ctypes/macholib/dylib.py'...
#7 206.5 Compiling '/usr/local/lib/python3.10/ctypes/test/test_anon.py'...
#7 206.5 Compiling '/usr/local/lib/python3.10/ctypes/test/test_byteswap.py'...
#7 206.5 Compiling '/usr/local/lib/python3.10/ctypes/test/test_incomplete.py'...
#7 206.5 Compiling '/usr/local/lib/python3.10/ctypes/test/test_pep3118.py'...
#7 206.5 Compiling '/usr/local/lib/python3.10/curses/ascii.py'...
#7 206.5 Compiling '/usr/local/lib/python3.10/distutils/command/build.py'...
#7 206.5 Compiling '/usr/local/lib/python3.10/distutils/command/install_lib.py'...
#7 206.5 Compiling '/usr/local/lib/python3.10/distutils/spawn.py'...
#7 206.5 Compiling '/usr/local/lib/python3.10/distutils/tests/test_check.py'...
#7 206.5 Compiling '/usr/local/lib/python3.10/distutils/tests/test_msvc9compiler.py'...
#7 206.5 Compiling '/usr/local/lib/python3.10/email/_policybase.py'...
#7 206.5 Compiling '/usr/local/lib/python3.10/email/policy.py'...
#7 206.5 Compiling '/usr/local/lib/python3.10/encodings/cp1257.py'...
#7 206.5 Compiling '/usr/local/lib/python3.10/encodings/euc_jisx0213.py'...
#7 206.5 Compiling '/usr/local/lib/python3.10/encodings/iso8859_3.py'...
#7 206.5 Compiling '/usr/local/lib/python3.10/encodings/iso8859_7.py'...
#7 206.5 Compiling '/usr/local/lib/python3.10/encodings/koi8_u.py'...
#7 206.5 Compiling '/usr/local/lib/python3.10/encodings/mac_iceland.py'...
#7 206.5 Compiling '/usr/local/lib/python3.10/encodings/utf_7.py'...
#7 206.5 Compiling '/usr/local/lib/python3.10/gzip.py'...
#7 206.5 Compiling '/usr/local/lib/python3.10/idlelib/debugger_r.py'...
#7 206.5 Compiling '/usr/local/lib/python3.10/idlelib/idle_test/mock_idle.py'...
#7 206.5 Compiling '/usr/local/lib/python3.10/idlelib/idle_test/test_pathbrowser.py'...
#7 206.5 Compiling '/usr/local/lib/python3.10/idlelib/idle_test/test_stackviewer.py'...
#7 206.5 Compiling '/usr/local/lib/python3.10/idlelib/multicall.py'...
#7 206.5 Compiling '/usr/local/lib/python3.10/imaplib.py'...
#7 206.5 Compiling '/usr/local/lib/python3.10/lib2to3/fixes/fix_except.py'...
#7 206.5 Compiling '/usr/local/lib/python3.10/lib2to3/fixes/fix_nonzero.py'...
#7 206.5 Compiling '/usr/local/lib/python3.10/multiprocessing/context.py'...
#7 206.5 Compiling '/usr/local/lib/python3.10/multiprocessing/sharedctypes.py'...
#7 206.5 Compiling '/usr/local/lib/python3.10/pkgutil.py'...
#7 206.5 Compiling '/usr/local/lib/python3.10/runpy.py'...
#7 206.5 Compiling '/usr/local/lib/python3.10/sqlite3/test/hooks.py'...
#7 206.5 Compiling '/usr/local/lib/python3.10/test/dtracedata/gc.py'...
#7 206.5 Compiling '/usr/local/lib/python3.10/test/libregrtest/__init__.py'...
#7 206.5 Compiling '/usr/local/lib/python3.10/test/profilee.py'...
#7 206.5 Compiling '/usr/local/lib/python3.10/test/support/hashlib_helper.py'...
#7 206.5 Compiling '/usr/local/lib/python3.10/test/test_array.py'...
#7 206.5 Compiling '/usr/local/lib/python3.10/test/test_audioop.py'...
#7 206.5 Compiling '/usr/local/lib/python3.10/test/test_cmd_line.py'...
#7 206.5 Compiling '/usr/local/lib/python3.10/test/test_context.py'...
#7 206.5 Compiling '/usr/local/lib/python3.10/test/test_defaultdict.py'...
#7 206.5 Compiling '/usr/local/lib/python3.10/test/test_doctest2.py'...
#7 206.5 Compiling '/usr/local/lib/python3.10/test/test_dynamicclassattribute.py'...
#7 206.5 Compiling '/usr/local/lib/python3.10/test/test_email/test_parser.py'...
#7 206.5 Compiling '/usr/local/lib/python3.10/test/test_file.py'...
#7 206.5 Compiling '/usr/local/lib/python3.10/test/test_gdb.py'...
#7 206.5 Compiling '/usr/local/lib/python3.10/test/test_htmlparser.py'...
#7 206.5 Compiling '/usr/local/lib/python3.10/test/test_import/data/package2/submodule1.py'...
#7 206.5 Compiling '/usr/local/lib/python3.10/test/test_importlib/import_/test_meta_path.py'...
#7 206.5 Compiling '/usr/local/lib/python3.10/test/test_importlib/source/__main__.py'...
#7 206.5 Compiling '/usr/local/lib/python3.10/test/test_importlib/source/test_finder.py'...
#7 206.5 Compiling '/usr/local/lib/python3.10/test/test_importlib/zipdata01/__init__.py'...
#7 206.5 Compiling '/usr/local/lib/python3.10/test/test_iter.py'...
#7 206.5 Compiling '/usr/local/lib/python3.10/test/test_json/test_tool.py'...
#7 206.5 Compiling '/usr/local/lib/python3.10/test/test_opcache.py'...
#7 206.5 Compiling '/usr/local/lib/python3.10/test/test_os.py'...
#7 206.5 Compiling '/usr/local/lib/python3.10/test/test_unicode.py'...
#7 206.5 Compiling '/usr/local/lib/python3.10/tkinter/test/support.py'...
#7 206.5 Compiling '/usr/local/lib/python3.10/trace.py'...
#7 206.5 Compiling '/usr/local/lib/python3.10/turtledemo/peace.py'...
#7 206.5 Compiling '/usr/local/lib/python3.10/turtledemo/two_canvases.py'...
#7 206.5 Compiling '/usr/local/lib/python3.10/unittest/case.py'...
#7 206.5 Compiling '/usr/local/lib/python3.10/urllib/error.py'...
#7 206.5 Compiling '/usr/local/lib/python3.10/uu.py'...
#7 206.5 Compiling '/usr/local/lib/python3.10/venv/__main__.py'...
#7 206.5 Compiling '/usr/local/lib/python3.10/warnings.py'...
#7 206.5 Compiling '/usr/local/lib/python3.10/xml/dom/__init__.py'...
#7 206.5 Compiling '/usr/local/lib/python3.10/xml/etree/ElementPath.py'...
#7 206.5 Compiling '/usr/local/lib/python3.10/zipfile.py'...
#7 206.5 Compiling '/usr/local/lib/python3.10/antigravity.py'...
#7 206.5 Compiling '/usr/local/lib/python3.10/asyncio/runners.py'...
#7 206.5 Compiling '/usr/local/lib/python3.10/asyncio/windows_utils.py'...
#7 206.5 Compiling '/usr/local/lib/python3.10/cmd.py'...
#7 206.5 Compiling '/usr/local/lib/python3.10/concurrent/futures/thread.py'...
#7 206.5 Compiling '/usr/local/lib/python3.10/ctypes/test/__main__.py'...
#7 206.5 Compiling '/usr/local/lib/python3.10/ctypes/test/test_array_in_pointer.py'...
#7 206.5 Compiling '/usr/local/lib/python3.10/ctypes/test/test_callbacks.py'...
#7 206.5 Compiling '/usr/local/lib/python3.10/ctypes/test/test_pickling.py'...
#7 206.5 Compiling '/usr/local/lib/python3.10/ctypes/test/test_structures.py'...
#7 206.5 Compiling '/usr/local/lib/python3.10/distutils/log.py'...
#7 206.5 Compiling '/usr/local/lib/python3.10/distutils/tests/test_cmd.py'...
#7 206.5 Compiling '/usr/local/lib/python3.10/distutils/tests/test_install_scripts.py'...
#7 206.5 Compiling '/usr/local/lib/python3.10/email/_encoded_words.py'...
#7 206.5 Compiling '/usr/local/lib/python3.10/email/mime/nonmultipart.py'...
#7 206.5 Compiling '/usr/local/lib/python3.10/encodings/cp1253.py'...
#7 206.5 Compiling '/usr/local/lib/python3.10/encodings/cp875.py'...
#7 206.5 Compiling '/usr/local/lib/python3.10/encodings/iso2022_jp_3.py'...
#7 206.5 Compiling '/usr/local/lib/python3.10/encodings/latin_1.py'...
#7 206.5 Compiling '/usr/local/lib/python3.10/encodings/mac_greek.py'...
#7 206.5 Compiling '/usr/local/lib/python3.10/encodings/utf_8_sig.py'...
#7 206.5 Compiling '/usr/local/lib/python3.10/html/parser.py'...
#7 206.5 Compiling '/usr/local/lib/python3.10/idlelib/editor.py'...
#7 206.5 Compiling '/usr/local/lib/python3.10/idlelib/idle_test/test_grep.py'...
#7 206.5 Compiling '/usr/local/lib/python3.10/idlelib/idle_test/test_text.py'...
#7 206.5 Compiling '/usr/local/lib/python3.10/idlelib/searchengine.py'...
#7 206.5 Compiling '/usr/local/lib/python3.10/importlib/_bootstrap.py'...
#7 206.5 Compiling '/usr/local/lib/python3.10/ipaddress.py'...
#7 206.5 Compiling '/usr/local/lib/python3.10/lib2to3/fixes/fix_isinstance.py'...
#7 206.5 Compiling '/usr/local/lib/python3.10/lib2to3/fixes/fix_urllib.py'...
#7 206.5 Compiling '/usr/local/lib/python3.10/mailbox.py'...
#7 206.5 Compiling '/usr/local/lib/python3.10/pydoc_data/__init__.py'...
#7 206.5 Compiling '/usr/local/lib/python3.10/signal.py'...
#7 206.5 Compiling '/usr/local/lib/python3.10/sqlite3/test/userfunctions.py'...
#7 206.5 Compiling '/usr/local/lib/python3.10/tarfile.py'...
#7 206.5 Compiling '/usr/local/lib/python3.10/test/future_test2.py'...
#7 206.5 Compiling '/usr/local/lib/python3.10/test/sample_doctest.py'...
#7 206.5 Compiling '/usr/local/lib/python3.10/test/signalinterproctester.py'...
#7 206.5 Compiling '/usr/local/lib/python3.10/test/support/bytecode_helper.py'...
#7 206.5 Compiling '/usr/local/lib/python3.10/test/test_argparse.py'...
#7 206.5 Compiling '/usr/local/lib/python3.10/test/test_enumerate.py'...
#7 206.5 Compiling '/usr/local/lib/python3.10/test/test_functools.py'...
#7 206.5 Compiling '/usr/local/lib/python3.10/test/test_importlib/import_/test___loader__.py'...
#7 206.5 Compiling '/usr/local/lib/python3.10/test/test_importlib/import_/test_path.py'...
#7 206.5 Compiling '/usr/local/lib/python3.10/test/test_importlib/test_windows.py'...
#7 206.5 Compiling '/usr/local/lib/python3.10/test/test_json/test_enum.py'...
#7 206.5 Compiling '/usr/local/lib/python3.10/test/test_list.py'...
#7 206.5 Compiling '/usr/local/lib/python3.10/test/test_multiprocessing_fork.py'...
#7 206.5 Compiling '/usr/local/lib/python3.10/test/test_osx_env.py'...
#7 206.5 Compiling '/usr/local/lib/python3.10/test/test_peg_generator/test_pegen.py'...
#7 206.5 Compiling '/usr/local/lib/python3.10/test/test_positional_only_arg.py'...
#7 206.5 Compiling '/usr/local/lib/python3.10/test/test_py_compile.py'...
#7 206.5 Compiling '/usr/local/lib/python3.10/test/test_repl.py'...
#7 206.5 Compiling '/usr/local/lib/python3.10/test/test_rlcompleter.py'...
#7 206.5 Compiling '/usr/local/lib/python3.10/test/test_secrets.py'...
#7 206.5 Compiling '/usr/local/lib/python3.10/test/test_startfile.py'...
#7 206.5 Compiling '/usr/local/lib/python3.10/test/test_support.py'...
#7 206.5 Compiling '/usr/local/lib/python3.10/test/test_timeout.py'...
#7 206.5 Compiling '/usr/local/lib/python3.10/test/test_tools/__main__.py'...
#7 206.5 Compiling '/usr/local/lib/python3.10/test/test_tools/test_gprof2html.py'...
#7 206.5 Compiling '/usr/local/lib/python3.10/test/test_tools/test_lll.py'...
#7 206.5 Compiling '/usr/local/lib/python3.10/test/test_tools/test_sundry.py'...
#7 206.5 Compiling '/usr/local/lib/python3.10/test/test_typing.py'...
#7 206.5 Listing '/usr/local/lib/python3.10/xml/parsers'...
#7 206.5 Listing '/usr/local/lib/python3.10/xml/sax'...
#7 206.5 Listing '/usr/local/lib/python3.10/xmlrpc'...
#7 206.5 Listing '/usr/local/lib/python3.10/zoneinfo'...
#7 206.5 PYTHONPATH=/usr/local/lib/python3.10  \
#7 206.5 	./python -E -Wi -OO /usr/local/lib/python3.10/compileall.py \
#7 206.5 	-j0 -d /usr/local/lib/python3.10 -f \
#7 206.5 	-x 'bad_coding|badsyntax|site-packages|lib2to3/tests/data' \
#7 206.5 	/usr/local/lib/python3.10
#7 206.7 Listing '/usr/local/lib/python3.10'...
#7 207.1 Listing '/usr/local/lib/python3.10/asyncio'...
#7 207.1 Listing '/usr/local/lib/python3.10/collections'...
#7 207.1 Listing '/usr/local/lib/python3.10/concurrent'...
#7 207.1 Listing '/usr/local/lib/python3.10/concurrent/futures'...
#7 207.1 Listing '/usr/local/lib/python3.10/ctypes'...
#7 207.1 Listing '/usr/local/lib/python3.10/ctypes/macholib'...
#7 207.1 Listing '/usr/local/lib/python3.10/ctypes/test'...
#7 207.1 Listing '/usr/local/lib/python3.10/curses'...
#7 207.1 Listing '/usr/local/lib/python3.10/dbm'...
#7 207.1 Listing '/usr/local/lib/python3.10/distutils'...
#7 207.1 Listing '/usr/local/lib/python3.10/distutils/command'...
#7 207.1 Listing '/usr/local/lib/python3.10/distutils/tests'...
#7 207.1 Listing '/usr/local/lib/python3.10/email'...
#7 207.1 Listing '/usr/local/lib/python3.10/email/mime'...
#7 207.1 Listing '/usr/local/lib/python3.10/encodings'...
#7 207.1 Listing '/usr/local/lib/python3.10/ensurepip'...
#7 207.1 Listing '/usr/local/lib/python3.10/ensurepip/_bundled'...
#7 207.1 Listing '/usr/local/lib/python3.10/html'...
#7 207.1 Listing '/usr/local/lib/python3.10/http'...
#7 207.1 Listing '/usr/local/lib/python3.10/idlelib'...
#7 207.1 Listing '/usr/local/lib/python3.10/idlelib/Icons'...
#7 207.1 Listing '/usr/local/lib/python3.10/idlelib/idle_test'...
#7 207.1 Listing '/usr/local/lib/python3.10/importlib'...
#7 207.1 Listing '/usr/local/lib/python3.10/importlib/metadata'...
#7 207.1 Listing '/usr/local/lib/python3.10/json'...
#7 207.1 Listing '/usr/local/lib/python3.10/lib2to3'...
#7 207.1 Listing '/usr/local/lib/python3.10/lib2to3/fixes'...
#7 207.1 Listing '/usr/local/lib/python3.10/lib2to3/pgen2'...
#7 207.1 Listing '/usr/local/lib/python3.10/lib2to3/tests'...
#7 207.1 Listing '/usr/local/lib/python3.10/lib2to3/tests/data'...
#7 207.1 Listing '/usr/local/lib/python3.10/lib2to3/tests/data/fixers'...
#7 207.1 Listing '/usr/local/lib/python3.10/lib2to3/tests/data/fixers/myfixes'...
#7 207.1 Listing '/usr/local/lib/python3.10/logging'...
#7 207.1 Listing '/usr/local/lib/python3.10/multiprocessing'...
#7 207.1 Listing '/usr/local/lib/python3.10/multiprocessing/dummy'...
#7 207.1 Listing '/usr/local/lib/python3.10/pydoc_data'...
#7 207.1 Listing '/usr/local/lib/python3.10/site-packages'...
#7 207.1 Listing '/usr/local/lib/python3.10/sqlite3'...
#7 207.1 Listing '/usr/local/lib/python3.10/sqlite3/test'...
#7 207.1 Listing '/usr/local/lib/python3.10/test'...
#7 207.1 Listing '/usr/local/lib/python3.10/test/audiodata'...
#7 207.1 Listing '/usr/local/lib/python3.10/test/capath'...
#7 207.1 Listing '/usr/local/lib/python3.10/test/cjkencodings'...
#7 207.1 Listing '/usr/local/lib/python3.10/test/data'...
#7 207.1 Listing '/usr/local/lib/python3.10/test/decimaltestdata'...
#7 207.1 Listing '/usr/local/lib/python3.10/test/dtracedata'...
#7 207.1 Listing '/usr/local/lib/python3.10/test/encoded_modules'...
#7 207.1 Listing '/usr/local/lib/python3.10/test/imghdrdata'...
#7 207.1 Listing '/usr/local/lib/python3.10/test/libregrtest'...
#7 207.1 Listing '/usr/local/lib/python3.10/test/sndhdrdata'...
#7 207.1 Listing '/usr/local/lib/python3.10/test/subprocessdata'...
#7 207.1 Listing '/usr/local/lib/python3.10/test/support'...
#7 207.1 Listing '/usr/local/lib/python3.10/test/test_asyncio'...
#7 207.1 Listing '/usr/local/lib/python3.10/test/test_email'...
#7 207.1 Listing '/usr/local/lib/python3.10/test/test_email/data'...
#7 207.1 Listing '/usr/local/lib/python3.10/test/test_import'...
#7 207.1 Listing '/usr/local/lib/python3.10/test/test_import/data'...
#7 207.1 Listing '/usr/local/lib/python3.10/test/test_import/data/circular_imports'...
#7 207.1 Listing '/usr/local/lib/python3.10/test/test_import/data/circular_imports/subpkg'...
#7 207.1 Listing '/usr/local/lib/python3.10/test/test_import/data/package'...
#7 207.1 Listing '/usr/local/lib/python3.10/test/test_import/data/package2'...
#7 207.1 Listing '/usr/local/lib/python3.10/test/test_import/data/unwritable'...
#7 207.1 Listing '/usr/local/lib/python3.10/test/test_importlib'...
#7 207.1 Listing '/usr/local/lib/python3.10/test/test_importlib/builtin'...
#7 207.1 Listing '/usr/local/lib/python3.10/test/test_importlib/data'...
#7 207.1 Listing '/usr/local/lib/python3.10/test/test_importlib/data01'...
#7 207.1 Listing '/usr/local/lib/python3.10/test/test_importlib/data01/subdirectory'...
#7 207.1 Listing '/usr/local/lib/python3.10/test/test_importlib/data02'...
#7 207.1 Listing '/usr/local/lib/python3.10/test/test_importlib/data02/one'...
#7 207.1 Listing '/usr/local/lib/python3.10/test/test_importlib/data02/two'...
#7 207.1 Listing '/usr/local/lib/python3.10/test/test_importlib/data03'...
#7 207.1 Listing '/usr/local/lib/python3.10/test/test_importlib/data03/namespace'...
#7 207.1 Listing '/usr/local/lib/python3.10/test/test_importlib/data03/namespace/portion1'...
#7 207.1 Listing '/usr/local/lib/python3.10/test/test_importlib/data03/namespace/portion2'...
#7 207.1 Listing '/usr/local/lib/python3.10/test/test_importlib/extension'...
#7 207.1 Listing '/usr/local/lib/python3.10/test/test_importlib/frozen'...
#7 207.1 Listing '/usr/local/lib/python3.10/test/test_importlib/import_'...
#7 207.1 Listing '/usr/local/lib/python3.10/test/test_importlib/namespace_pkgs'...
#7 207.1 Listing '/usr/local/lib/python3.10/test/test_importlib/namespace_pkgs/both_portions'...
#7 207.1 Listing '/usr/local/lib/python3.10/test/test_importlib/namespace_pkgs/both_portions/foo'...
#7 207.1 Listing '/usr/local/lib/python3.10/test/test_importlib/namespace_pkgs/module_and_namespace_package'...
#7 207.1 Listing '/usr/local/lib/python3.10/test/test_importlib/namespace_pkgs/module_and_namespace_package/a_test'...
#7 207.1 Listing '/usr/local/lib/python3.10/test/test_importlib/namespace_pkgs/not_a_namespace_pkg'...
#7 207.1 Listing '/usr/local/lib/python3.10/test/test_importlib/namespace_pkgs/not_a_namespace_pkg/foo'...
#7 207.1 Listing '/usr/local/lib/python3.10/test/test_importlib/namespace_pkgs/portion1'...
#7 207.1 Listing '/usr/local/lib/python3.10/test/test_importlib/namespace_pkgs/portion1/foo'...
#7 207.1 Listing '/usr/local/lib/python3.10/test/test_importlib/namespace_pkgs/portion2'...
#7 207.1 Listing '/usr/local/lib/python3.10/test/test_importlib/namespace_pkgs/portion2/foo'...
#7 207.1 Listing '/usr/local/lib/python3.10/test/test_importlib/namespace_pkgs/project1'...
#7 207.1 Listing '/usr/local/lib/python3.10/test/test_importlib/namespace_pkgs/project1/parent'...
#7 207.1 Listing '/usr/local/lib/python3.10/test/test_importlib/namespace_pkgs/project1/parent/child'...
#7 207.1 Listing '/usr/local/lib/python3.10/test/test_importlib/namespace_pkgs/project2'...
#7 207.1 Listing '/usr/local/lib/python3.10/test/test_importlib/namespace_pkgs/project2/parent'...
#7 207.1 Listing '/usr/local/lib/python3.10/test/test_importlib/namespace_pkgs/project2/parent/child'...
#7 207.1 Listing '/usr/local/lib/python3.10/test/test_importlib/namespace_pkgs/project3'...
#7 207.1 Listing '/usr/local/lib/python3.10/test/test_importlib/namespace_pkgs/project3/parent'...
#7 207.1 Listing '/usr/local/lib/python3.10/test/test_importlib/namespace_pkgs/project3/parent/child'...
#7 207.1 Listing '/usr/local/lib/python3.10/test/test_importlib/namespacedata01'...
#7 207.1 Listing '/usr/local/lib/python3.10/test/test_importlib/partial'...
#7 207.1 Listing '/usr/local/lib/python3.10/test/test_importlib/source'...
#7 207.1 Listing '/usr/local/lib/python3.10/test/test_importlib/zipdata01'...
#7 207.1 Listing '/usr/local/lib/python3.10/test/test_importlib/zipdata02'...
#7 207.1 Listing '/usr/local/lib/python3.10/test/test_json'...
#7 207.1 Listing '/usr/local/lib/python3.10/test/test_peg_generator'...
#7 207.1 Listing '/usr/local/lib/python3.10/test/test_tools'...
#7 207.1 Listing '/usr/local/lib/python3.10/test/test_warnings'...
#7 207.1 Listing '/usr/local/lib/python3.10/test/test_warnings/data'...
#7 207.1 Listing '/usr/local/lib/python3.10/test/test_zoneinfo'...
#7 207.1 Listing '/usr/local/lib/python3.10/test/test_zoneinfo/data'...
#7 207.1 Listing '/usr/local/lib/python3.10/test/tracedmodules'...
#7 207.1 Listing '/usr/local/lib/python3.10/test/typinganndata'...
#7 207.1 Listing '/usr/local/lib/python3.10/test/xmltestdata'...
#7 207.1 Listing '/usr/local/lib/python3.10/test/xmltestdata/c14n-20'...
#7 207.1 Listing '/usr/local/lib/python3.10/test/ziptestdata'...
#7 207.1 Listing '/usr/local/lib/python3.10/tkinter'...
#7 207.1 Listing '/usr/local/lib/python3.10/tkinter/test'...
#7 207.1 Listing '/usr/local/lib/python3.10/tkinter/test/test_tkinter'...
#7 207.1 Listing '/usr/local/lib/python3.10/tkinter/test/test_ttk'...
#7 207.1 Listing '/usr/local/lib/python3.10/turtledemo'...
#7 207.1 Listing '/usr/local/lib/python3.10/unittest'...
#7 207.1 Listing '/usr/local/lib/python3.10/unittest/test'...
#7 207.1 Listing '/usr/local/lib/python3.10/unittest/test/testmock'...
#7 207.1 Listing '/usr/local/lib/python3.10/urllib'...
#7 207.1 Listing '/usr/local/lib/python3.10/venv'...
#7 207.1 Listing '/usr/local/lib/python3.10/venv/scripts'...
#7 207.1 Listing '/usr/local/lib/python3.10/venv/scripts/common'...
#7 207.1 Listing '/usr/local/lib/python3.10/venv/scripts/posix'...
#7 207.1 Listing '/usr/local/lib/python3.10/wsgiref'...
#7 207.1 Listing '/usr/local/lib/python3.10/xml'...
#7 207.1 Listing '/usr/local/lib/python3.10/xml/dom'...
#7 207.1 Listing '/usr/local/lib/python3.10/xml/etree'...
#7 207.3 Compiling '/usr/local/lib/python3.10/abc.py'...
#7 207.3 Compiling '/usr/local/lib/python3.10/asyncio/base_subprocess.py'...
#7 207.3 Compiling '/usr/local/lib/python3.10/cProfile.py'...
#7 207.3 Compiling '/usr/local/lib/python3.10/collections/__init__.py'...
#7 207.3 Compiling '/usr/local/lib/python3.10/ctypes/test/test_repr.py'...
#7 207.3 Compiling '/usr/local/lib/python3.10/ctypes/test/test_structures.py'...
#7 207.3 Compiling '/usr/local/lib/python3.10/distutils/command/install_egg_info.py'...
#7 207.3 Compiling '/usr/local/lib/python3.10/distutils/tests/test_bdist_msi.py'...
#7 207.3 Compiling '/usr/local/lib/python3.10/distutils/tests/test_filelist.py'...
#7 207.3 Compiling '/usr/local/lib/python3.10/distutils/unixccompiler.py'...
#7 207.3 Compiling '/usr/local/lib/python3.10/email/headerregistry.py'...
#7 207.3 Compiling '/usr/local/lib/python3.10/encodings/cp437.py'...
#7 207.3 Compiling '/usr/local/lib/python3.10/encodings/gb18030.py'...
#7 207.3 Compiling '/usr/local/lib/python3.10/encodings/mac_latin2.py'...
#7 207.3 Compiling '/usr/local/lib/python3.10/encodings/utf_7.py'...
#7 207.3 Compiling '/usr/local/lib/python3.10/gzip.py'...
#7 207.3 Compiling '/usr/local/lib/python3.10/idlelib/config.py'...
#7 207.3 Compiling '/usr/local/lib/python3.10/idlelib/idle_test/test_debugger_r.py'...
#7 207.3 Compiling '/usr/local/lib/python3.10/idlelib/idle_test/test_multicall.py'...
#7 207.3 Compiling '/usr/local/lib/python3.10/idlelib/idle_test/test_textview.py'...
#7 207.3 Compiling '/usr/local/lib/python3.10/idlelib/rpc.py'...
#7 207.3 Compiling '/usr/local/lib/python3.10/importlib/_bootstrap_external.py'...
#7 207.3 Compiling '/usr/local/lib/python3.10/lib2to3/fixes/fix_exec.py'...
#7 207.3 Compiling '/usr/local/lib/python3.10/lib2to3/fixes/fix_nonzero.py'...
#7 207.3 Compiling '/usr/local/lib/python3.10/lib2to3/fixes/fix_paren.py'...
#7 207.3 Compiling '/usr/local/lib/python3.10/lib2to3/pgen2/conv.py'...
#7 207.3 Compiling '/usr/local/lib/python3.10/multiprocessing/dummy/__init__.py'...
#7 207.3 Compiling '/usr/local/lib/python3.10/multiprocessing/popen_spawn_win32.py'...
#7 207.3 Compiling '/usr/local/lib/python3.10/opcode.py'...
#7 207.3 Compiling '/usr/local/lib/python3.10/secrets.py'...
#7 207.3 Compiling '/usr/local/lib/python3.10/shutil.py'...
#7 207.3 Compiling '/usr/local/lib/python3.10/test/ann_module6.py'...
#7 207.3 Compiling '/usr/local/lib/python3.10/test/datetimetester.py'...
#7 207.3 Compiling '/usr/local/lib/python3.10/test/libregrtest/runtest_mp.py'...
#7 207.3 Compiling '/usr/local/lib/python3.10/test/support/__init__.py'...
#7 207.3 Compiling '/usr/local/lib/python3.10/test/test_asyncio/test_tasks.py'...
#7 207.3 Compiling '/usr/local/lib/python3.10/test/test_dis.py'...
#7 207.3 Compiling '/usr/local/lib/python3.10/test/test_exception_variations.py'...
#7 207.3 Compiling '/usr/local/lib/python3.10/test/test_float.py'...
#7 207.3 Compiling '/usr/local/lib/python3.10/test/test_import/data/circular_imports/rebinding.py'...
#7 207.3 Compiling '/usr/local/lib/python3.10/test/test_importlib/__main__.py'...
#7 207.3 Compiling '/usr/local/lib/python3.10/test/test_importlib/data03/namespace/portion2/__init__.py'...
#7 207.3 Compiling '/usr/local/lib/python3.10/test/test_importlib/namespace_pkgs/both_portions/foo/one.py'...
#7 207.3 Compiling '/usr/local/lib/python3.10/test/test_importlib/source/test_file_loader.py'...
#7 207.3 Compiling '/usr/local/lib/python3.10/test/test_longexp.py'...
#7 207.3 Compiling '/usr/local/lib/python3.10/test/test_module.py'...
#7 207.3 Compiling '/usr/local/lib/python3.10/test/test_opcodes.py'...
#7 207.3 Compiling '/usr/local/lib/python3.10/test/test_ossaudiodev.py'...
#7 207.3 Compiling '/usr/local/lib/python3.10/test/test_peg_generator/test_pegen.py'...
#7 207.3 Compiling '/usr/local/lib/python3.10/test/test_pow.py'...
#7 207.3 Compiling '/usr/local/lib/python3.10/test/test_property.py'...
#7 207.3 Compiling '/usr/local/lib/python3.10/test/test_quopri.py'...
#7 207.3 Compiling '/usr/local/lib/python3.10/test/test_random.py'...
#7 207.3 Compiling '/usr/local/lib/python3.10/test/test_socket.py'...
#7 207.3 Compiling '/usr/local/lib/python3.10/webbrowser.py'...
#7 207.3 Compiling '/usr/local/lib/python3.10/xml/parsers/__init__.py'...
#7 207.3 Compiling '/usr/local/lib/python3.10/__future__.py'...
#7 207.3 Compiling '/usr/local/lib/python3.10/asyncio/coroutines.py'...
#7 207.3 Compiling '/usr/local/lib/python3.10/asyncio/tasks.py'...
#7 207.3 Compiling '/usr/local/lib/python3.10/collections/abc.py'...
#7 207.3 Compiling '/usr/local/lib/python3.10/ctypes/test/test_funcptr.py'...
#7 207.3 Compiling '/usr/local/lib/python3.10/ctypes/wintypes.py'...
#7 207.3 Compiling '/usr/local/lib/python3.10/distutils/command/bdist_msi.py'...
#7 207.3 Compiling '/usr/local/lib/python3.10/distutils/tests/test_log.py'...
#7 207.3 Compiling '/usr/local/lib/python3.10/distutils/tests/test_spawn.py'...
#7 207.3 Compiling '/usr/local/lib/python3.10/email/mime/__init__.py'...
#7 207.3 Compiling '/usr/local/lib/python3.10/email/mime/multipart.py'...
#7 207.3 Compiling '/usr/local/lib/python3.10/encodings/big5.py'...
#7 207.3 Compiling '/usr/local/lib/python3.10/encodings/cp1140.py'...
#7 207.3 Compiling '/usr/local/lib/python3.10/encodings/cp950.py'...
#7 207.3 Compiling '/usr/local/lib/python3.10/encodings/iso2022_jp.py'...
#7 207.3 Compiling '/usr/local/lib/python3.10/encodings/koi8_r.py'...
#7 207.3 Compiling '/usr/local/lib/python3.10/encodings/shift_jis_2004.py'...
#7 207.3 Compiling '/usr/local/lib/python3.10/fileinput.py'...
#7 207.3 Compiling '/usr/local/lib/python3.10/idlelib/__main__.py'...
#7 207.3 Compiling '/usr/local/lib/python3.10/idlelib/filelist.py'...
#7 207.3 Compiling '/usr/local/lib/python3.10/idlelib/idle_test/test_config.py'...
#7 207.3 Compiling '/usr/local/lib/python3.10/idlelib/idle_test/test_mainmenu.py'...
#7 207.3 Compiling '/usr/local/lib/python3.10/idlelib/idle_test/test_parenmatch.py'...
#7 207.3 Compiling '/usr/local/lib/python3.10/idlelib/idle_test/test_tree.py'...
#7 207.3 Compiling '/usr/local/lib/python3.10/idlelib/zzdummy.py'...
#7 207.3 Compiling '/usr/local/lib/python3.10/importlib/util.py'...
#7 207.3 Compiling '/usr/local/lib/python3.10/lib2to3/fixes/fix_except.py'...
#7 207.3 Compiling '/usr/local/lib/python3.10/lib2to3/fixes/fix_numliterals.py'...
#7 207.3 Compiling '/usr/local/lib/python3.10/lib2to3/main.py'...
#7 207.3 Compiling '/usr/local/lib/python3.10/multiprocessing/resource_tracker.py'...
#7 207.3 Compiling '/usr/local/lib/python3.10/poplib.py'...
#7 207.3 Compiling '/usr/local/lib/python3.10/re.py'...
#7 207.3 Compiling '/usr/local/lib/python3.10/selectors.py'...
#7 207.3 Compiling '/usr/local/lib/python3.10/struct.py'...
#7 207.3 Compiling '/usr/local/lib/python3.10/sunau.py'...
#7 207.3 Compiling '/usr/local/lib/python3.10/test/audit-tests.py'...
#7 207.3 Compiling '/usr/local/lib/python3.10/test/dataclass_module_2_str.py'...
#7 207.3 Compiling '/usr/local/lib/python3.10/test/mp_preload.py'...
#7 207.3 Compiling '/usr/local/lib/python3.10/test/profilee.py'...
#7 207.3 Compiling '/usr/local/lib/python3.10/test/test_ast.py'...
#7 207.3 Compiling '/usr/local/lib/python3.10/test/test_doctest2.py'...
#7 207.3 Compiling '/usr/local/lib/python3.10/test/test_email/test_parser.py'...
#7 207.3 Compiling '/usr/local/lib/python3.10/test/test_errno.py'...
#7 207.3 Compiling '/usr/local/lib/python3.10/test/test_file.py'...
#7 207.3 Compiling '/usr/local/lib/python3.10/test/test_fractions.py'...
#7 207.3 Compiling '/usr/local/lib/python3.10/test/test_hash.py'...
#7 207.3 Compiling '/usr/local/lib/python3.10/test/test_import/data/circular_imports/basic.py'...
#7 207.3 Compiling '/usr/local/lib/python3.10/test/test_import/data/circular_imports/from_cycle2.py'...
#7 207.3 Compiling '/usr/local/lib/python3.10/test/test_import/data/package2/submodule1.py'...
#7 207.3 Compiling '/usr/local/lib/python3.10/test/test_importlib/import_/test_fromlist.py'...
#7 207.3 Compiling '/usr/local/lib/python3.10/test/test_importlib/test_pkg_import.py'...
#7 207.3 Compiling '/usr/local/lib/python3.10/test/test_int_literal.py'...
#7 207.3 Compiling '/usr/local/lib/python3.10/test/test_json/test_indent.py'...
#7 207.3 Compiling '/usr/local/lib/python3.10/test/test_listcomps.py'...
#7 207.3 Compiling '/usr/local/lib/python3.10/test/test_mailcap.py'...
#7 207.3 Compiling '/usr/local/lib/python3.10/test/test_multibytecodec.py'...
#7 207.3 Compiling '/usr/local/lib/python3.10/test/test_pdb.py'...
#7 207.3 Compiling '/usr/local/lib/python3.10/test/test_popen.py'...
#7 207.3 Compiling '/usr/local/lib/python3.10/test/test_posix.py'...
#7 207.3 Compiling '/usr/local/lib/python3.10/test/test_strptime.py'...
#7 207.3 Compiling '/usr/local/lib/python3.10/test/test_telnetlib.py'...
#7 207.3 Compiling '/usr/local/lib/python3.10/test/test_timeout.py'...
#7 207.3 Compiling '/usr/local/lib/python3.10/test/test_tools/test_fixcid.py'...
#7 207.3 Compiling '/usr/local/lib/python3.10/test/test_traceback.py'...
#7 207.3 Compiling '/usr/local/lib/python3.10/test/test_wsgiref.py'...
#7 207.3 Compiling '/usr/local/lib/python3.10/test/testcodec.py'...
#7 207.3 Compiling '/usr/local/lib/python3.10/test/ziptestdata/testdata_module_inside_zip.py'...
#7 207.3 Compiling '/usr/local/lib/python3.10/tkinter/__main__.py'...
#7 207.3 Compiling '/usr/local/lib/python3.10/tkinter/constants.py'...
#7 207.3 Compiling '/usr/local/lib/python3.10/tkinter/messagebox.py'...
#7 207.3 Compiling '/usr/local/lib/python3.10/tkinter/test/test_tkinter/test_geometry_managers.py'...
#7 207.3 Compiling '/usr/local/lib/python3.10/unittest/test/test_case.py'...
#7 207.3 Compiling '/usr/local/lib/python3.10/xml/sax/xmlreader.py'...
#7 207.3 Compiling '/usr/local/lib/python3.10/_pydecimal.py'...
#7 207.3 Compiling '/usr/local/lib/python3.10/ctypes/test/test_win32.py'...
#7 207.3 Compiling '/usr/local/lib/python3.10/distutils/command/bdist_rpm.py'...
#7 207.3 Compiling '/usr/local/lib/python3.10/distutils/tests/__init__.py'...
#7 207.3 Compiling '/usr/local/lib/python3.10/distutils/tests/test_build_ext.py'...
#7 207.3 Compiling '/usr/local/lib/python3.10/distutils/version.py'...
#7 207.3 Compiling '/usr/local/lib/python3.10/email/encoders.py'...
#7 207.3 Compiling '/usr/local/lib/python3.10/email/mime/message.py'...
#7 207.3 Compiling '/usr/local/lib/python3.10/encodings/cp1026.py'...
#7 207.3 Compiling '/usr/local/lib/python3.10/encodings/cp857.py'...
#7 207.3 Compiling '/usr/local/lib/python3.10/encodings/iso8859_11.py'...
#7 207.3 Compiling '/usr/local/lib/python3.10/encodings/mac_greek.py'...
#7 207.3 Compiling '/usr/local/lib/python3.10/encodings/utf_32_be.py'...
#7 207.3 Compiling '/usr/local/lib/python3.10/gettext.py'...
#7 207.3 Compiling '/usr/local/lib/python3.10/idlelib/configdialog.py'...
#7 207.3 Compiling '/usr/local/lib/python3.10/idlelib/idle_test/test_query.py'...
#7 207.3 Compiling '/usr/local/lib/python3.10/idlelib/outwin.py'...
#7 207.3 Compiling '/usr/local/lib/python3.10/importlib/_bootstrap.py'...
#7 207.3 Compiling '/usr/local/lib/python3.10/lib2to3/fixes/__init__.py'...
#7 207.3 Compiling '/usr/local/lib/python3.10/lib2to3/fixes/fix_long.py'...
#7 207.3 Compiling '/usr/local/lib/python3.10/lib2to3/fixes/fix_unicode.py'...
#7 207.3 Compiling '/usr/local/lib/python3.10/locale.py'...
#7 207.3 Compiling '/usr/local/lib/python3.10/multiprocessing/managers.py'...
#7 207.3 Compiling '/usr/local/lib/python3.10/pkgutil.py'...
#7 207.3 Compiling '/usr/local/lib/python3.10/socket.py'...
#7 207.3 Compiling '/usr/local/lib/python3.10/test/_test_multiprocessing.py'...
#7 207.3 Compiling '/usr/local/lib/python3.10/test/dtracedata/gc.py'...
#7 207.3 Compiling '/usr/local/lib/python3.10/test/sortperf.py'...
#7 207.3 Compiling '/usr/local/lib/python3.10/test/test___future__.py'...
#7 207.3 Compiling '/usr/local/lib/python3.10/test/test_asyncio/test_futures.py'...
#7 207.3 Compiling '/usr/local/lib/python3.10/test/test_bigmem.py'...
#7 207.3 Compiling '/usr/local/lib/python3.10/test/test_copyreg.py'...
#7 207.3 Compiling '/usr/local/lib/python3.10/test/test_crashers.py'...
#7 207.3 Compiling '/usr/local/lib/python3.10/test/test_crypt.py'...
#7 207.3 Compiling '/usr/local/lib/python3.10/test/test_curses.py'...
#7 207.3 Compiling '/usr/local/lib/python3.10/test/test_email/torture_test.py'...
#7 207.3 Compiling '/usr/local/lib/python3.10/test/test_exception_hierarchy.py'...
#7 207.3 Compiling '/usr/local/lib/python3.10/test/test_flufl.py'...
#7 207.3 Compiling '/usr/local/lib/python3.10/test/test_frame.py'...
#7 207.3 Compiling '/usr/local/lib/python3.10/test/test_genexps.py'...
#7 207.3 Compiling '/usr/local/lib/python3.10/test/test_global.py'...
#7 207.3 Compiling '/usr/local/lib/python3.10/test/test_grammar.py'...
#7 207.3 Compiling '/usr/local/lib/python3.10/test/test_importlib/builtin/__init__.py'...
#7 207.3 Compiling '/usr/local/lib/python3.10/test/test_importlib/data03/namespace/portion1/__init__.py'...
#7 207.3 Compiling '/usr/local/lib/python3.10/test/test_importlib/import_/test_relative_imports.py'...
#7 207.3 Compiling '/usr/local/lib/python3.10/test/test_importlib/source/test_finder.py'...
#7 207.3 Compiling '/usr/local/lib/python3.10/test/test_json/test_decode.py'...
#7 207.3 Compiling '/usr/local/lib/python3.10/test/test_keywordonlyarg.py'...
#7 207.3 Compiling '/usr/local/lib/python3.10/test/test_mimetypes.py'...
#7 207.3 Compiling '/usr/local/lib/python3.10/test/test_ntpath.py'...
#7 207.3 Compiling '/usr/local/lib/python3.10/test/test_positional_only_arg.py'...
#7 207.3 Compiling '/usr/local/lib/python3.10/test/test_raise.py'...
#7 207.3 Compiling '/usr/local/lib/python3.10/test/test_robotparser.py'...
#7 207.3 Compiling '/usr/local/lib/python3.10/test/test_selectors.py'...
#7 207.3 Compiling '/usr/local/lib/python3.10/test/test_smtplib.py'...
#7 207.3 Compiling '/usr/local/lib/python3.10/test/test_textwrap.py'...
#7 207.3 Compiling '/usr/local/lib/python3.10/test/test_tools/__main__.py'...
#7 207.3 Compiling '/usr/local/lib/python3.10/test/test_tools/test_i18n.py'...
#7 207.3 Compiling '/usr/local/lib/python3.10/test/test_typechecks.py'...
#7 207.3 Compiling '/usr/local/lib/python3.10/test/test_unicode.py'...
#7 207.3 Compiling '/usr/local/lib/python3.10/turtle.py'...
#7 207.3 Compiling '/usr/local/lib/python3.10/_weakrefset.py'...
#7 207.3 Compiling '/usr/local/lib/python3.10/asyncio/staggered.py'...
#7 207.3 Compiling '/usr/local/lib/python3.10/asyncio/threads.py'...
#7 207.3 Compiling '/usr/local/lib/python3.10/asyncio/trsock.py'...
#7 207.3 Compiling '/usr/local/lib/python3.10/bisect.py'...
#7 207.3 Compiling '/usr/local/lib/python3.10/cgitb.py'...
#7 207.3 Compiling '/usr/local/lib/python3.10/contextvars.py'...
#7 207.3 Compiling '/usr/local/lib/python3.10/ctypes/test/test_bytes.py'...
#7 207.3 Compiling '/usr/local/lib/python3.10/ctypes/test/test_keeprefs.py'...
#7 207.3 Compiling '/usr/local/lib/python3.10/ctypes/test/test_slicing.py'...
#7 207.3 Compiling '/usr/local/lib/python3.10/distutils/ccompiler.py'...
#7 207.3 Compiling '/usr/local/lib/python3.10/distutils/tests/test_dir_util.py'...
#7 207.3 Compiling '/usr/local/lib/python3.10/distutils/tests/test_sysconfig.py'...
#7 207.3 Compiling '/usr/local/lib/python3.10/email/utils.py'...
#7 207.3 Compiling '/usr/local/lib/python3.10/encodings/cp500.py'...
#7 207.3 Compiling '/usr/local/lib/python3.10/encodings/cp865.py'...
#7 207.3 Compiling '/usr/local/lib/python3.10/encodings/iso8859_1.py'...
#7 207.3 Compiling '/usr/local/lib/python3.10/encodings/mac_farsi.py'...
#7 207.3 Compiling '/usr/local/lib/python3.10/encodings/utf_32.py'...
#7 207.3 Compiling '/usr/local/lib/python3.10/encodings/uu_codec.py'...
#7 207.3 Compiling '/usr/local/lib/python3.10/hmac.py'...
#7 207.3 Compiling '/usr/local/lib/python3.10/idlelib/idle_test/mock_tk.py'...
#7 207.3 Compiling '/usr/local/lib/python3.10/idlelib/idle_test/test_help.py'...
#7 207.3 Compiling '/usr/local/lib/python3.10/idlelib/idle_test/test_hyperparser.py'...
#7 207.3 Compiling '/usr/local/lib/python3.10/idlelib/idle_test/test_pathbrowser.py'...
#7 207.3 Compiling '/usr/local/lib/python3.10/idlelib/idle_test/test_undo.py'...
#7 207.3 Compiling '/usr/local/lib/python3.10/idlelib/searchengine.py'...
#7 207.3 Compiling '/usr/local/lib/python3.10/importlib/metadata/_adapters.py'...
#7 207.3 Compiling '/usr/local/lib/python3.10/lib2to3/fixes/fix_idioms.py'...
#7 207.3 Compiling '/usr/local/lib/python3.10/lzma.py'...
#7 207.3 Compiling '/usr/local/lib/python3.10/multiprocessing/forkserver.py'...
#7 207.3 Compiling '/usr/local/lib/python3.10/operator.py'...
#7 207.3 Compiling '/usr/local/lib/python3.10/smtplib.py'...
#7 207.3 Compiling '/usr/local/lib/python3.10/test/_typed_dict_helper.py'...
#7 207.3 Compiling '/usr/local/lib/python3.10/test/ann_module3.py'...
#7 207.3 Compiling '/usr/local/lib/python3.10/test/doctest_lineno.py'...
#7 207.3 Compiling '/usr/local/lib/python3.10/test/pythoninfo.py'...
#7 207.3 Compiling '/usr/local/lib/python3.10/test/test_asyncio/test_context.py'...
#7 207.3 Compiling '/usr/local/lib/python3.10/test/test_asyncio/test_server.py'...
#7 207.3 Compiling '/usr/local/lib/python3.10/test/test_asyncio/test_waitfor.py'...
#7 207.3 Compiling '/usr/local/lib/python3.10/test/test_asyncore.py'...
#7 207.3 Compiling '/usr/local/lib/python3.10/test/test_charmapcodec.py'...
#7 207.3 Compiling '/usr/local/lib/python3.10/test/test_cmd_line.py'...
#7 207.3 Compiling '/usr/local/lib/python3.10/test/test_cprofile.py'...
#7 207.3 Compiling '/usr/local/lib/python3.10/test/test_ctypes.py'...
#7 207.3 Compiling '/usr/local/lib/python3.10/test/test_dataclasses.py'...
#7 207.3 Compiling '/usr/local/lib/python3.10/test/test_future.py'...
#7 207.3 Compiling '/usr/local/lib/python3.10/test/test_genericalias.py'...
#7 207.3 Compiling '/usr/local/lib/python3.10/test/test_hmac.py'...
#7 207.3 Compiling '/usr/local/lib/python3.10/test/test_import/__main__.py'...
#7 207.3 Compiling '/usr/local/lib/python3.10/test/test_import/data/circular_imports/from_cycle1.py'...
#7 207.3 Compiling '/usr/local/lib/python3.10/test/test_import/data/circular_imports/subpkg/util.py'...
#7 207.3 Compiling '/usr/local/lib/python3.10/test/test_import/data/unwritable/x.py'...
#7 207.3 Compiling '/usr/local/lib/python3.10/test/test_importlib/data02/__init__.py'...
#7 207.3 Compiling '/usr/local/lib/python3.10/test/test_importlib/import_/test_api.py'...
#7 207.3 Compiling '/usr/local/lib/python3.10/test/test_importlib/test_namespace_pkgs.py'...
#7 207.3 Compiling '/usr/local/lib/python3.10/test/test_json/test_enum.py'...
#7 207.3 Compiling '/usr/local/lib/python3.10/test/test_kqueue.py'...
#7 207.3 Compiling '/usr/local/lib/python3.10/test/test_memoryview.py'...
#7 207.3 Compiling '/usr/local/lib/python3.10/test/test_osx_env.py'...
#7 207.3 Compiling '/usr/local/lib/python3.10/test/test_peepholer.py'...
#7 207.3 Compiling '/usr/local/lib/python3.10/test/test_platform.py'...
#7 207.3 Compiling '/usr/local/lib/python3.10/test/test_pstats.py'...
#7 207.3 Compiling '/usr/local/lib/python3.10/test/test_pyclbr.py'...
#7 207.3 Compiling '/usr/local/lib/python3.10/test/test_range.py'...
#7 207.3 Compiling '/usr/local/lib/python3.10/test/test_shelve.py'...
#7 207.3 Compiling '/usr/local/lib/python3.10/test/test_slice.py'...
#7 207.3 Compiling '/usr/local/lib/python3.10/test/test_smtpd.py'...
#7 207.3 Compiling '/usr/local/lib/python3.10/test/test_sundry.py'...
#7 207.3 Compiling '/usr/local/lib/python3.10/test/test_support.py'...
#7 207.3 Compiling '/usr/local/lib/python3.10/test/test_tempfile.py'...
#7 207.3 Compiling '/usr/local/lib/python3.10/test/test_warnings/__main__.py'...
#7 207.3 Compiling '/usr/local/lib/python3.10/test/test_wave.py'...
#7 207.3 Compiling '/usr/local/lib/python3.10/test/test_xdrlib.py'...
#7 207.3 Compiling '/usr/local/lib/python3.10/test/test_xml_etree.py'...
#7 207.3 Compiling '/usr/local/lib/python3.10/__phello__.foo.py'...
#7 207.3 Compiling '/usr/local/lib/python3.10/asyncio/base_events.py'...
#7 207.3 Compiling '/usr/local/lib/python3.10/concurrent/futures/process.py'...
#7 207.3 Compiling '/usr/local/lib/python3.10/ctypes/test/test_delattr.py'...
#7 207.3 Compiling '/usr/local/lib/python3.10/ctypes/test/test_loading.py'...
#7 207.3 Compiling '/usr/local/lib/python3.10/ctypes/test/test_sizes.py'...
#7 207.3 Compiling '/usr/local/lib/python3.10/ctypes/util.py'...
#7 207.3 Compiling '/usr/local/lib/python3.10/distutils/command/build_py.py'...
#7 207.3 Compiling '/usr/local/lib/python3.10/distutils/spawn.py'...
#7 207.3 Compiling '/usr/local/lib/python3.10/distutils/tests/test_cmd.py'...
#7 207.3 Compiling '/usr/local/lib/python3.10/distutils/util.py'...
#7 207.3 Compiling '/usr/local/lib/python3.10/email/policy.py'...
#7 207.3 Compiling '/usr/local/lib/python3.10/encodings/cp1253.py'...
#7 207.3 Compiling '/usr/local/lib/python3.10/encodings/cp863.py'...
#7 207.3 Compiling '/usr/local/lib/python3.10/encodings/iso8859_13.py'...
#7 207.3 Compiling '/usr/local/lib/python3.10/encodings/mac_iceland.py'...
#7 207.3 Compiling '/usr/local/lib/python3.10/encodings/utf_32_le.py'...
#7 207.3 Compiling '/usr/local/lib/python3.10/glob.py'...
#7 207.3 Compiling '/usr/local/lib/python3.10/idlelib/idle_test/test_pyparse.py'...
#7 207.3 Compiling '/usr/local/lib/python3.10/idlelib/macosx.py'...
#7 207.3 Compiling '/usr/local/lib/python3.10/idlelib/tree.py'...
#7 207.3 Compiling '/usr/local/lib/python3.10/ipaddress.py'...
#7 207.3 Compiling '/usr/local/lib/python3.10/lib2to3/fixes/fix_reduce.py'...
#7 207.3 Compiling '/usr/local/lib/python3.10/modulefinder.py'...
#7 207.3 Compiling '/usr/local/lib/python3.10/optparse.py'...
#7 207.3 Compiling '/usr/local/lib/python3.10/tabnanny.py'...
#7 207.3 Compiling '/usr/local/lib/python3.10/test/bisect_cmd.py'...
#7 207.3 Compiling '/usr/local/lib/python3.10/test/libregrtest/main.py'...
#7 207.3 Compiling '/usr/local/lib/python3.10/test/support/os_helper.py'...
#7 207.3 Compiling '/usr/local/lib/python3.10/test/test__locale.py'...
#7 207.3 Compiling '/usr/local/lib/python3.10/test/test_asyncio/functional.py'...
#7 207.3 Compiling '/usr/local/lib/python3.10/test/test_asyncio/test_sslproto.py'...
#7 207.3 Compiling '/usr/local/lib/python3.10/test/test_augassign.py'...
#7 207.3 Compiling '/usr/local/lib/python3.10/test/test_bisect.py'...
#7 207.3 Compiling '/usr/local/lib/python3.10/test/test_cgi.py'...
#7 207.3 Compiling '/usr/local/lib/python3.10/test/test_codecencodings_hk.py'...
#7 207.3 Compiling '/usr/local/lib/python3.10/test/test_codecmaps_jp.py'...
#7 207.3 Compiling '/usr/local/lib/python3.10/test/test_concurrent_futures.py'...
#7 207.3 Compiling '/usr/local/lib/python3.10/test/test_distutils.py'...
#7 207.3 Compiling '/usr/local/lib/python3.10/test/test_email/test_utils.py'...
#7 207.3 Compiling '/usr/local/lib/python3.10/test/test_fnmatch.py'...
#7 207.3 Compiling '/usr/local/lib/python3.10/test/test_future4.py'...
#7 207.3 Compiling '/usr/local/lib/python3.10/test/test_gdb.py'...
#7 207.3 Compiling '/usr/local/lib/python3.10/test/test_htmlparser.py'...
#7 207.3 Compiling '/usr/local/lib/python3.10/test/test_import/data/circular_imports/source.py'...
#7 207.3 Compiling '/usr/local/lib/python3.10/test/test_importlib/data/__init__.py'...
#7 207.3 Compiling '/usr/local/lib/python3.10/test/test_importlib/extension/test_finder.py'...
#7 207.3 Compiling '/usr/local/lib/python3.10/test/test_importlib/namespace_pkgs/project1/parent/child/one.py'...
#7 207.3 Compiling '/usr/local/lib/python3.10/test/test_importlib/test_path.py'...
#7 207.3 Compiling '/usr/local/lib/python3.10/test/test_importlib/zipdata02/__init__.py'...
#7 207.3 Compiling '/usr/local/lib/python3.10/test/test_interpreters.py'...
#7 207.3 Compiling '/usr/local/lib/python3.10/test/test_minidom.py'...
#7 207.3 Compiling '/usr/local/lib/python3.10/test/test_richcmp.py'...
#7 207.3 Compiling '/usr/local/lib/python3.10/test/test_select.py'...
#7 207.3 Compiling '/usr/local/lib/python3.10/test/test_shutil.py'...
#7 207.3 Compiling '/usr/local/lib/python3.10/test/test_utf8_mode.py'...
#7 207.3 Compiling '/usr/local/lib/python3.10/test/test_weakref.py'...
#7 207.3 Compiling '/usr/local/lib/python3.10/turtledemo/minimal_hanoi.py'...
#7 207.3 Compiling '/usr/local/lib/python3.10/turtledemo/penrose.py'...
#7 207.3 Compiling '/usr/local/lib/python3.10/unittest/async_case.py'...
#7 207.3 Compiling '/usr/local/lib/python3.10/unittest/test/__init__.py'...
#7 207.3 Compiling '/usr/local/lib/python3.10/unittest/test/_test_warnings.py'...
#7 207.3 Compiling '/usr/local/lib/python3.10/unittest/test/test_assertions.py'...
#7 207.3 Compiling '/usr/local/lib/python3.10/unittest/test/testmock/__init__.py'...
#7 207.3 Compiling '/usr/local/lib/python3.10/unittest/test/testmock/testasync.py'...
#7 207.3 Compiling '/usr/local/lib/python3.10/wsgiref/handlers.py'...
#7 207.3 Compiling '/usr/local/lib/python3.10/xmlrpc/__init__.py'...
#7 207.3 Compiling '/usr/local/lib/python3.10/zipapp.py'...
#7 207.3 Compiling '/usr/local/lib/python3.10/_compression.py'...
#7 207.3 Compiling '/usr/local/lib/python3.10/asyncio/selector_events.py'...
#7 207.3 Compiling '/usr/local/lib/python3.10/ctypes/_aix.py'...
#7 207.3 Compiling '/usr/local/lib/python3.10/ctypes/test/test_errno.py'...
#7 207.3 Compiling '/usr/local/lib/python3.10/ctypes/test/test_memfunctions.py'...
#7 207.3 Compiling '/usr/local/lib/python3.10/ctypes/test/test_returnfuncptrs.py'...
#7 207.3 Compiling '/usr/local/lib/python3.10/dataclasses.py'...
#7 207.3 Compiling '/usr/local/lib/python3.10/distutils/command/install_lib.py'...
#7 207.3 Compiling '/usr/local/lib/python3.10/distutils/tests/test_archive_util.py'...
#7 207.3 Compiling '/usr/local/lib/python3.10/distutils/tests/test_unixccompiler.py'...
#7 207.3 Compiling '/usr/local/lib/python3.10/email/message.py'...
#7 207.3 Compiling '/usr/local/lib/python3.10/encodings/cp856.py'...
#7 207.3 Compiling '/usr/local/lib/python3.10/encodings/euc_kr.py'...
#7 207.3 Compiling '/usr/local/lib/python3.10/encodings/utf_8_sig.py'...
#7 207.3 Compiling '/usr/local/lib/python3.10/heapq.py'...
#7 207.3 Compiling '/usr/local/lib/python3.10/idlelib/idle.py'...
#7 207.3 Compiling '/usr/local/lib/python3.10/idlelib/idle_test/test_autoexpand.py'...
#7 207.3 Compiling '/usr/local/lib/python3.10/idlelib/idle_test/test_configdialog.py'...
#7 207.3 Compiling '/usr/local/lib/python3.10/idlelib/idle_test/test_zoomheight.py'...
#7 207.3 Compiling '/usr/local/lib/python3.10/idlelib/sidebar.py'...
#7 207.3 Compiling '/usr/local/lib/python3.10/idlelib/zoomheight.py'...
#7 207.3 Compiling '/usr/local/lib/python3.10/importlib/resources.py'...
#7 207.3 Compiling '/usr/local/lib/python3.10/lib2to3/fixes/fix_basestring.py'...
#7 207.3 Compiling '/usr/local/lib/python3.10/lib2to3/fixes/fix_map.py'...
#7 207.3 Compiling '/usr/local/lib/python3.10/lib2to3/fixes/fix_urllib.py'...
#7 207.3 Compiling '/usr/local/lib/python3.10/lib2to3/pgen2/literals.py'...
#7 207.3 Compiling '/usr/local/lib/python3.10/lib2to3/pygram.py'...
#7 207.3 Compiling '/usr/local/lib/python3.10/lib2to3/refactor.py'...
#7 207.3 Compiling '/usr/local/lib/python3.10/multiprocessing/util.py'...
#7 207.3 Compiling '/usr/local/lib/python3.10/pstats.py'...
#7 207.3 Compiling '/usr/local/lib/python3.10/sqlite3/dbapi2.py'...
#7 207.3 Compiling '/usr/local/lib/python3.10/sqlite3/test/regression.py'...
#7 207.3 Compiling '/usr/local/lib/python3.10/test/__main__.py'...
#7 207.3 Compiling '/usr/local/lib/python3.10/test/ann_module.py'...
#7 207.3 Compiling '/usr/local/lib/python3.10/test/gdb_sample.py'...
#7 207.3 Compiling '/usr/local/lib/python3.10/test/mock_socket.py'...
#7 207.3 Compiling '/usr/local/lib/python3.10/test/relimport.py'...
#7 207.3 Compiling '/usr/local/lib/python3.10/test/ssl_servers.py'...
#7 207.3 Compiling '/usr/local/lib/python3.10/test/subprocessdata/qcat.py'...
#7 207.3 Compiling '/usr/local/lib/python3.10/test/test__xxsubinterpreters.py'...
#7 207.3 Compiling '/usr/local/lib/python3.10/test/test_compile.py'...
#7 207.3 Compiling '/usr/local/lib/python3.10/test/test_dict.py'...
#7 207.3 Compiling '/usr/local/lib/python3.10/test/test_eintr.py'...
#7 207.3 Compiling '/usr/local/lib/python3.10/test/test_email/test_policy.py'...
#7 207.3 Compiling '/usr/local/lib/python3.10/test/test_fileio.py'...
#7 207.3 Compiling '/usr/local/lib/python3.10/test/test_generators.py'...
#7 207.3 Compiling '/usr/local/lib/python3.10/test/test_imaplib.py'...
#7 207.3 Compiling '/usr/local/lib/python3.10/test/test_importlib/data02/one/__init__.py'...
#7 207.3 Compiling '/usr/local/lib/python3.10/test/test_importlib/import_/test_caching.py'...
#7 207.3 Compiling '/usr/local/lib/python3.10/test/test_importlib/test_open.py'...
#7 207.3 Compiling '/usr/local/lib/python3.10/test/test_ipaddress.py'...
#7 207.3 Compiling '/usr/local/lib/python3.10/test/test_regrtest.py'...
#7 207.3 Compiling '/usr/local/lib/python3.10/test/test_socketserver.py'...
#7 207.3 Compiling '/usr/local/lib/python3.10/test/test_sunau.py'...
#7 207.3 Compiling '/usr/local/lib/python3.10/test/test_syntax.py'...
#7 207.3 Compiling '/usr/local/lib/python3.10/test/test_tarfile.py'...
#7 207.3 Compiling '/usr/local/lib/python3.10/tkinter/dialog.py'...
#7 207.3 Compiling '/usr/local/lib/python3.10/tkinter/scrolledtext.py'...
#7 207.3 Compiling '/usr/local/lib/python3.10/tkinter/test/__init__.py'...
#7 207.3 Compiling '/usr/local/lib/python3.10/tkinter/test/test_tkinter/test_font.py'...
#7 207.3 Compiling '/usr/local/lib/python3.10/tkinter/test/test_ttk/test_extensions.py'...
#7 207.3 Compiling '/usr/local/lib/python3.10/tty.py'...
#7 207.3 Compiling '/usr/local/lib/python3.10/turtledemo/chaos.py'...
#7 207.3 Compiling '/usr/local/lib/python3.10/turtledemo/colormixer.py'...
#7 207.3 Compiling '/usr/local/lib/python3.10/turtledemo/forest.py'...
#7 207.3 Compiling '/usr/local/lib/python3.10/turtledemo/paint.py'...
#7 207.3 Compiling '/usr/local/lib/python3.10/turtledemo/planet_and_moon.py'...
#7 207.3 Compiling '/usr/local/lib/python3.10/types.py'...
#7 207.3 Compiling '/usr/local/lib/python3.10/unittest/test/dummy.py'...
#7 207.3 Compiling '/usr/local/lib/python3.10/unittest/test/test_loader.py'...
#7 207.3 Compiling '/usr/local/lib/python3.10/wsgiref/__init__.py'...
#7 207.3 Compiling '/usr/local/lib/python3.10/wsgiref/util.py'...
#7 207.3 Compiling '/usr/local/lib/python3.10/xml/etree/ElementInclude.py'...
#7 207.3 Compiling '/usr/local/lib/python3.10/xml/parsers/expat.py'...
#7 207.3 Compiling '/usr/local/lib/python3.10/asyncio/log.py'...
#7 207.3 Compiling '/usr/local/lib/python3.10/asyncio/windows_utils.py'...
#7 207.3 Compiling '/usr/local/lib/python3.10/cmd.py'...
#7 207.3 Compiling '/usr/local/lib/python3.10/ctypes/test/__main__.py'...
#7 207.3 Compiling '/usr/local/lib/python3.10/ctypes/test/test_frombuffer.py'...
#7 207.3 Compiling '/usr/local/lib/python3.10/curses/textpad.py'...
#7 207.3 Compiling '/usr/local/lib/python3.10/distutils/command/build_clib.py'...
#7 207.3 Compiling '/usr/local/lib/python3.10/distutils/command/sdist.py'...
#7 207.3 Compiling '/usr/local/lib/python3.10/distutils/tests/test_file_util.py'...
#7 207.3 Compiling '/usr/local/lib/python3.10/distutils/tests/test_versionpredicate.py'...
#7 207.3 Compiling '/usr/local/lib/python3.10/email/__init__.py'...
#7 207.3 Compiling '/usr/local/lib/python3.10/email/_header_value_parser.py'...
#7 207.3 Compiling '/usr/local/lib/python3.10/encodings/mac_romanian.py'...
#7 207.3 Compiling '/usr/local/lib/python3.10/graphlib.py'...
#7 207.3 Compiling '/usr/local/lib/python3.10/idlelib/idle_test/test_delegator.py'...
#7 207.3 Compiling '/usr/local/lib/python3.10/idlelib/idle_test/test_tooltip.py'...
#7 207.3 Compiling '/usr/local/lib/python3.10/idlelib/run.py'...
#7 207.3 Compiling '/usr/local/lib/python3.10/importlib/abc.py'...
#7 207.3 Compiling '/usr/local/lib/python3.10/importlib/metadata/_itertools.py'...
#7 207.3 Compiling '/usr/local/lib/python3.10/lib2to3/btm_utils.py'...
#7 207.3 Compiling '/usr/local/lib/python3.10/lib2to3/fixes/fix_isinstance.py'...
#7 207.3 Compiling '/usr/local/lib/python3.10/lib2to3/fixes/fix_sys_exc.py'...
#7 207.3 Compiling '/usr/local/lib/python3.10/logging/__init__.py'...
#7 207.3 Compiling '/usr/local/lib/python3.10/os.py'...
#7 207.3 Compiling '/usr/local/lib/python3.10/sqlite3/test/transactions.py'...
#7 207.3 Compiling '/usr/local/lib/python3.10/subprocess.py'...
#7 207.3 Compiling '/usr/local/lib/python3.10/test/good_getattr.py'...
#7 207.3 Compiling '/usr/local/lib/python3.10/test/mp_fork_bomb.py'...
#7 207.3 Compiling '/usr/local/lib/python3.10/test/multibytecodec_support.py'...
#7 207.3 Compiling '/usr/local/lib/python3.10/test/sample_doctest_no_docstrings.py'...
#7 207.3 Compiling '/usr/local/lib/python3.10/test/support/interpreters.py'...
#7 207.3 Compiling '/usr/local/lib/python3.10/test/test_asyncio/__init__.py'...
#7 207.3 Compiling '/usr/local/lib/python3.10/test/test_asyncio/test_protocols.py'...
#7 207.3 Compiling '/usr/local/lib/python3.10/test/test_baseexception.py'...
#7 207.3 Compiling '/usr/local/lib/python3.10/test/test_buffer.py'...
#7 207.3 Compiling '/usr/local/lib/python3.10/test/test_gettext.py'...
#7 207.3 Compiling '/usr/local/lib/python3.10/test/test_httpservers.py'...
#7 207.3 Compiling '/usr/local/lib/python3.10/test/test_importlib/import_/test___loader__.py'...
#7 207.3 Compiling '/usr/local/lib/python3.10/test/test_importlib/source/test_case_sensitivity.py'...
#7 207.3 Compiling '/usr/local/lib/python3.10/test/test_importlib/test_locks.py'...
#7 207.3 Compiling '/usr/local/lib/python3.10/test/test_inspect.py'...
#7 207.3 Compiling '/usr/local/lib/python3.10/test/test_tools/test_reindent.py'...
#7 207.3 Compiling '/usr/local/lib/python3.10/test/test_ttk_textonly.py'...
#7 207.3 Compiling '/usr/local/lib/python3.10/test/test_unittest.py'...
#7 207.3 Compiling '/usr/local/lib/python3.10/test/test_urlparse.py'...
#7 207.3 Compiling '/usr/local/lib/python3.10/tkinter/colorchooser.py'...
#7 207.3 Compiling '/usr/local/lib/python3.10/tkinter/font.py'...
#7 207.3 Compiling '/usr/local/lib/python3.10/tkinter/test/test_tkinter/test_text.py'...
#7 207.3 Compiling '/usr/local/lib/python3.10/tkinter/test/test_ttk/test_widgets.py'...
#7 207.3 Compiling '/usr/local/lib/python3.10/unittest/test/testmock/testwith.py'...
#7 207.3 Compiling '/usr/local/lib/python3.10/venv/__main__.py'...
#7 207.3 Compiling '/usr/local/lib/python3.10/warnings.py'...
#7 207.3 Compiling '/usr/local/lib/python3.10/xml/dom/domreg.py'...
#7 207.3 Compiling '/usr/local/lib/python3.10/xml/etree/ElementPath.py'...
#7 207.3 Compiling '/usr/local/lib/python3.10/zoneinfo/_common.py'...
#7 207.3 Compiling '/usr/local/lib/python3.10/asyncio/__init__.py'...
#7 207.3 Compiling '/usr/local/lib/python3.10/asyncio/base_tasks.py'...
#7 207.3 Compiling '/usr/local/lib/python3.10/asyncio/protocols.py'...
#7 207.3 Compiling '/usr/local/lib/python3.10/asyncore.py'...
#7 207.3 Compiling '/usr/local/lib/python3.10/concurrent/__init__.py'...
#7 207.3 Compiling '/usr/local/lib/python3.10/ctypes/test/test_bitfields.py'...
#7 207.3 Compiling '/usr/local/lib/python3.10/ctypes/test/test_struct_fields.py'...
#7 207.3 Compiling '/usr/local/lib/python3.10/distutils/debug.py'...
#7 207.3 Compiling '/usr/local/lib/python3.10/distutils/errors.py'...
#7 207.3 Compiling '/usr/local/lib/python3.10/distutils/msvc9compiler.py'...
#7 207.3 Compiling '/usr/local/lib/python3.10/email/contentmanager.py'...
#7 207.3 Compiling '/usr/local/lib/python3.10/encodings/cp1006.py'...
#7 207.3 Compiling '/usr/local/lib/python3.10/encodings/cp852.py'...
#7 207.3 Compiling '/usr/local/lib/python3.10/encodings/iso8859_8.py'...
#7 207.3 Compiling '/usr/local/lib/python3.10/ensurepip/__main__.py'...
#7 207.3 Compiling '/usr/local/lib/python3.10/html/entities.py'...
#7 207.3 Compiling '/usr/local/lib/python3.10/idlelib/editor.py'...
#7 207.3 Compiling '/usr/local/lib/python3.10/idlelib/idle_test/test_searchbase.py'...
#7 207.3 Compiling '/usr/local/lib/python3.10/idlelib/pathbrowser.py'...
#7 207.3 Compiling '/usr/local/lib/python3.10/idlelib/window.py'...
#7 207.3 Compiling '/usr/local/lib/python3.10/importlib/readers.py'...
#7 207.3 Compiling '/usr/local/lib/python3.10/lib2to3/fixes/fix_asserts.py'...
#7 207.3 Compiling '/usr/local/lib/python3.10/lib2to3/fixes/fix_metaclass.py'...
#7 207.3 Compiling '/usr/local/lib/python3.10/lib2to3/pgen2/__init__.py'...
#7 207.3 Compiling '/usr/local/lib/python3.10/lib2to3/pgen2/pgen.py'...
#7 207.3 Compiling '/usr/local/lib/python3.10/lib2to3/tests/support.py'...
#7 207.3 Compiling '/usr/local/lib/python3.10/lib2to3/tests/test_pytree.py'...
#7 207.3 Compiling '/usr/local/lib/python3.10/multiprocessing/spawn.py'...
#7 207.3 Compiling '/usr/local/lib/python3.10/pyclbr.py'...
#7 207.3 Compiling '/usr/local/lib/python3.10/runpy.py'...
#7 207.3 Compiling '/usr/local/lib/python3.10/sqlite3/dump.py'...
#7 207.3 Compiling '/usr/local/lib/python3.10/sqlite3/test/hooks.py'...
#7 207.3 Compiling '/usr/local/lib/python3.10/sre_compile.py'...
#7 207.3 Compiling '/usr/local/lib/python3.10/test/autotest.py'...
#7 207.3 Compiling '/usr/local/lib/python3.10/test/encoded_modules/__init__.py'...
#7 207.3 Compiling '/usr/local/lib/python3.10/test/libregrtest/save_env.py'...
#7 207.3 Compiling '/usr/local/lib/python3.10/test/pyclbr_input.py'...
#7 207.3 Compiling '/usr/local/lib/python3.10/test/signalinterproctester.py'...
#7 207.3 Compiling '/usr/local/lib/python3.10/test/support/testresult.py'...
#7 207.3 Compiling '/usr/local/lib/python3.10/test/test_asyncio/__main__.py'...
#7 207.3 Compiling '/usr/local/lib/python3.10/test/test_asyncio/test_futures2.py'...
#7 207.3 Compiling '/usr/local/lib/python3.10/test/test_asyncio/test_subprocess.py'...
#7 207.3 Compiling '/usr/local/lib/python3.10/test/test_bdb.py'...
#7 207.3 Compiling '/usr/local/lib/python3.10/test/test_codeccallbacks.py'...
#7 207.3 Compiling '/usr/local/lib/python3.10/test/test_dbm_dumb.py'...
#7 207.3 Compiling '/usr/local/lib/python3.10/test/test_dbm_ndbm.py'...
#7 207.3 Compiling '/usr/local/lib/python3.10/test/test_descrtut.py'...
#7 207.3 Compiling '/usr/local/lib/python3.10/test/test_dict_version.py'...
#7 207.3 Compiling '/usr/local/lib/python3.10/test/test_email/__main__.py'...
#7 207.3 Compiling '/usr/local/lib/python3.10/test/test_email/test_email.py'...
#7 207.3 Compiling '/usr/local/lib/python3.10/test/test_importlib/fixtures.py'...
#7 207.3 Compiling '/usr/local/lib/python3.10/test/test_importlib/namespace_pkgs/portion2/foo/two.py'...
#7 207.3 Compiling '/usr/local/lib/python3.10/test/test_importlib/source/__init__.py'...
#7 207.3 Compiling '/usr/local/lib/python3.10/test/test_importlib/test_spec.py'...
#7 207.3 Compiling '/usr/local/lib/python3.10/test/test_memoryio.py'...
#7 207.3 Compiling '/usr/local/lib/python3.10/test/test_peg_generator/test_first_sets.py'...
#7 207.3 Compiling '/usr/local/lib/python3.10/test/test_pickletools.py'...
#7 207.3 Compiling '/usr/local/lib/python3.10/test/test_pipes.py'...
#7 207.3 Compiling '/usr/local/lib/python3.10/test/test_pkgutil.py'...
#7 207.3 Compiling '/usr/local/lib/python3.10/test/test_print.py'...
#7 207.3 Compiling '/usr/local/lib/python3.10/test/test_pty.py'...
#7 207.3 Compiling '/usr/local/lib/python3.10/test/test_re.py'...
#7 207.3 Compiling '/usr/local/lib/python3.10/test/test_tools/test_pathfix.py'...
#7 207.3 Compiling '/usr/local/lib/python3.10/test/test_tuple.py'...
#7 207.3 Compiling '/usr/local/lib/python3.10/test/test_urllib2.py'...
#7 207.3 Compiling '/usr/local/lib/python3.10/tkinter/test/test_tkinter/test_loadtk.py'...
#7 207.3 Compiling '/usr/local/lib/python3.10/turtledemo/lindenmayer.py'...
#7 207.3 Compiling '/usr/local/lib/python3.10/turtledemo/two_canvases.py'...
#7 207.3 Compiling '/usr/local/lib/python3.10/unittest/main.py'...
#7 207.3 Compiling '/usr/local/lib/python3.10/unittest/test/test_break.py'...
#7 207.3 Compiling '/usr/local/lib/python3.10/unittest/test/test_program.py'...
#7 207.3 Compiling '/usr/local/lib/python3.10/unittest/test/testmock/testmagicmethods.py'...
#7 207.3 Compiling '/usr/local/lib/python3.10/venv/__init__.py'...
#7 207.3 Compiling '/usr/local/lib/python3.10/xdrlib.py'...
#7 207.3 Compiling '/usr/local/lib/python3.10/xml/sax/expatreader.py'...
#7 207.3 Compiling '/usr/local/lib/python3.10/ast.py'...
#7 207.3 Compiling '/usr/local/lib/python3.10/ctypes/test/__init__.py'...
#7 207.3 Compiling '/usr/local/lib/python3.10/ctypes/test/test_as_parameter.py'...
#7 207.3 Compiling '/usr/local/lib/python3.10/ctypes/test/test_prototypes.py'...
#7 207.3 Compiling '/usr/local/lib/python3.10/curses/panel.py'...
#7 207.3 Compiling '/usr/local/lib/python3.10/decimal.py'...
#7 207.3 Compiling '/usr/local/lib/python3.10/distutils/command/check.py'...
#7 207.3 Compiling '/usr/local/lib/python3.10/distutils/dir_util.py'...
#7 207.3 Compiling '/usr/local/lib/python3.10/distutils/tests/test_bdist_dumb.py'...
#7 207.3 Compiling '/usr/local/lib/python3.10/distutils/tests/test_check.py'...
#7 207.3 Compiling '/usr/local/lib/python3.10/doctest.py'...
#7 207.3 Compiling '/usr/local/lib/python3.10/encodings/cp858.py'...
#7 207.3 Compiling '/usr/local/lib/python3.10/encodings/hex_codec.py'...
#7 207.3 Compiling '/usr/local/lib/python3.10/encodings/iso2022_kr.py'...
#7 207.3 Compiling '/usr/local/lib/python3.10/encodings/koi8_t.py'...
#7 207.3 Compiling '/usr/local/lib/python3.10/encodings/shift_jisx0213.py'...
#7 207.3 Compiling '/usr/local/lib/python3.10/encodings/unicode_escape.py'...
#7 207.3 Compiling '/usr/local/lib/python3.10/functools.py'...
#7 207.3 Compiling '/usr/local/lib/python3.10/idlelib/config_key.py'...
#7 207.3 Compiling '/usr/local/lib/python3.10/idlelib/history.py'...
#7 207.3 Compiling '/usr/local/lib/python3.10/idlelib/idle_test/test_config_key.py'...
#7 207.3 Compiling '/usr/local/lib/python3.10/idlelib/idle_test/test_pyshell.py'...
#7 207.3 Compiling '/usr/local/lib/python3.10/idlelib/replace.py'...
#7 207.3 Compiling '/usr/local/lib/python3.10/imp.py'...
#7 207.3 Compiling '/usr/local/lib/python3.10/json/__init__.py'...
#7 207.3 Compiling '/usr/local/lib/python3.10/lib2to3/fixes/fix_execfile.py'...
#7 207.3 Compiling '/usr/local/lib/python3.10/lib2to3/fixes/fix_operator.py'...
#7 207.3 Compiling '/usr/local/lib/python3.10/lib2to3/pgen2/driver.py'...
#7 207.3 Compiling '/usr/local/lib/python3.10/logging/handlers.py'...
#7 207.3 Compiling '/usr/local/lib/python3.10/multiprocessing/process.py'...
#7 207.3 Compiling '/usr/local/lib/python3.10/pathlib.py'...
#7 207.3 Compiling '/usr/local/lib/python3.10/sndhdr.py'...
#7 207.3 Compiling '/usr/local/lib/python3.10/statistics.py'...
#7 207.3 Compiling '/usr/local/lib/python3.10/test/libregrtest/pgo.py'...
#7 207.3 Compiling '/usr/local/lib/python3.10/test/sample_doctest.py'...
#7 207.3 Compiling '/usr/local/lib/python3.10/test/subprocessdata/input_reader.py'...
#7 207.3 Compiling '/usr/local/lib/python3.10/test/subprocessdata/sigchild_ignore.py'...
#7 207.3 Compiling '/usr/local/lib/python3.10/test/support/hashlib_helper.py'...
#7 207.3 Compiling '/usr/local/lib/python3.10/test/test_argparse.py'...
#7 207.3 Compiling '/usr/local/lib/python3.10/test/test_email/test_contentmanager.py'...
#7 207.3 Compiling '/usr/local/lib/python3.10/test/test_file_eintr.py'...
#7 207.3 Compiling '/usr/local/lib/python3.10/test/test_format.py'...
#7 207.3 Compiling '/usr/local/lib/python3.10/test/test_genericclass.py'...
#7 207.3 Compiling '/usr/local/lib/python3.10/test/test_heapq.py'...
#7 207.3 Compiling '/usr/local/lib/python3.10/test/test_import/data/circular_imports/binding.py'...
#7 207.3 Compiling '/usr/local/lib/python3.10/test/test_import/data/circular_imports/subpkg/subpackage2.py'...
#7 207.3 Compiling '/usr/local/lib/python3.10/test/test_importlib/import_/test___package__.py'...
#7 207.3 Compiling '/usr/local/lib/python3.10/test/test_importlib/partial/cfimport.py'...
#7 207.3 Compiling '/usr/local/lib/python3.10/test/test_importlib/test_windows.py'...
#7 207.3 Compiling '/usr/local/lib/python3.10/test/test_json/test_fail.py'...
#7 207.3 Compiling '/usr/local/lib/python3.10/test/test_lzma.py'...
#7 207.3 Compiling '/usr/local/lib/python3.10/test/test_queue.py'...
#7 207.3 Compiling '/usr/local/lib/python3.10/test/test_sax.py'...
#7 207.3 Compiling '/usr/local/lib/python3.10/test/test_timeit.py'...
#7 207.3 Compiling '/usr/local/lib/python3.10/test/test_turtle.py'...
#7 207.3 Compiling '/usr/local/lib/python3.10/test/test_unpack_ex.py'...
#7 207.3 Compiling '/usr/local/lib/python3.10/test/test_urllib_response.py'...
#7 207.3 Compiling '/usr/local/lib/python3.10/test/test_userlist.py'...
#7 207.3 Compiling '/usr/local/lib/python3.10/test/test_wait4.py'...
#7 207.3 Compiling '/usr/local/lib/python3.10/test/test_winconsoleio.py'...
#7 207.3 Compiling '/usr/local/lib/python3.10/test/test_xml_dom_minicompat.py'...
#7 207.3 Compiling '/usr/local/lib/python3.10/test/test_xmlrpc.py'...
#7 207.3 Compiling '/usr/local/lib/python3.10/trace.py'...
#7 207.3 Compiling '/usr/local/lib/python3.10/unittest/__main__.py'...
#7 207.3 Compiling '/usr/local/lib/python3.10/unittest/result.py'...
#7 207.3 Compiling '/usr/local/lib/python3.10/unittest/test/support.py'...
#7 207.3 Compiling '/usr/local/lib/python3.10/unittest/test/test_skipping.py'...
#7 207.3 Compiling '/usr/local/lib/python3.10/urllib/response.py'...
#7 207.3 Compiling '/usr/local/lib/python3.10/uuid.py'...
#7 207.3 Compiling '/usr/local/lib/python3.10/xml/dom/NodeFilter.py'...
#7 207.3 Compiling '/usr/local/lib/python3.10/xml/dom/pulldom.py'...
#7 207.3 Compiling '/usr/local/lib/python3.10/zoneinfo/__init__.py'...
#7 207.3 Compiling '/usr/local/lib/python3.10/zoneinfo/_tzpath.py'...
#7 207.3 Compiling '/usr/local/lib/python3.10/_markupbase.py'...
#7 207.3 Compiling '/usr/local/lib/python3.10/asyncio/sslproto.py'...
#7 207.3 Compiling '/usr/local/lib/python3.10/code.py'...
#7 207.3 Compiling '/usr/local/lib/python3.10/configparser.py'...
#7 207.3 Compiling '/usr/local/lib/python3.10/distutils/cmd.py'...
#7 207.3 Compiling '/usr/local/lib/python3.10/distutils/cygwinccompiler.py'...
#7 207.3 Compiling '/usr/local/lib/python3.10/distutils/tests/test_bdist_rpm.py'...
#7 207.3 Compiling '/usr/local/lib/python3.10/distutils/tests/test_extension.py'...
#7 207.3 Compiling '/usr/local/lib/python3.10/distutils/tests/test_sdist.py'...
#7 207.3 Compiling '/usr/local/lib/python3.10/encodings/big5hkscs.py'...
#7 207.3 Compiling '/usr/local/lib/python3.10/encodings/cp720.py'...
#7 207.3 Compiling '/usr/local/lib/python3.10/encodings/cp862.py'...
#7 207.3 Compiling '/usr/local/lib/python3.10/encodings/iso8859_2.py'...
#7 207.3 Compiling '/usr/local/lib/python3.10/encodings/mbcs.py'...
#7 207.3 Compiling '/usr/local/lib/python3.10/encodings/zlib_codec.py'...
#7 207.3 Compiling '/usr/local/lib/python3.10/html/__init__.py'...
#7 207.3 Compiling '/usr/local/lib/python3.10/idlelib/debugger_r.py'...
#7 207.3 Compiling '/usr/local/lib/python3.10/idlelib/idle_test/test_autocomplete_w.py'...
#7 207.3 Compiling '/usr/local/lib/python3.10/idlelib/idle_test/test_help_about.py'...
#7 207.3 Compiling '/usr/local/lib/python3.10/idlelib/idle_test/test_statusbar.py'...
#7 207.3 Compiling '/usr/local/lib/python3.10/idlelib/query.py'...
#7 207.3 Compiling '/usr/local/lib/python3.10/importlib/_abc.py'...
#7 207.3 Compiling '/usr/local/lib/python3.10/json/encoder.py'...
#7 207.3 Compiling '/usr/local/lib/python3.10/lib2to3/fixes/fix_getcwdu.py'...
#7 207.3 Compiling '/usr/local/lib/python3.10/lib2to3/fixes/fix_import.py'...
#7 207.3 Compiling '/usr/local/lib/python3.10/lib2to3/fixes/fix_repr.py'...
#7 207.3 Compiling '/usr/local/lib/python3.10/lib2to3/pytree.py'...
#7 207.3 Compiling '/usr/local/lib/python3.10/multiprocessing/synchronize.py'...
#7 207.3 Compiling '/usr/local/lib/python3.10/pprint.py'...
#7 207.3 Compiling '/usr/local/lib/python3.10/sqlite3/test/backup.py'...
#7 207.3 Compiling '/usr/local/lib/python3.10/stat.py'...
#7 207.3 Compiling '/usr/local/lib/python3.10/sysconfig.py'...
#7 207.3 Compiling '/usr/local/lib/python3.10/test/dataclass_textanno.py'...
#7 207.3 Compiling '/usr/local/lib/python3.10/test/dtracedata/call_stack.py'...
#7 207.3 Compiling '/usr/local/lib/python3.10/test/future_test1.py'...
#7 207.3 Compiling '/usr/local/lib/python3.10/test/inspect_stringized_annotations_2.py'...
#7 207.3 Compiling '/usr/local/lib/python3.10/test/support/threading_helper.py'...
#7 207.3 Compiling '/usr/local/lib/python3.10/test/test__osx_support.py'...
#7 207.3 Compiling '/usr/local/lib/python3.10/test/test_asyncio/test_pep492.py'...
#7 207.3 Compiling '/usr/local/lib/python3.10/test/test_asyncio/test_threads.py'...
#7 207.3 Compiling '/usr/local/lib/python3.10/test/test_asyncio/test_windows_events.py'...
#7 207.3 Compiling '/usr/local/lib/python3.10/test/test_atexit.py'...
#7 207.3 Compiling '/usr/local/lib/python3.10/test/test_base64.py'...
#7 207.3 Compiling '/usr/local/lib/python3.10/test/test_cmd_line_script.py'...
#7 207.3 Compiling '/usr/local/lib/python3.10/test/test_contextlib.py'...
#7 207.3 Compiling '/usr/local/lib/python3.10/test/test_difflib.py'...
#7 207.3 Compiling '/usr/local/lib/python3.10/test/test_email/test_inversion.py'...
#7 207.3 Compiling '/usr/local/lib/python3.10/test/test_enum.py'...
#7 207.3 Compiling '/usr/local/lib/python3.10/test/test_import/data/circular_imports/util.py'...
#7 207.3 Compiling '/usr/local/lib/python3.10/test/test_import/data/unwritable/__init__.py'...
#7 207.3 Compiling '/usr/local/lib/python3.10/test/test_importlib/data02/two/__init__.py'...
#7 207.3 Compiling '/usr/local/lib/python3.10/test/test_importlib/import_/test_meta_path.py'...
#7 207.3 Compiling '/usr/local/lib/python3.10/test/test_importlib/source/__main__.py'...
#7 207.3 Compiling '/usr/local/lib/python3.10/test/test_importlib/test_util.py'...
#7 207.3 Compiling '/usr/local/lib/python3.10/test/test_multiprocessing_fork.py'...
#7 207.3 Compiling '/usr/local/lib/python3.10/test/test_multiprocessing_main_handling.py'...
#7 207.3 Compiling '/usr/local/lib/python3.10/test/test_opcache.py'...
#7 207.3 Compiling '/usr/local/lib/python3.10/test/test_openpty.py'...
#7 207.3 Compiling '/usr/local/lib/python3.10/test/test_optparse.py'...
#7 207.3 Compiling '/usr/local/lib/python3.10/test/test_readline.py'...
#7 207.3 Compiling '/usr/local/lib/python3.10/test/test_spwd.py'...
#7 207.3 Compiling '/usr/local/lib/python3.10/test/test_ssl.py'...
#7 207.3 Compiling '/usr/local/lib/python3.10/turtledemo/yinyang.py'...
#7 207.3 Compiling '/usr/local/lib/python3.10/unittest/mock.py'...
#7 207.3 Compiling '/usr/local/lib/python3.10/_pyio.py'...
#7 207.3 Compiling '/usr/local/lib/python3.10/ctypes/macholib/__init__.py'...
#7 207.3 Compiling '/usr/local/lib/python3.10/ctypes/macholib/framework.py'...
#7 207.3 Compiling '/usr/local/lib/python3.10/ctypes/test/test_find.py'...
#7 207.3 Compiling '/usr/local/lib/python3.10/ctypes/test/test_random_things.py'...
#7 207.3 Compiling '/usr/local/lib/python3.10/dis.py'...
#7 207.3 Compiling '/usr/local/lib/python3.10/distutils/extension.py'...
#7 207.3 Compiling '/usr/local/lib/python3.10/distutils/tests/test_clean.py'...
#7 207.3 Compiling '/usr/local/lib/python3.10/distutils/tests/test_install.py'...
#7 207.3 Compiling '/usr/local/lib/python3.10/email/mime/audio.py'...
#7 207.3 Compiling '/usr/local/lib/python3.10/encodings/ascii.py'...
#7 207.3 Compiling '/usr/local/lib/python3.10/encodings/cp775.py'...
#7 207.3 Compiling '/usr/local/lib/python3.10/encodings/iso8859_15.py'...
#7 207.3 Compiling '/usr/local/lib/python3.10/encodings/mac_roman.py'...
#7 207.3 Compiling '/usr/local/lib/python3.10/encodings/utf_8.py'...
#7 207.3 Compiling '/usr/local/lib/python3.10/hashlib.py'...
#7 207.3 Compiling '/usr/local/lib/python3.10/idlelib/codecontext.py'...
#7 207.3 Compiling '/usr/local/lib/python3.10/idlelib/idle_test/test_colorizer.py'...
#7 207.3 Compiling '/usr/local/lib/python3.10/idlelib/idle_test/test_replace.py'...
#7 207.3 Compiling '/usr/local/lib/python3.10/idlelib/iomenu.py'...
#7 207.3 Compiling '/usr/local/lib/python3.10/idlelib/undo.py'...
#7 207.3 Compiling '/usr/local/lib/python3.10/inspect.py'...
#7 207.3 Compiling '/usr/local/lib/python3.10/lib2to3/fixes/fix_itertools_imports.py'...
#7 207.3 Compiling '/usr/local/lib/python3.10/lib2to3/fixes/fix_xreadlines.py'...
#7 207.3 Compiling '/usr/local/lib/python3.10/mimetypes.py'...
#7 207.3 Compiling '/usr/local/lib/python3.10/multiprocessing/queues.py'...
#7 207.3 Compiling '/usr/local/lib/python3.10/pty.py'...
#7 207.3 Compiling '/usr/local/lib/python3.10/queue.py'...
#7 207.3 Compiling '/usr/local/lib/python3.10/reprlib.py'...
#7 207.3 Compiling '/usr/local/lib/python3.10/sqlite3/test/dump.py'...
#7 207.3 Compiling '/usr/local/lib/python3.10/sre_constants.py'...
#7 207.3 Compiling '/usr/local/lib/python3.10/symtable.py'...
#7 207.3 Compiling '/usr/local/lib/python3.10/test/ann_module7.py'...
#7 207.3 Compiling '/usr/local/lib/python3.10/test/bad_getattr2.py'...
#7 207.3 Compiling '/usr/local/lib/python3.10/test/coding20731.py'...
#7 207.3 Compiling '/usr/local/lib/python3.10/test/final_a.py'...
#7 207.3 Compiling '/usr/local/lib/python3.10/test/inspect_fodder.py'...
#7 207.3 Compiling '/usr/local/lib/python3.10/test/test_abc.py'...
#7 207.3 Compiling '/usr/local/lib/python3.10/test/test_asyncio/test_sendfile.py'...
#7 207.3 Compiling '/usr/local/lib/python3.10/test/test_audioop.py'...
#7 207.3 Compiling '/usr/local/lib/python3.10/test/test_cgitb.py'...
#7 207.3 Compiling '/usr/local/lib/python3.10/test/test_class.py'...
#7 207.3 Compiling '/usr/local/lib/python3.10/test/test_codecencodings_cn.py'...
#7 207.3 Compiling '/usr/local/lib/python3.10/test/test_codecmaps_cn.py'...
#7 207.3 Compiling '/usr/local/lib/python3.10/test/test_csv.py'...
#7 207.3 Compiling '/usr/local/lib/python3.10/test/test_dtrace.py'...
#7 207.3 Compiling '/usr/local/lib/python3.10/test/test_email/test_defect_handling.py'...
#7 207.3 Compiling '/usr/local/lib/python3.10/test/test_extcall.py'...
#7 207.3 Compiling '/usr/local/lib/python3.10/test/test_fileinput.py'...
#7 207.3 Compiling '/usr/local/lib/python3.10/test/test_grp.py'...
#7 207.3 Compiling '/usr/local/lib/python3.10/test/test_hashlib.py'...
#7 207.3 Compiling '/usr/local/lib/python3.10/test/test_import/data/circular_imports/indirect.py'...
#7 207.3 Compiling '/usr/local/lib/python3.10/test/test_import/data/package2/submodule2.py'...
#7 207.3 Compiling '/usr/local/lib/python3.10/test/test_importlib/data03/__init__.py'...
#7 207.3 Compiling '/usr/local/lib/python3.10/test/test_importlib/import_/test_path.py'...
#7 207.3 Compiling '/usr/local/lib/python3.10/test/test_importlib/source/test_source_encoding.py'...
#7 207.3 Compiling '/usr/local/lib/python3.10/test/test_importlib/test_resource.py'...
#7 207.3 Compiling '/usr/local/lib/python3.10/test/test_json/__init__.py'...
#7 207.3 Compiling '/usr/local/lib/python3.10/test/test_json/test_float.py'...
#7 207.3 Compiling '/usr/local/lib/python3.10/test/test_json/test_separators.py'...
#7 207.3 Compiling '/usr/local/lib/python3.10/test/test_largefile.py'...
#7 207.3 Compiling '/usr/local/lib/python3.10/test/test_metaclass.py'...
#7 207.3 Compiling '/usr/local/lib/python3.10/test/test_multiprocessing_spawn.py'...
#7 207.3 Compiling '/usr/local/lib/python3.10/test/test_nis.py'...
#7 207.3 Compiling '/usr/local/lib/python3.10/test/test_numeric_tower.py'...
#7 207.3 Compiling '/usr/local/lib/python3.10/test/test_patma.py'...
#7 207.3 Compiling '/usr/local/lib/python3.10/test/test_sys_setprofile.py'...
#7 207.3 Compiling '/usr/local/lib/python3.10/test/test_threadedtempfile.py'...
#7 207.3 Compiling '/usr/local/lib/python3.10/test/test_threading.py'...
#7 207.3 Compiling '/usr/local/lib/python3.10/test/test_urllib2net.py'...
#7 207.3 Compiling '/usr/local/lib/python3.10/test/test_venv.py'...
#7 207.3 Compiling '/usr/local/lib/python3.10/test/test_zipfile.py'...
#7 207.3 Compiling '/usr/local/lib/python3.10/wsgiref/simple_server.py'...
#7 207.3 Compiling '/usr/local/lib/python3.10/xml/dom/minicompat.py'...
#7 207.3 Compiling '/usr/local/lib/python3.10/xml/etree/__init__.py'...
#7 207.3 Compiling '/usr/local/lib/python3.10/xml/etree/cElementTree.py'...
#7 207.3 Compiling '/usr/local/lib/python3.10/xml/sax/__init__.py'...
#7 207.3 Compiling '/usr/local/lib/python3.10/xml/sax/saxutils.py'...
#7 207.3 Compiling '/usr/local/lib/python3.10/_aix_support.py'...
#7 207.3 Compiling '/usr/local/lib/python3.10/asyncio/windows_events.py'...
#7 207.3 Compiling '/usr/local/lib/python3.10/ctypes/test/test_array_in_pointer.py'...
#7 207.3 Compiling '/usr/local/lib/python3.10/ctypes/test/test_libc.py'...
#7 207.3 Compiling '/usr/local/lib/python3.10/ctypes/test/test_python_api.py'...
#7 207.3 Compiling '/usr/local/lib/python3.10/ctypes/test/test_values.py'...
#7 207.3 Compiling '/usr/local/lib/python3.10/distutils/archive_util.py'...
#7 207.3 Compiling '/usr/local/lib/python3.10/distutils/command/install_data.py'...
#7 207.3 Compiling '/usr/local/lib/python3.10/distutils/file_util.py'...
#7 207.3 Compiling '/usr/local/lib/python3.10/distutils/tests/test_build_py.py'...
#7 207.3 Compiling '/usr/local/lib/python3.10/distutils/tests/test_msvccompiler.py'...
#7 207.3 Compiling '/usr/local/lib/python3.10/email/generator.py'...
#7 207.3 Compiling '/usr/local/lib/python3.10/encodings/cp1254.py'...
#7 207.3 Compiling '/usr/local/lib/python3.10/encodings/cp864.py'...
#7 207.3 Compiling '/usr/local/lib/python3.10/encodings/idna.py'...
#7 207.3 Compiling '/usr/local/lib/python3.10/encodings/iso8859_14.py'...
#7 207.3 Compiling '/usr/local/lib/python3.10/encodings/iso8859_3.py'...
#7 207.3 Compiling '/usr/local/lib/python3.10/encodings/iso8859_6.py'...
#7 207.3 Compiling '/usr/local/lib/python3.10/encodings/iso8859_9.py'...
#7 207.3 Compiling '/usr/local/lib/python3.10/ensurepip/_bundled/__init__.py'...
#7 207.3 Compiling '/usr/local/lib/python3.10/http/client.py'...
#7 207.3 Compiling '/usr/local/lib/python3.10/idlelib/delegator.py'...
#7 207.3 Compiling '/usr/local/lib/python3.10/idlelib/idle_test/__init__.py'...
#7 207.3 Compiling '/usr/local/lib/python3.10/idlelib/idle_test/test_debugger.py'...
#7 207.3 Compiling '/usr/local/lib/python3.10/idlelib/idle_test/test_search.py'...
#7 207.3 Compiling '/usr/local/lib/python3.10/idlelib/parenmatch.py'...
#7 207.3 Compiling '/usr/local/lib/python3.10/idlelib/util.py'...
#7 207.3 Compiling '/usr/local/lib/python3.10/importlib/metadata/_text.py'...
#7 207.3 Compiling '/usr/local/lib/python3.10/lib2to3/fixes/fix_apply.py'...
#7 207.3 Compiling '/usr/local/lib/python3.10/lib2to3/fixes/fix_ne.py'...
#7 207.3 Compiling '/usr/local/lib/python3.10/lib2to3/fixes/fix_xrange.py'...
#7 207.3 Compiling '/usr/local/lib/python3.10/lib2to3/pgen2/grammar.py'...
#7 207.3 Compiling '/usr/local/lib/python3.10/lib2to3/pgen2/tokenize.py'...
#7 207.3 Compiling '/usr/local/lib/python3.10/lib2to3/tests/test_all_fixers.py'...
#7 207.3 Compiling '/usr/local/lib/python3.10/posixpath.py'...
#7 207.3 Compiling '/usr/local/lib/python3.10/site.py'...
#7 207.3 Compiling '/usr/local/lib/python3.10/sqlite3/test/types.py'...
#7 207.3 Compiling '/usr/local/lib/python3.10/test/_test_embed_set_config.py'...
#7 207.3 Compiling '/usr/local/lib/python3.10/test/bad_getattr3.py'...
#7 207.3 Compiling '/usr/local/lib/python3.10/test/curses_tests.py'...
#7 207.3 Compiling '/usr/local/lib/python3.10/test/dataclass_module_2.py'...
#7 207.3 Compiling '/usr/local/lib/python3.10/test/support/logging_helper.py'...
#7 207.3 Compiling '/usr/local/lib/python3.10/test/test_array.py'...
#7 207.3 Compiling '/usr/local/lib/python3.10/test/test_cmd.py'...
#7 207.3 Compiling '/usr/local/lib/python3.10/test/test_code.py'...
#7 207.3 Compiling '/usr/local/lib/python3.10/test/test_codecencodings_jp.py'...
#7 207.3 Compiling '/usr/local/lib/python3.10/test/test_compare.py'...
#7 207.3 Compiling '/usr/local/lib/python3.10/test/test_contains.py'...
#7 207.3 Compiling '/usr/local/lib/python3.10/test/test_contextlib_async.py'...
#7 207.3 Compiling '/usr/local/lib/python3.10/test/test_datetime.py'...
#7 207.3 Compiling '/usr/local/lib/python3.10/test/test_dbm.py'...
#7 207.3 Compiling '/usr/local/lib/python3.10/test/test_dbm_gnu.py'...
#7 207.3 Compiling '/usr/local/lib/python3.10/test/test_decimal.py'...
#7 207.3 Compiling '/usr/local/lib/python3.10/test/test_importlib/frozen/__main__.py'...
#7 207.3 Compiling '/usr/local/lib/python3.10/test/test_importlib/test_threaded_import.py'...
#7 207.3 Compiling '/usr/local/lib/python3.10/test/test_itertools.py'...
#7 207.3 Compiling '/usr/local/lib/python3.10/test/test_source_encoding.py'...
#7 207.3 Compiling '/usr/local/lib/python3.10/test/test_stringprep.py'...
#7 207.3 Compiling '/usr/local/lib/python3.10/test/test_structseq.py'...
#7 207.3 Compiling '/usr/local/lib/python3.10/test/test_super.py'...
#7 207.3 Compiling '/usr/local/lib/python3.10/test/test_syslog.py'...
#7 207.3 Compiling '/usr/local/lib/python3.10/test/test_tcl.py'...
#7 207.3 Compiling '/usr/local/lib/python3.10/test/test_tokenize.py'...
#7 207.3 Compiling '/usr/local/lib/python3.10/test/test_userdict.py'...
#7 207.3 Compiling '/usr/local/lib/python3.10/test/test_warnings/data/stacklevel.py'...
#7 207.3 Compiling '/usr/local/lib/python3.10/test/test_winreg.py'...
#7 207.3 Compiling '/usr/local/lib/python3.10/test/test_zipfile64.py'...
#7 207.3 Compiling '/usr/local/lib/python3.10/test/test_zlib.py'...
#7 207.3 Compiling '/usr/local/lib/python3.10/tkinter/test/test_tkinter/test_images.py'...
#7 207.3 Compiling '/usr/local/lib/python3.10/traceback.py'...
#7 207.3 Compiling '/usr/local/lib/python3.10/turtledemo/peace.py'...
#7 207.3 Compiling '/usr/local/lib/python3.10/turtledemo/tree.py'...
#7 207.3 Compiling '/usr/local/lib/python3.10/typing.py'...
#7 207.3 Compiling '/usr/local/lib/python3.10/wsgiref/headers.py'...
#7 207.3 Compiling '/usr/local/lib/python3.10/xml/dom/expatbuilder.py'...
#7 207.3 Compiling '/usr/local/lib/python3.10/asynchat.py'...
#7 207.3 Compiling '/usr/local/lib/python3.10/asyncio/streams.py'...
#7 207.3 Compiling '/usr/local/lib/python3.10/calendar.py'...
#7 207.3 Compiling '/usr/local/lib/python3.10/ctypes/_endian.py'...
#7 207.3 Compiling '/usr/local/lib/python3.10/ctypes/test/test_callbacks.py'...
#7 207.3 Compiling '/usr/local/lib/python3.10/curses/__init__.py'...
#7 207.3 Compiling '/usr/local/lib/python3.10/distutils/__init__.py'...
#7 207.3 Compiling '/usr/local/lib/python3.10/distutils/config.py'...
#7 207.3 Compiling '/usr/local/lib/python3.10/distutils/msvccompiler.py'...
#7 207.3 Compiling '/usr/local/lib/python3.10/email/_encoded_words.py'...
#7 207.3 Compiling '/usr/local/lib/python3.10/email/errors.py'...
#7 207.3 Compiling '/usr/local/lib/python3.10/encodings/aliases.py'...
#7 207.3 Compiling '/usr/local/lib/python3.10/encodings/cp424.py'...
#7 207.3 Compiling '/usr/local/lib/python3.10/encodings/cp860.py'...
#7 207.3 Compiling '/usr/local/lib/python3.10/encodings/iso2022_jp_ext.py'...
#7 207.3 Compiling '/usr/local/lib/python3.10/encodings/kz1048.py'...
#7 207.3 Compiling '/usr/local/lib/python3.10/fnmatch.py'...
#7 207.3 Compiling '/usr/local/lib/python3.10/idlelib/__init__.py'...
#7 207.3 Compiling '/usr/local/lib/python3.10/idlelib/colorizer.py'...
#7 207.3 Compiling '/usr/local/lib/python3.10/idlelib/idle_test/mock_idle.py'...
#7 207.3 Compiling '/usr/local/lib/python3.10/idlelib/idle_test/template.py'...
#7 207.3 Compiling '/usr/local/lib/python3.10/idlelib/idle_test/test_grep.py'...
#7 207.3 Compiling '/usr/local/lib/python3.10/idlelib/idle_test/test_scrolledlist.py'...
#7 207.3 Compiling '/usr/local/lib/python3.10/idlelib/multicall.py'...
#7 207.3 Compiling '/usr/local/lib/python3.10/importlib/metadata/_meta.py'...
#7 207.3 Compiling '/usr/local/lib/python3.10/lib2to3/fixer_util.py'...
#7 207.3 Compiling '/usr/local/lib/python3.10/lib2to3/fixes/fix_itertools.py'...
#7 207.3 Compiling '/usr/local/lib/python3.10/lib2to3/fixes/fix_throw.py'...
#7 207.3 Compiling '/usr/local/lib/python3.10/lib2to3/tests/__main__.py'...
#7 207.3 Compiling '/usr/local/lib/python3.10/lib2to3/tests/test_main.py'...
#7 207.3 Compiling '/usr/local/lib/python3.10/multiprocessing/pool.py'...
#7 207.3 Compiling '/usr/local/lib/python3.10/pipes.py'...
#7 207.3 Compiling '/usr/local/lib/python3.10/quopri.py'...
#7 207.3 Compiling '/usr/local/lib/python3.10/rlcompleter.py'...
#7 207.3 Compiling '/usr/local/lib/python3.10/sqlite3/__init__.py'...
#7 207.3 Compiling '/usr/local/lib/python3.10/sqlite3/test/factory.py'...
#7 207.3 Compiling '/usr/local/lib/python3.10/tarfile.py'...
#7 207.3 Compiling '/usr/local/lib/python3.10/test/libregrtest/cmdline.py'...
#7 207.3 Compiling '/usr/local/lib/python3.10/test/libregrtest/utils.py'...
#7 207.3 Compiling '/usr/local/lib/python3.10/test/mapping_tests.py'...
#7 207.3 Compiling '/usr/local/lib/python3.10/test/reperf.py'...
#7 207.3 Compiling '/usr/local/lib/python3.10/test/seq_tests.py'...
#7 207.3 Compiling '/usr/local/lib/python3.10/test/test_asynchat.py'...
#7 207.3 Compiling '/usr/local/lib/python3.10/test/test_asyncio/test_streams.py'...
#7 207.3 Compiling '/usr/local/lib/python3.10/test/test_builtin.py'...
#7 207.3 Compiling '/usr/local/lib/python3.10/test/test_dynamic.py'...
#7 207.3 Compiling '/usr/local/lib/python3.10/test/test_ensurepip.py'...
#7 207.3 Compiling '/usr/local/lib/python3.10/test/test_fork1.py'...
#7 207.3 Compiling '/usr/local/lib/python3.10/test/test_funcattrs.py'...
#7 207.3 Compiling '/usr/local/lib/python3.10/test/test_genericpath.py'...
#7 207.3 Compiling '/usr/local/lib/python3.10/test/test_http_cookies.py'...
#7 207.3 Compiling '/usr/local/lib/python3.10/test/test_import/data/circular_imports/basic2.py'...
#7 207.3 Compiling '/usr/local/lib/python3.10/test/test_import/data/circular_imports/subpackage.py'...
#7 207.3 Compiling '/usr/local/lib/python3.10/test/test_importlib/frozen/test_loader.py'...
#7 207.3 Compiling '/usr/local/lib/python3.10/test/test_json/test_dump.py'...
#7 207.3 Compiling '/usr/local/lib/python3.10/test/test_keyword.py'...
#7 207.3 Compiling '/usr/local/lib/python3.10/test/test_locale.py'...
#7 207.3 Compiling '/usr/local/lib/python3.10/test/test_ordered_dict.py'...
#7 207.3 Compiling '/usr/local/lib/python3.10/test/test_pprint.py'...
#7 207.3 Compiling '/usr/local/lib/python3.10/test/test_sort.py'...
#7 207.3 Compiling '/usr/local/lib/python3.10/test/test_strtod.py'...
#7 207.3 Compiling '/usr/local/lib/python3.10/test/test_symtable.py'...
#7 207.3 Compiling '/usr/local/lib/python3.10/test/test_tabnanny.py'...
#7 207.3 Compiling '/usr/local/lib/python3.10/test/test_tools/__init__.py'...
#7 207.3 Compiling '/usr/local/lib/python3.10/test/test_tools/test_pdeps.py'...
#7 207.3 Compiling '/usr/local/lib/python3.10/test/test_trace.py'...
#7 207.3 Compiling '/usr/local/lib/python3.10/test/test_unicode_identifiers.py'...
#7 207.3 Compiling '/usr/local/lib/python3.10/test/test_urllib2_localnet.py'...
#7 207.3 Compiling '/usr/local/lib/python3.10/test/test_with.py'...
#7 207.3 Compiling '/usr/local/lib/python3.10/test/time_hashlib.py'...
#7 207.3 Compiling '/usr/local/lib/python3.10/test/xmltests.py'...
#7 207.3 Compiling '/usr/local/lib/python3.10/tkinter/__init__.py'...
#7 207.3 Compiling '/usr/local/lib/python3.10/_osx_support.py'...
#7 207.3 Compiling '/usr/local/lib/python3.10/asyncio/futures.py'...
#7 207.3 Compiling '/usr/local/lib/python3.10/base64.py'...
#7 207.3 Compiling '/usr/local/lib/python3.10/colorsys.py'...
#7 207.3 Compiling '/usr/local/lib/python3.10/crypt.py'...
#7 207.3 Compiling '/usr/local/lib/python3.10/ctypes/test/test_arrays.py'...
#7 207.3 Compiling '/usr/local/lib/python3.10/ctypes/test/test_pep3118.py'...
#7 207.3 Compiling '/usr/local/lib/python3.10/datetime.py'...
#7 207.3 Compiling '/usr/local/lib/python3.10/encodings/cp1255.py'...
#7 207.3 Compiling '/usr/local/lib/python3.10/encodings/euc_jis_2004.py'...
#7 207.3 Compiling '/usr/local/lib/python3.10/encodings/iso2022_jp_2.py'...
#7 207.3 Compiling '/usr/local/lib/python3.10/encodings/koi8_u.py'...
#7 207.3 Compiling '/usr/local/lib/python3.10/encodings/tis_620.py'...
#7 207.3 Compiling '/usr/local/lib/python3.10/fractions.py'...
#7 207.3 Compiling '/usr/local/lib/python3.10/idlelib/browser.py'...
#7 207.3 Compiling '/usr/local/lib/python3.10/idlelib/idle_test/test_browser.py'...
#7 207.3 Compiling '/usr/local/lib/python3.10/idlelib/idle_test/test_iomenu.py'...
#7 207.3 Compiling '/usr/local/lib/python3.10/idlelib/idle_test/test_searchengine.py'...
#7 207.3 Compiling '/usr/local/lib/python3.10/idlelib/pyparse.py'...
#7 207.3 Compiling '/usr/local/lib/python3.10/imghdr.py'...
#7 207.3 Compiling '/usr/local/lib/python3.10/io.py'...
#7 207.3 Compiling '/usr/local/lib/python3.10/lib2to3/fixes/fix_buffer.py'...
#7 207.3 Compiling '/usr/local/lib/python3.10/lib2to3/fixes/fix_next.py'...
#7 207.3 Compiling '/usr/local/lib/python3.10/lib2to3/patcomp.py'...
#7 207.3 Compiling '/usr/local/lib/python3.10/multiprocessing/resource_sharer.py'...
#7 207.3 Compiling '/usr/local/lib/python3.10/pydoc.py'...
#7 207.3 Compiling '/usr/local/lib/python3.10/test/dis_module.py'...
#7 207.3 Compiling '/usr/local/lib/python3.10/test/encoded_modules/module_koi8_r.py'...
#7 207.3 Compiling '/usr/local/lib/python3.10/test/imp_dummy.py'...
#7 207.3 Compiling '/usr/local/lib/python3.10/test/regrtest.py'...
#7 207.3 Compiling '/usr/local/lib/python3.10/test/test_asyncio/test_proactor_events.py'...
#7 207.3 Compiling '/usr/local/lib/python3.10/test/test_bigaddrspace.py'...
#7 207.3 Compiling '/usr/local/lib/python3.10/test/test_binop.py'...
#7 207.3 Compiling '/usr/local/lib/python3.10/test/test_call.py'...
#7 207.3 Compiling '/usr/local/lib/python3.10/test/test_codecmaps_tw.py'...
#7 207.3 Compiling '/usr/local/lib/python3.10/test/test_complex.py'...
#7 207.3 Compiling '/usr/local/lib/python3.10/test/test_decorators.py'...
#7 207.3 Compiling '/usr/local/lib/python3.10/test/test_email/__init__.py'...
#7 207.3 Compiling '/usr/local/lib/python3.10/test/test_email/test_pickleable.py'...
#7 207.3 Compiling '/usr/local/lib/python3.10/test/test_epoll.py'...
#7 207.3 Compiling '/usr/local/lib/python3.10/test/test_functools.py'...
#7 207.3 Compiling '/usr/local/lib/python3.10/test/test_importlib/extension/test_case_sensitivity.py'...
#7 207.3 Compiling '/usr/local/lib/python3.10/test/test_importlib/namespace_pkgs/module_and_namespace_package/a_test.py'...
#7 207.3 Compiling '/usr/local/lib/python3.10/test/test_importlib/update-zips.py'...
#7 207.3 Compiling '/usr/local/lib/python3.10/test/test_isinstance.py'...
#7 207.3 Compiling '/usr/local/lib/python3.10/test/test_list.py'...
#7 207.3 Compiling '/usr/local/lib/python3.10/test/test_msilib.py'...
#7 207.3 Compiling '/usr/local/lib/python3.10/test/test_netrc.py'...
#7 207.3 Compiling '/usr/local/lib/python3.10/test/test_operator.py'...
#7 207.3 Compiling '/usr/local/lib/python3.10/test/test_poll.py'...
#7 207.3 Compiling '/usr/local/lib/python3.10/test/test_posixpath.py'...
#7 207.3 Compiling '/usr/local/lib/python3.10/test/test_resource.py'...
#7 207.3 Compiling '/usr/local/lib/python3.10/test/test_runpy.py'...
#7 207.3 Compiling '/usr/local/lib/python3.10/test/test_sndhdr.py'...
#7 207.3 Compiling '/usr/local/lib/python3.10/test/test_startfile.py'...
#7 207.3 Compiling '/usr/local/lib/python3.10/test/test_string.py'...
#7 207.3 Compiling '/usr/local/lib/python3.10/test/test_sysconfig.py'...
#7 207.3 Compiling '/usr/local/lib/python3.10/test/test_thread.py'...
#7 207.3 Compiling '/usr/local/lib/python3.10/test/test_threadsignals.py'...
#7 207.3 Compiling '/usr/local/lib/python3.10/test/test_tk.py'...
#7 207.3 Compiling '/usr/local/lib/python3.10/test/test_tools/test_pindent.py'...
#7 207.3 Compiling '/usr/local/lib/python3.10/test/test_type_comments.py'...
#7 207.3 Compiling '/usr/local/lib/python3.10/test/test_unparse.py'...
#7 207.3 Compiling '/usr/local/lib/python3.10/test/test_zoneinfo/data/update_test_data.py'...
#7 207.3 Compiling '/usr/local/lib/python3.10/test/typinganndata/__init__.py'...
#7 207.3 Compiling '/usr/local/lib/python3.10/textwrap.py'...
#7 207.3 Compiling '/usr/local/lib/python3.10/tkinter/test/support.py'...
#7 207.3 Compiling '/usr/local/lib/python3.10/tkinter/test/test_tkinter/test_variables.py'...
#7 207.3 Compiling '/usr/local/lib/python3.10/turtledemo/__main__.py'...
#7 207.3 Compiling '/usr/local/lib/python3.10/turtledemo/rosette.py'...
#7 207.3 Compiling '/usr/local/lib/python3.10/unittest/__init__.py'...
#7 207.3 Compiling '/usr/local/lib/python3.10/unittest/case.py'...
#7 207.3 Compiling '/usr/local/lib/python3.10/unittest/test/testmock/testpatch.py'...
#7 207.3 Compiling '/usr/local/lib/python3.10/_threading_local.py'...
#7 207.3 Compiling '/usr/local/lib/python3.10/antigravity.py'...
#7 207.3 Compiling '/usr/local/lib/python3.10/asyncio/exceptions.py'...
#7 207.3 Compiling '/usr/local/lib/python3.10/asyncio/unix_events.py'...
#7 207.3 Compiling '/usr/local/lib/python3.10/concurrent/futures/_base.py'...
#7 207.3 Compiling '/usr/local/lib/python3.10/ctypes/test/test_cast.py'...
#7 207.3 Compiling '/usr/local/lib/python3.10/ctypes/test/test_strings.py'...
#7 207.3 Compiling '/usr/local/lib/python3.10/distutils/command/bdist_dumb.py'...
#7 207.3 Compiling '/usr/local/lib/python3.10/distutils/command/install_headers.py'...
#7 207.3 Compiling '/usr/local/lib/python3.10/distutils/command/upload.py'...
#7 207.3 Compiling '/usr/local/lib/python3.10/distutils/sysconfig.py'...
#7 207.3 Compiling '/usr/local/lib/python3.10/distutils/tests/test_config.py'...
#7 207.3 Compiling '/usr/local/lib/python3.10/distutils/tests/test_install_headers.py'...
#7 207.3 Compiling '/usr/local/lib/python3.10/distutils/tests/test_version.py'...
#7 207.3 Compiling '/usr/local/lib/python3.10/encodings/__init__.py'...
#7 207.3 Compiling '/usr/local/lib/python3.10/encodings/cp1256.py'...
#7 207.3 Compiling '/usr/local/lib/python3.10/encodings/cp869.py'...
#7 207.3 Compiling '/usr/local/lib/python3.10/encodings/iso2022_jp_3.py'...
#7 207.3 Compiling '/usr/local/lib/python3.10/encodings/mac_arabic.py'...
#7 207.3 Compiling '/usr/local/lib/python3.10/encodings/utf_16_be.py'...
#7 207.3 Compiling '/usr/local/lib/python3.10/genericpath.py'...
#7 207.3 Compiling '/usr/local/lib/python3.10/idlelib/autocomplete_w.py'...
#7 207.3 Compiling '/usr/local/lib/python3.10/idlelib/idle_test/test_calltip.py'...
#7 207.3 Compiling '/usr/local/lib/python3.10/idlelib/idle_test/test_editmenu.py'...
#7 207.3 Compiling '/usr/local/lib/python3.10/idlelib/idle_test/test_rpc.py'...
#7 207.3 Compiling '/usr/local/lib/python3.10/idlelib/idle_test/tkinter_testing_utils.py'...
#7 207.3 Compiling '/usr/local/lib/python3.10/idlelib/statusbar.py'...
#7 207.3 Compiling '/usr/local/lib/python3.10/importlib/metadata/__init__.py'...
#7 207.3 Compiling '/usr/local/lib/python3.10/lib2to3/fixes/fix_dict.py'...
#7 207.3 Compiling '/usr/local/lib/python3.10/lib2to3/fixes/fix_set_literal.py'...
#7 207.3 Compiling '/usr/local/lib/python3.10/logging/config.py'...
#7 207.3 Compiling '/usr/local/lib/python3.10/multiprocessing/connection.py'...
#7 207.3 Compiling '/usr/local/lib/python3.10/pickle.py'...
#7 207.3 Compiling '/usr/local/lib/python3.10/test/__init__.py'...
#7 207.3 Compiling '/usr/local/lib/python3.10/test/ann_module2.py'...
#7 207.3 Compiling '/usr/local/lib/python3.10/test/ann_module5.py'...
#7 207.3 Compiling '/usr/local/lib/python3.10/test/bad_getattr.py'...
#7 207.3 Compiling '/usr/local/lib/python3.10/test/libregrtest/__init__.py'...
#7 207.3 Compiling '/usr/local/lib/python3.10/test/pickletester.py'...
#7 207.3 Compiling '/usr/local/lib/python3.10/test/test_descr.py'...
#7 207.3 Compiling '/usr/local/lib/python3.10/test/test_importlib/builtin/test_loader.py'...
#7 207.3 Compiling '/usr/local/lib/python3.10/test/test_importlib/extension/test_path_hook.py'...
#7 207.3 Compiling '/usr/local/lib/python3.10/test/test_importlib/namespace_pkgs/not_a_namespace_pkg/foo/__init__.py'...
#7 207.3 Compiling '/usr/local/lib/python3.10/test/test_importlib/partial/pool_in_threads.py'...
#7 207.3 Compiling '/usr/local/lib/python3.10/test/test_importlib/test_abc.py'...
#7 207.3 Compiling '/usr/local/lib/python3.10/test/test_mmap.py'...
#7 207.3 Compiling '/usr/local/lib/python3.10/test/test_peg_generator/__init__.py'...
#7 207.3 Compiling '/usr/local/lib/python3.10/test/test_peg_generator/test_c_parser.py'...
#7 207.3 Compiling '/usr/local/lib/python3.10/test/test_picklebuffer.py'...
#7 207.3 Compiling '/usr/local/lib/python3.10/test/test_pkg.py'...
#7 207.3 Compiling '/usr/local/lib/python3.10/test/test_plistlib.py'...
#7 207.3 Compiling '/usr/local/lib/python3.10/test/test_pulldom.py'...
#7 207.3 Compiling '/usr/local/lib/python3.10/test/test_repl.py'...
#7 207.3 Compiling '/usr/local/lib/python3.10/test/test_rlcompleter.py'...
#7 207.3 Compiling '/usr/local/lib/python3.10/test/test_sched.py'...
#7 207.3 Compiling '/usr/local/lib/python3.10/test/test_set.py'...
#7 207.3 Compiling '/usr/local/lib/python3.10/test/test_types.py'...
#7 207.3 Compiling '/usr/local/lib/python3.10/turtledemo/__init__.py'...
#7 207.3 Compiling '/usr/local/lib/python3.10/turtledemo/clock.py'...
#7 207.3 Compiling '/usr/local/lib/python3.10/turtledemo/nim.py'...
#7 207.3 Compiling '/usr/local/lib/python3.10/unittest/loader.py'...
#7 207.3 Compiling '/usr/local/lib/python3.10/unittest/test/test_suite.py'...
#7 207.3 Compiling '/usr/local/lib/python3.10/unittest/test/testmock/testsentinel.py'...
#7 207.3 Compiling '/usr/local/lib/python3.10/unittest/util.py'...
#7 207.3 Compiling '/usr/local/lib/python3.10/uu.py'...
#7 207.3 Compiling '/usr/local/lib/python3.10/wave.py'...
#7 207.3 Compiling '/usr/local/lib/python3.10/wsgiref/validate.py'...
#7 207.3 Compiling '/usr/local/lib/python3.10/xmlrpc/server.py'...
#7 207.3 Compiling '/usr/local/lib/python3.10/_compat_pickle.py'...
#7 207.3 Compiling '/usr/local/lib/python3.10/asyncio/constants.py'...
#7 207.3 Compiling '/usr/local/lib/python3.10/asyncio/format_helpers.py'...
#7 207.3 Compiling '/usr/local/lib/python3.10/asyncio/queues.py'...
#7 207.3 Compiling '/usr/local/lib/python3.10/binhex.py'...
#7 207.3 Compiling '/usr/local/lib/python3.10/compileall.py'...
#7 207.3 Compiling '/usr/local/lib/python3.10/contextlib.py'...
#7 207.3 Compiling '/usr/local/lib/python3.10/ctypes/macholib/dylib.py'...
#7 207.3 Compiling '/usr/local/lib/python3.10/ctypes/test/test_functions.py'...
#7 207.3 Compiling '/usr/local/lib/python3.10/ctypes/test/test_refcounts.py'...
#7 207.3 Compiling '/usr/local/lib/python3.10/ctypes/test/test_unicode.py'...
#7 207.3 Compiling '/usr/local/lib/python3.10/dbm/gnu.py'...
#7 207.3 Compiling '/usr/local/lib/python3.10/distutils/command/build_scripts.py'...
#7 207.3 Compiling '/usr/local/lib/python3.10/distutils/core.py'...
#7 207.3 Compiling '/usr/local/lib/python3.10/distutils/log.py'...
#7 207.3 Compiling '/usr/local/lib/python3.10/distutils/tests/test_build.py'...
#7 207.3 Compiling '/usr/local/lib/python3.10/distutils/tests/test_cygwinccompiler.py'...
#7 207.3 Compiling '/usr/local/lib/python3.10/distutils/tests/test_install_data.py'...
#7 207.3 Compiling '/usr/local/lib/python3.10/distutils/tests/test_register.py'...
#7 207.3 Compiling '/usr/local/lib/python3.10/email/mime/application.py'...
#7 207.3 Compiling '/usr/local/lib/python3.10/email/mime/text.py'...
#7 207.3 Compiling '/usr/local/lib/python3.10/encodings/charmap.py'...
#7 207.3 Compiling '/usr/local/lib/python3.10/encodings/cp1250.py'...
#7 207.3 Compiling '/usr/local/lib/python3.10/encodings/cp875.py'...
#7 207.3 Compiling '/usr/local/lib/python3.10/encodings/euc_jisx0213.py'...
#7 207.3 Compiling '/usr/local/lib/python3.10/encodings/hp_roman8.py'...
#7 207.3 Compiling '/usr/local/lib/python3.10/encodings/johab.py'...
#7 207.3 Compiling '/usr/local/lib/python3.10/encodings/shift_jis.py'...
#7 207.3 Compiling '/usr/local/lib/python3.10/enum.py'...
#7 207.3 Compiling '/usr/local/lib/python3.10/idlelib/help.py'...
#7 207.3 Compiling '/usr/local/lib/python3.10/idlelib/idle_test/test_autocomplete.py'...
#7 207.3 Compiling '/usr/local/lib/python3.10/idlelib/idle_test/test_run.py'...
#7 207.3 Compiling '/usr/local/lib/python3.10/idlelib/percolator.py'...
#7 207.3 Compiling '/usr/local/lib/python3.10/idlelib/redirector.py'...
#7 207.3 Compiling '/usr/local/lib/python3.10/imaplib.py'...
#7 207.3 Compiling '/usr/local/lib/python3.10/lib2to3/fixer_base.py'...
#7 207.3 Compiling '/usr/local/lib/python3.10/lib2to3/fixes/fix_intern.py'...
#7 207.3 Compiling '/usr/local/lib/python3.10/lib2to3/fixes/fix_types.py'...
#7 207.3 Compiling '/usr/local/lib/python3.10/lib2to3/tests/test_refactor.py'...
#7 207.3 Compiling '/usr/local/lib/python3.10/multiprocessing/popen_forkserver.py'...
#7 207.3 Compiling '/usr/local/lib/python3.10/nturl2path.py'...
#7 207.3 Compiling '/usr/local/lib/python3.10/profile.py'...
#7 207.3 Compiling '/usr/local/lib/python3.10/sched.py'...
#7 207.3 Compiling '/usr/local/lib/python3.10/shlex.py'...
#7 207.3 Compiling '/usr/local/lib/python3.10/sqlite3/test/__init__.py'...
#7 207.3 Compiling '/usr/local/lib/python3.10/sre_parse.py'...
#7 207.3 Compiling '/usr/local/lib/python3.10/test/dataclass_module_1_str.py'...
#7 207.3 Compiling '/usr/local/lib/python3.10/test/doctest_aliases.py'...
#7 207.3 Compiling '/usr/local/lib/python3.10/test/list_tests.py'...
#7 207.3 Compiling '/usr/local/lib/python3.10/test/support/import_helper.py'...
#7 207.3 Compiling '/usr/local/lib/python3.10/test/test_asyncio/echo.py'...
#7 207.3 Compiling '/usr/local/lib/python3.10/test/test_asyncio/test_queues.py'...
#7 207.3 Compiling '/usr/local/lib/python3.10/test/test_codecencodings_iso2022.py'...
#7 207.3 Compiling '/usr/local/lib/python3.10/test/test_collections.py'...
#7 207.3 Compiling '/usr/local/lib/python3.10/test/test_ftplib.py'...
#7 207.3 Compiling '/usr/local/lib/python3.10/test/test_http_cookiejar.py'...
#7 207.3 Compiling '/usr/local/lib/python3.10/test/test_importlib/import_/__main__.py'...
#7 207.3 Compiling '/usr/local/lib/python3.10/test/test_importlib/test_lazy.py'...
#7 207.3 Compiling '/usr/local/lib/python3.10/test/test_int.py'...
#7 207.3 Compiling '/usr/local/lib/python3.10/test/test_multiprocessing_forkserver.py'...
#7 207.3 Compiling '/usr/local/lib/python3.10/test/test_named_expressions.py'...
#7 207.3 Compiling '/usr/local/lib/python3.10/test/test_pathlib.py'...
#7 207.3 Compiling '/usr/local/lib/python3.10/test/test_sys_settrace.py'...
#7 207.3 Compiling '/usr/local/lib/python3.10/test/test_uuid.py'...
#7 207.3 Compiling '/usr/local/lib/python3.10/test/test_xxlimited.py'...
#7 207.3 Compiling '/usr/local/lib/python3.10/test/test_zipimport.py'...
#7 207.3 Compiling '/usr/local/lib/python3.10/tkinter/dnd.py'...
#7 207.3 Compiling '/usr/local/lib/python3.10/tkinter/test/test_tkinter/test_simpledialog.py'...
#7 207.3 Compiling '/usr/local/lib/python3.10/tkinter/test/test_ttk/__init__.py'...
#7 207.3 Compiling '/usr/local/lib/python3.10/tkinter/test/test_ttk/test_style.py'...
#7 207.3 Compiling '/usr/local/lib/python3.10/token.py'...
#7 207.3 Compiling '/usr/local/lib/python3.10/tracemalloc.py'...
#7 207.3 Compiling '/usr/local/lib/python3.10/unittest/test/test_async_case.py'...
#7 207.3 Compiling '/usr/local/lib/python3.10/xml/sax/handler.py'...
#7 207.3 Compiling '/usr/local/lib/python3.10/zipimport.py'...
#7 207.3 Compiling '/usr/local/lib/python3.10/_bootsubprocess.py'...
#7 207.3 Compiling '/usr/local/lib/python3.10/_sitebuiltins.py'...
#7 207.3 Compiling '/usr/local/lib/python3.10/asyncio/locks.py'...
#7 207.3 Compiling '/usr/local/lib/python3.10/cgi.py'...
#7 207.3 Compiling '/usr/local/lib/python3.10/ctypes/macholib/dyld.py'...
#7 207.3 Compiling '/usr/local/lib/python3.10/ctypes/test/test_buffers.py'...
#7 207.3 Compiling '/usr/local/lib/python3.10/ctypes/test/test_init.py'...
#7 207.3 Compiling '/usr/local/lib/python3.10/ctypes/test/test_numbers.py'...
#7 207.3 Compiling '/usr/local/lib/python3.10/curses/ascii.py'...
#7 207.3 Compiling '/usr/local/lib/python3.10/distutils/command/__init__.py'...
#7 207.3 Compiling '/usr/local/lib/python3.10/distutils/command/install.py'...
#7 207.3 Compiling '/usr/local/lib/python3.10/distutils/tests/test_dep_util.py'...
#7 207.3 Compiling '/usr/local/lib/python3.10/distutils/tests/test_install_scripts.py'...
#7 207.3 Compiling '/usr/local/lib/python3.10/distutils/tests/test_util.py'...
#7 207.3 Compiling '/usr/local/lib/python3.10/encodings/bz2_codec.py'...
#7 207.3 Compiling '/usr/local/lib/python3.10/encodings/cp737.py'...
#7 207.3 Compiling '/usr/local/lib/python3.10/encodings/mac_cyrillic.py'...
#7 207.3 Compiling '/usr/local/lib/python3.10/encodings/utf_16_le.py'...
#7 207.3 Compiling '/usr/local/lib/python3.10/getopt.py'...
#7 207.3 Compiling '/usr/local/lib/python3.10/idlelib/calltip.py'...
#7 207.3 Compiling '/usr/local/lib/python3.10/idlelib/hyperparser.py'...
#7 207.3 Compiling '/usr/local/lib/python3.10/idlelib/idle_test/test_debugobj_r.py'...
#7 207.3 Compiling '/usr/local/lib/python3.10/idlelib/idle_test/test_stackviewer.py'...
#7 207.3 Compiling '/usr/local/lib/python3.10/idlelib/pyshell.py'...
#7 207.3 Compiling '/usr/local/lib/python3.10/json/decoder.py'...
#7 207.3 Compiling '/usr/local/lib/python3.10/lib2to3/fixes/fix_future.py'...
#7 207.3 Compiling '/usr/local/lib/python3.10/lib2to3/fixes/fix_raw_input.py'...
#7 207.3 Compiling '/usr/local/lib/python3.10/mailbox.py'...
#7 207.3 Compiling '/usr/local/lib/python3.10/ntpath.py'...
#7 207.3 Compiling '/usr/local/lib/python3.10/signal.py'...
#7 207.3 Compiling '/usr/local/lib/python3.10/socketserver.py'...
#7 207.3 Compiling '/usr/local/lib/python3.10/tempfile.py'...
#7 207.3 Compiling '/usr/local/lib/python3.10/test/double_const.py'...
#7 207.3 Compiling '/usr/local/lib/python3.10/test/final_b.py'...
#7 207.3 Compiling '/usr/local/lib/python3.10/test/inspect_fodder2.py'...
#7 207.3 Compiling '/usr/local/lib/python3.10/test/sample_doctest_no_doctests.py'...
#7 207.3 Compiling '/usr/local/lib/python3.10/test/ssltests.py'...
#7 207.3 Compiling '/usr/local/lib/python3.10/test/support/warnings_helper.py'...
#7 207.3 Compiling '/usr/local/lib/python3.10/test/test___all__.py'...
#7 207.3 Compiling '/usr/local/lib/python3.10/test/test_aifc.py'...
#7 207.3 Compiling '/usr/local/lib/python3.10/test/test_asyncio/test_selector_events.py'...
#7 207.3 Compiling '/usr/local/lib/python3.10/test/test_bz2.py'...
#7 207.3 Compiling '/usr/local/lib/python3.10/test/test_codecmaps_kr.py'...
#7 207.3 Compiling '/usr/local/lib/python3.10/test/test_compileall.py'...
#7 207.3 Compiling '/usr/local/lib/python3.10/test/test_deque.py'...
#7 207.3 Compiling '/usr/local/lib/python3.10/test/test_email/test__header_value_parser.py'...
#7 207.3 Compiling '/usr/local/lib/python3.10/test/test_import/data/package/__init__.py'...
#7 207.3 Compiling '/usr/local/lib/python3.10/test/test_importlib/import_/test_packages.py'...
#7 207.3 Compiling '/usr/local/lib/python3.10/test/test_importlib/test_reader.py'...
#7 207.3 Compiling '/usr/local/lib/python3.10/test/test_iterlen.py'...
#7 207.3 Compiling '/usr/local/lib/python3.10/test/test_json/test_pass3.py'...
#7 207.3 Compiling '/usr/local/lib/python3.10/test/test_json/test_speedups.py'...
#7 207.3 Compiling '/usr/local/lib/python3.10/test/test_lib2to3.py'...
#7 207.3 Compiling '/usr/local/lib/python3.10/test/test_marshal.py'...
#7 207.3 Compiling '/usr/local/lib/python3.10/test/test_peg_generator/__main__.py'...
#7 207.3 Compiling '/usr/local/lib/python3.10/test/test_peg_generator/test_grammar_validator.py'...
#7 207.3 Compiling '/usr/local/lib/python3.10/test/test_pickle.py'...
#7 207.3 Compiling '/usr/local/lib/python3.10/test/test_poplib.py'...
#7 207.3 Compiling '/usr/local/lib/python3.10/test/test_py_compile.py'...
#7 207.3 Compiling '/usr/local/lib/python3.10/test/test_reprlib.py'...
#7 207.3 Compiling '/usr/local/lib/python3.10/test/test_script_helper.py'...
#7 207.3 Compiling '/usr/local/lib/python3.10/test/test_setcomps.py'...
#7 207.3 Compiling '/usr/local/lib/python3.10/test/test_signal.py'...
#7 207.3 Compiling '/usr/local/lib/python3.10/test/test_statistics.py'...
#7 207.3 Compiling '/usr/local/lib/python3.10/test/tracedmodules/__init__.py'...
#7 207.3 Compiling '/usr/local/lib/python3.10/test/win_console_handler.py'...
#7 207.3 Compiling '/usr/local/lib/python3.10/timeit.py'...
#7 207.3 Compiling '/usr/local/lib/python3.10/tkinter/test/test_tkinter/test_colorchooser.py'...
#7 207.3 Compiling '/usr/local/lib/python3.10/tkinter/test/test_tkinter/test_misc.py'...
#7 207.3 Compiling '/usr/local/lib/python3.10/tokenize.py'...
#7 207.3 Compiling '/usr/local/lib/python3.10/turtledemo/round_dance.py'...
#7 207.3 Compiling '/usr/local/lib/python3.10/unittest/_log.py'...
#7 207.3 Compiling '/usr/local/lib/python3.10/unittest/runner.py'...
#7 207.3 Compiling '/usr/local/lib/python3.10/unittest/test/test_functiontestcase.py'...
#7 207.3 Compiling '/usr/local/lib/python3.10/unittest/test/test_result.py'...
#7 207.3 Compiling '/usr/local/lib/python3.10/xml/dom/xmlbuilder.py'...
#7 207.3 Compiling '/usr/local/lib/python3.10/zoneinfo/_zoneinfo.py'...
#7 207.3 Compiling '/usr/local/lib/python3.10/_py_abc.py'...
#7 207.3 Compiling '/usr/local/lib/python3.10/asyncio/proactor_events.py'...
#7 207.3 Compiling '/usr/local/lib/python3.10/copyreg.py'...
#7 207.3 Compiling '/usr/local/lib/python3.10/ctypes/test/test_incomplete.py'...
#7 207.3 Compiling '/usr/local/lib/python3.10/ctypes/test/test_parameters.py'...
#7 207.3 Compiling '/usr/local/lib/python3.10/dbm/__init__.py'...
#7 207.3 Compiling '/usr/local/lib/python3.10/distutils/command/build.py'...
#7 207.3 Compiling '/usr/local/lib/python3.10/distutils/command/install_scripts.py'...
#7 207.3 Compiling '/usr/local/lib/python3.10/distutils/tests/test_bdist.py'...
#7 207.3 Compiling '/usr/local/lib/python3.10/distutils/tests/test_core.py'...
#7 207.3 Compiling '/usr/local/lib/python3.10/email/_policybase.py'...
#7 207.3 Compiling '/usr/local/lib/python3.10/email/parser.py'...
#7 207.3 Compiling '/usr/local/lib/python3.10/encodings/cp1251.py'...
#7 207.3 Compiling '/usr/local/lib/python3.10/encodings/cp861.py'...
#7 207.3 Compiling '/usr/local/lib/python3.10/encodings/iso2022_jp_1.py'...
#7 207.3 Compiling '/usr/local/lib/python3.10/encodings/iso8859_7.py'...
#7 207.3 Compiling '/usr/local/lib/python3.10/encodings/quopri_codec.py'...
#7 207.3 Compiling '/usr/local/lib/python3.10/http/__init__.py'...
#7 207.3 Compiling '/usr/local/lib/python3.10/idlelib/debugobj.py'...
#7 207.3 Compiling '/usr/local/lib/python3.10/idlelib/idle_test/test_calltip_w.py'...
#7 207.3 Compiling '/usr/local/lib/python3.10/idlelib/idle_test/test_macosx.py'...
#7 207.3 Compiling '/usr/local/lib/python3.10/idlelib/idle_test/test_percolator.py'...
#7 207.3 Compiling '/usr/local/lib/python3.10/idlelib/idle_test/test_warning.py'...
#7 207.3 Compiling '/usr/local/lib/python3.10/idlelib/squeezer.py'...
#7 207.3 Compiling '/usr/local/lib/python3.10/importlib/metadata/_functools.py'...
#7 207.3 Compiling '/usr/local/lib/python3.10/lib2to3/btm_matcher.py'...
#7 207.3 Compiling '/usr/local/lib/python3.10/lib2to3/fixes/fix_input.py'...
#7 207.3 Compiling '/usr/local/lib/python3.10/lib2to3/fixes/fix_standarderror.py'...
#7 207.3 Compiling '/usr/local/lib/python3.10/lib2to3/tests/__init__.py'...
#7 207.3 Compiling '/usr/local/lib/python3.10/lib2to3/tests/test_fixers.py'...
#7 207.3 Compiling '/usr/local/lib/python3.10/pickletools.py'...
#7 207.3 Compiling '/usr/local/lib/python3.10/stringprep.py'...
#7 207.3 Compiling '/usr/local/lib/python3.10/test/encoded_modules/module_iso_8859_1.py'...
#7 207.3 Compiling '/usr/local/lib/python3.10/test/libregrtest/setup.py'...
#7 207.3 Compiling '/usr/local/lib/python3.10/test/lock_tests.py'...
#7 207.3 Compiling '/usr/local/lib/python3.10/test/pydocfodder.py'...
#7 207.3 Compiling '/usr/local/lib/python3.10/test/support/bytecode_helper.py'...
#7 207.3 Compiling '/usr/local/lib/python3.10/test/test_asyncgen.py'...
#7 207.3 Compiling '/usr/local/lib/python3.10/test/test_c_locale_coercion.py'...
#7 207.3 Compiling '/usr/local/lib/python3.10/test/test_clinic.py'...
#7 207.3 Compiling '/usr/local/lib/python3.10/test/test_codecencodings_kr.py'...
#7 207.3 Compiling '/usr/local/lib/python3.10/test/test_colorsys.py'...
#7 207.3 Compiling '/usr/local/lib/python3.10/test/test_context.py'...
#7 207.3 Compiling '/usr/local/lib/python3.10/test/test_devpoll.py'...
#7 207.3 Compiling '/usr/local/lib/python3.10/test/test_doctest.py'...
#7 207.3 Compiling '/usr/local/lib/python3.10/test/test_email/test_asian_codecs.py'...
#7 207.3 Compiling '/usr/local/lib/python3.10/test/test_faulthandler.py'...
#7 207.3 Compiling '/usr/local/lib/python3.10/test/test_future3.py'...
#7 207.3 Compiling '/usr/local/lib/python3.10/test/test_future5.py'...
#7 207.3 Compiling '/usr/local/lib/python3.10/test/test_gc.py'...
#7 207.3 Compiling '/usr/local/lib/python3.10/test/test_imp.py'...
#7 207.3 Compiling '/usr/local/lib/python3.10/test/test_importlib/__init__.py'...
#7 207.3 Compiling '/usr/local/lib/python3.10/test/test_importlib/extension/__init__.py'...
#7 207.3 Compiling '/usr/local/lib/python3.10/test/test_importlib/stubs.py'...
#7 207.3 Compiling '/usr/local/lib/python3.10/test/test_importlib/test_zip.py'...
#7 207.3 Compiling '/usr/local/lib/python3.10/test/test_iter.py'...
#7 207.3 Compiling '/usr/local/lib/python3.10/test/test_os.py'...
#7 207.3 Compiling '/usr/local/lib/python3.10/test/test_unicode_file.py'...
#7 207.3 Compiling '/usr/local/lib/python3.10/test/test_univnewlines.py'...
#7 207.3 Compiling '/usr/local/lib/python3.10/test/test_urllibnet.py'...
#7 207.3 Compiling '/usr/local/lib/python3.10/test/test_utf8source.py'...
#7 207.3 Compiling '/usr/local/lib/python3.10/test/test_wait3.py'...
#7 207.3 Compiling '/usr/local/lib/python3.10/test/test_warnings/data/import_warning.py'...
#7 207.3 Compiling '/usr/local/lib/python3.10/test/test_weakset.py'...
#7 207.3 Compiling '/usr/local/lib/python3.10/test/test_zipimport_support.py'...
#7 207.3 Compiling '/usr/local/lib/python3.10/test/test_zoneinfo/__init__.py'...
#7 207.3 Compiling '/usr/local/lib/python3.10/test/test_zoneinfo/__main__.py'...
#7 207.3 Compiling '/usr/local/lib/python3.10/test/test_zoneinfo/_support.py'...
#7 207.3 Compiling '/usr/local/lib/python3.10/test/tf_inherit_check.py'...
#7 207.3 Compiling '/usr/local/lib/python3.10/test/tracedmodules/testmod.py'...
#7 207.3 Compiling '/usr/local/lib/python3.10/test/typinganndata/ann_module9.py'...
#7 207.3 Compiling '/usr/local/lib/python3.10/threading.py'...
#7 207.3 Compiling '/usr/local/lib/python3.10/turtledemo/bytedesign.py'...
#7 207.3 Compiling '/usr/local/lib/python3.10/turtledemo/fractalcurves.py'...
#7 207.3 Compiling '/usr/local/lib/python3.10/turtledemo/sorting_animate.py'...
#7 207.3 Compiling '/usr/local/lib/python3.10/unittest/signals.py'...
#7 207.3 Compiling '/usr/local/lib/python3.10/unittest/test/__main__.py'...
#7 207.3 Compiling '/usr/local/lib/python3.10/unittest/test/test_discovery.py'...
#7 207.3 Compiling '/usr/local/lib/python3.10/urllib/error.py'...
#7 207.3 Compiling '/usr/local/lib/python3.10/urllib/robotparser.py'...
#7 207.3 Compiling '/usr/local/lib/python3.10/weakref.py'...
#7 207.3 Compiling '/usr/local/lib/python3.10/xml/sax/_exceptions.py'...
#7 207.3 Compiling '/usr/local/lib/python3.10/xmlrpc/client.py'...
#7 207.3 Compiling '/usr/local/lib/python3.10/_collections_abc.py'...
#7 207.3 Compiling '/usr/local/lib/python3.10/aifc.py'...
#7 207.3 Compiling '/usr/local/lib/python3.10/asyncio/runners.py'...
#7 207.3 Compiling '/usr/local/lib/python3.10/asyncio/subprocess.py'...
#7 207.3 Compiling '/usr/local/lib/python3.10/ctypes/test/test_anon.py'...
#7 207.3 Compiling '/usr/local/lib/python3.10/ctypes/test/test_cfuncs.py'...
#7 207.3 Compiling '/usr/local/lib/python3.10/ctypes/test/test_simplesubclasses.py'...
#7 207.3 Compiling '/usr/local/lib/python3.10/curses/has_key.py'...
#7 207.3 Compiling '/usr/local/lib/python3.10/distutils/command/bdist.py'...
#7 207.3 Compiling '/usr/local/lib/python3.10/distutils/command/config.py'...
#7 207.3 Compiling '/usr/local/lib/python3.10/distutils/filelist.py'...
#7 207.3 Compiling '/usr/local/lib/python3.10/distutils/tests/test_config_cmd.py'...
#7 207.3 Compiling '/usr/local/lib/python3.10/distutils/tests/test_install_lib.py'...
#7 207.3 Compiling '/usr/local/lib/python3.10/distutils/tests/test_upload.py'...
#7 207.3 Compiling '/usr/local/lib/python3.10/email/mime/image.py'...
#7 207.3 Compiling '/usr/local/lib/python3.10/encodings/cp037.py'...
#7 207.3 Compiling '/usr/local/lib/python3.10/encodings/cp850.py'...
#7 207.3 Compiling '/usr/local/lib/python3.10/encodings/gb2312.py'...
#7 207.3 Compiling '/usr/local/lib/python3.10/encodings/iso8859_4.py'...
#7 207.3 Compiling '/usr/local/lib/python3.10/encodings/palmos.py'...
#7 207.3 Compiling '/usr/local/lib/python3.10/encodings/raw_unicode_escape.py'...
#7 207.3 Compiling '/usr/local/lib/python3.10/http/cookiejar.py'...
#7 207.3 Compiling '/usr/local/lib/python3.10/idlelib/autoexpand.py'...
#7 207.3 Compiling '/usr/local/lib/python3.10/idlelib/grep.py'...
#7 207.3 Compiling '/usr/local/lib/python3.10/idlelib/idle_test/test_debugobj.py'...
#7 207.3 Compiling '/usr/local/lib/python3.10/idlelib/idle_test/test_text.py'...
#7 207.3 Compiling '/usr/local/lib/python3.10/idlelib/idle_test/test_window.py'...
#7 207.3 Compiling '/usr/local/lib/python3.10/idlelib/scrolledlist.py'...
#7 207.3 Compiling '/usr/local/lib/python3.10/importlib/__init__.py'...
#7 207.3 Compiling '/usr/local/lib/python3.10/json/scanner.py'...
#7 207.3 Compiling '/usr/local/lib/python3.10/lib2to3/fixes/fix_exitfunc.py'...
#7 207.3 Compiling '/usr/local/lib/python3.10/lib2to3/fixes/fix_zip.py'...
#7 207.3 Compiling '/usr/local/lib/python3.10/lib2to3/pgen2/parse.py'...
#7 207.3 Compiling '/usr/local/lib/python3.10/multiprocessing/dummy/connection.py'...
#7 207.3 Compiling '/usr/local/lib/python3.10/multiprocessing/popen_spawn_posix.py'...
#7 207.3 Compiling '/usr/local/lib/python3.10/multiprocessing/shared_memory.py'...
#7 207.3 Compiling '/usr/local/lib/python3.10/pdb.py'...
#7 207.3 Compiling '/usr/local/lib/python3.10/string.py'...
#7 207.3 Compiling '/usr/local/lib/python3.10/test/_test_eintr.py'...
#7 207.3 Compiling '/usr/local/lib/python3.10/test/future_test2.py'...
#7 207.3 Compiling '/usr/local/lib/python3.10/test/mod_generics_cache.py'...
#7 207.3 Compiling '/usr/local/lib/python3.10/test/subprocessdata/fd_status.py'...
#7 207.3 Compiling '/usr/local/lib/python3.10/test/subprocessdata/qgrep.py'...
#7 207.3 Compiling '/usr/local/lib/python3.10/test/test_abstract_numbers.py'...
#7 207.3 Compiling '/usr/local/lib/python3.10/test/test_asyncio/test_base_events.py'...
#7 207.3 Compiling '/usr/local/lib/python3.10/test/test_coroutines.py'...
#7 207.3 Compiling '/usr/local/lib/python3.10/test/test_docxmlrpc.py'...
#7 207.3 Compiling '/usr/local/lib/python3.10/test/test_email/test_generator.py'...
#7 207.3 Compiling '/usr/local/lib/python3.10/test/test_exceptions.py'...
#7 207.3 Compiling '/usr/local/lib/python3.10/test/test_import/data/package/submodule.py'...
#7 207.3 Compiling '/usr/local/lib/python3.10/test/test_importlib/abc.py'...
#7 207.3 Compiling '/usr/local/lib/python3.10/test/test_importlib/namespace_pkgs/both_portions/foo/two.py'...
#7 207.3 Compiling '/usr/local/lib/python3.10/test/test_importlib/zipdata01/__init__.py'...
#7 207.3 Compiling '/usr/local/lib/python3.10/test/test_io.py'...
#7 207.3 Compiling '/usr/local/lib/python3.10/test/test_tix.py'...
#7 207.3 Compiling '/usr/local/lib/python3.10/test/test_tools/test_md5sum.py'...
#7 207.3 Compiling '/usr/local/lib/python3.10/test/test_tracemalloc.py'...
#7 207.3 Compiling '/usr/local/lib/python3.10/test/test_webbrowser.py'...
#7 207.3 Compiling '/usr/local/lib/python3.10/test/test_xmlrpc_net.py'...
#7 207.3 Compiling '/usr/local/lib/python3.10/test/test_xxtestfuzz.py'...
#7 207.3 Compiling '/usr/local/lib/python3.10/test/test_zipapp.py'...
#7 207.3 Compiling '/usr/local/lib/python3.10/test/test_zoneinfo/test_zoneinfo.py'...
#7 207.3 Compiling '/usr/local/lib/python3.10/unittest/test/test_runner.py'...
#7 207.3 Compiling '/usr/local/lib/python3.10/xml/dom/__init__.py'...
#7 207.3 Compiling '/usr/local/lib/python3.10/xml/etree/ElementTree.py'...
#7 207.3 Compiling '/usr/local/lib/python3.10/asyncio/mixins.py'...
#7 207.3 Compiling '/usr/local/lib/python3.10/bdb.py'...
#7 207.3 Compiling '/usr/local/lib/python3.10/csv.py'...
#7 207.3 Compiling '/usr/local/lib/python3.10/ctypes/test/test_macholib.py'...
#7 207.3 Compiling '/usr/local/lib/python3.10/ctypes/test/test_pickling.py'...
#7 207.3 Compiling '/usr/local/lib/python3.10/ctypes/test/test_wintypes.py'...
#7 207.3 Compiling '/usr/local/lib/python3.10/difflib.py'...
#7 207.3 Compiling '/usr/local/lib/python3.10/distutils/versionpredicate.py'...
#7 207.3 Compiling '/usr/local/lib/python3.10/email/charset.py'...
#7 207.3 Compiling '/usr/local/lib/python3.10/email/mime/nonmultipart.py'...
#7 207.3 Compiling '/usr/local/lib/python3.10/encodings/cp1125.py'...
#7 207.3 Compiling '/usr/local/lib/python3.10/encodings/cp866.py'...
#7 207.3 Compiling '/usr/local/lib/python3.10/encodings/iso2022_jp_2004.py'...
#7 207.3 Compiling '/usr/local/lib/python3.10/encodings/latin_1.py'...
#7 207.3 Compiling '/usr/local/lib/python3.10/encodings/undefined.py'...
#7 207.3 Compiling '/usr/local/lib/python3.10/ftplib.py'...
#7 207.3 Compiling '/usr/local/lib/python3.10/idlelib/debugger.py'...
#7 207.3 Compiling '/usr/local/lib/python3.10/idlelib/idle_test/test_runscript.py'...
#7 207.3 Compiling '/usr/local/lib/python3.10/idlelib/runscript.py'...
#7 207.3 Compiling '/usr/local/lib/python3.10/importlib/_adapters.py'...
#7 207.3 Compiling '/usr/local/lib/python3.10/importlib/machinery.py'...
#7 207.3 Compiling '/usr/local/lib/python3.10/lib2to3/fixes/fix_has_key.py'...
#7 207.3 Compiling '/usr/local/lib/python3.10/lib2to3/fixes/fix_reload.py'...
#7 207.3 Compiling '/usr/local/lib/python3.10/lib2to3/pgen2/token.py'...
#7 207.3 Compiling '/usr/local/lib/python3.10/lib2to3/tests/pytree_idempotency.py'...
#7 207.3 Compiling '/usr/local/lib/python3.10/lib2to3/tests/test_parser.py'...
#7 207.3 Compiling '/usr/local/lib/python3.10/netrc.py'...
#7 207.3 Compiling '/usr/local/lib/python3.10/platform.py'...
#7 207.3 Compiling '/usr/local/lib/python3.10/sqlite3/test/userfunctions.py'...
#7 207.3 Compiling '/usr/local/lib/python3.10/test/ann_module4.py'...
#7 207.3 Compiling '/usr/local/lib/python3.10/test/audiotests.py'...
#7 207.3 Compiling '/usr/local/lib/python3.10/test/inspect_stock_annotations.py'...
#7 207.3 Compiling '/usr/local/lib/python3.10/test/re_tests.py'...
#7 207.3 Compiling '/usr/local/lib/python3.10/test/test_asyncio/echo2.py'...
#7 207.3 Compiling '/usr/local/lib/python3.10/test/test_asyncio/test_events.py'...
#7 207.3 Compiling '/usr/local/lib/python3.10/test/test_dictcomps.py'...
#7 207.3 Compiling '/usr/local/lib/python3.10/test/test_email/test__encoded_words.py'...
#7 207.3 Compiling '/usr/local/lib/python3.10/test/test_eof.py'...
#7 207.3 Compiling '/usr/local/lib/python3.10/test/test_fcntl.py'...
#7 207.3 Compiling '/usr/local/lib/python3.10/test/test_finalization.py'...
#7 207.3 Compiling '/usr/local/lib/python3.10/test/test_generator_stop.py'...
#7 207.3 Compiling '/usr/local/lib/python3.10/test/test_glob.py'...
#7 207.3 Compiling '/usr/local/lib/python3.10/test/test_imghdr.py'...
#7 207.3 Compiling '/usr/local/lib/python3.10/test/test_importlib/data01/__init__.py'...
#7 207.3 Compiling '/usr/local/lib/python3.10/test/test_importlib/frozen/test_finder.py'...
#7 207.3 Compiling '/usr/local/lib/python3.10/test/test_importlib/test_files.py'...
#7 207.3 Compiling '/usr/local/lib/python3.10/test/test_importlib/test_read.py'...
#7 207.3 Compiling '/usr/local/lib/python3.10/test/test_importlib/threaded_import_hangers.py'...
#7 207.3 Compiling '/usr/local/lib/python3.10/test/test_index.py'...
#7 207.3 Compiling '/usr/local/lib/python3.10/test/test_json/test_unicode.py'...
#7 207.3 Compiling '/usr/local/lib/python3.10/test/test_logging.py'...
#7 207.3 Compiling '/usr/local/lib/python3.10/test/test_tools/test_gprof2html.py'...
#7 207.3 Compiling '/usr/local/lib/python3.10/test/test_tools/test_sundry.py'...
#7 207.3 Compiling '/usr/local/lib/python3.10/test/test_ttk_guionly.py'...
#7 207.3 Compiling '/usr/local/lib/python3.10/test/test_type_annotations.py'...
#7 207.3 Compiling '/usr/local/lib/python3.10/test/test_unary.py'...
#7 207.3 Compiling '/usr/local/lib/python3.10/test/test_unicode_file_functions.py'...
#7 207.3 Compiling '/usr/local/lib/python3.10/test/test_urllib.py'...
#7 207.3 Compiling '/usr/local/lib/python3.10/tkinter/filedialog.py'...
#7 207.3 Compiling '/usr/local/lib/python3.10/tkinter/ttk.py'...
#7 207.3 Compiling '/usr/local/lib/python3.10/unittest/test/testmock/__main__.py'...
#7 207.3 Compiling '/usr/local/lib/python3.10/unittest/test/testmock/testcallable.py'...
#7 207.3 Compiling '/usr/local/lib/python3.10/unittest/test/testmock/testmock.py'...
#7 207.3 Compiling '/usr/local/lib/python3.10/argparse.py'...
#7 207.3 Compiling '/usr/local/lib/python3.10/ctypes/test/test_unaligned_structures.py'...
#7 207.3 Compiling '/usr/local/lib/python3.10/distutils/_msvccompiler.py'...
#7 207.3 Compiling '/usr/local/lib/python3.10/distutils/dist.py'...
#7 207.3 Compiling '/usr/local/lib/python3.10/email/_parseaddr.py'...
#7 207.3 Compiling '/usr/local/lib/python3.10/email/header.py'...
#7 207.3 Compiling '/usr/local/lib/python3.10/encodings/cp1258.py'...
#7 207.3 Compiling '/usr/local/lib/python3.10/encodings/cp855.py'...
#7 207.3 Compiling '/usr/local/lib/python3.10/encodings/hz.py'...
#7 207.3 Compiling '/usr/local/lib/python3.10/encodings/punycode.py'...
#7 207.3 Compiling '/usr/local/lib/python3.10/filecmp.py'...
#7 207.3 Compiling '/usr/local/lib/python3.10/http/server.py'...
#7 207.3 Compiling '/usr/local/lib/python3.10/idlelib/dynoption.py'...
#7 207.3 Compiling '/usr/local/lib/python3.10/idlelib/idle_test/test_codecontext.py'...
#7 207.3 Compiling '/usr/local/lib/python3.10/idlelib/idle_test/test_format.py'...
#7 207.3 Compiling '/usr/local/lib/python3.10/idlelib/idle_test/test_sidebar.py'...
#7 207.3 Compiling '/usr/local/lib/python3.10/idlelib/search.py'...
#7 207.3 Compiling '/usr/local/lib/python3.10/idlelib/tooltip.py'...
#7 207.3 Compiling '/usr/local/lib/python3.10/importlib/metadata/_collections.py'...
#7 207.3 Compiling '/usr/local/lib/python3.10/lib2to3/__main__.py'...
#7 207.3 Compiling '/usr/local/lib/python3.10/lib2to3/fixes/fix_imports2.py'...
#7 207.3 Compiling '/usr/local/lib/python3.10/lib2to3/fixes/fix_methodattrs.py'...
#7 207.3 Compiling '/usr/local/lib/python3.10/lib2to3/fixes/fix_ws_comma.py'...
#7 207.3 Compiling '/usr/local/lib/python3.10/lib2to3/tests/test_util.py'...
#7 207.3 Compiling '/usr/local/lib/python3.10/multiprocessing/sharedctypes.py'...
#7 207.3 Compiling '/usr/local/lib/python3.10/py_compile.py'...
#7 207.3 Compiling '/usr/local/lib/python3.10/pydoc_data/topics.py'...
#7 207.3 Compiling '/usr/local/lib/python3.10/test/_test_atexit.py'...
#7 207.3 Compiling '/usr/local/lib/python3.10/test/libregrtest/refleak.py'...
#7 207.3 Compiling '/usr/local/lib/python3.10/test/libregrtest/win_utils.py'...
#7 207.3 Compiling '/usr/local/lib/python3.10/test/make_ssl_certs.py'...
#7 207.3 Compiling '/usr/local/lib/python3.10/test/support/script_helper.py'...
#7 207.3 Compiling '/usr/local/lib/python3.10/test/test_asyncio/test_buffered_proto.py'...
#7 207.3 Compiling '/usr/local/lib/python3.10/test/test_asyncio/test_sock_lowlevel.py'...
#7 207.3 Compiling '/usr/local/lib/python3.10/test/test_audit.py'...
#7 207.3 Compiling '/usr/local/lib/python3.10/test/test_binhex.py'...
#7 207.3 Compiling '/usr/local/lib/python3.10/test/test_bool.py'...
#7 207.3 Compiling '/usr/local/lib/python3.10/test/test_check_c_globals.py'...
#7 207.3 Compiling '/usr/local/lib/python3.10/test/test_cmath.py'...
#7 207.3 Compiling '/usr/local/lib/python3.10/test/test_configparser.py'...
#7 207.3 Compiling '/usr/local/lib/python3.10/test/test_dynamicclassattribute.py'...
#7 207.3 Compiling '/usr/local/lib/python3.10/test/test_email/test_message.py'...
#7 207.3 Compiling '/usr/local/lib/python3.10/test/test_frozen.py'...
#7 207.3 Compiling '/usr/local/lib/python3.10/test/test_fstring.py'...
#7 207.3 Compiling '/usr/local/lib/python3.10/test/test_import/__init__.py'...
#7 207.3 Compiling '/usr/local/lib/python3.10/test/test_importlib/builtin/__main__.py'...
#7 207.3 Compiling '/usr/local/lib/python3.10/test/test_importlib/extension/__main__.py'...
#7 207.3 Compiling '/usr/local/lib/python3.10/test/test_importlib/namespace_pkgs/not_a_namespace_pkg/foo/one.py'...
#7 207.3 Compiling '/usr/local/lib/python3.10/test/test_importlib/test_metadata_api.py'...
#7 207.3 Compiling '/usr/local/lib/python3.10/test/test_json/__main__.py'...
#7 207.3 Compiling '/usr/local/lib/python3.10/test/test_json/test_encode_basestring_ascii.py'...
#7 207.3 Compiling '/usr/local/lib/python3.10/test/test_json/test_pass2.py'...
#7 207.3 Compiling '/usr/local/lib/python3.10/test/test_json/test_recursion.py'...
#7 207.3 Compiling '/usr/local/lib/python3.10/test/test_linecache.py'...
#7 207.3 Compiling '/usr/local/lib/python3.10/test/test_modulefinder.py'...
#7 207.3 Compiling '/usr/local/lib/python3.10/test/test_nntplib.py'...
#7 207.3 Compiling '/usr/local/lib/python3.10/test/test_profile.py'...
#7 207.3 Compiling '/usr/local/lib/python3.10/test/test_pwd.py'...
#7 207.3 Compiling '/usr/local/lib/python3.10/test/test_pydoc.py'...
#7 207.3 Compiling '/usr/local/lib/python3.10/test/test_smtpnet.py'...
#7 207.3 Compiling '/usr/local/lib/python3.10/test/test_sqlite.py'...
#7 207.3 Compiling '/usr/local/lib/python3.10/test/test_stat.py'...
#7 207.3 Compiling '/usr/local/lib/python3.10/test/test_struct.py'...
#7 207.3 Compiling '/usr/local/lib/python3.10/test/test_threading_local.py'...
#7 207.3 Compiling '/usr/local/lib/python3.10/test/test_tools/test_lll.py'...
#7 207.3 Compiling '/usr/local/lib/python3.10/test/test_ucn.py'...
#7 207.3 Compiling '/usr/local/lib/python3.10/test/test_unpack.py'...
#7 207.3 Compiling '/usr/local/lib/python3.10/test/test_userstring.py'...
#7 207.3 Compiling '/usr/local/lib/python3.10/test/test_uu.py'...
#7 207.3 Compiling '/usr/local/lib/python3.10/test/test_winsound.py'...
#7 207.3 Compiling '/usr/local/lib/python3.10/test/test_xml_etree_c.py'...
#7 207.3 Compiling '/usr/local/lib/python3.10/test/test_yield_from.py'...
#7 207.3 Compiling '/usr/local/lib/python3.10/tkinter/test/test_tkinter/__init__.py'...
#7 207.3 Compiling '/usr/local/lib/python3.10/tkinter/test/widget_tests.py'...
#7 207.3 Compiling '/usr/local/lib/python3.10/unittest/suite.py'...
#7 207.3 Compiling '/usr/local/lib/python3.10/unittest/test/test_setups.py'...
#7 207.3 Compiling '/usr/local/lib/python3.10/unittest/test/testmock/testsealable.py'...
#7 207.3 Compiling '/usr/local/lib/python3.10/urllib/request.py'...
#7 207.3 Compiling '/usr/local/lib/python3.10/_sysconfigdata__linux_x86_64-linux-gnu.py'...
#7 207.3 Compiling '/usr/local/lib/python3.10/asyncio/__main__.py'...
#7 207.3 Compiling '/usr/local/lib/python3.10/asyncio/transports.py'...
#7 207.3 Compiling '/usr/local/lib/python3.10/bz2.py'...
#7 207.3 Compiling '/usr/local/lib/python3.10/codeop.py'...
#7 207.3 Compiling '/usr/local/lib/python3.10/copy.py'...
#7 207.3 Compiling '/usr/local/lib/python3.10/ctypes/__init__.py'...
#7 207.3 Compiling '/usr/local/lib/python3.10/ctypes/test/test_internals.py'...
#7 207.3 Compiling '/usr/local/lib/python3.10/ctypes/test/test_varsize_struct.py'...
#7 207.3 Compiling '/usr/local/lib/python3.10/distutils/bcppcompiler.py'...
#7 207.3 Compiling '/usr/local/lib/python3.10/distutils/command/register.py'...
#7 207.3 Compiling '/usr/local/lib/python3.10/distutils/tests/support.py'...
#7 207.3 Compiling '/usr/local/lib/python3.10/distutils/tests/test_build_scripts.py'...
#7 207.3 Compiling '/usr/local/lib/python3.10/distutils/tests/test_dist.py'...
#7 207.3 Compiling '/usr/local/lib/python3.10/email/iterators.py'...
#7 207.3 Compiling '/usr/local/lib/python3.10/email/quoprimime.py'...
#7 207.3 Compiling '/usr/local/lib/python3.10/encodings/cp1257.py'...
#7 207.3 Compiling '/usr/local/lib/python3.10/encodings/cp874.py'...
#7 207.3 Compiling '/usr/local/lib/python3.10/encodings/euc_jp.py'...
#7 207.3 Compiling '/usr/local/lib/python3.10/encodings/iso8859_16.py'...
#7 207.3 Compiling '/usr/local/lib/python3.10/encodings/mac_turkish.py'...
#7 207.3 Compiling '/usr/local/lib/python3.10/encodings/oem.py'...
#7 207.3 Compiling '/usr/local/lib/python3.10/ensurepip/__init__.py'...
#7 207.3 Compiling '/usr/local/lib/python3.10/html/parser.py'...
#7 207.3 Compiling '/usr/local/lib/python3.10/idlelib/debugobj_r.py'...
#7 207.3 Compiling '/usr/local/lib/python3.10/idlelib/format.py'...
#7 207.3 Compiling '/usr/local/lib/python3.10/idlelib/idle_test/test_outwin.py'...
#7 207.3 Compiling '/usr/local/lib/python3.10/idlelib/idle_test/test_util.py'...
#7 207.3 Compiling '/usr/local/lib/python3.10/idlelib/searchbase.py'...
#7 207.3 Compiling '/usr/local/lib/python3.10/importlib/_common.py'...
#7 207.3 Compiling '/usr/local/lib/python3.10/keyword.py'...
#7 207.3 Compiling '/usr/local/lib/python3.10/lib2to3/fixes/fix_filter.py'...
#7 207.3 Compiling '/usr/local/lib/python3.10/lib2to3/fixes/fix_raise.py'...
#7 207.3 Compiling '/usr/local/lib/python3.10/mailcap.py'...
#7 207.3 Compiling '/usr/local/lib/python3.10/multiprocessing/heap.py'...
#7 207.3 Compiling '/usr/local/lib/python3.10/multiprocessing/reduction.py'...
#7 207.3 Compiling '/usr/local/lib/python3.10/plistlib.py'...
#7 207.3 Compiling '/usr/local/lib/python3.10/sqlite3/test/dbapi.py'...
#7 207.3 Compiling '/usr/local/lib/python3.10/test/dtracedata/instance.py'...
#7 207.3 Compiling '/usr/local/lib/python3.10/test/dtracedata/line.py'...
#7 207.3 Compiling '/usr/local/lib/python3.10/test/libregrtest/runtest.py'...
#7 207.3 Compiling '/usr/local/lib/python3.10/test/memory_watchdog.py'...
#7 207.3 Compiling '/usr/local/lib/python3.10/test/support/socket_helper.py'...
#7 207.3 Compiling '/usr/local/lib/python3.10/test/test_asyncio/echo3.py'...
#7 207.3 Compiling '/usr/local/lib/python3.10/test/test_asyncio/test_locks.py'...
#7 207.3 Compiling '/usr/local/lib/python3.10/test/test_binascii.py'...
#7 207.3 Compiling '/usr/local/lib/python3.10/test/test_calendar.py'...
#7 207.3 Compiling '/usr/local/lib/python3.10/test/test_codecmaps_hk.py'...
#7 207.3 Compiling '/usr/local/lib/python3.10/test/test_codeop.py'...
#7 207.3 Compiling '/usr/local/lib/python3.10/test/test_copy.py'...
#7 207.3 Compiling '/usr/local/lib/python3.10/test/test_defaultdict.py'...
#7 207.3 Compiling '/usr/local/lib/python3.10/test/test_dictviews.py'...
#7 207.3 Compiling '/usr/local/lib/python3.10/test/test_email/test_headerregistry.py'...
#7 207.3 Compiling '/usr/local/lib/python3.10/test/test_getopt.py'...
#7 207.3 Compiling '/usr/local/lib/python3.10/test/test_gzip.py'...
#7 207.3 Compiling '/usr/local/lib/python3.10/test/test_import/data/circular_imports/rebinding2.py'...
#7 207.3 Compiling '/usr/local/lib/python3.10/test/test_importlib/builtin/test_finder.py'...
#7 207.3 Compiling '/usr/local/lib/python3.10/test/test_importlib/extension/test_loader.py'...
#7 207.3 Compiling '/usr/local/lib/python3.10/test/test_importlib/namespace_pkgs/project2/parent/child/two.py'...
#7 207.3 Compiling '/usr/local/lib/python3.10/test/test_importlib/util.py'...
#7 207.3 Compiling '/usr/local/lib/python3.10/test/test_long.py'...
#7 207.3 Compiling '/usr/local/lib/python3.10/test/test_pyexpat.py'...
#7 207.3 Compiling '/usr/local/lib/python3.10/test/test_scope.py'...
#7 207.3 Compiling '/usr/local/lib/python3.10/test/test_subprocess.py'...
#7 207.3 Compiling '/usr/local/lib/python3.10/tkinter/simpledialog.py'...
#7 207.3 Compiling '/usr/local/lib/python3.10/tkinter/tix.py'...
#7 207.3 Compiling '/usr/local/lib/python3.10/unittest/test/testmock/support.py'...
#7 207.3 Compiling '/usr/local/lib/python3.10/unittest/test/testmock/testhelpers.py'...
#7 207.3 Compiling '/usr/local/lib/python3.10/xml/__init__.py'...
#7 207.3 Compiling '/usr/local/lib/python3.10/xml/dom/minidom.py'...
#7 207.3 Compiling '/usr/local/lib/python3.10/_strptime.py'...
#7 207.3 Compiling '/usr/local/lib/python3.10/asyncio/base_futures.py'...
#7 207.3 Compiling '/usr/local/lib/python3.10/asyncio/events.py'...
#7 207.3 Compiling '/usr/local/lib/python3.10/chunk.py'...
#7 207.3 Compiling '/usr/local/lib/python3.10/concurrent/futures/__init__.py'...
#7 207.3 Compiling '/usr/local/lib/python3.10/concurrent/futures/thread.py'...
#7 207.3 Compiling '/usr/local/lib/python3.10/ctypes/test/test_byteswap.py'...
#7 207.3 Compiling '/usr/local/lib/python3.10/ctypes/test/test_objects.py'...
#7 207.3 Compiling '/usr/local/lib/python3.10/ctypes/test/test_pointers.py'...
#7 207.3 Compiling '/usr/local/lib/python3.10/dbm/ndbm.py'...
#7 207.3 Compiling '/usr/local/lib/python3.10/distutils/command/clean.py'...
#7 207.3 Compiling '/usr/local/lib/python3.10/distutils/dep_util.py'...
#7 207.3 Compiling '/usr/local/lib/python3.10/distutils/fancy_getopt.py'...
#7 207.3 Compiling '/usr/local/lib/python3.10/distutils/tests/test_msvc9compiler.py'...
#7 207.3 Compiling '/usr/local/lib/python3.10/distutils/text_file.py'...
#7 207.3 Compiling '/usr/local/lib/python3.10/email/base64mime.py'...
#7 207.3 Compiling '/usr/local/lib/python3.10/email/feedparser.py'...
#7 207.3 Compiling '/usr/local/lib/python3.10/encodings/cp273.py'...
#7 207.3 Compiling '/usr/local/lib/python3.10/encodings/cp932.py'...
#7 207.3 Compiling '/usr/local/lib/python3.10/encodings/iso8859_10.py'...
#7 207.3 Compiling '/usr/local/lib/python3.10/encodings/mac_croatian.py'...
#7 207.3 Compiling '/usr/local/lib/python3.10/encodings/utf_16.py'...
#7 207.3 Compiling '/usr/local/lib/python3.10/getpass.py'...
#7 207.3 Compiling '/usr/local/lib/python3.10/idlelib/calltip_w.py'...
#7 207.3 Compiling '/usr/local/lib/python3.10/idlelib/idle_test/htest.py'...
#7 207.3 Compiling '/usr/local/lib/python3.10/idlelib/idle_test/test_editor.py'...
#7 207.3 Compiling '/usr/local/lib/python3.10/idlelib/idle_test/test_history.py'...
#7 207.3 Compiling '/usr/local/lib/python3.10/idlelib/idle_test/test_squeezer.py'...
#7 207.3 Compiling '/usr/local/lib/python3.10/idlelib/mainmenu.py'...
#7 207.3 Compiling '/usr/local/lib/python3.10/idlelib/stackviewer.py'...
#7 207.3 Compiling '/usr/local/lib/python3.10/json/tool.py'...
#7 207.3 Compiling '/usr/local/lib/python3.10/lib2to3/fixes/fix_funcattrs.py'...
#7 207.3 Compiling '/usr/local/lib/python3.10/lib2to3/fixes/fix_print.py'...
#7 207.3 Compiling '/usr/local/lib/python3.10/lib2to3/fixes/fix_renames.py'...
#7 207.3 Compiling '/usr/local/lib/python3.10/multiprocessing/__init__.py'...
#7 207.3 Compiling '/usr/local/lib/python3.10/multiprocessing/context.py'...
#7 207.3 Compiling '/usr/local/lib/python3.10/numbers.py'...
#7 207.3 Compiling '/usr/local/lib/python3.10/pydoc_data/__init__.py'...
#7 207.3 Compiling '/usr/local/lib/python3.10/random.py'...
#7 207.3 Compiling '/usr/local/lib/python3.10/ssl.py'...
#7 207.3 Compiling '/usr/local/lib/python3.10/test/fork_wait.py'...
#7 207.3 Compiling '/usr/local/lib/python3.10/test/inspect_stringized_annotations.py'...
#7 207.3 Compiling '/usr/local/lib/python3.10/test/pydoc_mod.py'...
#7 207.3 Compiling '/usr/local/lib/python3.10/test/test__opcode.py'...
#7 207.3 Compiling '/usr/local/lib/python3.10/test/test_asdl_parser.py'...
#7 207.3 Compiling '/usr/local/lib/python3.10/test/test_asyncio/test_runners.py'...
#7 207.3 Compiling '/usr/local/lib/python3.10/test/test_asyncio/test_transports.py'...
#7 207.3 Compiling '/usr/local/lib/python3.10/test/test_asyncio/test_windows_utils.py'...
#7 207.3 Compiling '/usr/local/lib/python3.10/test/test_asyncio/utils.py'...
#7 207.3 Compiling '/usr/local/lib/python3.10/test/test_bufio.py'...
#7 207.3 Compiling '/usr/local/lib/python3.10/test/test_bytes.py'...
#7 207.3 Compiling '/usr/local/lib/python3.10/test/test_embed.py'...
#7 207.3 Compiling '/usr/local/lib/python3.10/test/test_html.py'...
#7 207.3 Compiling '/usr/local/lib/python3.10/test/test_idle.py'...
#7 207.3 Compiling '/usr/local/lib/python3.10/test/test_import/data/circular_imports/binding2.py'...
#7 207.3 Compiling '/usr/local/lib/python3.10/test/test_import/data/circular_imports/use.py'...
#7 207.3 Compiling '/usr/local/lib/python3.10/test/test_importlib/data01/subdirectory/__init__.py'...
#7 207.3 Compiling '/usr/local/lib/python3.10/test/test_importlib/import_/__init__.py'...
#7 207.3 Compiling '/usr/local/lib/python3.10/test/test_importlib/namespace_pkgs/project3/parent/child/three.py'...
#7 207.3 Compiling '/usr/local/lib/python3.10/test/test_importlib/source/test_path_hook.py'...
#7 207.3 Compiling '/usr/local/lib/python3.10/test/test_importlib/test_api.py'...
#7 207.3 Compiling '/usr/local/lib/python3.10/test/test_json/test_pass1.py'...
#7 207.3 Compiling '/usr/local/lib/python3.10/test/test_json/test_scanstring.py'...
#7 207.3 Compiling '/usr/local/lib/python3.10/test/test_lltrace.py'...
#7 207.3 Compiling '/usr/local/lib/python3.10/test/test_math.py'...
#7 207.3 Compiling '/usr/local/lib/python3.10/test/test_site.py'...
#7 207.3 Compiling '/usr/local/lib/python3.10/test/test_string_literals.py'...
#7 207.3 Compiling '/usr/local/lib/python3.10/test/test_sys.py'...
#7 207.3 Compiling '/usr/local/lib/python3.10/test/test_typing.py'...
#7 207.3 Compiling '/usr/local/lib/python3.10/codecs.py'...
#7 207.3 Compiling '/usr/local/lib/python3.10/ctypes/test/test_checkretval.py'...
#7 207.3 Compiling '/usr/local/lib/python3.10/ctypes/test/test_stringptr.py'...
#7 207.3 Compiling '/usr/local/lib/python3.10/dbm/dumb.py'...
#7 207.3 Compiling '/usr/local/lib/python3.10/distutils/command/build_ext.py'...
#7 207.3 Compiling '/usr/local/lib/python3.10/distutils/tests/test_build_clib.py'...
#7 207.3 Compiling '/usr/local/lib/python3.10/distutils/tests/test_text_file.py'...
#7 207.3 Compiling '/usr/local/lib/python3.10/email/mime/base.py'...
#7 207.3 Compiling '/usr/local/lib/python3.10/encodings/base64_codec.py'...
#7 207.3 Compiling '/usr/local/lib/python3.10/encodings/cp1252.py'...
#7 207.3 Compiling '/usr/local/lib/python3.10/encodings/cp949.py'...
#7 207.3 Compiling '/usr/local/lib/python3.10/encodings/gbk.py'...
#7 207.3 Compiling '/usr/local/lib/python3.10/encodings/iso8859_5.py'...
#7 207.3 Compiling '/usr/local/lib/python3.10/encodings/ptcp154.py'...
#7 207.3 Compiling '/usr/local/lib/python3.10/encodings/rot_13.py'...
#7 207.3 Compiling '/usr/local/lib/python3.10/ensurepip/_uninstall.py'...
#7 207.3 Compiling '/usr/local/lib/python3.10/http/cookies.py'...
#7 207.3 Compiling '/usr/local/lib/python3.10/idlelib/autocomplete.py'...
#7 207.3 Compiling '/usr/local/lib/python3.10/idlelib/help_about.py'...
#7 207.3 Compiling '/usr/local/lib/python3.10/idlelib/idle_test/test_filelist.py'...
#7 207.3 Compiling '/usr/local/lib/python3.10/idlelib/idle_test/test_redirector.py'...
#7 207.3 Compiling '/usr/local/lib/python3.10/idlelib/idle_test/test_zzdummy.py'...
#7 207.3 Compiling '/usr/local/lib/python3.10/idlelib/textview.py'...
#7 207.3 Compiling '/usr/local/lib/python3.10/lib2to3/__init__.py'...
#7 207.3 Compiling '/usr/local/lib/python3.10/lib2to3/fixes/fix_imports.py'...
#7 207.3 Compiling '/usr/local/lib/python3.10/lib2to3/fixes/fix_tuple_params.py'...
#7 207.3 Compiling '/usr/local/lib/python3.10/linecache.py'...
#7 207.3 Compiling '/usr/local/lib/python3.10/multiprocessing/popen_fork.py'...
#7 207.3 Compiling '/usr/local/lib/python3.10/nntplib.py'...
#7 207.3 Compiling '/usr/local/lib/python3.10/shelve.py'...
#7 207.3 Compiling '/usr/local/lib/python3.10/smtpd.py'...
#7 207.3 Compiling '/usr/local/lib/python3.10/telnetlib.py'...
#7 207.3 Compiling '/usr/local/lib/python3.10/test/dataclass_module_1.py'...
#7 207.3 Compiling '/usr/local/lib/python3.10/test/string_tests.py'...
#7 207.3 Compiling '/usr/local/lib/python3.10/test/test_asyncio/test_unix_events.py'...
#7 207.3 Compiling '/usr/local/lib/python3.10/test/test_code_module.py'...
#7 207.3 Compiling '/usr/local/lib/python3.10/test/test_codecencodings_tw.py'...
#7 207.3 Compiling '/usr/local/lib/python3.10/test/test_codecs.py'...
#7 207.3 Compiling '/usr/local/lib/python3.10/test/test_enumerate.py'...
#7 207.3 Compiling '/usr/local/lib/python3.10/test/test_filecmp.py'...
#7 207.3 Compiling '/usr/local/lib/python3.10/test/test_getpass.py'...
#7 207.3 Compiling '/usr/local/lib/python3.10/test/test_graphlib.py'...
#7 207.3 Compiling '/usr/local/lib/python3.10/test/test_httplib.py'...
#7 207.3 Compiling '/usr/local/lib/python3.10/test/test_importlib/frozen/__init__.py'...
#7 207.3 Compiling '/usr/local/lib/python3.10/test/test_importlib/namespace_pkgs/portion1/foo/one.py'...
#7 207.3 Compiling '/usr/local/lib/python3.10/test/test_importlib/test_main.py'...
#7 207.3 Compiling '/usr/local/lib/python3.10/test/test_ioctl.py'...
#7 207.3 Compiling '/usr/local/lib/python3.10/test/test_json/test_default.py'...
#7 207.3 Compiling '/usr/local/lib/python3.10/test/test_json/test_tool.py'...
#7 207.3 Compiling '/usr/local/lib/python3.10/test/test_mailbox.py'...
#7 207.3 Compiling '/usr/local/lib/python3.10/test/test_secrets.py'...
#7 207.3 Compiling '/usr/local/lib/python3.10/test/test_shlex.py'...
#7 207.3 Compiling '/usr/local/lib/python3.10/test/test_strftime.py'...
#7 207.3 Compiling '/usr/local/lib/python3.10/test/test_subclassinit.py'...
#7 207.3 Compiling '/usr/local/lib/python3.10/test/test_time.py'...
#7 207.3 Compiling '/usr/local/lib/python3.10/test/test_unicodedata.py'...
#7 207.3 Compiling '/usr/local/lib/python3.10/test/test_warnings/__init__.py'...
#7 207.3 Compiling '/usr/local/lib/python3.10/this.py'...
#7 207.3 Compiling '/usr/local/lib/python3.10/tkinter/commondialog.py'...
#7 207.3 Compiling '/usr/local/lib/python3.10/tkinter/test/test_tkinter/test_messagebox.py'...
#7 207.3 Compiling '/usr/local/lib/python3.10/tkinter/test/test_tkinter/test_widgets.py'...
#7 207.3 Compiling '/usr/local/lib/python3.10/urllib/__init__.py'...
#7 207.3 Compiling '/usr/local/lib/python3.10/urllib/parse.py'...
#7 207.3 Compiling '/usr/local/lib/python3.10/zipfile.py'...
#7 207.3 Listing '/usr/local/lib/python3.10/xml/parsers'...
#7 207.3 Listing '/usr/local/lib/python3.10/xml/sax'...
#7 207.3 Listing '/usr/local/lib/python3.10/xmlrpc'...
#7 207.3 Listing '/usr/local/lib/python3.10/zoneinfo'...
#7 207.3 PYTHONPATH=/usr/local/lib/python3.10  \
#7 207.3 	./python -E -Wi /usr/local/lib/python3.10/compileall.py \
#7 207.3 	-j0 -d /usr/local/lib/python3.10/site-packages -f \
#7 207.3 	-x badsyntax /usr/local/lib/python3.10/site-packages
#7 207.3 Listing '/usr/local/lib/python3.10/site-packages'...
#7 207.3 PYTHONPATH=/usr/local/lib/python3.10  \
#7 207.3 	./python -E -Wi -O /usr/local/lib/python3.10/compileall.py \
#7 207.3 	-j0 -d /usr/local/lib/python3.10/site-packages -f \
#7 207.3 	-x badsyntax /usr/local/lib/python3.10/site-packages
#7 207.4 Listing '/usr/local/lib/python3.10/site-packages'...
#7 207.4 PYTHONPATH=/usr/local/lib/python3.10  \
#7 207.4 	./python -E -Wi -OO /usr/local/lib/python3.10/compileall.py \
#7 207.4 	-j0 -d /usr/local/lib/python3.10/site-packages -f \
#7 207.4 	-x badsyntax /usr/local/lib/python3.10/site-packages
#7 207.4 Listing '/usr/local/lib/python3.10/site-packages'...
#7 207.4 PYTHONPATH=/usr/local/lib/python3.10  \
#7 207.4 	./python -E -m lib2to3.pgen2.driver /usr/local/lib/python3.10/lib2to3/Grammar.txt
#7 207.5 Generating grammar tables from /usr/local/lib/python3.10/lib2to3/Grammar.txt
#7 207.5 Writing grammar tables to /usr/local/lib/python3.10/lib2to3/Grammar3.10.9.final.0.pickle
#7 207.5 PYTHONPATH=/usr/local/lib/python3.10  \
#7 207.5 	./python -E -m lib2to3.pgen2.driver /usr/local/lib/python3.10/lib2to3/PatternGrammar.txt
#7 207.5 Generating grammar tables from /usr/local/lib/python3.10/lib2to3/PatternGrammar.txt
#7 207.5 Writing grammar tables to /usr/local/lib/python3.10/lib2to3/PatternGrammar3.10.9.final.0.pickle
#7 207.5 Creating directory /usr/local/include/python3.10
#7 207.5 Creating directory /usr/local/include/python3.10/cpython
#7 207.5 Creating directory /usr/local/include/python3.10/internal
#7 207.5 /usr/bin/install -c -m 644 ./Include/Python.h /usr/local/include/python3.10
#7 207.5 /usr/bin/install -c -m 644 ./Include/abstract.h /usr/local/include/python3.10
#7 207.5 /usr/bin/install -c -m 644 ./Include/bltinmodule.h /usr/local/include/python3.10
#7 207.5 /usr/bin/install -c -m 644 ./Include/boolobject.h /usr/local/include/python3.10
#7 207.5 /usr/bin/install -c -m 644 ./Include/bytearrayobject.h /usr/local/include/python3.10
#7 207.5 /usr/bin/install -c -m 644 ./Include/bytesobject.h /usr/local/include/python3.10
#7 207.5 /usr/bin/install -c -m 644 ./Include/cellobject.h /usr/local/include/python3.10
#7 207.5 /usr/bin/install -c -m 644 ./Include/ceval.h /usr/local/include/python3.10
#7 207.5 /usr/bin/install -c -m 644 ./Include/classobject.h /usr/local/include/python3.10
#7 207.5 /usr/bin/install -c -m 644 ./Include/code.h /usr/local/include/python3.10
#7 207.5 /usr/bin/install -c -m 644 ./Include/codecs.h /usr/local/include/python3.10
#7 207.5 /usr/bin/install -c -m 644 ./Include/compile.h /usr/local/include/python3.10
#7 207.5 /usr/bin/install -c -m 644 ./Include/complexobject.h /usr/local/include/python3.10
#7 207.5 /usr/bin/install -c -m 644 ./Include/context.h /usr/local/include/python3.10
#7 207.5 /usr/bin/install -c -m 644 ./Include/datetime.h /usr/local/include/python3.10
#7 207.5 /usr/bin/install -c -m 644 ./Include/descrobject.h /usr/local/include/python3.10
#7 207.5 /usr/bin/install -c -m 644 ./Include/dictobject.h /usr/local/include/python3.10
#7 207.5 /usr/bin/install -c -m 644 ./Include/dynamic_annotations.h /usr/local/include/python3.10
#7 207.5 /usr/bin/install -c -m 644 ./Include/enumobject.h /usr/local/include/python3.10
#7 207.5 /usr/bin/install -c -m 644 ./Include/errcode.h /usr/local/include/python3.10
#7 207.5 /usr/bin/install -c -m 644 ./Include/eval.h /usr/local/include/python3.10
#7 207.5 /usr/bin/install -c -m 644 ./Include/exports.h /usr/local/include/python3.10
#7 207.5 /usr/bin/install -c -m 644 ./Include/fileobject.h /usr/local/include/python3.10
#7 207.5 /usr/bin/install -c -m 644 ./Include/fileutils.h /usr/local/include/python3.10
#7 207.5 /usr/bin/install -c -m 644 ./Include/floatobject.h /usr/local/include/python3.10
#7 207.5 /usr/bin/install -c -m 644 ./Include/frameobject.h /usr/local/include/python3.10
#7 207.5 /usr/bin/install -c -m 644 ./Include/funcobject.h /usr/local/include/python3.10
#7 207.5 /usr/bin/install -c -m 644 ./Include/genericaliasobject.h /usr/local/include/python3.10
#7 207.5 /usr/bin/install -c -m 644 ./Include/genobject.h /usr/local/include/python3.10
#7 207.5 /usr/bin/install -c -m 644 ./Include/import.h /usr/local/include/python3.10
#7 207.5 /usr/bin/install -c -m 644 ./Include/interpreteridobject.h /usr/local/include/python3.10
#7 207.5 /usr/bin/install -c -m 644 ./Include/intrcheck.h /usr/local/include/python3.10
#7 207.5 /usr/bin/install -c -m 644 ./Include/iterobject.h /usr/local/include/python3.10
#7 207.5 /usr/bin/install -c -m 644 ./Include/listobject.h /usr/local/include/python3.10
#7 207.5 /usr/bin/install -c -m 644 ./Include/longintrepr.h /usr/local/include/python3.10
#7 207.5 /usr/bin/install -c -m 644 ./Include/longobject.h /usr/local/include/python3.10
#7 207.5 /usr/bin/install -c -m 644 ./Include/marshal.h /usr/local/include/python3.10
#7 207.5 /usr/bin/install -c -m 644 ./Include/memoryobject.h /usr/local/include/python3.10
#7 207.5 /usr/bin/install -c -m 644 ./Include/methodobject.h /usr/local/include/python3.10
#7 207.5 /usr/bin/install -c -m 644 ./Include/modsupport.h /usr/local/include/python3.10
#7 207.5 /usr/bin/install -c -m 644 ./Include/moduleobject.h /usr/local/include/python3.10
#7 207.5 /usr/bin/install -c -m 644 ./Include/namespaceobject.h /usr/local/include/python3.10
#7 207.5 /usr/bin/install -c -m 644 ./Include/object.h /usr/local/include/python3.10
#7 207.5 /usr/bin/install -c -m 644 ./Include/objimpl.h /usr/local/include/python3.10
#7 207.5 /usr/bin/install -c -m 644 ./Include/opcode.h /usr/local/include/python3.10
#7 207.5 /usr/bin/install -c -m 644 ./Include/osdefs.h /usr/local/include/python3.10
#7 207.5 /usr/bin/install -c -m 644 ./Include/osmodule.h /usr/local/include/python3.10
#7 207.5 /usr/bin/install -c -m 644 ./Include/patchlevel.h /usr/local/include/python3.10
#7 207.5 /usr/bin/install -c -m 644 ./Include/py_curses.h /usr/local/include/python3.10
#7 207.5 /usr/bin/install -c -m 644 ./Include/pycapsule.h /usr/local/include/python3.10
#7 207.5 /usr/bin/install -c -m 644 ./Include/pydtrace.h /usr/local/include/python3.10
#7 207.5 /usr/bin/install -c -m 644 ./Include/pyerrors.h /usr/local/include/python3.10
#7 207.5 /usr/bin/install -c -m 644 ./Include/pyexpat.h /usr/local/include/python3.10
#7 207.5 /usr/bin/install -c -m 644 ./Include/pyframe.h /usr/local/include/python3.10
#7 207.5 /usr/bin/install -c -m 644 ./Include/pyhash.h /usr/local/include/python3.10
#7 207.5 /usr/bin/install -c -m 644 ./Include/pylifecycle.h /usr/local/include/python3.10
#7 207.5 /usr/bin/install -c -m 644 ./Include/pymacconfig.h /usr/local/include/python3.10
#7 207.5 /usr/bin/install -c -m 644 ./Include/pymacro.h /usr/local/include/python3.10
#7 207.5 /usr/bin/install -c -m 644 ./Include/pymath.h /usr/local/include/python3.10
#7 207.5 /usr/bin/install -c -m 644 ./Include/pymem.h /usr/local/include/python3.10
#7 207.5 /usr/bin/install -c -m 644 ./Include/pyport.h /usr/local/include/python3.10
#7 207.5 /usr/bin/install -c -m 644 ./Include/pystate.h /usr/local/include/python3.10
#7 207.5 /usr/bin/install -c -m 644 ./Include/pystrcmp.h /usr/local/include/python3.10
#7 207.5 /usr/bin/install -c -m 644 ./Include/pystrhex.h /usr/local/include/python3.10
#7 207.5 /usr/bin/install -c -m 644 ./Include/pystrtod.h /usr/local/include/python3.10
#7 207.5 /usr/bin/install -c -m 644 ./Include/pythonrun.h /usr/local/include/python3.10
#7 207.5 /usr/bin/install -c -m 644 ./Include/pythread.h /usr/local/include/python3.10
#7 207.5 /usr/bin/install -c -m 644 ./Include/rangeobject.h /usr/local/include/python3.10
#7 207.5 /usr/bin/install -c -m 644 ./Include/setobject.h /usr/local/include/python3.10
#7 207.5 /usr/bin/install -c -m 644 ./Include/sliceobject.h /usr/local/include/python3.10
#7 207.6 /usr/bin/install -c -m 644 ./Include/structmember.h /usr/local/include/python3.10
#7 207.6 /usr/bin/install -c -m 644 ./Include/structseq.h /usr/local/include/python3.10
#7 207.6 /usr/bin/install -c -m 644 ./Include/sysmodule.h /usr/local/include/python3.10
#7 207.6 /usr/bin/install -c -m 644 ./Include/token.h /usr/local/include/python3.10
#7 207.6 /usr/bin/install -c -m 644 ./Include/traceback.h /usr/local/include/python3.10
#7 207.6 /usr/bin/install -c -m 644 ./Include/tracemalloc.h /usr/local/include/python3.10
#7 207.6 /usr/bin/install -c -m 644 ./Include/tupleobject.h /usr/local/include/python3.10
#7 207.6 /usr/bin/install -c -m 644 ./Include/typeslots.h /usr/local/include/python3.10
#7 207.6 /usr/bin/install -c -m 644 ./Include/unicodeobject.h /usr/local/include/python3.10
#7 207.6 /usr/bin/install -c -m 644 ./Include/warnings.h /usr/local/include/python3.10
#7 207.6 /usr/bin/install -c -m 644 ./Include/weakrefobject.h /usr/local/include/python3.10
#7 207.6 /usr/bin/install -c -m 644 ./Include/cpython/abstract.h /usr/local/include/python3.10/cpython
#7 207.6 /usr/bin/install -c -m 644 ./Include/cpython/bytearrayobject.h /usr/local/include/python3.10/cpython
#7 207.6 /usr/bin/install -c -m 644 ./Include/cpython/bytesobject.h /usr/local/include/python3.10/cpython
#7 207.6 /usr/bin/install -c -m 644 ./Include/cpython/ceval.h /usr/local/include/python3.10/cpython
#7 207.6 /usr/bin/install -c -m 644 ./Include/cpython/code.h /usr/local/include/python3.10/cpython
#7 207.6 /usr/bin/install -c -m 644 ./Include/cpython/compile.h /usr/local/include/python3.10/cpython
#7 207.6 /usr/bin/install -c -m 644 ./Include/cpython/dictobject.h /usr/local/include/python3.10/cpython
#7 207.6 /usr/bin/install -c -m 644 ./Include/cpython/fileobject.h /usr/local/include/python3.10/cpython
#7 207.6 /usr/bin/install -c -m 644 ./Include/cpython/fileutils.h /usr/local/include/python3.10/cpython
#7 207.6 /usr/bin/install -c -m 644 ./Include/cpython/frameobject.h /usr/local/include/python3.10/cpython
#7 207.6 /usr/bin/install -c -m 644 ./Include/cpython/import.h /usr/local/include/python3.10/cpython
#7 207.6 /usr/bin/install -c -m 644 ./Include/cpython/initconfig.h /usr/local/include/python3.10/cpython
#7 207.6 /usr/bin/install -c -m 644 ./Include/cpython/interpreteridobject.h /usr/local/include/python3.10/cpython
#7 207.6 /usr/bin/install -c -m 644 ./Include/cpython/listobject.h /usr/local/include/python3.10/cpython
#7 207.6 /usr/bin/install -c -m 644 ./Include/cpython/methodobject.h /usr/local/include/python3.10/cpython
#7 207.6 /usr/bin/install -c -m 644 ./Include/cpython/object.h /usr/local/include/python3.10/cpython
#7 207.6 /usr/bin/install -c -m 644 ./Include/cpython/objimpl.h /usr/local/include/python3.10/cpython
#7 207.6 /usr/bin/install -c -m 644 ./Include/cpython/odictobject.h /usr/local/include/python3.10/cpython
#7 207.6 /usr/bin/install -c -m 644 ./Include/cpython/picklebufobject.h /usr/local/include/python3.10/cpython
#7 207.6 /usr/bin/install -c -m 644 ./Include/cpython/pyctype.h /usr/local/include/python3.10/cpython
#7 207.6 /usr/bin/install -c -m 644 ./Include/cpython/pydebug.h /usr/local/include/python3.10/cpython
#7 207.6 /usr/bin/install -c -m 644 ./Include/cpython/pyerrors.h /usr/local/include/python3.10/cpython
#7 207.6 /usr/bin/install -c -m 644 ./Include/cpython/pyfpe.h /usr/local/include/python3.10/cpython
#7 207.6 /usr/bin/install -c -m 644 ./Include/cpython/pylifecycle.h /usr/local/include/python3.10/cpython
#7 207.6 /usr/bin/install -c -m 644 ./Include/cpython/pymem.h /usr/local/include/python3.10/cpython
#7 207.6 /usr/bin/install -c -m 644 ./Include/cpython/pystate.h /usr/local/include/python3.10/cpython
#7 207.6 /usr/bin/install -c -m 644 ./Include/cpython/pythonrun.h /usr/local/include/python3.10/cpython
#7 207.6 /usr/bin/install -c -m 644 ./Include/cpython/pytime.h /usr/local/include/python3.10/cpython
#7 207.6 /usr/bin/install -c -m 644 ./Include/cpython/sysmodule.h /usr/local/include/python3.10/cpython
#7 207.6 /usr/bin/install -c -m 644 ./Include/cpython/traceback.h /usr/local/include/python3.10/cpython
#7 207.6 /usr/bin/install -c -m 644 ./Include/cpython/tupleobject.h /usr/local/include/python3.10/cpython
#7 207.6 /usr/bin/install -c -m 644 ./Include/cpython/unicodeobject.h /usr/local/include/python3.10/cpython
#7 207.6 /usr/bin/install -c -m 644 ./Include/internal/pycore_abstract.h /usr/local/include/python3.10/internal
#7 207.6 /usr/bin/install -c -m 644 ./Include/internal/pycore_accu.h /usr/local/include/python3.10/internal
#7 207.6 /usr/bin/install -c -m 644 ./Include/internal/pycore_asdl.h /usr/local/include/python3.10/internal
#7 207.6 /usr/bin/install -c -m 644 ./Include/internal/pycore_ast.h /usr/local/include/python3.10/internal
#7 207.6 /usr/bin/install -c -m 644 ./Include/internal/pycore_ast_state.h /usr/local/include/python3.10/internal
#7 207.6 /usr/bin/install -c -m 644 ./Include/internal/pycore_atomic.h /usr/local/include/python3.10/internal
#7 207.6 /usr/bin/install -c -m 644 ./Include/internal/pycore_atomic_funcs.h /usr/local/include/python3.10/internal
#7 207.6 /usr/bin/install -c -m 644 ./Include/internal/pycore_bitutils.h /usr/local/include/python3.10/internal
#7 207.6 /usr/bin/install -c -m 644 ./Include/internal/pycore_blocks_output_buffer.h /usr/local/include/python3.10/internal
#7 207.6 /usr/bin/install -c -m 644 ./Include/internal/pycore_bytes_methods.h /usr/local/include/python3.10/internal
#7 207.6 /usr/bin/install -c -m 644 ./Include/internal/pycore_call.h /usr/local/include/python3.10/internal
#7 207.6 /usr/bin/install -c -m 644 ./Include/internal/pycore_ceval.h /usr/local/include/python3.10/internal
#7 207.6 /usr/bin/install -c -m 644 ./Include/internal/pycore_code.h /usr/local/include/python3.10/internal
#7 207.6 /usr/bin/install -c -m 644 ./Include/internal/pycore_compile.h /usr/local/include/python3.10/internal
#7 207.6 /usr/bin/install -c -m 644 ./Include/internal/pycore_condvar.h /usr/local/include/python3.10/internal
#7 207.6 /usr/bin/install -c -m 644 ./Include/internal/pycore_context.h /usr/local/include/python3.10/internal
#7 207.6 /usr/bin/install -c -m 644 ./Include/internal/pycore_dtoa.h /usr/local/include/python3.10/internal
#7 207.6 /usr/bin/install -c -m 644 ./Include/internal/pycore_fileutils.h /usr/local/include/python3.10/internal
#7 207.6 /usr/bin/install -c -m 644 ./Include/internal/pycore_format.h /usr/local/include/python3.10/internal
#7 207.6 /usr/bin/install -c -m 644 ./Include/internal/pycore_gc.h /usr/local/include/python3.10/internal
#7 207.6 /usr/bin/install -c -m 644 ./Include/internal/pycore_getopt.h /usr/local/include/python3.10/internal
#7 207.6 /usr/bin/install -c -m 644 ./Include/internal/pycore_gil.h /usr/local/include/python3.10/internal
#7 207.6 /usr/bin/install -c -m 644 ./Include/internal/pycore_hamt.h /usr/local/include/python3.10/internal
#7 207.6 /usr/bin/install -c -m 644 ./Include/internal/pycore_hashtable.h /usr/local/include/python3.10/internal
#7 207.6 /usr/bin/install -c -m 644 ./Include/internal/pycore_import.h /usr/local/include/python3.10/internal
#7 207.6 /usr/bin/install -c -m 644 ./Include/internal/pycore_initconfig.h /usr/local/include/python3.10/internal
#7 207.6 /usr/bin/install -c -m 644 ./Include/internal/pycore_interp.h /usr/local/include/python3.10/internal
#7 207.6 /usr/bin/install -c -m 644 ./Include/internal/pycore_list.h /usr/local/include/python3.10/internal
#7 207.6 /usr/bin/install -c -m 644 ./Include/internal/pycore_long.h /usr/local/include/python3.10/internal
#7 207.6 /usr/bin/install -c -m 644 ./Include/internal/pycore_moduleobject.h /usr/local/include/python3.10/internal
#7 207.6 /usr/bin/install -c -m 644 ./Include/internal/pycore_object.h /usr/local/include/python3.10/internal
#7 207.6 /usr/bin/install -c -m 644 ./Include/internal/pycore_parser.h /usr/local/include/python3.10/internal
#7 207.6 /usr/bin/install -c -m 644 ./Include/internal/pycore_pathconfig.h /usr/local/include/python3.10/internal
#7 207.6 /usr/bin/install -c -m 644 ./Include/internal/pycore_pyarena.h /usr/local/include/python3.10/internal
#7 207.6 /usr/bin/install -c -m 644 ./Include/internal/pycore_pyerrors.h /usr/local/include/python3.10/internal
#7 207.6 /usr/bin/install -c -m 644 ./Include/internal/pycore_pyhash.h /usr/local/include/python3.10/internal
#7 207.6 /usr/bin/install -c -m 644 ./Include/internal/pycore_pylifecycle.h /usr/local/include/python3.10/internal
#7 207.6 /usr/bin/install -c -m 644 ./Include/internal/pycore_pymem.h /usr/local/include/python3.10/internal
#7 207.6 /usr/bin/install -c -m 644 ./Include/internal/pycore_pystate.h /usr/local/include/python3.10/internal
#7 207.6 /usr/bin/install -c -m 644 ./Include/internal/pycore_runtime.h /usr/local/include/python3.10/internal
#7 207.6 /usr/bin/install -c -m 644 ./Include/internal/pycore_structseq.h /usr/local/include/python3.10/internal
#7 207.6 /usr/bin/install -c -m 644 ./Include/internal/pycore_symtable.h /usr/local/include/python3.10/internal
#7 207.6 /usr/bin/install -c -m 644 ./Include/internal/pycore_sysmodule.h /usr/local/include/python3.10/internal
#7 207.6 /usr/bin/install -c -m 644 ./Include/internal/pycore_traceback.h /usr/local/include/python3.10/internal
#7 207.6 /usr/bin/install -c -m 644 ./Include/internal/pycore_tuple.h /usr/local/include/python3.10/internal
#7 207.6 /usr/bin/install -c -m 644 ./Include/internal/pycore_ucnhash.h /usr/local/include/python3.10/internal
#7 207.6 /usr/bin/install -c -m 644 ./Include/internal/pycore_unionobject.h /usr/local/include/python3.10/internal
#7 207.6 /usr/bin/install -c -m 644 ./Include/internal/pycore_warnings.h /usr/local/include/python3.10/internal
#7 207.6 /usr/bin/install -c -m 644 pyconfig.h /usr/local/include/python3.10/pyconfig.h
#7 207.6 Creating directory /usr/local/lib/python3.10/config-3.10-x86_64-linux-gnu
#7 207.6 Creating directory /usr/local/lib/pkgconfig
#7 207.6 /usr/bin/install -c -m 644 Modules/config.c /usr/local/lib/python3.10/config-3.10-x86_64-linux-gnu/config.c
#7 207.6 /usr/bin/install -c -m 644 ./Modules/config.c.in /usr/local/lib/python3.10/config-3.10-x86_64-linux-gnu/config.c.in
#7 207.6 /usr/bin/install -c -m 644 Makefile /usr/local/lib/python3.10/config-3.10-x86_64-linux-gnu/Makefile
#7 207.6 /usr/bin/install -c -m 644 ./Modules/Setup /usr/local/lib/python3.10/config-3.10-x86_64-linux-gnu/Setup
#7 207.6 /usr/bin/install -c -m 644 Modules/Setup.local /usr/local/lib/python3.10/config-3.10-x86_64-linux-gnu/Setup.local
#7 207.6 /usr/bin/install -c -m 644 Misc/python.pc /usr/local/lib/pkgconfig/python-3.10.pc
#7 207.6 /usr/bin/install -c -m 644 Misc/python-embed.pc /usr/local/lib/pkgconfig/python-3.10-embed.pc
#7 207.6 /usr/bin/install -c ./Modules/makesetup /usr/local/lib/python3.10/config-3.10-x86_64-linux-gnu/makesetup
#7 207.6 /usr/bin/install -c ./install-sh /usr/local/lib/python3.10/config-3.10-x86_64-linux-gnu/install-sh
#7 207.6 /usr/bin/install -c python-config.py /usr/local/lib/python3.10/config-3.10-x86_64-linux-gnu/python-config.py
#7 207.6 /usr/bin/install -c python-config /usr/local/bin/python3.10-config
#7 207.6 ./python -E ./setup.py install \
#7 207.6    	--prefix=/usr/local \
#7 207.6 	--install-scripts=/usr/local/bin \
#7 207.6 	--install-platlib=/usr/local/lib/python3.10/lib-dynload \
#7 207.6 	--root=/
#7 207.7 running install
#7 207.7 running build
#7 207.7 running build_ext
#7 207.7 INFO: Can't locate Tcl/Tk libs and/or headers
#7 207.7 
#7 207.7 The necessary bits to build these optional modules were not found:
#7 207.7 _dbm                  _tkinter              _uuid              
#7 207.7 To find the necessary bits, look in setup.py in detect_modules() for the module's name.
#7 207.7 
#7 207.7 
#7 207.7 The following modules found by detect_modules() in setup.py, have been
#7 207.7 built by the Makefile instead, as configured by the Setup files:
#7 207.7 _abc                  pwd                   time               
#7 207.7 
#7 207.7 running build_scripts
#7 207.7 copying and adjusting /Python-3.10.9/Tools/scripts/pydoc3 -> build/scripts-3.10
#7 207.7 copying and adjusting /Python-3.10.9/Tools/scripts/idle3 -> build/scripts-3.10
#7 207.7 copying and adjusting /Python-3.10.9/Tools/scripts/2to3 -> build/scripts-3.10
#7 207.7 changing mode of build/scripts-3.10/pydoc3 from 644 to 755
#7 207.7 changing mode of build/scripts-3.10/idle3 from 644 to 755
#7 207.7 changing mode of build/scripts-3.10/2to3 from 644 to 755
#7 207.7 renaming build/scripts-3.10/pydoc3 to build/scripts-3.10/pydoc3.10
#7 207.7 renaming build/scripts-3.10/idle3 to build/scripts-3.10/idle3.10
#7 207.7 renaming build/scripts-3.10/2to3 to build/scripts-3.10/2to3-3.10
#7 207.7 running install_lib
#7 207.7 creating /usr/local/lib/python3.10/lib-dynload
#7 207.7 copying build/lib.linux-x86_64-3.10/_json.cpython-310-x86_64-linux-gnu.so -> /usr/local/lib/python3.10/lib-dynload
#7 207.7 copying build/lib.linux-x86_64-3.10/_testinternalcapi.cpython-310-x86_64-linux-gnu.so -> /usr/local/lib/python3.10/lib-dynload
#7 207.7 copying build/lib.linux-x86_64-3.10/_codecs_cn.cpython-310-x86_64-linux-gnu.so -> /usr/local/lib/python3.10/lib-dynload
#7 207.7 copying build/lib.linux-x86_64-3.10/_gdbm.cpython-310-x86_64-linux-gnu.so -> /usr/local/lib/python3.10/lib-dynload
#7 207.7 copying build/lib.linux-x86_64-3.10/select.cpython-310-x86_64-linux-gnu.so -> /usr/local/lib/python3.10/lib-dynload
#7 207.7 copying build/lib.linux-x86_64-3.10/_curses_panel.cpython-310-x86_64-linux-gnu.so -> /usr/local/lib/python3.10/lib-dynload
#7 207.7 copying build/lib.linux-x86_64-3.10/_contextvars.cpython-310-x86_64-linux-gnu.so -> /usr/local/lib/python3.10/lib-dynload
#7 207.7 copying build/lib.linux-x86_64-3.10/_ctypes_test.cpython-310-x86_64-linux-gnu.so -> /usr/local/lib/python3.10/lib-dynload
#7 207.7 copying build/lib.linux-x86_64-3.10/_ctypes.cpython-310-x86_64-linux-gnu.so -> /usr/local/lib/python3.10/lib-dynload
#7 207.7 copying build/lib.linux-x86_64-3.10/math.cpython-310-x86_64-linux-gnu.so -> /usr/local/lib/python3.10/lib-dynload
#7 207.7 copying build/lib.linux-x86_64-3.10/_testcapi.cpython-310-x86_64-linux-gnu.so -> /usr/local/lib/python3.10/lib-dynload
#7 207.7 copying build/lib.linux-x86_64-3.10/ossaudiodev.cpython-310-x86_64-linux-gnu.so -> /usr/local/lib/python3.10/lib-dynload
#7 207.7 copying build/lib.linux-x86_64-3.10/nis.cpython-310-x86_64-linux-gnu.so -> /usr/local/lib/python3.10/lib-dynload
#7 207.7 copying build/lib.linux-x86_64-3.10/_codecs_hk.cpython-310-x86_64-linux-gnu.so -> /usr/local/lib/python3.10/lib-dynload
#7 207.7 creating /usr/local/lib/python3.10/lib-dynload/__pycache__
#7 207.7 copying build/lib.linux-x86_64-3.10/__pycache__/_sysconfigdata__linux_x86_64-linux-gnu.cpython-310.pyc -> /usr/local/lib/python3.10/lib-dynload/__pycache__
#7 207.7 copying build/lib.linux-x86_64-3.10/_csv.cpython-310-x86_64-linux-gnu.so -> /usr/local/lib/python3.10/lib-dynload
#7 207.7 copying build/lib.linux-x86_64-3.10/_sysconfigdata__linux_x86_64-linux-gnu.py -> /usr/local/lib/python3.10/lib-dynload
#7 207.7 copying build/lib.linux-x86_64-3.10/_random.cpython-310-x86_64-linux-gnu.so -> /usr/local/lib/python3.10/lib-dynload
#7 207.7 copying build/lib.linux-x86_64-3.10/termios.cpython-310-x86_64-linux-gnu.so -> /usr/local/lib/python3.10/lib-dynload
#7 207.7 copying build/lib.linux-x86_64-3.10/_elementtree.cpython-310-x86_64-linux-gnu.so -> /usr/local/lib/python3.10/lib-dynload
#7 207.7 copying build/lib.linux-x86_64-3.10/pyexpat.cpython-310-x86_64-linux-gnu.so -> /usr/local/lib/python3.10/lib-dynload
#7 207.7 copying build/lib.linux-x86_64-3.10/_sha256.cpython-310-x86_64-linux-gnu.so -> /usr/local/lib/python3.10/lib-dynload
#7 207.7 copying build/lib.linux-x86_64-3.10/_codecs_jp.cpython-310-x86_64-linux-gnu.so -> /usr/local/lib/python3.10/lib-dynload
#7 207.7 copying build/lib.linux-x86_64-3.10/mmap.cpython-310-x86_64-linux-gnu.so -> /usr/local/lib/python3.10/lib-dynload
#7 207.7 copying build/lib.linux-x86_64-3.10/_lsprof.cpython-310-x86_64-linux-gnu.so -> /usr/local/lib/python3.10/lib-dynload
#7 207.7 copying build/lib.linux-x86_64-3.10/_testbuffer.cpython-310-x86_64-linux-gnu.so -> /usr/local/lib/python3.10/lib-dynload
#7 207.7 copying build/lib.linux-x86_64-3.10/xxlimited_35.cpython-310-x86_64-linux-gnu.so -> /usr/local/lib/python3.10/lib-dynload
#7 207.7 copying build/lib.linux-x86_64-3.10/_opcode.cpython-310-x86_64-linux-gnu.so -> /usr/local/lib/python3.10/lib-dynload
#7 207.7 copying build/lib.linux-x86_64-3.10/_struct.cpython-310-x86_64-linux-gnu.so -> /usr/local/lib/python3.10/lib-dynload
#7 207.7 copying build/lib.linux-x86_64-3.10/binascii.cpython-310-x86_64-linux-gnu.so -> /usr/local/lib/python3.10/lib-dynload
#7 207.7 copying build/lib.linux-x86_64-3.10/_codecs_iso2022.cpython-310-x86_64-linux-gnu.so -> /usr/local/lib/python3.10/lib-dynload
#7 207.7 copying build/lib.linux-x86_64-3.10/_curses.cpython-310-x86_64-linux-gnu.so -> /usr/local/lib/python3.10/lib-dynload
#7 207.7 copying build/lib.linux-x86_64-3.10/_zoneinfo.cpython-310-x86_64-linux-gnu.so -> /usr/local/lib/python3.10/lib-dynload
#7 207.7 copying build/lib.linux-x86_64-3.10/_md5.cpython-310-x86_64-linux-gnu.so -> /usr/local/lib/python3.10/lib-dynload
#7 207.7 copying build/lib.linux-x86_64-3.10/syslog.cpython-310-x86_64-linux-gnu.so -> /usr/local/lib/python3.10/lib-dynload
#7 207.7 copying build/lib.linux-x86_64-3.10/unicodedata.cpython-310-x86_64-linux-gnu.so -> /usr/local/lib/python3.10/lib-dynload
#7 207.7 copying build/lib.linux-x86_64-3.10/_bz2.cpython-310-x86_64-linux-gnu.so -> /usr/local/lib/python3.10/lib-dynload
#7 207.7 copying build/lib.linux-x86_64-3.10/xxlimited.cpython-310-x86_64-linux-gnu.so -> /usr/local/lib/python3.10/lib-dynload
#7 207.7 copying build/lib.linux-x86_64-3.10/cmath.cpython-310-x86_64-linux-gnu.so -> /usr/local/lib/python3.10/lib-dynload
#7 207.7 copying build/lib.linux-x86_64-3.10/_heapq.cpython-310-x86_64-linux-gnu.so -> /usr/local/lib/python3.10/lib-dynload
#7 207.7 copying build/lib.linux-x86_64-3.10/readline.cpython-310-x86_64-linux-gnu.so -> /usr/local/lib/python3.10/lib-dynload
#7 207.7 copying build/lib.linux-x86_64-3.10/array.cpython-310-x86_64-linux-gnu.so -> /usr/local/lib/python3.10/lib-dynload
#7 207.7 copying build/lib.linux-x86_64-3.10/_bisect.cpython-310-x86_64-linux-gnu.so -> /usr/local/lib/python3.10/lib-dynload
#7 207.7 copying build/lib.linux-x86_64-3.10/_socket.cpython-310-x86_64-linux-gnu.so -> /usr/local/lib/python3.10/lib-dynload
#7 207.7 copying build/lib.linux-x86_64-3.10/_asyncio.cpython-310-x86_64-linux-gnu.so -> /usr/local/lib/python3.10/lib-dynload
#7 207.7 copying build/lib.linux-x86_64-3.10/_testmultiphase.cpython-310-x86_64-linux-gnu.so -> /usr/local/lib/python3.10/lib-dynload
#7 207.7 copying build/lib.linux-x86_64-3.10/_xxtestfuzz.cpython-310-x86_64-linux-gnu.so -> /usr/local/lib/python3.10/lib-dynload
#7 207.7 copying build/lib.linux-x86_64-3.10/_sha3.cpython-310-x86_64-linux-gnu.so -> /usr/local/lib/python3.10/lib-dynload
#7 207.7 copying build/lib.linux-x86_64-3.10/resource.cpython-310-x86_64-linux-gnu.so -> /usr/local/lib/python3.10/lib-dynload
#7 207.7 copying build/lib.linux-x86_64-3.10/_crypt.cpython-310-x86_64-linux-gnu.so -> /usr/local/lib/python3.10/lib-dynload
#7 207.7 copying build/lib.linux-x86_64-3.10/fcntl.cpython-310-x86_64-linux-gnu.so -> /usr/local/lib/python3.10/lib-dynload
#7 207.7 copying build/lib.linux-x86_64-3.10/_statistics.cpython-310-x86_64-linux-gnu.so -> /usr/local/lib/python3.10/lib-dynload
#7 207.7 copying build/lib.linux-x86_64-3.10/grp.cpython-310-x86_64-linux-gnu.so -> /usr/local/lib/python3.10/lib-dynload
#7 207.7 copying build/lib.linux-x86_64-3.10/_xxsubinterpreters.cpython-310-x86_64-linux-gnu.so -> /usr/local/lib/python3.10/lib-dynload
#7 207.7 copying build/lib.linux-x86_64-3.10/zlib.cpython-310-x86_64-linux-gnu.so -> /usr/local/lib/python3.10/lib-dynload
#7 207.7 copying build/lib.linux-x86_64-3.10/_ssl.cpython-310-x86_64-linux-gnu.so -> /usr/local/lib/python3.10/lib-dynload
#7 207.7 copying build/lib.linux-x86_64-3.10/_blake2.cpython-310-x86_64-linux-gnu.so -> /usr/local/lib/python3.10/lib-dynload
#7 207.7 copying build/lib.linux-x86_64-3.10/_sha512.cpython-310-x86_64-linux-gnu.so -> /usr/local/lib/python3.10/lib-dynload
#7 207.7 copying build/lib.linux-x86_64-3.10/spwd.cpython-310-x86_64-linux-gnu.so -> /usr/local/lib/python3.10/lib-dynload
#7 207.7 copying build/lib.linux-x86_64-3.10/_posixsubprocess.cpython-310-x86_64-linux-gnu.so -> /usr/local/lib/python3.10/lib-dynload
#7 207.7 copying build/lib.linux-x86_64-3.10/_posixshmem.cpython-310-x86_64-linux-gnu.so -> /usr/local/lib/python3.10/lib-dynload
#7 207.7 copying build/lib.linux-x86_64-3.10/_codecs_tw.cpython-310-x86_64-linux-gnu.so -> /usr/local/lib/python3.10/lib-dynload
#7 207.7 copying build/lib.linux-x86_64-3.10/_lzma.cpython-310-x86_64-linux-gnu.so -> /usr/local/lib/python3.10/lib-dynload
#7 207.7 copying build/lib.linux-x86_64-3.10/_multibytecodec.cpython-310-x86_64-linux-gnu.so -> /usr/local/lib/python3.10/lib-dynload
#7 207.7 copying build/lib.linux-x86_64-3.10/audioop.cpython-310-x86_64-linux-gnu.so -> /usr/local/lib/python3.10/lib-dynload
#7 207.7 copying build/lib.linux-x86_64-3.10/_pickle.cpython-310-x86_64-linux-gnu.so -> /usr/local/lib/python3.10/lib-dynload
#7 207.7 copying build/lib.linux-x86_64-3.10/_queue.cpython-310-x86_64-linux-gnu.so -> /usr/local/lib/python3.10/lib-dynload
#7 207.7 copying build/lib.linux-x86_64-3.10/_decimal.cpython-310-x86_64-linux-gnu.so -> /usr/local/lib/python3.10/lib-dynload
#7 207.7 copying build/lib.linux-x86_64-3.10/_datetime.cpython-310-x86_64-linux-gnu.so -> /usr/local/lib/python3.10/lib-dynload
#7 207.7 copying build/lib.linux-x86_64-3.10/_multiprocessing.cpython-310-x86_64-linux-gnu.so -> /usr/local/lib/python3.10/lib-dynload
#7 207.7 copying build/lib.linux-x86_64-3.10/_sqlite3.cpython-310-x86_64-linux-gnu.so -> /usr/local/lib/python3.10/lib-dynload
#7 207.7 copying build/lib.linux-x86_64-3.10/_codecs_kr.cpython-310-x86_64-linux-gnu.so -> /usr/local/lib/python3.10/lib-dynload
#7 207.7 copying build/lib.linux-x86_64-3.10/_hashlib.cpython-310-x86_64-linux-gnu.so -> /usr/local/lib/python3.10/lib-dynload
#7 207.7 copying build/lib.linux-x86_64-3.10/_testimportmultiple.cpython-310-x86_64-linux-gnu.so -> /usr/local/lib/python3.10/lib-dynload
#7 207.7 copying build/lib.linux-x86_64-3.10/_sha1.cpython-310-x86_64-linux-gnu.so -> /usr/local/lib/python3.10/lib-dynload
#7 207.7 changing mode of /usr/local/lib/python3.10/lib-dynload/_json.cpython-310-x86_64-linux-gnu.so to 755
#7 207.7 changing mode of /usr/local/lib/python3.10/lib-dynload/_testinternalcapi.cpython-310-x86_64-linux-gnu.so to 755
#7 207.7 changing mode of /usr/local/lib/python3.10/lib-dynload/_codecs_cn.cpython-310-x86_64-linux-gnu.so to 755
#7 207.7 changing mode of /usr/local/lib/python3.10/lib-dynload/_gdbm.cpython-310-x86_64-linux-gnu.so to 755
#7 207.7 changing mode of /usr/local/lib/python3.10/lib-dynload/select.cpython-310-x86_64-linux-gnu.so to 755
#7 207.7 changing mode of /usr/local/lib/python3.10/lib-dynload/_curses_panel.cpython-310-x86_64-linux-gnu.so to 755
#7 207.7 changing mode of /usr/local/lib/python3.10/lib-dynload/_contextvars.cpython-310-x86_64-linux-gnu.so to 755
#7 207.7 changing mode of /usr/local/lib/python3.10/lib-dynload/_ctypes_test.cpython-310-x86_64-linux-gnu.so to 755
#7 207.7 changing mode of /usr/local/lib/python3.10/lib-dynload/_ctypes.cpython-310-x86_64-linux-gnu.so to 755
#7 207.7 changing mode of /usr/local/lib/python3.10/lib-dynload/math.cpython-310-x86_64-linux-gnu.so to 755
#7 207.7 changing mode of /usr/local/lib/python3.10/lib-dynload/_testcapi.cpython-310-x86_64-linux-gnu.so to 755
#7 207.7 changing mode of /usr/local/lib/python3.10/lib-dynload/ossaudiodev.cpython-310-x86_64-linux-gnu.so to 755
#7 207.7 changing mode of /usr/local/lib/python3.10/lib-dynload/nis.cpython-310-x86_64-linux-gnu.so to 755
#7 207.7 changing mode of /usr/local/lib/python3.10/lib-dynload/_codecs_hk.cpython-310-x86_64-linux-gnu.so to 755
#7 207.7 changing mode of /usr/local/lib/python3.10/lib-dynload/__pycache__/_sysconfigdata__linux_x86_64-linux-gnu.cpython-310.pyc to 644
#7 207.7 changing mode of /usr/local/lib/python3.10/lib-dynload/_csv.cpython-310-x86_64-linux-gnu.so to 755
#7 207.7 changing mode of /usr/local/lib/python3.10/lib-dynload/_sysconfigdata__linux_x86_64-linux-gnu.py to 644
#7 207.7 changing mode of /usr/local/lib/python3.10/lib-dynload/_random.cpython-310-x86_64-linux-gnu.so to 755
#7 207.7 changing mode of /usr/local/lib/python3.10/lib-dynload/termios.cpython-310-x86_64-linux-gnu.so to 755
#7 207.7 changing mode of /usr/local/lib/python3.10/lib-dynload/_elementtree.cpython-310-x86_64-linux-gnu.so to 755
#7 207.7 changing mode of /usr/local/lib/python3.10/lib-dynload/pyexpat.cpython-310-x86_64-linux-gnu.so to 755
#7 207.7 changing mode of /usr/local/lib/python3.10/lib-dynload/_sha256.cpython-310-x86_64-linux-gnu.so to 755
#7 207.7 changing mode of /usr/local/lib/python3.10/lib-dynload/_codecs_jp.cpython-310-x86_64-linux-gnu.so to 755
#7 207.7 changing mode of /usr/local/lib/python3.10/lib-dynload/mmap.cpython-310-x86_64-linux-gnu.so to 755
#7 207.7 changing mode of /usr/local/lib/python3.10/lib-dynload/_lsprof.cpython-310-x86_64-linux-gnu.so to 755
#7 207.7 changing mode of /usr/local/lib/python3.10/lib-dynload/_testbuffer.cpython-310-x86_64-linux-gnu.so to 755
#7 207.7 changing mode of /usr/local/lib/python3.10/lib-dynload/xxlimited_35.cpython-310-x86_64-linux-gnu.so to 755
#7 207.7 changing mode of /usr/local/lib/python3.10/lib-dynload/_opcode.cpython-310-x86_64-linux-gnu.so to 755
#7 207.7 changing mode of /usr/local/lib/python3.10/lib-dynload/_struct.cpython-310-x86_64-linux-gnu.so to 755
#7 207.7 changing mode of /usr/local/lib/python3.10/lib-dynload/binascii.cpython-310-x86_64-linux-gnu.so to 755
#7 207.7 changing mode of /usr/local/lib/python3.10/lib-dynload/_codecs_iso2022.cpython-310-x86_64-linux-gnu.so to 755
#7 207.7 changing mode of /usr/local/lib/python3.10/lib-dynload/_curses.cpython-310-x86_64-linux-gnu.so to 755
#7 207.7 changing mode of /usr/local/lib/python3.10/lib-dynload/_zoneinfo.cpython-310-x86_64-linux-gnu.so to 755
#7 207.7 changing mode of /usr/local/lib/python3.10/lib-dynload/_md5.cpython-310-x86_64-linux-gnu.so to 755
#7 207.7 changing mode of /usr/local/lib/python3.10/lib-dynload/syslog.cpython-310-x86_64-linux-gnu.so to 755
#7 207.7 changing mode of /usr/local/lib/python3.10/lib-dynload/unicodedata.cpython-310-x86_64-linux-gnu.so to 755
#7 207.7 changing mode of /usr/local/lib/python3.10/lib-dynload/_bz2.cpython-310-x86_64-linux-gnu.so to 755
#7 207.7 changing mode of /usr/local/lib/python3.10/lib-dynload/xxlimited.cpython-310-x86_64-linux-gnu.so to 755
#7 207.7 changing mode of /usr/local/lib/python3.10/lib-dynload/cmath.cpython-310-x86_64-linux-gnu.so to 755
#7 207.7 changing mode of /usr/local/lib/python3.10/lib-dynload/_heapq.cpython-310-x86_64-linux-gnu.so to 755
#7 207.7 changing mode of /usr/local/lib/python3.10/lib-dynload/readline.cpython-310-x86_64-linux-gnu.so to 755
#7 207.7 changing mode of /usr/local/lib/python3.10/lib-dynload/array.cpython-310-x86_64-linux-gnu.so to 755
#7 207.7 changing mode of /usr/local/lib/python3.10/lib-dynload/_bisect.cpython-310-x86_64-linux-gnu.so to 755
#7 207.7 changing mode of /usr/local/lib/python3.10/lib-dynload/_socket.cpython-310-x86_64-linux-gnu.so to 755
#7 207.7 changing mode of /usr/local/lib/python3.10/lib-dynload/_asyncio.cpython-310-x86_64-linux-gnu.so to 755
#7 207.7 changing mode of /usr/local/lib/python3.10/lib-dynload/_testmultiphase.cpython-310-x86_64-linux-gnu.so to 755
#7 207.7 changing mode of /usr/local/lib/python3.10/lib-dynload/_xxtestfuzz.cpython-310-x86_64-linux-gnu.so to 755
#7 207.7 changing mode of /usr/local/lib/python3.10/lib-dynload/_sha3.cpython-310-x86_64-linux-gnu.so to 755
#7 207.7 changing mode of /usr/local/lib/python3.10/lib-dynload/resource.cpython-310-x86_64-linux-gnu.so to 755
#7 207.7 changing mode of /usr/local/lib/python3.10/lib-dynload/_crypt.cpython-310-x86_64-linux-gnu.so to 755
#7 207.7 changing mode of /usr/local/lib/python3.10/lib-dynload/fcntl.cpython-310-x86_64-linux-gnu.so to 755
#7 207.7 changing mode of /usr/local/lib/python3.10/lib-dynload/_statistics.cpython-310-x86_64-linux-gnu.so to 755
#7 207.7 changing mode of /usr/local/lib/python3.10/lib-dynload/grp.cpython-310-x86_64-linux-gnu.so to 755
#7 207.7 changing mode of /usr/local/lib/python3.10/lib-dynload/_xxsubinterpreters.cpython-310-x86_64-linux-gnu.so to 755
#7 207.7 changing mode of /usr/local/lib/python3.10/lib-dynload/zlib.cpython-310-x86_64-linux-gnu.so to 755
#7 207.7 changing mode of /usr/local/lib/python3.10/lib-dynload/_ssl.cpython-310-x86_64-linux-gnu.so to 755
#7 207.7 changing mode of /usr/local/lib/python3.10/lib-dynload/_blake2.cpython-310-x86_64-linux-gnu.so to 755
#7 207.7 changing mode of /usr/local/lib/python3.10/lib-dynload/_sha512.cpython-310-x86_64-linux-gnu.so to 755
#7 207.7 changing mode of /usr/local/lib/python3.10/lib-dynload/spwd.cpython-310-x86_64-linux-gnu.so to 755
#7 207.7 changing mode of /usr/local/lib/python3.10/lib-dynload/_posixsubprocess.cpython-310-x86_64-linux-gnu.so to 755
#7 207.7 changing mode of /usr/local/lib/python3.10/lib-dynload/_posixshmem.cpython-310-x86_64-linux-gnu.so to 755
#7 207.7 changing mode of /usr/local/lib/python3.10/lib-dynload/_codecs_tw.cpython-310-x86_64-linux-gnu.so to 755
#7 207.7 changing mode of /usr/local/lib/python3.10/lib-dynload/_lzma.cpython-310-x86_64-linux-gnu.so to 755
#7 207.7 changing mode of /usr/local/lib/python3.10/lib-dynload/_multibytecodec.cpython-310-x86_64-linux-gnu.so to 755
#7 207.7 changing mode of /usr/local/lib/python3.10/lib-dynload/audioop.cpython-310-x86_64-linux-gnu.so to 755
#7 207.7 changing mode of /usr/local/lib/python3.10/lib-dynload/_pickle.cpython-310-x86_64-linux-gnu.so to 755
#7 207.7 changing mode of /usr/local/lib/python3.10/lib-dynload/_queue.cpython-310-x86_64-linux-gnu.so to 755
#7 207.7 changing mode of /usr/local/lib/python3.10/lib-dynload/_decimal.cpython-310-x86_64-linux-gnu.so to 755
#7 207.7 changing mode of /usr/local/lib/python3.10/lib-dynload/_datetime.cpython-310-x86_64-linux-gnu.so to 755
#7 207.7 changing mode of /usr/local/lib/python3.10/lib-dynload/_multiprocessing.cpython-310-x86_64-linux-gnu.so to 755
#7 207.7 changing mode of /usr/local/lib/python3.10/lib-dynload/_sqlite3.cpython-310-x86_64-linux-gnu.so to 755
#7 207.7 changing mode of /usr/local/lib/python3.10/lib-dynload/_codecs_kr.cpython-310-x86_64-linux-gnu.so to 755
#7 207.7 changing mode of /usr/local/lib/python3.10/lib-dynload/_hashlib.cpython-310-x86_64-linux-gnu.so to 755
#7 207.7 changing mode of /usr/local/lib/python3.10/lib-dynload/_testimportmultiple.cpython-310-x86_64-linux-gnu.so to 755
#7 207.7 changing mode of /usr/local/lib/python3.10/lib-dynload/_sha1.cpython-310-x86_64-linux-gnu.so to 755
#7 207.7 changing mode of /usr/local/lib/python3.10/lib-dynload/ to 755
#7 207.7 changing mode of /usr/local/lib/python3.10/lib-dynload/__pycache__ to 755
#7 207.7 running install_scripts
#7 207.8 copying build/scripts-3.10/idle3.10 -> /usr/local/bin
#7 207.8 copying build/scripts-3.10/pydoc3.10 -> /usr/local/bin
#7 207.8 copying build/scripts-3.10/2to3-3.10 -> /usr/local/bin
#7 207.8 changing mode of /usr/local/bin/idle3.10 to 755
#7 207.8 changing mode of /usr/local/bin/pydoc3.10 to 755
#7 207.8 changing mode of /usr/local/bin/2to3-3.10 to 755
#7 207.8 rm /usr/local/lib/python3.10/lib-dynload/_sysconfigdata__linux_x86_64-linux-gnu.py
#7 207.8 rm -r /usr/local/lib/python3.10/lib-dynload/__pycache__
#7 207.8 Creating directory /usr/local/share/man/man1
#7 207.8 /usr/bin/install -c -m 644 ./Misc/python.man \
#7 207.8 	/usr/local/share/man/man1/python3.10.1
#7 207.8 if test "xupgrade" != "xno"  ; then \
#7 207.8 	case upgrade in \
#7 207.8 		upgrade) ensurepip="--altinstall --upgrade" ;; \
#7 207.8 		install|*) ensurepip="--altinstall" ;; \
#7 207.8 	esac; \
#7 207.8 	 ./python -E -m ensurepip \
#7 207.8 		$ensurepip --root=/ ; \
#7 207.8 fi
#7 208.8 Looking in links: /tmp/tmpj_d8lsw7
#7 208.8 Processing /tmp/tmpj_d8lsw7/setuptools-65.5.0-py3-none-any.whl
#7 208.8 Processing /tmp/tmpj_d8lsw7/pip-22.3.1-py3-none-any.whl
#7 208.8 Installing collected packages: setuptools, pip
#7 209.8 Successfully installed pip-22.3.1 setuptools-65.5.0
#7 209.8 WARNING: Running pip as the 'root' user can result in broken permissions and conflicting behaviour with the system package manager. It is recommended to use a virtual environment instead: https://pip.pypa.io/warnings/venv
#7 209.9 Reading package lists...
#7 210.5 Building dependency tree...
#7 210.6 Reading state information...
#7 210.7 The following additional packages will be installed:
#7 210.7   file libexpat1-dev libmagic-mgc libmagic1 libmpdec2 libpython3-dev
#7 210.7   libpython3-stdlib libpython3.8 libpython3.8-dev libpython3.8-minimal
#7 210.7   libpython3.8-stdlib mime-support python-pip-whl python3 python3-dev
#7 210.7   python3-distutils python3-lib2to3 python3-minimal python3-pkg-resources
#7 210.7   python3-setuptools python3-wheel python3.8 python3.8-dev python3.8-minimal
#7 210.7 Suggested packages:
#7 210.7   python3-doc python3-tk python3-venv python-setuptools-doc python3.8-venv
#7 210.7   python3.8-doc binfmt-support
#7 210.8 The following NEW packages will be installed:
#7 210.8   file libexpat1-dev libmagic-mgc libmagic1 libmpdec2 libpython3-dev
#7 210.8   libpython3-stdlib libpython3.8 libpython3.8-dev libpython3.8-minimal
#7 210.8   libpython3.8-stdlib mime-support python-pip-whl python3 python3-dev
#7 210.8   python3-distutils python3-lib2to3 python3-minimal python3-pip
#7 210.8   python3-pkg-resources python3-setuptools python3-wheel python3.8
#7 210.8   python3.8-dev python3.8-minimal
#7 210.9 0 upgraded, 25 newly installed, 0 to remove and 19 not upgraded.
#7 210.9 Need to get 14.1 MB of archives.
#7 210.9 After this operation, 60.7 MB of additional disk space will be used.
#7 210.9 Get:1 http://archive.ubuntu.com/ubuntu focal-updates/main amd64 libpython3.8-minimal amd64 3.8.10-0ubuntu1~20.04.9 [718 kB]
#7 211.3 Get:2 http://archive.ubuntu.com/ubuntu focal-updates/main amd64 python3.8-minimal amd64 3.8.10-0ubuntu1~20.04.9 [1890 kB]
#7 212.0 Get:3 http://archive.ubuntu.com/ubuntu focal/main amd64 python3-minimal amd64 3.8.2-0ubuntu2 [23.6 kB]
#7 212.1 Get:4 http://archive.ubuntu.com/ubuntu focal/main amd64 mime-support all 3.64ubuntu1 [30.6 kB]
#7 212.1 Get:5 http://archive.ubuntu.com/ubuntu focal/main amd64 libmpdec2 amd64 2.4.2-3 [81.1 kB]
#7 212.3 Get:6 http://archive.ubuntu.com/ubuntu focal-updates/main amd64 libpython3.8-stdlib amd64 3.8.10-0ubuntu1~20.04.9 [1674 kB]
#7 212.5 Get:7 http://archive.ubuntu.com/ubuntu focal-updates/main amd64 python3.8 amd64 3.8.10-0ubuntu1~20.04.9 [387 kB]
#7 212.7 Get:8 http://archive.ubuntu.com/ubuntu focal/main amd64 libpython3-stdlib amd64 3.8.2-0ubuntu2 [7068 B]
#7 212.7 Get:9 http://archive.ubuntu.com/ubuntu focal/main amd64 python3 amd64 3.8.2-0ubuntu2 [47.6 kB]
#7 212.8 Get:10 http://archive.ubuntu.com/ubuntu focal/main amd64 libmagic-mgc amd64 1:5.38-4 [218 kB]
#7 213.0 Get:11 http://archive.ubuntu.com/ubuntu focal/main amd64 libmagic1 amd64 1:5.38-4 [75.9 kB]
#7 213.1 Get:12 http://archive.ubuntu.com/ubuntu focal/main amd64 file amd64 1:5.38-4 [23.3 kB]
#7 213.2 Get:13 http://archive.ubuntu.com/ubuntu focal-updates/main amd64 python3-pkg-resources all 45.2.0-1ubuntu0.1 [130 kB]
#7 213.3 Get:14 http://archive.ubuntu.com/ubuntu focal-updates/main amd64 libexpat1-dev amd64 2.2.9-1ubuntu0.6 [116 kB]
#7 213.4 Get:15 http://archive.ubuntu.com/ubuntu focal-updates/main amd64 libpython3.8 amd64 3.8.10-0ubuntu1~20.04.9 [1625 kB]
#7 213.6 Get:16 http://archive.ubuntu.com/ubuntu focal-updates/main amd64 libpython3.8-dev amd64 3.8.10-0ubuntu1~20.04.9 [3950 kB]
#7 213.9 Get:17 http://archive.ubuntu.com/ubuntu focal/main amd64 libpython3-dev amd64 3.8.2-0ubuntu2 [7236 B]
#7 213.9 Get:18 http://archive.ubuntu.com/ubuntu focal-updates/universe amd64 python-pip-whl all 20.0.2-5ubuntu1.10 [1805 kB]
#7 214.6 Get:19 http://archive.ubuntu.com/ubuntu focal-updates/main amd64 python3.8-dev amd64 3.8.10-0ubuntu1~20.04.9 [514 kB]
#7 214.9 Get:20 http://archive.ubuntu.com/ubuntu focal-updates/main amd64 python3-lib2to3 all 3.8.10-0ubuntu1~20.04 [76.3 kB]
#7 215.0 Get:21 http://archive.ubuntu.com/ubuntu focal-updates/main amd64 python3-distutils all 3.8.10-0ubuntu1~20.04 [141 kB]
#7 215.1 Get:22 http://archive.ubuntu.com/ubuntu focal/main amd64 python3-dev amd64 3.8.2-0ubuntu2 [1212 B]
#7 215.1 Get:23 http://archive.ubuntu.com/ubuntu focal-updates/main amd64 python3-setuptools all 45.2.0-1ubuntu0.1 [330 kB]
#7 215.3 Get:24 http://archive.ubuntu.com/ubuntu focal-updates/universe amd64 python3-wheel all 0.34.2-1ubuntu0.1 [23.9 kB]
#7 215.4 Get:25 http://archive.ubuntu.com/ubuntu focal-updates/universe amd64 python3-pip all 20.0.2-5ubuntu1.10 [231 kB]
#7 215.5 debconf: delaying package configuration, since apt-utils is not installed
#7 215.6 Fetched 14.1 MB in 5s (3015 kB/s)
#7 215.6 Selecting previously unselected package libpython3.8-minimal:amd64.

#7 215.6 (Reading database ... 
(Reading database ... 5%
(Reading database ... 10%
(Reading database ... 15%
(Reading database ... 20%
(Reading database ... 25%
(Reading database ... 30%
(Reading database ... 35%
(Reading database ... 40%
(Reading database ... 45%
(Reading database ... 50%
(Reading database ... 55%
(Reading database ... 60%
(Reading database ... 65%
(Reading database ... 70%
(Reading database ... 75%
(Reading database ... 80%
(Reading database ... 85%
(Reading database ... 90%
(Reading database ... 95%
(Reading database ... 100%
(Reading database ... 17919 files and directories currently installed.)

#7 215.6 Preparing to unpack .../libpython3.8-minimal_3.8.10-0ubuntu1~20.04.9_amd64.deb ...

#7 215.6 Unpacking libpython3.8-minimal:amd64 (3.8.10-0ubuntu1~20.04.9) ...

#7 215.7 Selecting previously unselected package python3.8-minimal.

#7 215.7 Preparing to unpack .../python3.8-minimal_3.8.10-0ubuntu1~20.04.9_amd64.deb ...

#7 215.7 Unpacking python3.8-minimal (3.8.10-0ubuntu1~20.04.9) ...

#7 215.9 Setting up libpython3.8-minimal:amd64 (3.8.10-0ubuntu1~20.04.9) ...

#7 215.9 Setting up python3.8-minimal (3.8.10-0ubuntu1~20.04.9) ...

#7 216.3 Selecting previously unselected package python3-minimal.

#7 216.3 (Reading database ... 
(Reading database ... 5%
(Reading database ... 10%
(Reading database ... 15%
(Reading database ... 20%
(Reading database ... 25%
(Reading database ... 30%
(Reading database ... 35%
(Reading database ... 40%
(Reading database ... 45%
(Reading database ... 50%
(Reading database ... 55%
(Reading database ... 60%
(Reading database ... 65%
(Reading database ... 70%
(Reading database ... 75%
(Reading database ... 80%
(Reading database ... 85%
(Reading database ... 90%
(Reading database ... 95%
(Reading database ... 100%
(Reading database ... 18202 files and directories currently installed.)

#7 216.3 Preparing to unpack .../0-python3-minimal_3.8.2-0ubuntu2_amd64.deb ...

#7 216.3 Unpacking python3-minimal (3.8.2-0ubuntu2) ...

#7 216.4 Selecting previously unselected package mime-support.

#7 216.4 Preparing to unpack .../1-mime-support_3.64ubuntu1_all.deb ...

#7 216.4 Unpacking mime-support (3.64ubuntu1) ...

#7 216.5 Selecting previously unselected package libmpdec2:amd64.

#7 216.5 Preparing to unpack .../2-libmpdec2_2.4.2-3_amd64.deb ...

#7 216.5 Unpacking libmpdec2:amd64 (2.4.2-3) ...

#7 216.5 Selecting previously unselected package libpython3.8-stdlib:amd64.

#7 216.5 Preparing to unpack .../3-libpython3.8-stdlib_3.8.10-0ubuntu1~20.04.9_amd64.deb ...

#7 216.6 Unpacking libpython3.8-stdlib:amd64 (3.8.10-0ubuntu1~20.04.9) ...

#7 216.7 Selecting previously unselected package python3.8.

#7 216.7 Preparing to unpack .../4-python3.8_3.8.10-0ubuntu1~20.04.9_amd64.deb ...

#7 216.7 Unpacking python3.8 (3.8.10-0ubuntu1~20.04.9) ...

#7 216.8 Selecting previously unselected package libpython3-stdlib:amd64.

#7 216.8 Preparing to unpack .../5-libpython3-stdlib_3.8.2-0ubuntu2_amd64.deb ...

#7 216.8 Unpacking libpython3-stdlib:amd64 (3.8.2-0ubuntu2) ...

#7 216.8 Setting up python3-minimal (3.8.2-0ubuntu2) ...

#7 217.0 Selecting previously unselected package python3.

#7 217.0 (Reading database ... 
(Reading database ... 5%
(Reading database ... 10%
(Reading database ... 15%
(Reading database ... 20%
(Reading database ... 25%
(Reading database ... 30%
(Reading database ... 35%
(Reading database ... 40%
(Reading database ... 45%
(Reading database ... 50%
(Reading database ... 55%
(Reading database ... 60%
(Reading database ... 65%
(Reading database ... 70%
(Reading database ... 75%
(Reading database ... 80%
(Reading database ... 85%
(Reading database ... 90%
(Reading database ... 95%
(Reading database ... 100%
(Reading database ... 18604 files and directories currently installed.)

#7 217.0 Preparing to unpack .../00-python3_3.8.2-0ubuntu2_amd64.deb ...

#7 217.0 Unpacking python3 (3.8.2-0ubuntu2) ...

#7 217.1 Selecting previously unselected package libmagic-mgc.

#7 217.1 Preparing to unpack .../01-libmagic-mgc_1%3a5.38-4_amd64.deb ...

#7 217.1 Unpacking libmagic-mgc (1:5.38-4) ...

#7 217.1 Selecting previously unselected package libmagic1:amd64.

#7 217.1 Preparing to unpack .../02-libmagic1_1%3a5.38-4_amd64.deb ...

#7 217.2 Unpacking libmagic1:amd64 (1:5.38-4) ...

#7 217.2 Selecting previously unselected package file.

#7 217.2 Preparing to unpack .../03-file_1%3a5.38-4_amd64.deb ...

#7 217.2 Unpacking file (1:5.38-4) ...

#7 217.3 Selecting previously unselected package python3-pkg-resources.

#7 217.3 Preparing to unpack .../04-python3-pkg-resources_45.2.0-1ubuntu0.1_all.deb ...

#7 217.3 Unpacking python3-pkg-resources (45.2.0-1ubuntu0.1) ...

#7 217.3 Selecting previously unselected package libexpat1-dev:amd64.

#7 217.3 Preparing to unpack .../05-libexpat1-dev_2.2.9-1ubuntu0.6_amd64.deb ...

#7 217.3 Unpacking libexpat1-dev:amd64 (2.2.9-1ubuntu0.6) ...

#7 217.4 Selecting previously unselected package libpython3.8:amd64.

#7 217.4 Preparing to unpack .../06-libpython3.8_3.8.10-0ubuntu1~20.04.9_amd64.deb ...

#7 217.4 Unpacking libpython3.8:amd64 (3.8.10-0ubuntu1~20.04.9) ...

#7 217.6 Selecting previously unselected package libpython3.8-dev:amd64.

#7 217.6 Preparing to unpack .../07-libpython3.8-dev_3.8.10-0ubuntu1~20.04.9_amd64.deb ...

#7 217.6 Unpacking libpython3.8-dev:amd64 (3.8.10-0ubuntu1~20.04.9) ...

#7 217.9 Selecting previously unselected package libpython3-dev:amd64.

#7 217.9 Preparing to unpack .../08-libpython3-dev_3.8.2-0ubuntu2_amd64.deb ...

#7 217.9 Unpacking libpython3-dev:amd64 (3.8.2-0ubuntu2) ...

#7 217.9 Selecting previously unselected package python-pip-whl.

#7 217.9 Preparing to unpack .../09-python-pip-whl_20.0.2-5ubuntu1.10_all.deb ...

#7 218.0 Unpacking python-pip-whl (20.0.2-5ubuntu1.10) ...

#7 218.1 Selecting previously unselected package python3.8-dev.

#7 218.1 Preparing to unpack .../10-python3.8-dev_3.8.10-0ubuntu1~20.04.9_amd64.deb ...

#7 218.1 Unpacking python3.8-dev (3.8.10-0ubuntu1~20.04.9) ...

#7 218.2 Selecting previously unselected package python3-lib2to3.

#7 218.2 Preparing to unpack .../11-python3-lib2to3_3.8.10-0ubuntu1~20.04_all.deb ...

#7 218.2 Unpacking python3-lib2to3 (3.8.10-0ubuntu1~20.04) ...

#7 218.2 Selecting previously unselected package python3-distutils.

#7 218.2 Preparing to unpack .../12-python3-distutils_3.8.10-0ubuntu1~20.04_all.deb ...

#7 218.2 Unpacking python3-distutils (3.8.10-0ubuntu1~20.04) ...

#7 218.3 Selecting previously unselected package python3-dev.

#7 218.3 Preparing to unpack .../13-python3-dev_3.8.2-0ubuntu2_amd64.deb ...

#7 218.3 Unpacking python3-dev (3.8.2-0ubuntu2) ...

#7 218.4 Selecting previously unselected package python3-setuptools.

#7 218.4 Preparing to unpack .../14-python3-setuptools_45.2.0-1ubuntu0.1_all.deb ...

#7 218.4 Unpacking python3-setuptools (45.2.0-1ubuntu0.1) ...

#7 218.4 Selecting previously unselected package python3-wheel.

#7 218.4 Preparing to unpack .../15-python3-wheel_0.34.2-1ubuntu0.1_all.deb ...

#7 218.5 Unpacking python3-wheel (0.34.2-1ubuntu0.1) ...

#7 218.5 Selecting previously unselected package python3-pip.

#7 218.5 Preparing to unpack .../16-python3-pip_20.0.2-5ubuntu1.10_all.deb ...

#7 218.5 Unpacking python3-pip (20.0.2-5ubuntu1.10) ...

#7 218.6 Setting up mime-support (3.64ubuntu1) ...

#7 218.6 Setting up libmagic-mgc (1:5.38-4) ...

#7 218.7 Setting up libmagic1:amd64 (1:5.38-4) ...

#7 218.7 Setting up file (1:5.38-4) ...

#7 218.7 Setting up libexpat1-dev:amd64 (2.2.9-1ubuntu0.6) ...

#7 218.7 Setting up python-pip-whl (20.0.2-5ubuntu1.10) ...

#7 218.8 Setting up libmpdec2:amd64 (2.4.2-3) ...

#7 218.8 Setting up libpython3.8-stdlib:amd64 (3.8.10-0ubuntu1~20.04.9) ...

#7 218.8 Setting up python3.8 (3.8.10-0ubuntu1~20.04.9) ...

#7 219.2 Setting up libpython3-stdlib:amd64 (3.8.2-0ubuntu2) ...

#7 219.2 Setting up python3 (3.8.2-0ubuntu2) ...

#7 219.3 Setting up python3-wheel (0.34.2-1ubuntu0.1) ...

#7 219.4 Setting up libpython3.8:amd64 (3.8.10-0ubuntu1~20.04.9) ...

#7 219.4 Setting up python3-lib2to3 (3.8.10-0ubuntu1~20.04) ...

#7 219.5 Setting up python3-pkg-resources (45.2.0-1ubuntu0.1) ...

#7 219.6 Setting up python3-distutils (3.8.10-0ubuntu1~20.04) ...

#7 219.7 Setting up python3-setuptools (45.2.0-1ubuntu0.1) ...

#7 219.9 Setting up libpython3.8-dev:amd64 (3.8.10-0ubuntu1~20.04.9) ...

#7 219.9 Setting up python3-pip (20.0.2-5ubuntu1.10) ...

#7 220.0 Setting up python3.8-dev (3.8.10-0ubuntu1~20.04.9) ...

#7 220.0 Setting up libpython3-dev:amd64 (3.8.2-0ubuntu2) ...

#7 220.1 Setting up python3-dev (3.8.2-0ubuntu2) ...

#7 220.1 Processing triggers for libc-bin (2.31-0ubuntu9.12) ...

#7 220.1 Python 3.10.9
#7 DONE 220.4s

#8 [stage-0  4/27] RUN ln -s /usr/local/bin/python3.10 /usr/local/bin/python
#8 DONE 0.4s

#9 [stage-0  5/27] RUN pip install torch torchvision torchaudio --index-url https://download.pytorch.org/whl/cu118
#9 0.589 Looking in indexes: https://download.pytorch.org/whl/cu118
#9 1.187 Collecting torch
#9 1.202   Downloading https://download.pytorch.org/whl/cu118/torch-2.2.0%2Bcu118-cp310-cp310-linux_x86_64.whl (811.7 MB)
#9 16.24      ━━━━━━━━━━━━━━━━━━━━━━━━━━━━━━━━━━━━━━━ 811.7/811.7 MB 6.9 MB/s eta 0:00:00
#9 17.34 Collecting torchvision
#9 17.35   Downloading https://download.pytorch.org/whl/cu118/torchvision-0.17.0%2Bcu118-cp310-cp310-linux_x86_64.whl (6.2 MB)
#9 17.49      ━━━━━━━━━━━━━━━━━━━━━━━━━━━━━━━━━━━━━━━━ 6.2/6.2 MB 44.6 MB/s eta 0:00:00
#9 18.12 Collecting torchaudio
#9 18.13   Downloading https://download.pytorch.org/whl/cu118/torchaudio-2.2.0%2Bcu118-cp310-cp310-linux_x86_64.whl (3.3 MB)
#9 18.21      ━━━━━━━━━━━━━━━━━━━━━━━━━━━━━━━━━━━━━━━━ 3.3/3.3 MB 42.3 MB/s eta 0:00:00
#9 18.65 Collecting nvidia-curand-cu11==10.3.0.86
#9 18.67   Downloading https://download.pytorch.org/whl/cu118/nvidia_curand_cu11-10.3.0.86-py3-none-manylinux1_x86_64.whl (58.1 MB)
#9 19.77      ━━━━━━━━━━━━━━━━━━━━━━━━━━━━━━━━━━━━━━━━ 58.1/58.1 MB 36.9 MB/s eta 0:00:00
#9 20.22 Collecting nvidia-cublas-cu11==11.11.3.6
#9 20.24   Downloading https://download.pytorch.org/whl/cu118/nvidia_cublas_cu11-11.11.3.6-py3-none-manylinux1_x86_64.whl (417.9 MB)
#9 27.63      ━━━━━━━━━━━━━━━━━━━━━━━━━━━━━━━━━━━━━━ 417.9/417.9 MB 14.2 MB/s eta 0:00:00
#9 28.01 Collecting nvidia-cufft-cu11==10.9.0.58
#9 28.02   Downloading https://download.pytorch.org/whl/cu118/nvidia_cufft_cu11-10.9.0.58-py3-none-manylinux1_x86_64.whl (168.4 MB)
#9 31.36      ━━━━━━━━━━━━━━━━━━━━━━━━━━━━━━━━━━━━━━ 168.4/168.4 MB 16.4 MB/s eta 0:00:00
#9 31.88 Collecting nvidia-nvtx-cu11==11.8.86
#9 31.89   Downloading https://download.pytorch.org/whl/cu118/nvidia_nvtx_cu11-11.8.86-py3-none-manylinux1_x86_64.whl (99 kB)
#9 31.91      ━━━━━━━━━━━━━━━━━━━━━━━━━━━━━━━━━━━━━━━━ 99.1/99.1 kB 6.5 MB/s eta 0:00:00
#9 32.32 Collecting nvidia-cudnn-cu11==8.7.0.84
#9 32.33   Downloading https://download.pytorch.org/whl/cu118/nvidia_cudnn_cu11-8.7.0.84-py3-none-manylinux1_x86_64.whl (728.5 MB)
#9 46.08      ━━━━━━━━━━━━━━━━━━━━━━━━━━━━━━━━━━━━━━━ 728.5/728.5 MB 9.4 MB/s eta 0:00:00
#9 46.64 Collecting nvidia-nccl-cu11==2.19.3
#9 46.65   Downloading https://download.pytorch.org/whl/cu118/nvidia_nccl_cu11-2.19.3-py3-none-manylinux1_x86_64.whl (135.3 MB)
#9 49.66      ━━━━━━━━━━━━━━━━━━━━━━━━━━━━━━━━━━━━━━ 135.3/135.3 MB 31.1 MB/s eta 0:00:00
#9 50.16 Collecting nvidia-cusolver-cu11==11.4.1.48
#9 50.18   Downloading https://download.pytorch.org/whl/cu118/nvidia_cusolver_cu11-11.4.1.48-py3-none-manylinux1_x86_64.whl (128.2 MB)
#9 52.43      ━━━━━━━━━━━━━━━━━━━━━━━━━━━━━━━━━━━━━━ 128.2/128.2 MB 30.4 MB/s eta 0:00:00
#9 52.63 Collecting nvidia-cuda-nvrtc-cu11==11.8.89
#9 52.65   Downloading https://download.pytorch.org/whl/cu118/nvidia_cuda_nvrtc_cu11-11.8.89-py3-none-manylinux1_x86_64.whl (23.2 MB)
#9 53.08      ━━━━━━━━━━━━━━━━━━━━━━━━━━━━━━━━━━━━━━━━ 23.2/23.2 MB 47.6 MB/s eta 0:00:00
#9 53.25 Collecting nvidia-cusparse-cu11==11.7.5.86
#9 53.27   Downloading https://download.pytorch.org/whl/cu118/nvidia_cusparse_cu11-11.7.5.86-py3-none-manylinux1_x86_64.whl (204.1 MB)
#9 56.96      ━━━━━━━━━━━━━━━━━━━━━━━━━━━━━━━━━━━━━━ 204.1/204.1 MB 24.3 MB/s eta 0:00:00
#9 57.49 Collecting networkx
#9 57.51   Downloading https://download.pytorch.org/whl/networkx-3.2.1-py3-none-any.whl (1.6 MB)
#9 57.56      ━━━━━━━━━━━━━━━━━━━━━━━━━━━━━━━━━━━━━━━━ 1.6/1.6 MB 36.0 MB/s eta 0:00:00
#9 57.68 Collecting filelock
#9 57.69   Downloading https://download.pytorch.org/whl/filelock-3.9.0-py3-none-any.whl (9.7 kB)
#9 57.82 Collecting typing-extensions>=4.8.0
#9 57.83   Downloading https://download.pytorch.org/whl/typing_extensions-4.8.0-py3-none-any.whl (31 kB)
#9 57.97 Collecting sympy
#9 57.99   Downloading https://download.pytorch.org/whl/sympy-1.12-py3-none-any.whl (5.7 MB)
#9 58.10      ━━━━━━━━━━━━━━━━━━━━━━━━━━━━━━━━━━━━━━━━ 5.7/5.7 MB 49.6 MB/s eta 0:00:00
#9 58.24 Collecting nvidia-cuda-runtime-cu11==11.8.89
#9 58.25   Downloading https://download.pytorch.org/whl/cu118/nvidia_cuda_runtime_cu11-11.8.89-py3-none-manylinux1_x86_64.whl (875 kB)
#9 58.33      ━━━━━━━━━━━━━━━━━━━━━━━━━━━━━━━━━━━━━━ 875.6/875.6 kB 12.1 MB/s eta 0:00:00
#9 58.45 Collecting nvidia-cuda-cupti-cu11==11.8.87
#9 58.46   Downloading https://download.pytorch.org/whl/cu118/nvidia_cuda_cupti_cu11-11.8.87-py3-none-manylinux1_x86_64.whl (13.1 MB)
#9 58.73      ━━━━━━━━━━━━━━━━━━━━━━━━━━━━━━━━━━━━━━━━ 13.1/13.1 MB 61.4 MB/s eta 0:00:00
#9 59.14 Collecting triton==2.2.0
#9 59.16   Downloading https://download.pytorch.org/whl/triton-2.2.0-cp310-cp310-manylinux_2_17_x86_64.manylinux2014_x86_64.whl (167.9 MB)
#9 62.10      ━━━━━━━━━━━━━━━━━━━━━━━━━━━━━━━━━━━━━━ 167.9/167.9 MB 26.3 MB/s eta 0:00:00
#9 62.61 Collecting jinja2
#9 62.62   Downloading https://download.pytorch.org/whl/Jinja2-3.1.2-py3-none-any.whl (133 kB)
#9 62.64      ━━━━━━━━━━━━━━━━━━━━━━━━━━━━━━━━━━━━━━━ 133.1/133.1 kB 9.8 MB/s eta 0:00:00
#9 63.07 Collecting fsspec
#9 63.08   Downloading https://download.pytorch.org/whl/fsspec-2023.4.0-py3-none-any.whl (153 kB)
#9 63.09      ━━━━━━━━━━━━━━━━━━━━━━━━━━━━━━━━━━━━━━ 154.0/154.0 kB 17.2 MB/s eta 0:00:00
#9 63.24 Collecting numpy
#9 63.26   Downloading https://download.pytorch.org/whl/numpy-1.26.3-cp310-cp310-manylinux_2_17_x86_64.manylinux2014_x86_64.whl (18.2 MB)
#9 63.57      ━━━━━━━━━━━━━━━━━━━━━━━━━━━━━━━━━━━━━━━━ 18.2/18.2 MB 57.3 MB/s eta 0:00:00
#9 64.00 Collecting pillow!=8.3.*,>=5.3.0
#9 64.02   Downloading https://download.pytorch.org/whl/pillow-10.2.0-cp310-cp310-manylinux_2_28_x86_64.whl (4.5 MB)
#9 64.11      ━━━━━━━━━━━━━━━━━━━━━━━━━━━━━━━━━━━━━━━━ 4.5/4.5 MB 48.4 MB/s eta 0:00:00
#9 64.53 Collecting requests
#9 64.54   Downloading https://download.pytorch.org/whl/requests-2.28.1-py3-none-any.whl (62 kB)
#9 64.55      ━━━━━━━━━━━━━━━━━━━━━━━━━━━━━━━━━━━━━━━━ 62.8/62.8 kB 5.4 MB/s eta 0:00:00
#9 65.02 Collecting MarkupSafe>=2.0
#9 65.04   Downloading https://download.pytorch.org/whl/MarkupSafe-2.1.3-cp310-cp310-manylinux_2_17_x86_64.manylinux2014_x86_64.whl (25 kB)
#9 65.47 Collecting idna<4,>=2.5
#9 65.49   Downloading https://download.pytorch.org/whl/idna-3.4-py3-none-any.whl (61 kB)
#9 65.50      ━━━━━━━━━━━━━━━━━━━━━━━━━━━━━━━━━━━━━━━━ 61.5/61.5 kB 7.4 MB/s eta 0:00:00
#9 65.91 Collecting certifi>=2017.4.17
#9 65.92   Downloading https://download.pytorch.org/whl/certifi-2022.12.7-py3-none-any.whl (155 kB)
#9 65.94      ━━━━━━━━━━━━━━━━━━━━━━━━━━━━━━━━━━━━━━ 155.3/155.3 kB 10.3 MB/s eta 0:00:00
#9 66.35 Collecting charset-normalizer<3,>=2
#9 66.37   Downloading https://download.pytorch.org/whl/charset_normalizer-2.1.1-py3-none-any.whl (39 kB)
#9 66.77 Collecting urllib3<1.27,>=1.21.1
#9 66.79   Downloading https://download.pytorch.org/whl/urllib3-1.26.13-py2.py3-none-any.whl (140 kB)
#9 66.80      ━━━━━━━━━━━━━━━━━━━━━━━━━━━━━━━━━━━━━━ 140.6/140.6 kB 12.9 MB/s eta 0:00:00
#9 66.93 Collecting mpmath>=0.19
#9 66.96   Downloading https://download.pytorch.org/whl/mpmath-1.3.0-py3-none-any.whl (536 kB)
#9 66.98      ━━━━━━━━━━━━━━━━━━━━━━━━━━━━━━━━━━━━━━ 536.2/536.2 kB 24.6 MB/s eta 0:00:00
#9 67.22 Installing collected packages: mpmath, urllib3, typing-extensions, sympy, pillow, nvidia-nvtx-cu11, nvidia-nccl-cu11, nvidia-cusparse-cu11, nvidia-curand-cu11, nvidia-cufft-cu11, nvidia-cuda-runtime-cu11, nvidia-cuda-nvrtc-cu11, nvidia-cuda-cupti-cu11, nvidia-cublas-cu11, numpy, networkx, MarkupSafe, idna, fsspec, filelock, charset-normalizer, certifi, triton, requests, nvidia-cusolver-cu11, nvidia-cudnn-cu11, jinja2, torch, torchvision, torchaudio
#9 101.4 Successfully installed MarkupSafe-2.1.3 certifi-2022.12.7 charset-normalizer-2.1.1 filelock-3.9.0 fsspec-2023.4.0 idna-3.4 jinja2-3.1.2 mpmath-1.3.0 networkx-3.2.1 numpy-1.26.3 nvidia-cublas-cu11-11.11.3.6 nvidia-cuda-cupti-cu11-11.8.87 nvidia-cuda-nvrtc-cu11-11.8.89 nvidia-cuda-runtime-cu11-11.8.89 nvidia-cudnn-cu11-8.7.0.84 nvidia-cufft-cu11-10.9.0.58 nvidia-curand-cu11-10.3.0.86 nvidia-cusolver-cu11-11.4.1.48 nvidia-cusparse-cu11-11.7.5.86 nvidia-nccl-cu11-2.19.3 nvidia-nvtx-cu11-11.8.86 pillow-10.2.0 requests-2.28.1 sympy-1.12 torch-2.2.0+cu118 torchaudio-2.2.0+cu118 torchvision-0.17.0+cu118 triton-2.2.0 typing-extensions-4.8.0 urllib3-1.26.13
#9 101.4 WARNING: Running pip as the 'root' user can result in broken permissions and conflicting behaviour with the system package manager. It is recommended to use a virtual environment instead: https://pip.pypa.io/warnings/venv
#9 101.9 WARNING: There was an error checking the latest version of pip.
#9 DONE 102.3s

#10 [stage-0  6/27] RUN pip install --upgrade clip-anytorch==2.4.0
#10 0.606 Collecting clip-anytorch==2.4.0
#10 0.689   Downloading clip_anytorch-2.4.0-py3-none-any.whl (1.4 MB)
#10 0.763      ━━━━━━━━━━━━━━━━━━━━━━━━━━━━━━━━━━━━━━━━ 1.4/1.4 MB 19.1 MB/s eta 0:00:00
#10 0.768 Requirement already satisfied: torchvision in /usr/local/lib/python3.10/site-packages (from clip-anytorch==2.4.0) (0.17.0+cu118)
#10 0.825 Collecting tqdm
#10 0.841   Downloading tqdm-4.66.2-py3-none-any.whl (78 kB)
#10 0.852      ━━━━━━━━━━━━━━━━━━━━━━━━━━━━━━━━━━━━━━━━ 78.3/78.3 kB 7.7 MB/s eta 0:00:00
#10 0.853 Requirement already satisfied: torch in /usr/local/lib/python3.10/site-packages (from clip-anytorch==2.4.0) (2.2.0+cu118)
#10 1.323 Collecting regex
#10 1.341   Downloading regex-2023.12.25-cp310-cp310-manylinux_2_17_x86_64.manylinux2014_x86_64.whl (773 kB)
#10 1.467      ━━━━━━━━━━━━━━━━━━━━━━━━━━━━━━━━━━━━━━━ 774.0/774.0 kB 6.2 MB/s eta 0:00:00
#10 1.491 Collecting ftfy
#10 1.507   Downloading ftfy-6.1.3-py3-none-any.whl (53 kB)
#10 1.515      ━━━━━━━━━━━━━━━━━━━━━━━━━━━━━━━━━━━━━━━━ 53.4/53.4 kB 7.8 MB/s eta 0:00:00
#10 1.540 Collecting wcwidth<0.3.0,>=0.2.12
#10 1.555   Downloading wcwidth-0.2.13-py2.py3-none-any.whl (34 kB)
#10 1.585 Requirement already satisfied: triton==2.2.0 in /usr/local/lib/python3.10/site-packages (from torch->clip-anytorch==2.4.0) (2.2.0)
#10 1.587 Requirement already satisfied: nvidia-cuda-cupti-cu11==11.8.87 in /usr/local/lib/python3.10/site-packages (from torch->clip-anytorch==2.4.0) (11.8.87)
#10 1.587 Requirement already satisfied: fsspec in /usr/local/lib/python3.10/site-packages (from torch->clip-anytorch==2.4.0) (2023.4.0)
#10 1.588 Requirement already satisfied: nvidia-curand-cu11==10.3.0.86 in /usr/local/lib/python3.10/site-packages (from torch->clip-anytorch==2.4.0) (10.3.0.86)
#10 1.589 Requirement already satisfied: nvidia-cublas-cu11==11.11.3.6 in /usr/local/lib/python3.10/site-packages (from torch->clip-anytorch==2.4.0) (11.11.3.6)
#10 1.590 Requirement already satisfied: nvidia-nvtx-cu11==11.8.86 in /usr/local/lib/python3.10/site-packages (from torch->clip-anytorch==2.4.0) (11.8.86)
#10 1.591 Requirement already satisfied: nvidia-cudnn-cu11==8.7.0.84 in /usr/local/lib/python3.10/site-packages (from torch->clip-anytorch==2.4.0) (8.7.0.84)
#10 1.592 Requirement already satisfied: nvidia-nccl-cu11==2.19.3 in /usr/local/lib/python3.10/site-packages (from torch->clip-anytorch==2.4.0) (2.19.3)
#10 1.593 Requirement already satisfied: nvidia-cusparse-cu11==11.7.5.86 in /usr/local/lib/python3.10/site-packages (from torch->clip-anytorch==2.4.0) (11.7.5.86)
#10 1.594 Requirement already satisfied: sympy in /usr/local/lib/python3.10/site-packages (from torch->clip-anytorch==2.4.0) (1.12)
#10 1.595 Requirement already satisfied: nvidia-cusolver-cu11==11.4.1.48 in /usr/local/lib/python3.10/site-packages (from torch->clip-anytorch==2.4.0) (11.4.1.48)
#10 1.596 Requirement already satisfied: nvidia-cufft-cu11==10.9.0.58 in /usr/local/lib/python3.10/site-packages (from torch->clip-anytorch==2.4.0) (10.9.0.58)
#10 1.597 Requirement already satisfied: nvidia-cuda-runtime-cu11==11.8.89 in /usr/local/lib/python3.10/site-packages (from torch->clip-anytorch==2.4.0) (11.8.89)
#10 1.598 Requirement already satisfied: jinja2 in /usr/local/lib/python3.10/site-packages (from torch->clip-anytorch==2.4.0) (3.1.2)
#10 1.599 Requirement already satisfied: typing-extensions>=4.8.0 in /usr/local/lib/python3.10/site-packages (from torch->clip-anytorch==2.4.0) (4.8.0)
#10 1.599 Requirement already satisfied: filelock in /usr/local/lib/python3.10/site-packages (from torch->clip-anytorch==2.4.0) (3.9.0)
#10 1.600 Requirement already satisfied: networkx in /usr/local/lib/python3.10/site-packages (from torch->clip-anytorch==2.4.0) (3.2.1)
#10 1.601 Requirement already satisfied: nvidia-cuda-nvrtc-cu11==11.8.89 in /usr/local/lib/python3.10/site-packages (from torch->clip-anytorch==2.4.0) (11.8.89)
#10 1.617 Requirement already satisfied: requests in /usr/local/lib/python3.10/site-packages (from torchvision->clip-anytorch==2.4.0) (2.28.1)
#10 1.618 Requirement already satisfied: numpy in /usr/local/lib/python3.10/site-packages (from torchvision->clip-anytorch==2.4.0) (1.26.3)
#10 1.618 Requirement already satisfied: pillow!=8.3.*,>=5.3.0 in /usr/local/lib/python3.10/site-packages (from torchvision->clip-anytorch==2.4.0) (10.2.0)
#10 1.685 Requirement already satisfied: MarkupSafe>=2.0 in /usr/local/lib/python3.10/site-packages (from jinja2->torch->clip-anytorch==2.4.0) (2.1.3)
#10 1.706 Requirement already satisfied: charset-normalizer<3,>=2 in /usr/local/lib/python3.10/site-packages (from requests->torchvision->clip-anytorch==2.4.0) (2.1.1)
#10 1.706 Requirement already satisfied: certifi>=2017.4.17 in /usr/local/lib/python3.10/site-packages (from requests->torchvision->clip-anytorch==2.4.0) (2022.12.7)
#10 1.707 Requirement already satisfied: urllib3<1.27,>=1.21.1 in /usr/local/lib/python3.10/site-packages (from requests->torchvision->clip-anytorch==2.4.0) (1.26.13)
#10 1.707 Requirement already satisfied: idna<4,>=2.5 in /usr/local/lib/python3.10/site-packages (from requests->torchvision->clip-anytorch==2.4.0) (3.4)
#10 1.709 Requirement already satisfied: mpmath>=0.19 in /usr/local/lib/python3.10/site-packages (from sympy->torch->clip-anytorch==2.4.0) (1.3.0)
#10 1.768 Installing collected packages: wcwidth, tqdm, regex, ftfy, clip-anytorch
#10 1.940 Successfully installed clip-anytorch-2.4.0 ftfy-6.1.3 regex-2023.12.25 tqdm-4.66.2 wcwidth-0.2.13
#10 1.940 WARNING: Running pip as the 'root' user can result in broken permissions and conflicting behaviour with the system package manager. It is recommended to use a virtual environment instead: https://pip.pypa.io/warnings/venv
#10 2.018 
#10 2.018 [notice] A new release of pip available: 22.3.1 -> 24.0
#10 2.018 [notice] To update, run: pip install --upgrade pip
#10 DONE 2.1s

#11 [stage-0  7/27] RUN pip install open_clip_torch
#11 0.693 Collecting open_clip_torch
#11 0.761   Downloading open_clip_torch-2.24.0-py3-none-any.whl (1.5 MB)
#11 0.843      ━━━━━━━━━━━━━━━━━━━━━━━━━━━━━━━━━━━━━━━━ 1.5/1.5 MB 18.7 MB/s eta 0:00:00
#11 0.888 Collecting timm
#11 0.916   Downloading timm-0.9.12-py3-none-any.whl (2.2 MB)
#11 0.978      ━━━━━━━━━━━━━━━━━━━━━━━━━━━━━━━━━━━━━━━━ 2.2/2.2 MB 37.4 MB/s eta 0:00:00
#11 1.063 Collecting sentencepiece
#11 1.082   Downloading sentencepiece-0.1.99-cp310-cp310-manylinux_2_17_x86_64.manylinux2014_x86_64.whl (1.3 MB)
#11 1.127      ━━━━━━━━━━━━━━━━━━━━━━━━━━━━━━━━━━━━━━━━ 1.3/1.3 MB 29.7 MB/s eta 0:00:00
#11 1.349 Collecting protobuf
#11 1.365   Downloading protobuf-4.25.2-cp37-abi3-manylinux2014_x86_64.whl (294 kB)
#11 1.380      ━━━━━━━━━━━━━━━━━━━━━━━━━━━━━━━━━━━━━━ 294.6/294.6 kB 21.2 MB/s eta 0:00:00
#11 1.382 Requirement already satisfied: torch>=1.9.0 in /usr/local/lib/python3.10/site-packages (from open_clip_torch) (2.2.0+cu118)
#11 1.382 Requirement already satisfied: regex in /usr/local/lib/python3.10/site-packages (from open_clip_torch) (2023.12.25)
#11 1.382 Requirement already satisfied: ftfy in /usr/local/lib/python3.10/site-packages (from open_clip_torch) (6.1.3)
#11 1.382 Requirement already satisfied: tqdm in /usr/local/lib/python3.10/site-packages (from open_clip_torch) (4.66.2)
#11 1.424 Collecting huggingface-hub
#11 1.440   Downloading huggingface_hub-0.20.3-py3-none-any.whl (330 kB)
#11 1.453      ━━━━━━━━━━━━━━━━━━━━━━━━━━━━━━━━━━━━━━ 330.1/330.1 kB 28.6 MB/s eta 0:00:00
#11 1.455 Requirement already satisfied: torchvision in /usr/local/lib/python3.10/site-packages (from open_clip_torch) (0.17.0+cu118)
#11 1.479 Requirement already satisfied: nvidia-cuda-runtime-cu11==11.8.89 in /usr/local/lib/python3.10/site-packages (from torch>=1.9.0->open_clip_torch) (11.8.89)
#11 1.480 Requirement already satisfied: nvidia-cusparse-cu11==11.7.5.86 in /usr/local/lib/python3.10/site-packages (from torch>=1.9.0->open_clip_torch) (11.7.5.86)
#11 1.481 Requirement already satisfied: nvidia-cusolver-cu11==11.4.1.48 in /usr/local/lib/python3.10/site-packages (from torch>=1.9.0->open_clip_torch) (11.4.1.48)
#11 1.481 Requirement already satisfied: networkx in /usr/local/lib/python3.10/site-packages (from torch>=1.9.0->open_clip_torch) (3.2.1)
#11 1.481 Requirement already satisfied: fsspec in /usr/local/lib/python3.10/site-packages (from torch>=1.9.0->open_clip_torch) (2023.4.0)
#11 1.482 Requirement already satisfied: typing-extensions>=4.8.0 in /usr/local/lib/python3.10/site-packages (from torch>=1.9.0->open_clip_torch) (4.8.0)
#11 1.483 Requirement already satisfied: nvidia-cublas-cu11==11.11.3.6 in /usr/local/lib/python3.10/site-packages (from torch>=1.9.0->open_clip_torch) (11.11.3.6)
#11 1.484 Requirement already satisfied: nvidia-curand-cu11==10.3.0.86 in /usr/local/lib/python3.10/site-packages (from torch>=1.9.0->open_clip_torch) (10.3.0.86)
#11 1.484 Requirement already satisfied: jinja2 in /usr/local/lib/python3.10/site-packages (from torch>=1.9.0->open_clip_torch) (3.1.2)
#11 1.485 Requirement already satisfied: nvidia-nvtx-cu11==11.8.86 in /usr/local/lib/python3.10/site-packages (from torch>=1.9.0->open_clip_torch) (11.8.86)
#11 1.485 Requirement already satisfied: filelock in /usr/local/lib/python3.10/site-packages (from torch>=1.9.0->open_clip_torch) (3.9.0)
#11 1.485 Requirement already satisfied: sympy in /usr/local/lib/python3.10/site-packages (from torch>=1.9.0->open_clip_torch) (1.12)
#11 1.486 Requirement already satisfied: nvidia-cuda-cupti-cu11==11.8.87 in /usr/local/lib/python3.10/site-packages (from torch>=1.9.0->open_clip_torch) (11.8.87)
#11 1.487 Requirement already satisfied: nvidia-cufft-cu11==10.9.0.58 in /usr/local/lib/python3.10/site-packages (from torch>=1.9.0->open_clip_torch) (10.9.0.58)
#11 1.488 Requirement already satisfied: nvidia-nccl-cu11==2.19.3 in /usr/local/lib/python3.10/site-packages (from torch>=1.9.0->open_clip_torch) (2.19.3)
#11 1.489 Requirement already satisfied: triton==2.2.0 in /usr/local/lib/python3.10/site-packages (from torch>=1.9.0->open_clip_torch) (2.2.0)
#11 1.491 Requirement already satisfied: nvidia-cuda-nvrtc-cu11==11.8.89 in /usr/local/lib/python3.10/site-packages (from torch>=1.9.0->open_clip_torch) (11.8.89)
#11 1.492 Requirement already satisfied: nvidia-cudnn-cu11==8.7.0.84 in /usr/local/lib/python3.10/site-packages (from torch>=1.9.0->open_clip_torch) (8.7.0.84)
#11 1.506 Requirement already satisfied: wcwidth<0.3.0,>=0.2.12 in /usr/local/lib/python3.10/site-packages (from ftfy->open_clip_torch) (0.2.13)
#11 1.634 Collecting pyyaml>=5.1
#11 1.650   Downloading PyYAML-6.0.1-cp310-cp310-manylinux_2_17_x86_64.manylinux2014_x86_64.whl (705 kB)
#11 1.675      ━━━━━━━━━━━━━━━━━━━━━━━━━━━━━━━━━━━━━━ 705.5/705.5 kB 31.5 MB/s eta 0:00:00
#11 1.711 Collecting fsspec
#11 1.728   Downloading fsspec-2024.2.0-py3-none-any.whl (170 kB)
#11 1.736      ━━━━━━━━━━━━━━━━━━━━━━━━━━━━━━━━━━━━━━ 170.9/170.9 kB 24.6 MB/s eta 0:00:00
#11 1.768 Collecting packaging>=20.9
#11 1.786   Downloading packaging-23.2-py3-none-any.whl (53 kB)
#11 1.794      ━━━━━━━━━━━━━━━━━━━━━━━━━━━━━━━━━━━━━━━━ 53.0/53.0 kB 6.9 MB/s eta 0:00:00
#11 1.796 Requirement already satisfied: requests in /usr/local/lib/python3.10/site-packages (from huggingface-hub->open_clip_torch) (2.28.1)
#11 1.950 Collecting safetensors
#11 1.969   Downloading safetensors-0.4.2-cp310-cp310-manylinux_2_17_x86_64.manylinux2014_x86_64.whl (1.3 MB)
#11 2.008      ━━━━━━━━━━━━━━━━━━━━━━━━━━━━━━━━━━━━━━━━ 1.3/1.3 MB 34.7 MB/s eta 0:00:00
#11 2.013 Requirement already satisfied: pillow!=8.3.*,>=5.3.0 in /usr/local/lib/python3.10/site-packages (from torchvision->open_clip_torch) (10.2.0)
#11 2.014 Requirement already satisfied: numpy in /usr/local/lib/python3.10/site-packages (from torchvision->open_clip_torch) (1.26.3)
#11 2.064 Requirement already satisfied: MarkupSafe>=2.0 in /usr/local/lib/python3.10/site-packages (from jinja2->torch>=1.9.0->open_clip_torch) (2.1.3)
#11 2.083 Requirement already satisfied: idna<4,>=2.5 in /usr/local/lib/python3.10/site-packages (from requests->huggingface-hub->open_clip_torch) (3.4)
#11 2.084 Requirement already satisfied: urllib3<1.27,>=1.21.1 in /usr/local/lib/python3.10/site-packages (from requests->huggingface-hub->open_clip_torch) (1.26.13)
#11 2.085 Requirement already satisfied: certifi>=2017.4.17 in /usr/local/lib/python3.10/site-packages (from requests->huggingface-hub->open_clip_torch) (2022.12.7)
#11 2.086 Requirement already satisfied: charset-normalizer<3,>=2 in /usr/local/lib/python3.10/site-packages (from requests->huggingface-hub->open_clip_torch) (2.1.1)
#11 2.109 Requirement already satisfied: mpmath>=0.19 in /usr/local/lib/python3.10/site-packages (from sympy->torch>=1.9.0->open_clip_torch) (1.3.0)
#11 2.309 Installing collected packages: sentencepiece, safetensors, pyyaml, protobuf, packaging, fsspec, huggingface-hub, timm, open_clip_torch
#11 2.519   Attempting uninstall: fsspec
#11 2.520     Found existing installation: fsspec 2023.4.0
#11 2.526     Uninstalling fsspec-2023.4.0:
#11 2.533       Successfully uninstalled fsspec-2023.4.0
#11 3.167 Successfully installed fsspec-2024.2.0 huggingface-hub-0.20.3 open_clip_torch-2.24.0 packaging-23.2 protobuf-4.25.2 pyyaml-6.0.1 safetensors-0.4.2 sentencepiece-0.1.99 timm-0.9.12
#11 3.167 WARNING: Running pip as the 'root' user can result in broken permissions and conflicting behaviour with the system package manager. It is recommended to use a virtual environment instead: https://pip.pypa.io/warnings/venv
#11 3.169 
#11 3.169 [notice] A new release of pip available: 22.3.1 -> 24.0
#11 3.169 [notice] To update, run: pip install --upgrade pip
#11 DONE 3.3s

#12 [stage-0  8/27] RUN curl -fsSL https://nvidia.github.io/libnvidia-container/gpgkey | gpg --dearmor -o /usr/share/keyrings/nvidia-container-toolkit-keyring.gpg   && curl -s -L https://nvidia.github.io/libnvidia-container/stable/deb/nvidia-container-toolkit.list |     sed 's#deb https://#deb [signed-by=/usr/share/keyrings/nvidia-container-toolkit-keyring.gpg] https://#g' |     tee /etc/apt/sources.list.d/nvidia-container-toolkit.list   &&     apt-get update
#12 0.727 deb [signed-by=/usr/share/keyrings/nvidia-container-toolkit-keyring.gpg] https://nvidia.github.io/libnvidia-container/stable/deb/$(ARCH) /
#12 0.727 #deb [signed-by=/usr/share/keyrings/nvidia-container-toolkit-keyring.gpg] https://nvidia.github.io/libnvidia-container/experimental/deb/$(ARCH) /
#12 0.835 Hit:1 https://developer.download.nvidia.com/compute/cuda/repos/ubuntu2004/x86_64  InRelease
#12 0.837 Hit:2 http://security.ubuntu.com/ubuntu focal-security InRelease
#12 0.861 Hit:3 http://archive.ubuntu.com/ubuntu focal InRelease
#12 0.915 Hit:4 http://archive.ubuntu.com/ubuntu focal-updates InRelease
#12 0.916 Get:5 https://nvidia.github.io/libnvidia-container/stable/deb/amd64  InRelease [1477 B]
#12 0.968 Hit:6 http://archive.ubuntu.com/ubuntu focal-backports InRelease
#12 1.152 Get:7 https://nvidia.github.io/libnvidia-container/stable/deb/amd64  Packages [7248 B]
#12 1.160 Fetched 8725 B in 0s (21.7 kB/s)
#12 1.160 Reading package lists...
#12 DONE 1.8s

#13 [stage-0  9/27] RUN apt-get install -y nvidia-container-toolkit
#13 0.399 Reading package lists...
#13 0.989 Building dependency tree...
#13 1.115 Reading state information...
#13 1.213 The following additional packages will be installed:
#13 1.213   libcap2 libnvidia-container-tools libnvidia-container1
#13 1.213   nvidia-container-toolkit-base
#13 1.234 The following NEW packages will be installed:
#13 1.234   libcap2 libnvidia-container-tools libnvidia-container1
#13 1.234   nvidia-container-toolkit nvidia-container-toolkit-base
#13 1.300 0 upgraded, 5 newly installed, 0 to remove and 19 not upgraded.
#13 1.300 Need to get 4220 kB of archives.
#13 1.300 After this operation, 16.7 MB of additional disk space will be used.
#13 1.300 Get:1 http://archive.ubuntu.com/ubuntu focal-updates/main amd64 libcap2 amd64 1:2.32-1ubuntu0.1 [15.8 kB]
#13 1.317 Get:2 https://developer.download.nvidia.com/compute/cuda/repos/ubuntu2004/x86_64  libnvidia-container1 1.14.5-1 [923 kB]
#13 1.394 Get:3 https://developer.download.nvidia.com/compute/cuda/repos/ubuntu2004/x86_64  libnvidia-container-tools 1.14.5-1 [20.6 kB]
#13 1.411 Get:4 https://developer.download.nvidia.com/compute/cuda/repos/ubuntu2004/x86_64  nvidia-container-toolkit-base 1.14.5-1 [2339 kB]
#13 1.472 Get:5 https://developer.download.nvidia.com/compute/cuda/repos/ubuntu2004/x86_64  nvidia-container-toolkit 1.14.5-1 [921 kB]
#13 1.575 debconf: delaying package configuration, since apt-utils is not installed
#13 1.601 Fetched 4220 kB in 0s (17.0 MB/s)
#13 1.636 Selecting previously unselected package libcap2:amd64.

#13 1.636 (Reading database ... 
(Reading database ... 5%
(Reading database ... 10%
(Reading database ... 15%
(Reading database ... 20%
(Reading database ... 25%
(Reading database ... 30%
(Reading database ... 35%
(Reading database ... 40%
(Reading database ... 45%
(Reading database ... 50%
(Reading database ... 55%
(Reading database ... 60%
(Reading database ... 65%
(Reading database ... 70%
(Reading database ... 75%
(Reading database ... 80%
(Reading database ... 85%
(Reading database ... 90%
(Reading database ... 95%
(Reading database ... 100%
(Reading database ... 19537 files and directories currently installed.)

#13 1.642 Preparing to unpack .../libcap2_1%3a2.32-1ubuntu0.1_amd64.deb ...

#13 1.660 Unpacking libcap2:amd64 (1:2.32-1ubuntu0.1) ...

#13 1.721 Selecting previously unselected package libnvidia-container1:amd64.

#13 1.722 Preparing to unpack .../libnvidia-container1_1.14.5-1_amd64.deb ...

#13 1.731 Unpacking libnvidia-container1:amd64 (1.14.5-1) ...

#13 1.837 Selecting previously unselected package libnvidia-container-tools.

#13 1.838 Preparing to unpack .../libnvidia-container-tools_1.14.5-1_amd64.deb ...

#13 1.846 Unpacking libnvidia-container-tools (1.14.5-1) ...

#13 1.896 Selecting previously unselected package nvidia-container-toolkit-base.

#13 1.897 Preparing to unpack .../nvidia-container-toolkit-base_1.14.5-1_amd64.deb ...

#13 1.905 Unpacking nvidia-container-toolkit-base (1.14.5-1) ...

#13 2.114 Selecting previously unselected package nvidia-container-toolkit.

#13 2.115 Preparing to unpack .../nvidia-container-toolkit_1.14.5-1_amd64.deb ...

#13 2.123 Unpacking nvidia-container-toolkit (1.14.5-1) ...

#13 2.238 Setting up nvidia-container-toolkit-base (1.14.5-1) ...

#13 2.265 Setting up libcap2:amd64 (1:2.32-1ubuntu0.1) ...

#13 2.293 Setting up libnvidia-container1:amd64 (1.14.5-1) ...

#13 2.316 Setting up libnvidia-container-tools (1.14.5-1) ...

#13 2.340 Setting up nvidia-container-toolkit (1.14.5-1) ...

#13 2.366 Processing triggers for libc-bin (2.31-0ubuntu9.12) ...

#13 DONE 2.4s

#14 [stage-0 10/27] COPY builder/requirements.txt /requirements.txt
#14 DONE 0.1s

#15 [stage-0 11/27] RUN --mount=type=cache,target=/root/.cache/pip     pip install --upgrade pip &&     pip install --upgrade -r /requirements.txt --no-cache-dir &&     rm /requirements.txt
#15 0.626 Requirement already satisfied: pip in /usr/local/lib/python3.10/site-packages (22.3.1)
#15 0.704 Collecting pip
#15 0.785   Downloading pip-24.0-py3-none-any.whl (2.1 MB)
#15 0.873      ━━━━━━━━━━━━━━━━━━━━━━━━━━━━━━━━━━━━━━━━ 2.1/2.1 MB 24.3 MB/s eta 0:00:00
#15 1.103 Installing collected packages: pip
#15 1.103   Attempting uninstall: pip
#15 1.104     Found existing installation: pip 22.3.1
#15 1.175     Uninstalling pip-22.3.1:
#15 1.271       Successfully uninstalled pip-22.3.1
#15 1.934 Successfully installed pip-24.0
#15 1.934 WARNING: Running pip as the 'root' user can result in broken permissions and conflicting behaviour with the system package manager. It is recommended to use a virtual environment instead: https://pip.pypa.io/warnings/venv
#15 2.268 Collecting git+https://github.com/TencentARC/GFPGAN.git@8d2447a2d918f8eba5a4a01463fd48e45126a379 (from -r /requirements.txt (line 9))
#15 2.269   Cloning https://github.com/TencentARC/GFPGAN.git (to revision 8d2447a2d918f8eba5a4a01463fd48e45126a379) to /tmp/pip-req-build-osequh84
#15 2.271   Running command git clone --filter=blob:none --quiet https://github.com/TencentARC/GFPGAN.git /tmp/pip-req-build-osequh84
#15 3.460   Running command git rev-parse -q --verify 'sha^8d2447a2d918f8eba5a4a01463fd48e45126a379'
#15 3.461   Running command git fetch -q https://github.com/TencentARC/GFPGAN.git 8d2447a2d918f8eba5a4a01463fd48e45126a379
#15 3.712   Running command git checkout -q 8d2447a2d918f8eba5a4a01463fd48e45126a379
#15 4.056   Resolved https://github.com/TencentARC/GFPGAN.git to commit 8d2447a2d918f8eba5a4a01463fd48e45126a379
#15 4.059   Installing build dependencies: started
#15 5.188   Installing build dependencies: finished with status 'done'
#15 5.189   Getting requirements to build wheel: started
#15 5.274   Getting requirements to build wheel: finished with status 'done'
#15 5.276   Installing backend dependencies: started
#15 8.596   Installing backend dependencies: finished with status 'done'
#15 8.597   Preparing metadata (pyproject.toml): started
#15 8.715   Preparing metadata (pyproject.toml): finished with status 'done'
#15 8.719 Collecting git+https://github.com/openai/CLIP.git@d50d76daa670286dd6cacf3bcd80b5e4823fc8e1 (from -r /requirements.txt (line 10))
#15 8.720   Cloning https://github.com/openai/CLIP.git (to revision d50d76daa670286dd6cacf3bcd80b5e4823fc8e1) to /tmp/pip-req-build-68_pe6uq
#15 8.722   Running command git clone --filter=blob:none --quiet https://github.com/openai/CLIP.git /tmp/pip-req-build-68_pe6uq
#15 9.842   Running command git rev-parse -q --verify 'sha^d50d76daa670286dd6cacf3bcd80b5e4823fc8e1'
#15 9.843   Running command git fetch -q https://github.com/openai/CLIP.git d50d76daa670286dd6cacf3bcd80b5e4823fc8e1
#15 10.08   Running command git checkout -q d50d76daa670286dd6cacf3bcd80b5e4823fc8e1
#15 10.39   Resolved https://github.com/openai/CLIP.git to commit d50d76daa670286dd6cacf3bcd80b5e4823fc8e1
#15 10.39   Installing build dependencies: started
#15 11.38   Installing build dependencies: finished with status 'done'
#15 11.38   Getting requirements to build wheel: started
#15 11.48   Getting requirements to build wheel: finished with status 'done'
#15 11.48   Installing backend dependencies: started
#15 12.03   Installing backend dependencies: finished with status 'done'
#15 12.04   Preparing metadata (pyproject.toml): started
#15 12.15   Preparing metadata (pyproject.toml): finished with status 'done'
#15 12.15 Collecting git+https://github.com/mlfoundations/open_clip.git@bb6e834e9c70d9c27d0dc3ecedeebeaeb1ffad6b (from -r /requirements.txt (line 11))
#15 12.15   Cloning https://github.com/mlfoundations/open_clip.git (to revision bb6e834e9c70d9c27d0dc3ecedeebeaeb1ffad6b) to /tmp/pip-req-build-e_1efbnu
#15 12.15   Running command git clone --filter=blob:none --quiet https://github.com/mlfoundations/open_clip.git /tmp/pip-req-build-e_1efbnu
#15 13.48   Running command git rev-parse -q --verify 'sha^bb6e834e9c70d9c27d0dc3ecedeebeaeb1ffad6b'
#15 13.48   Running command git fetch -q https://github.com/mlfoundations/open_clip.git bb6e834e9c70d9c27d0dc3ecedeebeaeb1ffad6b
#15 13.82   Running command git checkout -q bb6e834e9c70d9c27d0dc3ecedeebeaeb1ffad6b
#15 14.48   Resolved https://github.com/mlfoundations/open_clip.git to commit bb6e834e9c70d9c27d0dc3ecedeebeaeb1ffad6b
#15 14.48   Installing build dependencies: started
#15 15.47   Installing build dependencies: finished with status 'done'
#15 15.47   Getting requirements to build wheel: started
#15 15.56   Getting requirements to build wheel: finished with status 'done'
#15 15.56   Installing backend dependencies: started
#15 16.13   Installing backend dependencies: finished with status 'done'
#15 16.13   Preparing metadata (pyproject.toml): started
#15 16.23   Preparing metadata (pyproject.toml): finished with status 'done'
#15 16.29 Collecting runpod (from -r /requirements.txt (line 4))
#15 16.35   Downloading runpod-1.6.2-py3-none-any.whl.metadata (7.8 kB)
#15 16.45 Collecting gradio (from -r /requirements.txt (line 5))
#15 16.47   Downloading gradio-4.19.0-py3-none-any.whl.metadata (15 kB)
#15 16.62 Collecting opencv-python-headless (from -r /requirements.txt (line 7))
#15 16.64   Downloading opencv_python_headless-4.9.0.80-cp37-abi3-manylinux_2_17_x86_64.manylinux2014_x86_64.whl.metadata (20 kB)
#15 16.67 Collecting pyngrok (from -r /requirements.txt (line 8))
#15 16.69   Downloading pyngrok-7.1.2-py3-none-any.whl.metadata (7.6 kB)
#15 16.86 Collecting aiohttp==3.9.3 (from aiohttp[speedups]==3.9.3->runpod->-r /requirements.txt (line 4))
#15 16.88   Downloading aiohttp-3.9.3-cp310-cp310-manylinux_2_17_x86_64.manylinux2014_x86_64.whl.metadata (7.4 kB)
#15 16.90 Collecting aiohttp-retry>=2.8.3 (from runpod->-r /requirements.txt (line 4))
#15 16.92   Downloading aiohttp_retry-2.8.3-py3-none-any.whl (9.8 kB)
#15 16.94 Collecting backoff>=2.2.1 (from runpod->-r /requirements.txt (line 4))
#15 16.96   Downloading backoff-2.2.1-py3-none-any.whl (15 kB)
#15 17.26 Collecting boto3>=1.26.165 (from runpod->-r /requirements.txt (line 4))
#15 17.27   Downloading boto3-1.34.42-py3-none-any.whl.metadata (6.6 kB)
#15 17.30 Collecting click>=8.1.7 (from runpod->-r /requirements.txt (line 4))
#15 17.31   Downloading click-8.1.7-py3-none-any.whl.metadata (3.0 kB)
#15 17.33 Collecting colorama<0.4.7,>=0.2.5 (from runpod->-r /requirements.txt (line 4))
#15 17.35   Downloading colorama-0.4.6-py2.py3-none-any.whl (25 kB)
#15 17.40 Collecting fastapi>=0.94.0 (from fastapi[all]>=0.94.0->runpod->-r /requirements.txt (line 4))
#15 17.42   Downloading fastapi-0.109.2-py3-none-any.whl.metadata (25 kB)
#15 17.45 Collecting paramiko>=3.3.1 (from runpod->-r /requirements.txt (line 4))
#15 17.47   Downloading paramiko-3.4.0-py3-none-any.whl.metadata (4.4 kB)
#15 17.49 Collecting prettytable>=3.9.0 (from runpod->-r /requirements.txt (line 4))
#15 17.50   Downloading prettytable-3.9.0-py3-none-any.whl.metadata (26 kB)
#15 17.52 Collecting py-cpuinfo>=9.0.0 (from runpod->-r /requirements.txt (line 4))
#15 17.53   Downloading py_cpuinfo-9.0.0-py3-none-any.whl (22 kB)
#15 17.55 Collecting inquirerpy==0.3.4 (from runpod->-r /requirements.txt (line 4))
#15 17.57   Downloading InquirerPy-0.3.4-py3-none-any.whl (67 kB)
#15 17.58      ━━━━━━━━━━━━━━━━━━━━━━━━━━━━━━━━━━━━━━━━ 67.7/67.7 kB 5.0 MB/s eta 0:00:00
#15 17.62 Collecting requests>=2.31.0 (from runpod->-r /requirements.txt (line 4))
#15 17.63   Downloading requests-2.31.0-py3-none-any.whl.metadata (4.6 kB)
#15 17.65 Collecting tomli>=2.0.1 (from runpod->-r /requirements.txt (line 4))
#15 17.67   Downloading tomli-2.0.1-py3-none-any.whl (12 kB)
#15 17.70 Collecting tomlkit>=0.12.2 (from runpod->-r /requirements.txt (line 4))
#15 17.71   Downloading tomlkit-0.12.3-py3-none-any.whl.metadata (2.7 kB)
#15 17.73 Collecting tqdm-loggable>=0.1.4 (from runpod->-r /requirements.txt (line 4))
#15 17.74   Downloading tqdm_loggable-0.2-py3-none-any.whl.metadata (9.3 kB)
#15 17.74 Requirement already satisfied: urllib3>=1.26.6 in /usr/local/lib/python3.10/site-packages (from runpod->-r /requirements.txt (line 4)) (1.26.13)
#15 17.78 Collecting watchdog>=3.0.0 (from runpod->-r /requirements.txt (line 4))
#15 17.80   Downloading watchdog-4.0.0-py3-none-manylinux2014_x86_64.whl.metadata (37 kB)
#15 17.82 Collecting aiosignal>=1.1.2 (from aiohttp==3.9.3->aiohttp[speedups]==3.9.3->runpod->-r /requirements.txt (line 4))
#15 17.83   Downloading aiosignal-1.3.1-py3-none-any.whl (7.6 kB)
#15 17.85 Collecting attrs>=17.3.0 (from aiohttp==3.9.3->aiohttp[speedups]==3.9.3->runpod->-r /requirements.txt (line 4))
#15 17.87   Downloading attrs-23.2.0-py3-none-any.whl.metadata (9.5 kB)
#15 17.91 Collecting frozenlist>=1.1.1 (from aiohttp==3.9.3->aiohttp[speedups]==3.9.3->runpod->-r /requirements.txt (line 4))
#15 17.93   Downloading frozenlist-1.4.1-cp310-cp310-manylinux_2_5_x86_64.manylinux1_x86_64.manylinux_2_17_x86_64.manylinux2014_x86_64.whl.metadata (12 kB)
#15 18.06 Collecting multidict<7.0,>=4.5 (from aiohttp==3.9.3->aiohttp[speedups]==3.9.3->runpod->-r /requirements.txt (line 4))
#15 18.07   Downloading multidict-6.0.5-cp310-cp310-manylinux_2_17_x86_64.manylinux2014_x86_64.whl.metadata (4.2 kB)
#15 18.18 Collecting yarl<2.0,>=1.0 (from aiohttp==3.9.3->aiohttp[speedups]==3.9.3->runpod->-r /requirements.txt (line 4))
#15 18.20   Downloading yarl-1.9.4-cp310-cp310-manylinux_2_17_x86_64.manylinux2014_x86_64.whl.metadata (31 kB)
#15 18.22 Collecting async-timeout<5.0,>=4.0 (from aiohttp==3.9.3->aiohttp[speedups]==3.9.3->runpod->-r /requirements.txt (line 4))
#15 18.24   Downloading async_timeout-4.0.3-py3-none-any.whl.metadata (4.2 kB)
#15 18.27 Collecting Brotli (from aiohttp[speedups]==3.9.3->runpod->-r /requirements.txt (line 4))
#15 18.29   Downloading Brotli-1.1.0-cp310-cp310-manylinux_2_5_x86_64.manylinux1_x86_64.manylinux_2_12_x86_64.manylinux2010_x86_64.whl.metadata (5.5 kB)
#15 18.30 Collecting aiodns (from aiohttp[speedups]==3.9.3->runpod->-r /requirements.txt (line 4))
#15 18.32   Downloading aiodns-3.1.1-py3-none-any.whl.metadata (4.0 kB)
#15 18.43 Collecting pfzy<0.4.0,>=0.3.1 (from inquirerpy==0.3.4->runpod->-r /requirements.txt (line 4))
#15 18.45   Downloading pfzy-0.3.4-py3-none-any.whl (8.5 kB)
#15 18.49 Collecting prompt-toolkit<4.0.0,>=3.0.1 (from inquirerpy==0.3.4->runpod->-r /requirements.txt (line 4))
#15 18.51   Downloading prompt_toolkit-3.0.43-py3-none-any.whl.metadata (6.5 kB)
#15 18.54 Collecting aiofiles<24.0,>=22.0 (from gradio->-r /requirements.txt (line 5))
#15 18.55   Downloading aiofiles-23.2.1-py3-none-any.whl.metadata (9.7 kB)
#15 18.57 Collecting altair<6.0,>=4.2.0 (from gradio->-r /requirements.txt (line 5))
#15 18.59   Downloading altair-5.2.0-py3-none-any.whl.metadata (8.7 kB)
#15 18.60 Collecting ffmpy (from gradio->-r /requirements.txt (line 5))
#15 18.62   Downloading ffmpy-0.3.2.tar.gz (5.5 kB)
#15 18.62   Installing build dependencies: started
#15 19.57   Installing build dependencies: finished with status 'done'
#15 19.57   Getting requirements to build wheel: started
#15 19.68   Getting requirements to build wheel: finished with status 'done'
#15 19.68   Installing backend dependencies: started
#15 20.22   Installing backend dependencies: finished with status 'done'
#15 20.22   Preparing metadata (pyproject.toml): started
#15 20.33   Preparing metadata (pyproject.toml): finished with status 'done'
#15 20.36 Collecting gradio-client==0.10.0 (from gradio->-r /requirements.txt (line 5))
#15 20.37   Downloading gradio_client-0.10.0-py3-none-any.whl.metadata (7.1 kB)
#15 20.40 Collecting httpx (from gradio->-r /requirements.txt (line 5))
#15 20.41   Downloading httpx-0.26.0-py3-none-any.whl.metadata (7.6 kB)
#15 20.42 Requirement already satisfied: huggingface-hub>=0.19.3 in /usr/local/lib/python3.10/site-packages (from gradio->-r /requirements.txt (line 5)) (0.20.3)
#15 20.45 Collecting importlib-resources<7.0,>=1.3 (from gradio->-r /requirements.txt (line 5))
#15 20.46   Downloading importlib_resources-6.1.1-py3-none-any.whl.metadata (4.1 kB)
#15 20.47 Requirement already satisfied: jinja2<4.0 in /usr/local/lib/python3.10/site-packages (from gradio->-r /requirements.txt (line 5)) (3.1.2)
#15 20.47 Requirement already satisfied: markupsafe~=2.0 in /usr/local/lib/python3.10/site-packages (from gradio->-r /requirements.txt (line 5)) (2.1.3)
#15 20.56 Collecting matplotlib~=3.0 (from gradio->-r /requirements.txt (line 5))
#15 20.60   Downloading matplotlib-3.8.3-cp310-cp310-manylinux_2_17_x86_64.manylinux2014_x86_64.whl.metadata (5.8 kB)
#15 20.60 Requirement already satisfied: numpy~=1.0 in /usr/local/lib/python3.10/site-packages (from gradio->-r /requirements.txt (line 5)) (1.26.3)
#15 20.76 Collecting orjson~=3.0 (from gradio->-r /requirements.txt (line 5))
#15 20.78   Downloading orjson-3.9.14-cp310-cp310-manylinux_2_17_x86_64.manylinux2014_x86_64.whl.metadata (49 kB)
#15 20.78      ━━━━━━━━━━━━━━━━━━━━━━━━━━━━━━━━━━━━━━━━ 49.4/49.4 kB 35.8 MB/s eta 0:00:00
#15 20.79 Requirement already satisfied: packaging in /usr/local/lib/python3.10/site-packages (from gradio->-r /requirements.txt (line 5)) (23.2)
#15 20.91 Collecting pandas<3.0,>=1.0 (from gradio->-r /requirements.txt (line 5))
#15 20.93   Downloading pandas-2.2.0-cp310-cp310-manylinux_2_17_x86_64.manylinux2014_x86_64.whl.metadata (19 kB)
#15 20.93 Requirement already satisfied: pillow<11.0,>=8.0 in /usr/local/lib/python3.10/site-packages (from gradio->-r /requirements.txt (line 5)) (10.2.0)
#15 21.02 Collecting pydantic>=2.0 (from gradio->-r /requirements.txt (line 5))
#15 21.03   Downloading pydantic-2.6.1-py3-none-any.whl.metadata (83 kB)
#15 21.04      ━━━━━━━━━━━━━━━━━━━━━━━━━━━━━━━━━━━━━━━━ 83.5/83.5 kB 31.0 MB/s eta 0:00:00
#15 21.06 Collecting pydub (from gradio->-r /requirements.txt (line 5))
#15 21.07   Downloading pydub-0.25.1-py2.py3-none-any.whl (32 kB)
#15 21.09 Collecting python-multipart (from gradio->-r /requirements.txt (line 5))
#15 21.10   Downloading python_multipart-0.0.9-py3-none-any.whl.metadata (2.5 kB)
#15 21.10 Requirement already satisfied: pyyaml<7.0,>=5.0 in /usr/local/lib/python3.10/site-packages (from gradio->-r /requirements.txt (line 5)) (6.0.1)
#15 21.37 Collecting ruff>=0.1.7 (from gradio->-r /requirements.txt (line 5))
#15 21.38   Downloading ruff-0.2.1-py3-none-manylinux_2_17_x86_64.manylinux2014_x86_64.whl.metadata (23 kB)
#15 21.40 Collecting semantic-version~=2.0 (from gradio->-r /requirements.txt (line 5))
#15 21.42   Downloading semantic_version-2.10.0-py2.py3-none-any.whl (15 kB)
#15 21.42 INFO: pip is looking at multiple versions of gradio to determine which version is compatible with other requirements. This could take a while.
#15 21.43 Collecting gradio (from -r /requirements.txt (line 5))
#15 21.44   Downloading gradio-4.18.0-py3-none-any.whl.metadata (15 kB)
#15 21.47   Downloading gradio-4.17.0-py3-none-any.whl.metadata (15 kB)
#15 21.49 Collecting gradio-client==0.9.0 (from gradio->-r /requirements.txt (line 5))
#15 21.50   Downloading gradio_client-0.9.0-py3-none-any.whl.metadata (7.1 kB)
#15 21.51 Collecting gradio (from -r /requirements.txt (line 5))
#15 21.52   Downloading gradio-4.16.0-py3-none-any.whl.metadata (15 kB)
#15 21.54 Collecting gradio-client==0.8.1 (from gradio->-r /requirements.txt (line 5))
#15 21.55   Downloading gradio_client-0.8.1-py3-none-any.whl.metadata (7.1 kB)
#15 21.56 Collecting gradio (from -r /requirements.txt (line 5))
#15 21.57   Downloading gradio-4.15.0-py3-none-any.whl.metadata (15 kB)
#15 21.64   Downloading gradio-4.14.0-py3-none-any.whl.metadata (15 kB)
#15 21.66 Collecting gradio-client==0.8.0 (from gradio->-r /requirements.txt (line 5))
#15 21.67   Downloading gradio_client-0.8.0-py3-none-any.whl.metadata (7.1 kB)
#15 21.68 Collecting gradio (from -r /requirements.txt (line 5))
#15 21.69   Downloading gradio-4.13.0-py3-none-any.whl.metadata (15 kB)
#15 21.72   Downloading gradio-4.12.0-py3-none-any.whl.metadata (15 kB)
#15 21.73 INFO: pip is still looking at multiple versions of gradio to determine which version is compatible with other requirements. This could take a while.
#15 21.75   Downloading gradio-4.11.0-py3-none-any.whl.metadata (17 kB)
#15 21.77 Collecting gradio-client==0.7.3 (from gradio->-r /requirements.txt (line 5))
#15 21.78   Downloading gradio_client-0.7.3-py3-none-any.whl.metadata (7.0 kB)
#15 21.79 Collecting gradio (from -r /requirements.txt (line 5))
#15 21.81   Downloading gradio-4.10.0-py3-none-any.whl.metadata (17 kB)
#15 21.83   Downloading gradio-4.9.1-py3-none-any.whl.metadata (17 kB)
#15 21.86   Downloading gradio-4.9.0-py3-none-any.whl.metadata (17 kB)
#15 21.88 Collecting gradio-client==0.7.2 (from gradio->-r /requirements.txt (line 5))
#15 21.89   Downloading gradio_client-0.7.2-py3-none-any.whl.metadata (7.0 kB)
#15 21.90 Collecting gradio (from -r /requirements.txt (line 5))
#15 21.91   Downloading gradio-4.8.0-py3-none-any.whl.metadata (17 kB)
#15 21.93 Collecting gradio-client==0.7.1 (from gradio->-r /requirements.txt (line 5))
#15 21.95   Downloading gradio_client-0.7.1-py3-none-any.whl.metadata (7.1 kB)
#15 21.96 INFO: This is taking longer than usual. You might need to provide the dependency resolver with stricter constraints to reduce runtime. See https://pip.pypa.io/warnings/backtracking for guidance. If you want to abort this run, press Ctrl + C.
#15 21.96 Collecting gradio (from -r /requirements.txt (line 5))
#15 21.98   Downloading gradio-4.7.1-py3-none-any.whl.metadata (17 kB)
#15 21.99 Collecting gradio-client==0.7.0 (from gradio->-r /requirements.txt (line 5))
#15 22.01   Downloading gradio_client-0.7.0-py3-none-any.whl.metadata (7.1 kB)
#15 22.01 Collecting gradio (from -r /requirements.txt (line 5))
#15 22.03   Downloading gradio-4.5.0-py3-none-any.whl.metadata (17 kB)
#15 22.06   Downloading gradio-4.4.1-py3-none-any.whl.metadata (17 kB)
#15 22.09   Downloading gradio-4.4.0-py3-none-any.whl.metadata (17 kB)
#15 22.12   Downloading gradio-4.3.0-py3-none-any.whl.metadata (17 kB)
#15 22.15   Downloading gradio-4.2.0-py3-none-any.whl.metadata (17 kB)
#15 22.18   Downloading gradio-4.1.2-py3-none-any.whl.metadata (17 kB)
#15 22.21   Downloading gradio-4.1.1-py3-none-any.whl.metadata (17 kB)
#15 22.24   Downloading gradio-4.1.0-py3-none-any.whl.metadata (17 kB)
#15 22.27   Downloading gradio-4.0.2-py3-none-any.whl.metadata (17 kB)
#15 22.30   Downloading gradio-4.0.1-py3-none-any.whl.metadata (17 kB)
#15 22.34   Downloading gradio-4.0.0-py3-none-any.whl.metadata (17 kB)
#15 22.37   Downloading gradio-3.50.2-py3-none-any.whl.metadata (17 kB)
#15 22.38 Collecting gradio-client==0.6.1 (from gradio->-r /requirements.txt (line 5))
#15 22.40   Downloading gradio_client-0.6.1-py3-none-any.whl.metadata (7.1 kB)
#15 22.42 Requirement already satisfied: typing-extensions~=4.0 in /usr/local/lib/python3.10/site-packages (from gradio->-r /requirements.txt (line 5)) (4.8.0)
#15 22.45 Collecting uvicorn>=0.14.0 (from gradio->-r /requirements.txt (line 5))
#15 22.46   Downloading uvicorn-0.27.1-py3-none-any.whl.metadata (6.3 kB)
#15 22.52 Collecting websockets<12.0,>=10.0 (from gradio->-r /requirements.txt (line 5))
#15 22.54   Downloading websockets-11.0.3-cp310-cp310-manylinux_2_5_x86_64.manylinux1_x86_64.manylinux_2_17_x86_64.manylinux2014_x86_64.whl.metadata (6.6 kB)
#15 22.54 Requirement already satisfied: fsspec in /usr/local/lib/python3.10/site-packages (from gradio-client==0.6.1->gradio->-r /requirements.txt (line 5)) (2024.2.0)
#15 22.58 Collecting basicsr>=1.4.2 (from gfpgan==1.3.5->-r /requirements.txt (line 9))
#15 22.60   Downloading basicsr-1.4.2.tar.gz (172 kB)
#15 22.61      ━━━━━━━━━━━━━━━━━━━━━━━━━━━━━━━━━━━━━━ 172.5/172.5 kB 14.9 MB/s eta 0:00:00
#15 22.63   Installing build dependencies: started
#15 23.59   Installing build dependencies: finished with status 'done'
#15 23.59   Getting requirements to build wheel: started
#15 23.67   Getting requirements to build wheel: finished with status 'done'
#15 23.67   Installing backend dependencies: started
#15 114.7   Installing backend dependencies: still running...
#15 114.9   Installing backend dependencies: finished with status 'done'
#15 115.0   Preparing metadata (pyproject.toml): started
#15 115.1   Preparing metadata (pyproject.toml): finished with status 'done'
#15 115.1 Collecting facexlib>=0.2.5 (from gfpgan==1.3.5->-r /requirements.txt (line 9))
#15 115.1   Downloading facexlib-0.3.0-py3-none-any.whl (59 kB)
#15 115.1      ━━━━━━━━━━━━━━━━━━━━━━━━━━━━━━━━━━━━━━━━ 59.6/59.6 kB 44.4 MB/s eta 0:00:00
#15 115.2 Collecting lmdb (from gfpgan==1.3.5->-r /requirements.txt (line 9))
#15 115.2   Downloading lmdb-1.4.1-cp310-cp310-manylinux_2_17_x86_64.manylinux2014_x86_64.whl (299 kB)
#15 115.2      ━━━━━━━━━━━━━━━━━━━━━━━━━━━━━━━━━━━━━━ 299.2/299.2 kB 25.5 MB/s eta 0:00:00
#15 115.3 Collecting opencv-python (from gfpgan==1.3.5->-r /requirements.txt (line 9))
#15 115.3   Downloading opencv_python-4.9.0.80-cp37-abi3-manylinux_2_17_x86_64.manylinux2014_x86_64.whl.metadata (20 kB)
#15 115.4 Collecting scipy (from gfpgan==1.3.5->-r /requirements.txt (line 9))
#15 115.4   Downloading scipy-1.12.0-cp310-cp310-manylinux_2_17_x86_64.manylinux2014_x86_64.whl.metadata (60 kB)
#15 115.4      ━━━━━━━━━━━━━━━━━━━━━━━━━━━━━━━━━━━━━━━ 60.4/60.4 kB 423.7 MB/s eta 0:00:00
#15 115.6 Collecting tb-nightly (from gfpgan==1.3.5->-r /requirements.txt (line 9))
#15 115.7   Downloading tb_nightly-2.17.0a20240214-py3-none-any.whl.metadata (1.6 kB)
#15 115.7 Requirement already satisfied: torch>=1.7 in /usr/local/lib/python3.10/site-packages (from gfpgan==1.3.5->-r /requirements.txt (line 9)) (2.2.0+cu118)
#15 115.7 Requirement already satisfied: torchvision in /usr/local/lib/python3.10/site-packages (from gfpgan==1.3.5->-r /requirements.txt (line 9)) (0.17.0+cu118)
#15 115.7 Requirement already satisfied: tqdm in /usr/local/lib/python3.10/site-packages (from gfpgan==1.3.5->-r /requirements.txt (line 9)) (4.66.2)
#15 115.7 Collecting yapf (from gfpgan==1.3.5->-r /requirements.txt (line 9))
#15 115.7   Downloading yapf-0.40.2-py3-none-any.whl.metadata (45 kB)
#15 115.7      ━━━━━━━━━━━━━━━━━━━━━━━━━━━━━━━━━━━━━━━━ 45.4/45.4 kB 58.3 MB/s eta 0:00:00
#15 115.7 Requirement already satisfied: ftfy in /usr/local/lib/python3.10/site-packages (from clip==1.0->-r /requirements.txt (line 10)) (6.1.3)
#15 115.7 Requirement already satisfied: regex in /usr/local/lib/python3.10/site-packages (from clip==1.0->-r /requirements.txt (line 10)) (2023.12.25)
#15 115.7 Requirement already satisfied: sentencepiece in /usr/local/lib/python3.10/site-packages (from open_clip_torch==2.7.0->-r /requirements.txt (line 11)) (0.1.99)
#15 115.9 Collecting protobuf==3.20.0 (from open_clip_torch==2.7.0->-r /requirements.txt (line 11))
#15 115.9   Downloading protobuf-3.20.0-cp310-cp310-manylinux_2_12_x86_64.manylinux2010_x86_64.whl (1.1 MB)
#15 115.9      ━━━━━━━━━━━━━━━━━━━━━━━━━━━━━━━━━━━━━━━━ 1.1/1.1 MB 55.7 MB/s eta 0:00:00
#15 116.0 Collecting jsonschema>=3.0 (from altair<6.0,>=4.2.0->gradio->-r /requirements.txt (line 5))
#15 116.0   Downloading jsonschema-4.21.1-py3-none-any.whl.metadata (7.8 kB)
#15 116.0 Collecting toolz (from altair<6.0,>=4.2.0->gradio->-r /requirements.txt (line 5))
#15 116.1   Downloading toolz-0.12.1-py3-none-any.whl.metadata (5.1 kB)
#15 116.1 Collecting addict (from basicsr>=1.4.2->gfpgan==1.3.5->-r /requirements.txt (line 9))
#15 116.1   Downloading addict-2.4.0-py3-none-any.whl (3.8 kB)
#15 116.1 Collecting future (from basicsr>=1.4.2->gfpgan==1.3.5->-r /requirements.txt (line 9))
#15 116.1   Downloading future-0.18.3.tar.gz (840 kB)
#15 116.3      ━━━━━━━━━━━━━━━━━━━━━━━━━━━━━━━━━━━━━━━ 840.9/840.9 kB 6.7 MB/s eta 0:00:00
#15 116.3   Installing build dependencies: started
#15 117.4   Installing build dependencies: finished with status 'done'
#15 117.4   Getting requirements to build wheel: started
#15 117.5   Getting requirements to build wheel: finished with status 'done'
#15 117.5   Installing backend dependencies: started
#15 118.1   Installing backend dependencies: finished with status 'done'
#15 118.1   Preparing metadata (pyproject.toml): started
#15 118.2   Preparing metadata (pyproject.toml): finished with status 'done'
#15 118.2 Collecting scikit-image (from basicsr>=1.4.2->gfpgan==1.3.5->-r /requirements.txt (line 9))
#15 118.2   Downloading scikit_image-0.22.0-cp310-cp310-manylinux_2_17_x86_64.manylinux2014_x86_64.whl.metadata (13 kB)
#15 118.6 Collecting botocore<1.35.0,>=1.34.42 (from boto3>=1.26.165->runpod->-r /requirements.txt (line 4))
#15 118.6   Downloading botocore-1.34.42-py3-none-any.whl.metadata (5.7 kB)
#15 118.6 Collecting jmespath<2.0.0,>=0.7.1 (from boto3>=1.26.165->runpod->-r /requirements.txt (line 4))
#15 118.7   Downloading jmespath-1.0.1-py3-none-any.whl (20 kB)
#15 118.7 Collecting s3transfer<0.11.0,>=0.10.0 (from boto3>=1.26.165->runpod->-r /requirements.txt (line 4))
#15 118.7   Downloading s3transfer-0.10.0-py3-none-any.whl.metadata (1.7 kB)
#15 118.7 Collecting filterpy (from facexlib>=0.2.5->gfpgan==1.3.5->-r /requirements.txt (line 9))
#15 118.7   Downloading filterpy-1.4.5.zip (177 kB)
#15 118.8      ━━━━━━━━━━━━━━━━━━━━━━━━━━━━━━━━━━━━━━ 178.0/178.0 kB 37.2 MB/s eta 0:00:00
#15 118.8   Installing build dependencies: started
#15 119.8   Installing build dependencies: finished with status 'done'
#15 119.8   Getting requirements to build wheel: started
#15 119.9   Getting requirements to build wheel: finished with status 'done'
#15 119.9   Installing backend dependencies: started
#15 120.4   Installing backend dependencies: finished with status 'done'
#15 120.4   Preparing metadata (pyproject.toml): started
#15 120.5   Preparing metadata (pyproject.toml): finished with status 'done'
#15 120.6 Collecting numba (from facexlib>=0.2.5->gfpgan==1.3.5->-r /requirements.txt (line 9))
#15 120.6   Downloading numba-0.59.0-cp310-cp310-manylinux2014_x86_64.manylinux_2_17_x86_64.whl.metadata (2.7 kB)
#15 120.8 Collecting starlette<0.37.0,>=0.36.3 (from fastapi>=0.94.0->fastapi[all]>=0.94.0->runpod->-r /requirements.txt (line 4))
#15 120.8   Downloading starlette-0.36.3-py3-none-any.whl.metadata (5.9 kB)
#15 120.8 Collecting email-validator>=2.0.0 (from fastapi[all]>=0.94.0->runpod->-r /requirements.txt (line 4))
#15 120.8   Downloading email_validator-2.1.0.post1-py3-none-any.whl.metadata (25 kB)
#15 120.8 Collecting itsdangerous>=1.1.0 (from fastapi[all]>=0.94.0->runpod->-r /requirements.txt (line 4))
#15 120.9   Downloading itsdangerous-2.1.2-py3-none-any.whl (15 kB)
#15 120.9 Collecting pydantic-extra-types>=2.0.0 (from fastapi[all]>=0.94.0->runpod->-r /requirements.txt (line 4))
#15 120.9   Downloading pydantic_extra_types-2.5.0-py3-none-any.whl.metadata (2.6 kB)
#15 120.9 Collecting pydantic-settings>=2.0.0 (from fastapi[all]>=0.94.0->runpod->-r /requirements.txt (line 4))
#15 121.0   Downloading pydantic_settings-2.1.0-py3-none-any.whl.metadata (2.9 kB)
#15 121.0 Collecting ujson!=4.0.2,!=4.1.0,!=4.2.0,!=4.3.0,!=5.0.0,!=5.1.0,>=4.0.1 (from fastapi[all]>=0.94.0->runpod->-r /requirements.txt (line 4))
#15 121.0   Downloading ujson-5.9.0-cp310-cp310-manylinux_2_17_x86_64.manylinux2014_x86_64.whl.metadata (8.7 kB)
#15 121.1 Collecting anyio (from httpx->gradio->-r /requirements.txt (line 5))
#15 121.1   Downloading anyio-4.2.0-py3-none-any.whl.metadata (4.6 kB)
#15 121.1 Requirement already satisfied: certifi in /usr/local/lib/python3.10/site-packages (from httpx->gradio->-r /requirements.txt (line 5)) (2022.12.7)
#15 121.1 Collecting httpcore==1.* (from httpx->gradio->-r /requirements.txt (line 5))
#15 121.1   Downloading httpcore-1.0.3-py3-none-any.whl.metadata (20 kB)
#15 121.1 Requirement already satisfied: idna in /usr/local/lib/python3.10/site-packages (from httpx->gradio->-r /requirements.txt (line 5)) (3.4)
#15 121.1 Collecting sniffio (from httpx->gradio->-r /requirements.txt (line 5))
#15 121.2   Downloading sniffio-1.3.0-py3-none-any.whl (10 kB)
#15 121.2 Collecting h11<0.15,>=0.13 (from httpcore==1.*->httpx->gradio->-r /requirements.txt (line 5))
#15 121.2   Downloading h11-0.14.0-py3-none-any.whl (58 kB)
#15 121.2      ━━━━━━━━━━━━━━━━━━━━━━━━━━━━━━━━━━━━━━━ 58.3/58.3 kB 274.6 MB/s eta 0:00:00
#15 121.3 Requirement already satisfied: filelock in /usr/local/lib/python3.10/site-packages (from huggingface-hub>=0.19.3->gradio->-r /requirements.txt (line 5)) (3.9.0)
#15 121.3 Collecting contourpy>=1.0.1 (from matplotlib~=3.0->gradio->-r /requirements.txt (line 5))
#15 121.4   Downloading contourpy-1.2.0-cp310-cp310-manylinux_2_17_x86_64.manylinux2014_x86_64.whl.metadata (5.8 kB)
#15 121.4 Collecting cycler>=0.10 (from matplotlib~=3.0->gradio->-r /requirements.txt (line 5))
#15 121.4   Downloading cycler-0.12.1-py3-none-any.whl.metadata (3.8 kB)
#15 121.5 Collecting fonttools>=4.22.0 (from matplotlib~=3.0->gradio->-r /requirements.txt (line 5))
#15 121.5   Downloading fonttools-4.48.1-cp310-cp310-manylinux_2_17_x86_64.manylinux2014_x86_64.whl.metadata (158 kB)
#15 121.5      ━━━━━━━━━━━━━━━━━━━━━━━━━━━━━━━━━━━━━ 158.9/158.9 kB 131.8 MB/s eta 0:00:00
#15 121.5 Collecting kiwisolver>=1.3.1 (from matplotlib~=3.0->gradio->-r /requirements.txt (line 5))
#15 121.5   Downloading kiwisolver-1.4.5-cp310-cp310-manylinux_2_12_x86_64.manylinux2010_x86_64.whl.metadata (6.4 kB)
#15 121.6 Collecting pyparsing>=2.3.1 (from matplotlib~=3.0->gradio->-r /requirements.txt (line 5))
#15 121.6   Downloading pyparsing-3.1.1-py3-none-any.whl.metadata (5.1 kB)
#15 121.6 Collecting python-dateutil>=2.7 (from matplotlib~=3.0->gradio->-r /requirements.txt (line 5))
#15 121.6   Downloading python_dateutil-2.8.2-py2.py3-none-any.whl (247 kB)
#15 121.6      ━━━━━━━━━━━━━━━━━━━━━━━━━━━━━━━━━━━━━━ 247.7/247.7 kB 48.1 MB/s eta 0:00:00
#15 121.7 Collecting pytz>=2020.1 (from pandas<3.0,>=1.0->gradio->-r /requirements.txt (line 5))
#15 121.8   Downloading pytz-2024.1-py2.py3-none-any.whl.metadata (22 kB)
#15 121.8 Collecting tzdata>=2022.7 (from pandas<3.0,>=1.0->gradio->-r /requirements.txt (line 5))
#15 121.8   Downloading tzdata-2024.1-py2.py3-none-any.whl.metadata (1.4 kB)
#15 121.8 Collecting bcrypt>=3.2 (from paramiko>=3.3.1->runpod->-r /requirements.txt (line 4))
#15 121.9   Downloading bcrypt-4.1.2-cp39-abi3-manylinux_2_28_x86_64.whl.metadata (9.5 kB)
#15 122.0 Collecting cryptography>=3.3 (from paramiko>=3.3.1->runpod->-r /requirements.txt (line 4))
#15 122.0   Downloading cryptography-42.0.2-cp39-abi3-manylinux_2_28_x86_64.whl.metadata (5.3 kB)
#15 122.0 Collecting pynacl>=1.5 (from paramiko>=3.3.1->runpod->-r /requirements.txt (line 4))
#15 122.1   Downloading PyNaCl-1.5.0-cp36-abi3-manylinux_2_17_x86_64.manylinux2014_x86_64.manylinux_2_24_x86_64.whl (856 kB)
#15 122.1      ━━━━━━━━━━━━━━━━━━━━━━━━━━━━━━━━━━━━━━ 856.7/856.7 kB 73.4 MB/s eta 0:00:00
#15 122.1 Requirement already satisfied: wcwidth in /usr/local/lib/python3.10/site-packages (from prettytable>=3.9.0->runpod->-r /requirements.txt (line 4)) (0.2.13)
#15 122.1 Collecting annotated-types>=0.4.0 (from pydantic>=2.0->gradio->-r /requirements.txt (line 5))
#15 122.1   Downloading annotated_types-0.6.0-py3-none-any.whl.metadata (12 kB)
#15 122.6 Collecting pydantic-core==2.16.2 (from pydantic>=2.0->gradio->-r /requirements.txt (line 5))
#15 122.6   Downloading pydantic_core-2.16.2-cp310-cp310-manylinux_2_17_x86_64.manylinux2014_x86_64.whl.metadata (6.5 kB)
#15 122.6 Requirement already satisfied: charset-normalizer<4,>=2 in /usr/local/lib/python3.10/site-packages (from requests>=2.31.0->runpod->-r /requirements.txt (line 4)) (2.1.1)
#15 122.7 Requirement already satisfied: sympy in /usr/local/lib/python3.10/site-packages (from torch>=1.7->gfpgan==1.3.5->-r /requirements.txt (line 9)) (1.12)
#15 122.7 Requirement already satisfied: networkx in /usr/local/lib/python3.10/site-packages (from torch>=1.7->gfpgan==1.3.5->-r /requirements.txt (line 9)) (3.2.1)
#15 122.7 Requirement already satisfied: nvidia-cuda-nvrtc-cu11==11.8.89 in /usr/local/lib/python3.10/site-packages (from torch>=1.7->gfpgan==1.3.5->-r /requirements.txt (line 9)) (11.8.89)
#15 122.7 Requirement already satisfied: nvidia-cuda-runtime-cu11==11.8.89 in /usr/local/lib/python3.10/site-packages (from torch>=1.7->gfpgan==1.3.5->-r /requirements.txt (line 9)) (11.8.89)
#15 122.7 Requirement already satisfied: nvidia-cuda-cupti-cu11==11.8.87 in /usr/local/lib/python3.10/site-packages (from torch>=1.7->gfpgan==1.3.5->-r /requirements.txt (line 9)) (11.8.87)
#15 122.7 Requirement already satisfied: nvidia-cudnn-cu11==8.7.0.84 in /usr/local/lib/python3.10/site-packages (from torch>=1.7->gfpgan==1.3.5->-r /requirements.txt (line 9)) (8.7.0.84)
#15 122.7 Requirement already satisfied: nvidia-cublas-cu11==11.11.3.6 in /usr/local/lib/python3.10/site-packages (from torch>=1.7->gfpgan==1.3.5->-r /requirements.txt (line 9)) (11.11.3.6)
#15 122.7 Requirement already satisfied: nvidia-cufft-cu11==10.9.0.58 in /usr/local/lib/python3.10/site-packages (from torch>=1.7->gfpgan==1.3.5->-r /requirements.txt (line 9)) (10.9.0.58)
#15 122.7 Requirement already satisfied: nvidia-curand-cu11==10.3.0.86 in /usr/local/lib/python3.10/site-packages (from torch>=1.7->gfpgan==1.3.5->-r /requirements.txt (line 9)) (10.3.0.86)
#15 122.7 Requirement already satisfied: nvidia-cusolver-cu11==11.4.1.48 in /usr/local/lib/python3.10/site-packages (from torch>=1.7->gfpgan==1.3.5->-r /requirements.txt (line 9)) (11.4.1.48)
#15 122.7 Requirement already satisfied: nvidia-cusparse-cu11==11.7.5.86 in /usr/local/lib/python3.10/site-packages (from torch>=1.7->gfpgan==1.3.5->-r /requirements.txt (line 9)) (11.7.5.86)
#15 122.7 Requirement already satisfied: nvidia-nccl-cu11==2.19.3 in /usr/local/lib/python3.10/site-packages (from torch>=1.7->gfpgan==1.3.5->-r /requirements.txt (line 9)) (2.19.3)
#15 122.7 Requirement already satisfied: nvidia-nvtx-cu11==11.8.86 in /usr/local/lib/python3.10/site-packages (from torch>=1.7->gfpgan==1.3.5->-r /requirements.txt (line 9)) (11.8.86)
#15 122.7 Requirement already satisfied: triton==2.2.0 in /usr/local/lib/python3.10/site-packages (from torch>=1.7->gfpgan==1.3.5->-r /requirements.txt (line 9)) (2.2.0)
#15 123.0 Collecting absl-py>=0.4 (from tb-nightly->gfpgan==1.3.5->-r /requirements.txt (line 9))
#15 123.0   Downloading absl_py-2.1.0-py3-none-any.whl.metadata (2.3 kB)
#15 123.3 Collecting grpcio>=1.48.2 (from tb-nightly->gfpgan==1.3.5->-r /requirements.txt (line 9))
#15 123.3   Downloading grpcio-1.60.1-cp310-cp310-manylinux_2_17_x86_64.manylinux2014_x86_64.whl.metadata (4.0 kB)
#15 123.3 Collecting markdown>=2.6.8 (from tb-nightly->gfpgan==1.3.5->-r /requirements.txt (line 9))
#15 123.3   Downloading Markdown-3.5.2-py3-none-any.whl.metadata (7.0 kB)
#15 123.3 Requirement already satisfied: setuptools>=41.0.0 in /usr/local/lib/python3.10/site-packages (from tb-nightly->gfpgan==1.3.5->-r /requirements.txt (line 9)) (65.5.0)
#15 123.3 Collecting six>1.9 (from tb-nightly->gfpgan==1.3.5->-r /requirements.txt (line 9))
#15 123.4   Downloading six-1.16.0-py2.py3-none-any.whl (11 kB)
#15 123.4 Collecting tensorboard-data-server<0.8.0,>=0.7.0 (from tb-nightly->gfpgan==1.3.5->-r /requirements.txt (line 9))
#15 123.4   Downloading tensorboard_data_server-0.7.2-py3-none-manylinux_2_31_x86_64.whl.metadata (1.1 kB)
#15 123.4 Collecting tf-keras-nightly (from tb-nightly->gfpgan==1.3.5->-r /requirements.txt (line 9))
#15 123.5   Downloading tf_keras_nightly-2.17.0.dev2024021422-py3-none-any.whl.metadata (1.6 kB)
#15 123.5 Collecting werkzeug>=1.0.1 (from tb-nightly->gfpgan==1.3.5->-r /requirements.txt (line 9))
#15 123.5   Downloading werkzeug-3.0.1-py3-none-any.whl.metadata (4.1 kB)
#15 123.6 Collecting importlib-metadata>=6.6.0 (from yapf->gfpgan==1.3.5->-r /requirements.txt (line 9))
#15 123.6   Downloading importlib_metadata-7.0.1-py3-none-any.whl.metadata (4.9 kB)
#15 123.6 Collecting platformdirs>=3.5.1 (from yapf->gfpgan==1.3.5->-r /requirements.txt (line 9))
#15 123.6   Downloading platformdirs-4.2.0-py3-none-any.whl.metadata (11 kB)
#15 123.9 Collecting cffi>=1.12 (from cryptography>=3.3->paramiko>=3.3.1->runpod->-r /requirements.txt (line 4))
#15 123.9   Downloading cffi-1.16.0-cp310-cp310-manylinux_2_17_x86_64.manylinux2014_x86_64.whl.metadata (1.5 kB)
#15 124.0 Collecting dnspython>=2.0.0 (from email-validator>=2.0.0->fastapi[all]>=0.94.0->runpod->-r /requirements.txt (line 4))
#15 124.0   Downloading dnspython-2.5.0-py3-none-any.whl.metadata (5.8 kB)
#15 124.2 Collecting zipp>=0.5 (from importlib-metadata>=6.6.0->yapf->gfpgan==1.3.5->-r /requirements.txt (line 9))
#15 124.2   Downloading zipp-3.17.0-py3-none-any.whl.metadata (3.7 kB)
#15 124.3 Collecting jsonschema-specifications>=2023.03.6 (from jsonschema>=3.0->altair<6.0,>=4.2.0->gradio->-r /requirements.txt (line 5))
#15 124.3   Downloading jsonschema_specifications-2023.12.1-py3-none-any.whl.metadata (3.0 kB)
#15 124.3 Collecting referencing>=0.28.4 (from jsonschema>=3.0->altair<6.0,>=4.2.0->gradio->-r /requirements.txt (line 5))
#15 124.3   Downloading referencing-0.33.0-py3-none-any.whl.metadata (2.7 kB)
#15 124.5 Collecting rpds-py>=0.7.1 (from jsonschema>=3.0->altair<6.0,>=4.2.0->gradio->-r /requirements.txt (line 5))
#15 124.5   Downloading rpds_py-0.18.0-cp310-cp310-manylinux_2_17_x86_64.manylinux2014_x86_64.whl.metadata (4.1 kB)
#15 124.8 Collecting python-dotenv>=0.21.0 (from pydantic-settings>=2.0.0->fastapi[all]>=0.94.0->runpod->-r /requirements.txt (line 4))
#15 124.8   Downloading python_dotenv-1.0.1-py3-none-any.whl.metadata (23 kB)
#15 125.1 Collecting exceptiongroup>=1.0.2 (from anyio->httpx->gradio->-r /requirements.txt (line 5))
#15 125.1   Downloading exceptiongroup-1.2.0-py3-none-any.whl.metadata (6.6 kB)
#15 125.2 Collecting httptools>=0.5.0 (from uvicorn[standard]>=0.12.0; extra == "all"->fastapi[all]>=0.94.0->runpod->-r /requirements.txt (line 4))
#15 125.2   Downloading httptools-0.6.1-cp310-cp310-manylinux_2_5_x86_64.manylinux1_x86_64.manylinux_2_17_x86_64.manylinux2014_x86_64.whl.metadata (3.6 kB)
#15 125.2 Collecting uvloop!=0.15.0,!=0.15.1,>=0.14.0 (from uvicorn[standard]>=0.12.0; extra == "all"->fastapi[all]>=0.94.0->runpod->-r /requirements.txt (line 4))
#15 125.3   Downloading uvloop-0.19.0-cp310-cp310-manylinux_2_17_x86_64.manylinux2014_x86_64.whl.metadata (4.9 kB)
#15 125.3 Collecting watchfiles>=0.13 (from uvicorn[standard]>=0.12.0; extra == "all"->fastapi[all]>=0.94.0->runpod->-r /requirements.txt (line 4))
#15 125.3   Downloading watchfiles-0.21.0-cp310-cp310-manylinux_2_17_x86_64.manylinux2014_x86_64.whl.metadata (4.9 kB)
#15 125.4 Collecting pycares>=4.0.0 (from aiodns->aiohttp[speedups]==3.9.3->runpod->-r /requirements.txt (line 4))
#15 125.4   Downloading pycares-4.4.0-cp310-cp310-manylinux_2_17_x86_64.manylinux2014_x86_64.whl.metadata (4.1 kB)
#15 125.6 Collecting llvmlite<0.43,>=0.42.0dev0 (from numba->facexlib>=0.2.5->gfpgan==1.3.5->-r /requirements.txt (line 9))
#15 125.6   Downloading llvmlite-0.42.0-cp310-cp310-manylinux_2_17_x86_64.manylinux2014_x86_64.whl.metadata (4.8 kB)
#15 125.7 Collecting imageio>=2.27 (from scikit-image->basicsr>=1.4.2->gfpgan==1.3.5->-r /requirements.txt (line 9))
#15 125.7   Downloading imageio-2.34.0-py3-none-any.whl.metadata (4.9 kB)
#15 125.7 Collecting tifffile>=2022.8.12 (from scikit-image->basicsr>=1.4.2->gfpgan==1.3.5->-r /requirements.txt (line 9))
#15 125.7   Downloading tifffile-2024.2.12-py3-none-any.whl.metadata (31 kB)
#15 125.8 Collecting lazy_loader>=0.3 (from scikit-image->basicsr>=1.4.2->gfpgan==1.3.5->-r /requirements.txt (line 9))
#15 125.8   Downloading lazy_loader-0.3-py3-none-any.whl.metadata (4.3 kB)
#15 125.8 Requirement already satisfied: mpmath>=0.19 in /usr/local/lib/python3.10/site-packages (from sympy->torch>=1.7->gfpgan==1.3.5->-r /requirements.txt (line 9)) (1.3.0)
#15 125.9 Collecting tf-nightly~=2.17.0.dev (from tf-keras-nightly->tb-nightly->gfpgan==1.3.5->-r /requirements.txt (line 9))
#15 125.9   Downloading tf_nightly-2.17.0.dev20240214-cp310-cp310-manylinux_2_17_x86_64.manylinux2014_x86_64.whl.metadata (4.3 kB)
#15 125.9 Collecting pycparser (from cffi>=1.12->cryptography>=3.3->paramiko>=3.3.1->runpod->-r /requirements.txt (line 4))
#15 126.0   Downloading pycparser-2.21-py2.py3-none-any.whl (118 kB)
#15 126.0      ━━━━━━━━━━━━━━━━━━━━━━━━━━━━━━━━━━━━━━ 118.7/118.7 kB 67.1 MB/s eta 0:00:00
#15 126.3 Collecting astunparse>=1.6.0 (from tf-nightly~=2.17.0.dev->tf-keras-nightly->tb-nightly->gfpgan==1.3.5->-r /requirements.txt (line 9))
#15 126.3   Downloading astunparse-1.6.3-py2.py3-none-any.whl (12 kB)
#15 126.3 Collecting flatbuffers>=23.5.26 (from tf-nightly~=2.17.0.dev->tf-keras-nightly->tb-nightly->gfpgan==1.3.5->-r /requirements.txt (line 9))
#15 126.3   Downloading flatbuffers-23.5.26-py2.py3-none-any.whl.metadata (850 bytes)
#15 126.3 Collecting gast!=0.5.0,!=0.5.1,!=0.5.2,>=0.2.1 (from tf-nightly~=2.17.0.dev->tf-keras-nightly->tb-nightly->gfpgan==1.3.5->-r /requirements.txt (line 9))
#15 126.3   Downloading gast-0.5.4-py3-none-any.whl.metadata (1.3 kB)
#15 126.4 Collecting google-pasta>=0.1.1 (from tf-nightly~=2.17.0.dev->tf-keras-nightly->tb-nightly->gfpgan==1.3.5->-r /requirements.txt (line 9))
#15 126.4   Downloading google_pasta-0.2.0-py3-none-any.whl (57 kB)
#15 126.4      ━━━━━━━━━━━━━━━━━━━━━━━━━━━━━━━━━━━━━━━ 57.5/57.5 kB 126.9 MB/s eta 0:00:00
#15 126.4 Collecting h5py>=3.10.0 (from tf-nightly~=2.17.0.dev->tf-keras-nightly->tb-nightly->gfpgan==1.3.5->-r /requirements.txt (line 9))
#15 126.4   Downloading h5py-3.10.0-cp310-cp310-manylinux_2_17_x86_64.manylinux2014_x86_64.whl.metadata (2.5 kB)
#15 126.4 Collecting libclang>=13.0.0 (from tf-nightly~=2.17.0.dev->tf-keras-nightly->tb-nightly->gfpgan==1.3.5->-r /requirements.txt (line 9))
#15 126.5   Downloading libclang-16.0.6-py2.py3-none-manylinux2010_x86_64.whl.metadata (5.2 kB)
#15 126.5 Collecting ml-dtypes~=0.3.1 (from tf-nightly~=2.17.0.dev->tf-keras-nightly->tb-nightly->gfpgan==1.3.5->-r /requirements.txt (line 9))
#15 126.5   Downloading ml_dtypes-0.3.2-cp310-cp310-manylinux_2_17_x86_64.manylinux2014_x86_64.whl.metadata (20 kB)
#15 126.5 Collecting opt-einsum>=2.3.2 (from tf-nightly~=2.17.0.dev->tf-keras-nightly->tb-nightly->gfpgan==1.3.5->-r /requirements.txt (line 9))
#15 126.5   Downloading opt_einsum-3.3.0-py3-none-any.whl (65 kB)
#15 126.5      ━━━━━━━━━━━━━━━━━━━━━━━━━━━━━━━━━━━━━━━ 65.5/65.5 kB 427.6 MB/s eta 0:00:00
#15 126.6 INFO: pip is looking at multiple versions of tf-nightly to determine which version is compatible with other requirements. This could take a while.
#15 126.6 Collecting tf-nightly~=2.17.0.dev (from tf-keras-nightly->tb-nightly->gfpgan==1.3.5->-r /requirements.txt (line 9))
#15 126.6   Downloading tf_nightly-2.17.0.dev20240213-cp310-cp310-manylinux_2_17_x86_64.manylinux2014_x86_64.whl.metadata (4.3 kB)
#15 126.6 Collecting tf-keras-nightly (from tb-nightly->gfpgan==1.3.5->-r /requirements.txt (line 9))
#15 126.6   Downloading tf_keras_nightly-2.16.0.dev2024021410-py3-none-any.whl.metadata (1.5 kB)
#15 127.0 Downloading runpod-1.6.2-py3-none-any.whl (4.0 MB)
#15 127.0    ━━━━━━━━━━━━━━━━━━━━━━━━━━━━━━━━━━━━━━━━ 4.0/4.0 MB 53.1 MB/s eta 0:00:00
#15 127.1 Downloading aiohttp-3.9.3-cp310-cp310-manylinux_2_17_x86_64.manylinux2014_x86_64.whl (1.2 MB)
#15 127.1    ━━━━━━━━━━━━━━━━━━━━━━━━━━━━━━━━━━━━━━━━ 1.2/1.2 MB 67.4 MB/s eta 0:00:00
#15 127.1 Downloading gradio-3.50.2-py3-none-any.whl (20.3 MB)
#15 127.4    ━━━━━━━━━━━━━━━━━━━━━━━━━━━━━━━━━━━━━━━━ 20.3/20.3 MB 62.0 MB/s eta 0:00:00
#15 127.4 Downloading gradio_client-0.6.1-py3-none-any.whl (299 kB)
#15 127.5    ━━━━━━━━━━━━━━━━━━━━━━━━━━━━━━━━━━━━━━━━ 299.2/299.2 kB 87.0 MB/s eta 0:00:00
#15 127.5 Downloading opencv_python_headless-4.9.0.80-cp37-abi3-manylinux_2_17_x86_64.manylinux2014_x86_64.whl (49.6 MB)
#15 128.3    ━━━━━━━━━━━━━━━━━━━━━━━━━━━━━━━━━━━━━━━━ 49.6/49.6 MB 63.0 MB/s eta 0:00:00
#15 128.3 Downloading pyngrok-7.1.2-py3-none-any.whl (22 kB)
#15 128.3 Downloading aiofiles-23.2.1-py3-none-any.whl (15 kB)
#15 128.3 Downloading altair-5.2.0-py3-none-any.whl (996 kB)
#15 128.4    ━━━━━━━━━━━━━━━━━━━━━━━━━━━━━━━━━━━━━━━━ 996.9/996.9 kB 51.3 MB/s eta 0:00:00
#15 128.4 Downloading boto3-1.34.42-py3-none-any.whl (139 kB)
#15 128.4    ━━━━━━━━━━━━━━━━━━━━━━━━━━━━━━━━━━━━━━━ 139.3/139.3 kB 137.1 MB/s eta 0:00:00
#15 128.4 Downloading click-8.1.7-py3-none-any.whl (97 kB)
#15 128.4    ━━━━━━━━━━━━━━━━━━━━━━━━━━━━━━━━━━━━━━━━ 97.9/97.9 kB 525.5 MB/s eta 0:00:00
#15 128.4 Downloading fastapi-0.109.2-py3-none-any.whl (92 kB)
#15 128.4    ━━━━━━━━━━━━━━━━━━━━━━━━━━━━━━━━━━━━━━━━ 92.1/92.1 kB 65.6 MB/s eta 0:00:00
#15 128.4 Downloading httpx-0.26.0-py3-none-any.whl (75 kB)
#15 128.4    ━━━━━━━━━━━━━━━━━━━━━━━━━━━━━━━━━━━━━━━━ 75.9/75.9 kB 21.1 MB/s eta 0:00:00
#15 128.5 Downloading httpcore-1.0.3-py3-none-any.whl (77 kB)
#15 128.5    ━━━━━━━━━━━━━━━━━━━━━━━━━━━━━━━━━━━━━━━━ 77.0/77.0 kB 429.1 MB/s eta 0:00:00
#15 128.5 Downloading importlib_resources-6.1.1-py3-none-any.whl (33 kB)
#15 128.5 Downloading matplotlib-3.8.3-cp310-cp310-manylinux_2_17_x86_64.manylinux2014_x86_64.whl (11.6 MB)
#15 128.7    ━━━━━━━━━━━━━━━━━━━━━━━━━━━━━━━━━━━━━━━━ 11.6/11.6 MB 60.2 MB/s eta 0:00:00
#15 128.7 Downloading orjson-3.9.14-cp310-cp310-manylinux_2_17_x86_64.manylinux2014_x86_64.whl (138 kB)
#15 128.7    ━━━━━━━━━━━━━━━━━━━━━━━━━━━━━━━━━━━━━━━ 139.0/139.0 kB 251.4 MB/s eta 0:00:00
#15 128.7 Downloading pandas-2.2.0-cp310-cp310-manylinux_2_17_x86_64.manylinux2014_x86_64.whl (13.0 MB)
#15 128.9    ━━━━━━━━━━━━━━━━━━━━━━━━━━━━━━━━━━━━━━━━ 13.0/13.0 MB 63.0 MB/s eta 0:00:00
#15 128.9 Downloading paramiko-3.4.0-py3-none-any.whl (225 kB)
#15 129.0    ━━━━━━━━━━━━━━━━━━━━━━━━━━━━━━━━━━━━━━━━ 225.9/225.9 kB 63.6 MB/s eta 0:00:00
#15 129.0 Downloading prettytable-3.9.0-py3-none-any.whl (27 kB)
#15 129.0 Downloading pydantic-2.6.1-py3-none-any.whl (394 kB)
#15 129.0    ━━━━━━━━━━━━━━━━━━━━━━━━━━━━━━━━━━━━━━━━ 394.8/394.8 kB 17.7 MB/s eta 0:00:00
#15 129.0 Downloading pydantic_core-2.16.2-cp310-cp310-manylinux_2_17_x86_64.manylinux2014_x86_64.whl (2.2 MB)
#15 129.1    ━━━━━━━━━━━━━━━━━━━━━━━━━━━━━━━━━━━━━━━━ 2.2/2.2 MB 68.3 MB/s eta 0:00:00
#15 129.1 Downloading python_multipart-0.0.9-py3-none-any.whl (22 kB)
#15 129.1 Downloading requests-2.31.0-py3-none-any.whl (62 kB)
#15 129.1    ━━━━━━━━━━━━━━━━━━━━━━━━━━━━━━━━━━━━━━━━ 62.6/62.6 kB 132.5 MB/s eta 0:00:00
#15 129.1 Downloading tomlkit-0.12.3-py3-none-any.whl (37 kB)
#15 129.1 Downloading tqdm_loggable-0.2-py3-none-any.whl (9.3 kB)
#15 129.1 Downloading uvicorn-0.27.1-py3-none-any.whl (60 kB)
#15 129.1    ━━━━━━━━━━━━━━━━━━━━━━━━━━━━━━━━━━━━━━━━ 60.8/60.8 kB 216.8 MB/s eta 0:00:00
#15 129.2 Downloading watchdog-4.0.0-py3-none-manylinux2014_x86_64.whl (82 kB)
#15 129.2    ━━━━━━━━━━━━━━━━━━━━━━━━━━━━━━━━━━━━━━━━ 83.0/83.0 kB 59.3 MB/s eta 0:00:00
#15 129.2 Downloading websockets-11.0.3-cp310-cp310-manylinux_2_5_x86_64.manylinux1_x86_64.manylinux_2_17_x86_64.manylinux2014_x86_64.whl (129 kB)
#15 129.2    ━━━━━━━━━━━━━━━━━━━━━━━━━━━━━━━━━━━━━━━ 129.9/129.9 kB 124.6 MB/s eta 0:00:00
#15 129.2 Downloading opencv_python-4.9.0.80-cp37-abi3-manylinux_2_17_x86_64.manylinux2014_x86_64.whl (62.2 MB)
#15 130.2    ━━━━━━━━━━━━━━━━━━━━━━━━━━━━━━━━━━━━━━━━ 62.2/62.2 MB 58.8 MB/s eta 0:00:00
#15 130.2 Downloading scipy-1.12.0-cp310-cp310-manylinux_2_17_x86_64.manylinux2014_x86_64.whl (38.4 MB)
#15 130.9    ━━━━━━━━━━━━━━━━━━━━━━━━━━━━━━━━━━━━━━━━ 38.4/38.4 MB 57.8 MB/s eta 0:00:00
#15 130.9 Downloading tb_nightly-2.17.0a20240214-py3-none-any.whl (5.5 MB)
#15 131.0    ━━━━━━━━━━━━━━━━━━━━━━━━━━━━━━━━━━━━━━━━ 5.5/5.5 MB 59.1 MB/s eta 0:00:00
#15 131.0 Downloading yapf-0.40.2-py3-none-any.whl (254 kB)
#15 131.0    ━━━━━━━━━━━━━━━━━━━━━━━━━━━━━━━━━━━━━━━━ 254.7/254.7 kB 80.7 MB/s eta 0:00:00
#15 131.1 Downloading absl_py-2.1.0-py3-none-any.whl (133 kB)
#15 131.1    ━━━━━━━━━━━━━━━━━━━━━━━━━━━━━━━━━━━━━━━ 133.7/133.7 kB 107.2 MB/s eta 0:00:00
#15 131.1 Downloading annotated_types-0.6.0-py3-none-any.whl (12 kB)
#15 131.1 Downloading async_timeout-4.0.3-py3-none-any.whl (5.7 kB)
#15 131.1 Downloading attrs-23.2.0-py3-none-any.whl (60 kB)
#15 131.1    ━━━━━━━━━━━━━━━━━━━━━━━━━━━━━━━━━━━━━━━━ 60.8/60.8 kB 82.6 MB/s eta 0:00:00
#15 131.1 Downloading bcrypt-4.1.2-cp39-abi3-manylinux_2_28_x86_64.whl (698 kB)
#15 131.1    ━━━━━━━━━━━━━━━━━━━━━━━━━━━━━━━━━━━━━━━━ 698.9/698.9 kB 45.0 MB/s eta 0:00:00
#15 131.2 Downloading botocore-1.34.42-py3-none-any.whl (12.0 MB)
#15 131.4    ━━━━━━━━━━━━━━━━━━━━━━━━━━━━━━━━━━━━━━━━ 12.0/12.0 MB 59.9 MB/s eta 0:00:00
#15 131.4 Downloading contourpy-1.2.0-cp310-cp310-manylinux_2_17_x86_64.manylinux2014_x86_64.whl (310 kB)
#15 131.4    ━━━━━━━━━━━━━━━━━━━━━━━━━━━━━━━━━━━━━━━━ 310.7/310.7 kB 95.1 MB/s eta 0:00:00
#15 131.4 Downloading cryptography-42.0.2-cp39-abi3-manylinux_2_28_x86_64.whl (4.7 MB)
#15 131.5    ━━━━━━━━━━━━━━━━━━━━━━━━━━━━━━━━━━━━━━━━ 4.7/4.7 MB 65.4 MB/s eta 0:00:00
#15 131.5 Downloading cycler-0.12.1-py3-none-any.whl (8.3 kB)
#15 131.5 Downloading email_validator-2.1.0.post1-py3-none-any.whl (32 kB)
#15 131.5 Downloading fonttools-4.48.1-cp310-cp310-manylinux_2_17_x86_64.manylinux2014_x86_64.whl (4.6 MB)
#15 131.6    ━━━━━━━━━━━━━━━━━━━━━━━━━━━━━━━━━━━━━━━━ 4.6/4.6 MB 64.3 MB/s eta 0:00:00
#15 131.6 Downloading frozenlist-1.4.1-cp310-cp310-manylinux_2_5_x86_64.manylinux1_x86_64.manylinux_2_17_x86_64.manylinux2014_x86_64.whl (239 kB)
#15 131.6    ━━━━━━━━━━━━━━━━━━━━━━━━━━━━━━━━━━━━━━━━ 239.5/239.5 kB 94.1 MB/s eta 0:00:00
#15 131.6 Downloading grpcio-1.60.1-cp310-cp310-manylinux_2_17_x86_64.manylinux2014_x86_64.whl (5.4 MB)
#15 131.7    ━━━━━━━━━━━━━━━━━━━━━━━━━━━━━━━━━━━━━━━━ 5.4/5.4 MB 68.0 MB/s eta 0:00:00
#15 131.7 Downloading importlib_metadata-7.0.1-py3-none-any.whl (23 kB)
#15 131.8 Downloading jsonschema-4.21.1-py3-none-any.whl (85 kB)
#15 131.8    ━━━━━━━━━━━━━━━━━━━━━━━━━━━━━━━━━━━━━━━━ 85.5/85.5 kB 424.5 MB/s eta 0:00:00
#15 131.8 Downloading kiwisolver-1.4.5-cp310-cp310-manylinux_2_12_x86_64.manylinux2010_x86_64.whl (1.6 MB)
#15 131.8    ━━━━━━━━━━━━━━━━━━━━━━━━━━━━━━━━━━━━━━━━ 1.6/1.6 MB 79.4 MB/s eta 0:00:00
#15 131.8 Downloading Markdown-3.5.2-py3-none-any.whl (103 kB)
#15 131.8    ━━━━━━━━━━━━━━━━━━━━━━━━━━━━━━━━━━━━━━━━ 103.9/103.9 kB 16.0 MB/s eta 0:00:00
#15 131.8 Downloading multidict-6.0.5-cp310-cp310-manylinux_2_17_x86_64.manylinux2014_x86_64.whl (124 kB)
#15 131.8    ━━━━━━━━━━━━━━━━━━━━━━━━━━━━━━━━━━━━━━━ 124.3/124.3 kB 210.2 MB/s eta 0:00:00
#15 131.9 Downloading platformdirs-4.2.0-py3-none-any.whl (17 kB)
#15 131.9 Downloading prompt_toolkit-3.0.43-py3-none-any.whl (386 kB)
#15 131.9    ━━━━━━━━━━━━━━━━━━━━━━━━━━━━━━━━━━━━━━━━ 386.1/386.1 kB 61.9 MB/s eta 0:00:00
#15 131.9 Downloading pydantic_extra_types-2.5.0-py3-none-any.whl (21 kB)
#15 131.9 Downloading pydantic_settings-2.1.0-py3-none-any.whl (11 kB)
#15 131.9 Downloading pyparsing-3.1.1-py3-none-any.whl (103 kB)
#15 131.9    ━━━━━━━━━━━━━━━━━━━━━━━━━━━━━━━━━━━━━━━ 103.1/103.1 kB 105.3 MB/s eta 0:00:00
#15 132.0 Downloading pytz-2024.1-py2.py3-none-any.whl (505 kB)
#15 132.0    ━━━━━━━━━━━━━━━━━━━━━━━━━━━━━━━━━━━━━━━━ 505.5/505.5 kB 72.3 MB/s eta 0:00:00
#15 132.0 Downloading s3transfer-0.10.0-py3-none-any.whl (82 kB)
#15 132.0    ━━━━━━━━━━━━━━━━━━━━━━━━━━━━━━━━━━━━━━━━ 82.1/82.1 kB 446.4 MB/s eta 0:00:00
#15 132.0 Downloading starlette-0.36.3-py3-none-any.whl (71 kB)
#15 132.0    ━━━━━━━━━━━━━━━━━━━━━━━━━━━━━━━━━━━━━━━━ 71.5/71.5 kB 437.3 MB/s eta 0:00:00
#15 132.0 Downloading anyio-4.2.0-py3-none-any.whl (85 kB)
#15 132.0    ━━━━━━━━━━━━━━━━━━━━━━━━━━━━━━━━━━━━━━━━ 85.5/85.5 kB 470.0 MB/s eta 0:00:00
#15 132.0 Downloading tensorboard_data_server-0.7.2-py3-none-manylinux_2_31_x86_64.whl (6.6 MB)
#15 132.2    ━━━━━━━━━━━━━━━━━━━━━━━━━━━━━━━━━━━━━━━━ 6.6/6.6 MB 61.2 MB/s eta 0:00:00
#15 132.2 Downloading tzdata-2024.1-py2.py3-none-any.whl (345 kB)
#15 132.2    ━━━━━━━━━━━━━━━━━━━━━━━━━━━━━━━━━━━━━━━━ 345.4/345.4 kB 73.0 MB/s eta 0:00:00
#15 132.2 Downloading ujson-5.9.0-cp310-cp310-manylinux_2_17_x86_64.manylinux2014_x86_64.whl (53 kB)
#15 132.2    ━━━━━━━━━━━━━━━━━━━━━━━━━━━━━━━━━━━━━━━━ 53.2/53.2 kB 367.0 MB/s eta 0:00:00
#15 132.2 Downloading werkzeug-3.0.1-py3-none-any.whl (226 kB)
#15 132.2    ━━━━━━━━━━━━━━━━━━━━━━━━━━━━━━━━━━━━━━━━ 226.7/226.7 kB 45.3 MB/s eta 0:00:00
#15 132.2 Downloading yarl-1.9.4-cp310-cp310-manylinux_2_17_x86_64.manylinux2014_x86_64.whl (301 kB)
#15 132.3    ━━━━━━━━━━━━━━━━━━━━━━━━━━━━━━━━━━━━━━━━ 301.6/301.6 kB 89.4 MB/s eta 0:00:00
#15 132.3 Downloading aiodns-3.1.1-py3-none-any.whl (5.4 kB)
#15 132.3 Downloading Brotli-1.1.0-cp310-cp310-manylinux_2_5_x86_64.manylinux1_x86_64.manylinux_2_12_x86_64.manylinux2010_x86_64.whl (3.0 MB)
#15 132.3    ━━━━━━━━━━━━━━━━━━━━━━━━━━━━━━━━━━━━━━━━ 3.0/3.0 MB 61.3 MB/s eta 0:00:00
#15 132.4 Downloading numba-0.59.0-cp310-cp310-manylinux2014_x86_64.manylinux_2_17_x86_64.whl (3.7 MB)
#15 132.4    ━━━━━━━━━━━━━━━━━━━━━━━━━━━━━━━━━━━━━━━━ 3.7/3.7 MB 63.8 MB/s eta 0:00:00
#15 132.4 Downloading scikit_image-0.22.0-cp310-cp310-manylinux_2_17_x86_64.manylinux2014_x86_64.whl (14.7 MB)
#15 132.7    ━━━━━━━━━━━━━━━━━━━━━━━━━━━━━━━━━━━━━━━━ 14.7/14.7 MB 60.2 MB/s eta 0:00:00
#15 132.7 Downloading tf_keras_nightly-2.16.0.dev2024021410-py3-none-any.whl (1.7 MB)
#15 132.7    ━━━━━━━━━━━━━━━━━━━━━━━━━━━━━━━━━━━━━━━━ 1.7/1.7 MB 39.6 MB/s eta 0:00:00
#15 132.8 Downloading toolz-0.12.1-py3-none-any.whl (56 kB)
#15 132.8    ━━━━━━━━━━━━━━━━━━━━━━━━━━━━━━━━━━━━━━━━ 56.1/56.1 kB 248.8 MB/s eta 0:00:00
#15 132.8 Downloading cffi-1.16.0-cp310-cp310-manylinux_2_17_x86_64.manylinux2014_x86_64.whl (443 kB)
#15 132.8    ━━━━━━━━━━━━━━━━━━━━━━━━━━━━━━━━━━━━━━━━ 443.9/443.9 kB 34.6 MB/s eta 0:00:00
#15 132.8 Downloading dnspython-2.5.0-py3-none-any.whl (305 kB)
#15 132.8    ━━━━━━━━━━━━━━━━━━━━━━━━━━━━━━━━━━━━━━━━ 305.4/305.4 kB 69.3 MB/s eta 0:00:00
#15 132.8 Downloading exceptiongroup-1.2.0-py3-none-any.whl (16 kB)
#15 132.8 Downloading httptools-0.6.1-cp310-cp310-manylinux_2_5_x86_64.manylinux1_x86_64.manylinux_2_17_x86_64.manylinux2014_x86_64.whl (341 kB)
#15 132.9    ━━━━━━━━━━━━━━━━━━━━━━━━━━━━━━━━━━━━━━━━ 341.4/341.4 kB 75.6 MB/s eta 0:00:00
#15 132.9 Downloading imageio-2.34.0-py3-none-any.whl (313 kB)
#15 132.9    ━━━━━━━━━━━━━━━━━━━━━━━━━━━━━━━━━━━━━━━━ 313.4/313.4 kB 56.5 MB/s eta 0:00:00
#15 132.9 Downloading jsonschema_specifications-2023.12.1-py3-none-any.whl (18 kB)
#15 132.9 Downloading lazy_loader-0.3-py3-none-any.whl (9.1 kB)
#15 132.9 Downloading llvmlite-0.42.0-cp310-cp310-manylinux_2_17_x86_64.manylinux2014_x86_64.whl (43.8 MB)
#15 133.7    ━━━━━━━━━━━━━━━━━━━━━━━━━━━━━━━━━━━━━━━━ 43.8/43.8 MB 59.3 MB/s eta 0:00:00
#15 133.7 Downloading pycares-4.4.0-cp310-cp310-manylinux_2_17_x86_64.manylinux2014_x86_64.whl (288 kB)
#15 133.7    ━━━━━━━━━━━━━━━━━━━━━━━━━━━━━━━━━━━━━━━━ 288.7/288.7 kB 81.9 MB/s eta 0:00:00
#15 133.7 Downloading python_dotenv-1.0.1-py3-none-any.whl (19 kB)
#15 133.7 Downloading referencing-0.33.0-py3-none-any.whl (26 kB)
#15 133.8 Downloading rpds_py-0.18.0-cp310-cp310-manylinux_2_17_x86_64.manylinux2014_x86_64.whl (1.1 MB)
#15 133.8    ━━━━━━━━━━━━━━━━━━━━━━━━━━━━━━━━━━━━━━━━ 1.1/1.1 MB 47.7 MB/s eta 0:00:00
#15 133.8 Downloading tifffile-2024.2.12-py3-none-any.whl (224 kB)
#15 133.8    ━━━━━━━━━━━━━━━━━━━━━━━━━━━━━━━━━━━━━━━ 224.5/224.5 kB 151.3 MB/s eta 0:00:00
#15 133.8 Downloading uvloop-0.19.0-cp310-cp310-manylinux_2_17_x86_64.manylinux2014_x86_64.whl (3.4 MB)
#15 133.9    ━━━━━━━━━━━━━━━━━━━━━━━━━━━━━━━━━━━━━━━━ 3.4/3.4 MB 60.3 MB/s eta 0:00:00
#15 133.9 Downloading watchfiles-0.21.0-cp310-cp310-manylinux_2_17_x86_64.manylinux2014_x86_64.whl (1.3 MB)
#15 133.9    ━━━━━━━━━━━━━━━━━━━━━━━━━━━━━━━━━━━━━━━━ 1.3/1.3 MB 60.8 MB/s eta 0:00:00
#15 133.9 Downloading zipp-3.17.0-py3-none-any.whl (7.4 kB)
#15 134.3 Building wheels for collected packages: gfpgan, clip, open_clip_torch, basicsr, ffmpy, filterpy, future
#15 134.3   Building wheel for gfpgan (pyproject.toml): started
#15 134.5   Building wheel for gfpgan (pyproject.toml): finished with status 'done'
#15 134.5   Created wheel for gfpgan: filename=gfpgan-1.3.5-py3-none-any.whl size=47754 sha256=d14f16210f3539ea69d954fefe93ce461ff4807d3056fe08feaff2800a34659b
#15 134.5   Stored in directory: /tmp/pip-ephem-wheel-cache-94m3lkgp/wheels/a7/79/e9/6dd2a17214c1e33aaee58997f824dfa01f2d8c45d1b5a6baae
#15 134.5   Building wheel for clip (pyproject.toml): started
#15 134.7   Building wheel for clip (pyproject.toml): finished with status 'done'
#15 134.7   Created wheel for clip: filename=clip-1.0-py3-none-any.whl size=1369369 sha256=e1be690430f8da79d09c54892915d73ba67f98403b312048c1605398adcf4aef
#15 134.7   Stored in directory: /tmp/pip-ephem-wheel-cache-94m3lkgp/wheels/56/93/51/4bad85c7f917afc40abc2efdf783bfc4944cbb3f535c54da76
#15 134.7   Building wheel for open_clip_torch (pyproject.toml): started
#15 134.9   Building wheel for open_clip_torch (pyproject.toml): finished with status 'done'
#15 134.9   Created wheel for open_clip_torch: filename=open_clip_torch-2.7.0-py3-none-any.whl size=1442890 sha256=f96fbbb84bf757585bd19f3f9a2fedd6a237da8053988ac78641d2c5922323f0
#15 134.9   Stored in directory: /tmp/pip-ephem-wheel-cache-94m3lkgp/wheels/6d/2c/9d/20c5b7855c6c7fe2c0f0f74a2197964acd7bdc73d0d51bbb6f
#15 134.9   Building wheel for basicsr (pyproject.toml): started
#15 135.1   Building wheel for basicsr (pyproject.toml): finished with status 'done'
#15 135.1   Created wheel for basicsr: filename=basicsr-1.4.2-py3-none-any.whl size=214818 sha256=e8764708fbf4f4f56483941883f6d5b37dec47d93948efa5af6fbae2ac7f8716
#15 135.2   Stored in directory: /tmp/pip-ephem-wheel-cache-94m3lkgp/wheels/38/83/99/2d8437cc652a01af27df5ff037a4075e95b52d67705c5f30ca
#15 135.2   Building wheel for ffmpy (pyproject.toml): started
#15 135.3   Building wheel for ffmpy (pyproject.toml): finished with status 'done'
#15 135.3   Created wheel for ffmpy: filename=ffmpy-0.3.2-py3-none-any.whl size=5584 sha256=d4bac789168b22f2a072c2899dde65071a240a0bace1e39831623192df40ea7f
#15 135.3   Stored in directory: /tmp/pip-ephem-wheel-cache-94m3lkgp/wheels/bd/65/9a/671fc6dcde07d4418df0c592f8df512b26d7a0029c2a23dd81
#15 135.3   Building wheel for filterpy (pyproject.toml): started
#15 135.5   Building wheel for filterpy (pyproject.toml): finished with status 'done'
#15 135.5   Created wheel for filterpy: filename=filterpy-1.4.5-py3-none-any.whl size=110458 sha256=fbf2cdfb4ffa457dde4e2a4dc23403c99e7731bd714cd1011783f3976faa6894
#15 135.5   Stored in directory: /tmp/pip-ephem-wheel-cache-94m3lkgp/wheels/0f/0c/ea/218f266af4ad626897562199fbbcba521b8497303200186102
#15 135.5   Building wheel for future (pyproject.toml): started
#15 135.7   Building wheel for future (pyproject.toml): finished with status 'done'
#15 135.7   Created wheel for future: filename=future-0.18.3-py3-none-any.whl size=492024 sha256=6043d8a64ce5cc60c3b82c76754b0e078e0a2dd5a39c27a5ee101122dae88190
#15 135.7   Stored in directory: /tmp/pip-ephem-wheel-cache-94m3lkgp/wheels/5e/a9/47/f118e66afd12240e4662752cc22cefae5d97275623aa8ef57d
#15 135.7 Successfully built gfpgan clip open_clip_torch basicsr ffmpy filterpy future
#15 136.3 Installing collected packages: pytz, pydub, py-cpuinfo, lmdb, ffmpy, Brotli, addict, zipp, werkzeug, websockets, watchdog, uvloop, ujson, tzdata, tqdm-loggable, toolz, tomlkit, tomli, tifffile, tf-keras-nightly, tensorboard-data-server, sniffio, six, semantic-version, scipy, rpds-py, requests, python-multipart, python-dotenv, pyparsing, pyngrok, pydantic-core, pycparser, protobuf, prompt-toolkit, prettytable, platformdirs, pfzy, orjson, opencv-python-headless, opencv-python, multidict, markdown, llvmlite, lazy_loader, kiwisolver, jmespath, itsdangerous, importlib-resources, imageio, httptools, h11, grpcio, future, frozenlist, fonttools, exceptiongroup, dnspython, cycler, contourpy, colorama, click, bcrypt, backoff, attrs, async-timeout, annotated-types, aiofiles, absl-py, yarl, uvicorn, tb-nightly, scikit-image, referencing, python-dateutil, pydantic, numba, inquirerpy, importlib-metadata, httpcore, email-validator, cffi, anyio, aiosignal, yapf, watchfiles, starlette, pynacl, pydantic-settings, pydantic-extra-types, pycares, pandas, matplotlib, jsonschema-specifications, httpx, cryptography, botocore, aiohttp, s3transfer, paramiko, open_clip_torch, jsonschema, gradio-client, filterpy, fastapi, clip, basicsr, aiohttp-retry, aiodns, facexlib, boto3, altair, runpod, gradio, gfpgan
#15 139.9   Attempting uninstall: requests
#15 139.9     Found existing installation: requests 2.28.1
#15 139.9     Uninstalling requests-2.28.1:
#15 139.9       Successfully uninstalled requests-2.28.1
#15 140.2   Attempting uninstall: protobuf
#15 140.2     Found existing installation: protobuf 4.25.2
#15 140.2     Uninstalling protobuf-4.25.2:
#15 140.2       Successfully uninstalled protobuf-4.25.2
#15 150.8   Attempting uninstall: open_clip_torch
#15 150.8     Found existing installation: open-clip-torch 2.24.0
#15 150.8     Uninstalling open-clip-torch-2.24.0:
#15 150.8       Successfully uninstalled open-clip-torch-2.24.0
#15 152.4 Successfully installed Brotli-1.1.0 absl-py-2.1.0 addict-2.4.0 aiodns-3.1.1 aiofiles-23.2.1 aiohttp-3.9.3 aiohttp-retry-2.8.3 aiosignal-1.3.1 altair-5.2.0 annotated-types-0.6.0 anyio-4.2.0 async-timeout-4.0.3 attrs-23.2.0 backoff-2.2.1 basicsr-1.4.2 bcrypt-4.1.2 boto3-1.34.42 botocore-1.34.42 cffi-1.16.0 click-8.1.7 clip-1.0 colorama-0.4.6 contourpy-1.2.0 cryptography-42.0.2 cycler-0.12.1 dnspython-2.5.0 email-validator-2.1.0.post1 exceptiongroup-1.2.0 facexlib-0.3.0 fastapi-0.109.2 ffmpy-0.3.2 filterpy-1.4.5 fonttools-4.48.1 frozenlist-1.4.1 future-0.18.3 gfpgan-1.3.5 gradio-3.50.2 gradio-client-0.6.1 grpcio-1.60.1 h11-0.14.0 httpcore-1.0.3 httptools-0.6.1 httpx-0.26.0 imageio-2.34.0 importlib-metadata-7.0.1 importlib-resources-6.1.1 inquirerpy-0.3.4 itsdangerous-2.1.2 jmespath-1.0.1 jsonschema-4.21.1 jsonschema-specifications-2023.12.1 kiwisolver-1.4.5 lazy_loader-0.3 llvmlite-0.42.0 lmdb-1.4.1 markdown-3.5.2 matplotlib-3.8.3 multidict-6.0.5 numba-0.59.0 open_clip_torch-2.7.0 opencv-python-4.9.0.80 opencv-python-headless-4.9.0.80 orjson-3.9.14 pandas-2.2.0 paramiko-3.4.0 pfzy-0.3.4 platformdirs-4.2.0 prettytable-3.9.0 prompt-toolkit-3.0.43 protobuf-3.20.0 py-cpuinfo-9.0.0 pycares-4.4.0 pycparser-2.21 pydantic-2.6.1 pydantic-core-2.16.2 pydantic-extra-types-2.5.0 pydantic-settings-2.1.0 pydub-0.25.1 pynacl-1.5.0 pyngrok-7.1.2 pyparsing-3.1.1 python-dateutil-2.8.2 python-dotenv-1.0.1 python-multipart-0.0.9 pytz-2024.1 referencing-0.33.0 requests-2.31.0 rpds-py-0.18.0 runpod-1.6.2 s3transfer-0.10.0 scikit-image-0.22.0 scipy-1.12.0 semantic-version-2.10.0 six-1.16.0 sniffio-1.3.0 starlette-0.36.3 tb-nightly-2.17.0a20240214 tensorboard-data-server-0.7.2 tf-keras-nightly-2.16.0.dev2024021410 tifffile-2024.2.12 tomli-2.0.1 tomlkit-0.12.3 toolz-0.12.1 tqdm-loggable-0.2 tzdata-2024.1 ujson-5.9.0 uvicorn-0.27.1 uvloop-0.19.0 watchdog-4.0.0 watchfiles-0.21.0 websockets-11.0.3 werkzeug-3.0.1 yapf-0.40.2 yarl-1.9.4 zipp-3.17.0
#15 152.4 WARNING: Running pip as the 'root' user can result in broken permissions and conflicting behaviour with the system package manager. It is recommended to use a virtual environment instead: https://pip.pypa.io/warnings/venv
#15 DONE 154.9s

#16 [stage-0 12/27] RUN git clone https://github.com/AUTOMATIC1111/stable-diffusion-webui.git &&     cd stable-diffusion-webui &&     git reset --hard 5ef669de080814067961f28357256e8fe27544f4
#16 0.402 Cloning into 'stable-diffusion-webui'...
#16 2.599 HEAD is now at 5ef669de Merge branch 'release_candidate'
#16 DONE 2.6s

#17 [stage-0 13/27] RUN echo "httpx==0.24.1" >> requirements_versions.txt &&     pip install -r requirements_versions.txt
#17 0.765 Collecting httpx==0.24.1 (from -r requirements_versions.txt (line 1))
#17 0.843   Downloading httpx-0.24.1-py3-none-any.whl.metadata (7.4 kB)
#17 0.861 Requirement already satisfied: certifi in /usr/local/lib/python3.10/site-packages (from httpx==0.24.1->-r requirements_versions.txt (line 1)) (2022.12.7)
#17 0.898 Collecting httpcore<0.18.0,>=0.15.0 (from httpx==0.24.1->-r requirements_versions.txt (line 1))
#17 0.915   Downloading httpcore-0.17.3-py3-none-any.whl.metadata (18 kB)
#17 0.930 Requirement already satisfied: idna in /usr/local/lib/python3.10/site-packages (from httpx==0.24.1->-r requirements_versions.txt (line 1)) (3.4)
#17 0.930 Requirement already satisfied: sniffio in /usr/local/lib/python3.10/site-packages (from httpx==0.24.1->-r requirements_versions.txt (line 1)) (1.3.0)
#17 0.936 Requirement already satisfied: h11<0.15,>=0.13 in /usr/local/lib/python3.10/site-packages (from httpcore<0.18.0,>=0.15.0->httpx==0.24.1->-r requirements_versions.txt (line 1)) (0.14.0)
#17 0.936 Requirement already satisfied: anyio<5.0,>=3.0 in /usr/local/lib/python3.10/site-packages (from httpcore<0.18.0,>=0.15.0->httpx==0.24.1->-r requirements_versions.txt (line 1)) (4.2.0)
#17 0.952 Requirement already satisfied: exceptiongroup>=1.0.2 in /usr/local/lib/python3.10/site-packages (from anyio<5.0,>=3.0->httpcore<0.18.0,>=0.15.0->httpx==0.24.1->-r requirements_versions.txt (line 1)) (1.2.0)
#17 0.953 Requirement already satisfied: typing-extensions>=4.1 in /usr/local/lib/python3.10/site-packages (from anyio<5.0,>=3.0->httpcore<0.18.0,>=0.15.0->httpx==0.24.1->-r requirements_versions.txt (line 1)) (4.8.0)
#17 0.976 Downloading httpx-0.24.1-py3-none-any.whl (75 kB)
#17 1.003    ━━━━━━━━━━━━━━━━━━━━━━━━━━━━━━━━━━━━━━━━ 75.4/75.4 kB 2.7 MB/s eta 0:00:00
#17 1.024 Downloading httpcore-0.17.3-py3-none-any.whl (74 kB)
#17 1.038    ━━━━━━━━━━━━━━━━━━━━━━━━━━━━━━━━━━━━━━━━ 74.5/74.5 kB 5.4 MB/s eta 0:00:00
#17 1.740 Installing collected packages: httpcore, httpx
#17 1.740   Attempting uninstall: httpcore
#17 1.741     Found existing installation: httpcore 1.0.3
#17 1.743     Uninstalling httpcore-1.0.3:
#17 1.752       Successfully uninstalled httpcore-1.0.3
#17 1.795   Attempting uninstall: httpx
#17 1.795     Found existing installation: httpx 0.26.0
#17 1.798     Uninstalling httpx-0.26.0:
#17 1.809       Successfully uninstalled httpx-0.26.0
#17 1.864 Successfully installed httpcore-0.17.3 httpx-0.24.1
#17 1.864 WARNING: Running pip as the 'root' user can result in broken permissions and conflicting behaviour with the system package manager. It is recommended to use a virtual environment instead: https://pip.pypa.io/warnings/venv
#17 DONE 2.0s

#18 [stage-0 14/27] RUN wget -O model.safetensors https://huggingface.co/stabilityai/stable-diffusion-xl-base-1.0/resolve/main/sd_xl_base_1.0.safetensors
#18 0.444 --2024-02-15 08:31:24--  https://huggingface.co/stabilityai/stable-diffusion-xl-base-1.0/resolve/main/sd_xl_base_1.0.safetensors
#18 0.444 Resolving huggingface.co (huggingface.co)... 3.160.150.50, 3.160.150.7, 3.160.150.2, ...
#18 0.469 Connecting to huggingface.co (huggingface.co)|3.160.150.50|:443... connected.
#18 0.492 HTTP request sent, awaiting response... 302 Found
#18 0.611 Location: https://cdn-lfs.huggingface.co/repos/7f/2f/7f2fe2e27137549cd28e570e5bac269b49ebcf1e0e47279c7a941ebe5c948e02/31e35c80fc4829d14f90153f4c74cd59c90b779f6afe05a74cd6120b893f7e5b?response-content-disposition=attachment%3B+filename*%3DUTF-8%27%27sd_xl_base_1.0.safetensors%3B+filename%3D%22sd_xl_base_1.0.safetensors%22%3B&Expires=1708245083&Policy=eyJTdGF0ZW1lbnQiOlt7IkNvbmRpdGlvbiI6eyJEYXRlTGVzc1RoYW4iOnsiQVdTOkVwb2NoVGltZSI6MTcwODI0NTA4M319LCJSZXNvdXJjZSI6Imh0dHBzOi8vY2RuLWxmcy5odWdnaW5nZmFjZS5jby9yZXBvcy83Zi8yZi83ZjJmZTJlMjcxMzc1NDljZDI4ZTU3MGU1YmFjMjY5YjQ5ZWJjZjFlMGU0NzI3OWM3YTk0MWViZTVjOTQ4ZTAyLzMxZTM1YzgwZmM0ODI5ZDE0ZjkwMTUzZjRjNzRjZDU5YzkwYjc3OWY2YWZlMDVhNzRjZDYxMjBiODkzZjdlNWI%7EcmVzcG9uc2UtY29udGVudC1kaXNwb3NpdGlvbj0qIn1dfQ__&Signature=0bIyNRoZCFYGLd6ULXtdU9FFBaQhAQGLa4r9v2S9YP0T-Bs%7EMAgJwpRDUYThW0VJfIw7GgnyLxShSxokvmRmocvW9XH19G%7EaY1FtTNCNpZE7j6%7EZYB%7EroZNb1g1H50WWdhbow0nJCc%7ETiW0vt91JWD%7EsIH8yc0kIvwHs2d1ZHjZVXq%7E-cey7eT0epRvBwns3hGFR6N7Dbz1Qit-lvDlaw85bsiMbzOatlwhEpOaDSFNk2nSuz7eQx4CgEDiz-lgnhaopsBQie9B9Itq0GM1mUE%7EIZkeNrXcsAfR22DkdHfL0vOIWxgUu-SmQWw4xDBy7pTKVJBZVgDyTYyr8HtwVwA__&Key-Pair-Id=KVTP0A1DKRTAX [following]
#18 0.611 --2024-02-15 08:31:24--  https://cdn-lfs.huggingface.co/repos/7f/2f/7f2fe2e27137549cd28e570e5bac269b49ebcf1e0e47279c7a941ebe5c948e02/31e35c80fc4829d14f90153f4c74cd59c90b779f6afe05a74cd6120b893f7e5b?response-content-disposition=attachment%3B+filename*%3DUTF-8''sd_xl_base_1.0.safetensors%3B+filename%3D%22sd_xl_base_1.0.safetensors%22%3B&Expires=1708245083&Policy=eyJTdGF0ZW1lbnQiOlt7IkNvbmRpdGlvbiI6eyJEYXRlTGVzc1RoYW4iOnsiQVdTOkVwb2NoVGltZSI6MTcwODI0NTA4M319LCJSZXNvdXJjZSI6Imh0dHBzOi8vY2RuLWxmcy5odWdnaW5nZmFjZS5jby9yZXBvcy83Zi8yZi83ZjJmZTJlMjcxMzc1NDljZDI4ZTU3MGU1YmFjMjY5YjQ5ZWJjZjFlMGU0NzI3OWM3YTk0MWViZTVjOTQ4ZTAyLzMxZTM1YzgwZmM0ODI5ZDE0ZjkwMTUzZjRjNzRjZDU5YzkwYjc3OWY2YWZlMDVhNzRjZDYxMjBiODkzZjdlNWI~cmVzcG9uc2UtY29udGVudC1kaXNwb3NpdGlvbj0qIn1dfQ__&Signature=0bIyNRoZCFYGLd6ULXtdU9FFBaQhAQGLa4r9v2S9YP0T-Bs~MAgJwpRDUYThW0VJfIw7GgnyLxShSxokvmRmocvW9XH19G~aY1FtTNCNpZE7j6~ZYB~roZNb1g1H50WWdhbow0nJCc~TiW0vt91JWD~sIH8yc0kIvwHs2d1ZHjZVXq~-cey7eT0epRvBwns3hGFR6N7Dbz1Qit-lvDlaw85bsiMbzOatlwhEpOaDSFNk2nSuz7eQx4CgEDiz-lgnhaopsBQie9B9Itq0GM1mUE~IZkeNrXcsAfR22DkdHfL0vOIWxgUu-SmQWw4xDBy7pTKVJBZVgDyTYyr8HtwVwA__&Key-Pair-Id=KVTP0A1DKRTAX
#18 0.611 Resolving cdn-lfs.huggingface.co (cdn-lfs.huggingface.co)... 18.172.112.23, 18.172.112.112, 18.172.112.117, ...
#18 0.658 Connecting to cdn-lfs.huggingface.co (cdn-lfs.huggingface.co)|18.172.112.23|:443... connected.
#18 0.679 HTTP request sent, awaiting response... 200 OK
#18 0.690 Length: 6938078334 (6.5G) [binary/octet-stream]
#18 0.690 Saving to: 'model.safetensors'
#18 0.690 
#18 0.690      0K .......... .......... .......... .......... ..........  0% 5.45M 20m15s
#18 0.699     50K .......... .......... .......... .......... ..........  0% 7.25M 17m44s
#18 0.705    100K .......... .......... .......... .......... ..........  0% 21.0M 13m34s
#18 0.708    150K .......... .......... .......... .......... ..........  0% 19.5M 11m35s

#18 30.70 [output clipped, log limit 2MiB reached]
#18 DONE 140.1s

#19 [stage-0 15/27] RUN python /stable-diffusion-webui/launch.py --ckpt /stable-diffusion-webui/model.safetensors --skip-torch-cuda-test --no-half --exit
#19 0.440 fatal: not a git repository (or any of the parent directories): .git
#19 0.441 fatal: not a git repository (or any of the parent directories): .git
#19 0.443 Cloning into '/stable-diffusion-webui/repositories/stable-diffusion-stability-ai'...
#19 5.107 Cloning into '/stable-diffusion-webui/repositories/generative-models'...
#19 7.608 Cloning into '/stable-diffusion-webui/repositories/k-diffusion'...
#19 7.988 Cloning into '/stable-diffusion-webui/repositories/CodeFormer'...
#19 9.034 Cloning into '/stable-diffusion-webui/repositories/BLIP'...
#19 15.96 Python 3.10.9 (main, Feb 15 2024, 08:26:26) [GCC 9.4.0]
#19 15.96 Version: 1.6.0
#19 15.96 Commit hash: <none>
#19 15.96 Cloning Stable Diffusion into /stable-diffusion-webui/repositories/stable-diffusion-stability-ai...
#19 15.96 Cloning Stable Diffusion XL into /stable-diffusion-webui/repositories/generative-models...
#19 15.96 Cloning K-diffusion into /stable-diffusion-webui/repositories/k-diffusion...
#19 15.96 Cloning CodeFormer into /stable-diffusion-webui/repositories/CodeFormer...
#19 15.96 Cloning BLIP into /stable-diffusion-webui/repositories/BLIP...
#19 15.96 Installing requirements for CodeFormer
#19 15.96 Exiting because of --exit argument
#19 DONE 16.0s

#20 [stage-0 16/27] COPY builder/webui.sh /webui.sh
#20 DONE 0.1s

#21 [stage-0 17/27] RUN echo "Debug: Listing files in current directory:" && ls -l &&     echo "Debug: Listing files in /:" && ls -l / &&     echo "Debug: Changing permissions of webui.sh" && chmod +x webui.sh &&     sed -i 's/\r$//' webui.sh &&     echo "Debug: Executing webui.sh" && bash webui.sh &&     echo "Debug: Removing webui.sh" && rm webui.sh
#21 0.456 Debug: Listing files in current directory:
#21 0.458 total 6775568
#21 0.458 -rw-r--r--   1 root root      17294 Nov 10 06:36 NGC-DL-CONTAINER-LICENSE
#21 0.458 lrwxrwxrwx   1 root root          7 Oct  3 02:03 bin -> usr/bin
#21 0.458 drwxr-xr-x   2 root root       4096 Apr 15  2020 boot
#21 0.458 drwxr-xr-x   5 root root        340 Feb 15 08:34 dev
#21 0.458 drwxr-xr-x   1 root root       4096 Feb 15 08:28 etc
#21 0.458 drwxr-xr-x   2 root root       4096 Apr 15  2020 home
#21 0.458 lrwxrwxrwx   1 root root          7 Oct  3 02:03 lib -> usr/lib
#21 0.458 lrwxrwxrwx   1 root root          9 Oct  3 02:03 lib32 -> usr/lib32
#21 0.458 lrwxrwxrwx   1 root root          9 Oct  3 02:03 lib64 -> usr/lib64
#21 0.458 lrwxrwxrwx   1 root root         10 Oct  3 02:03 libx32 -> usr/libx32
#21 0.458 drwxr-xr-x   2 root root       4096 Oct  3 02:03 media
#21 0.458 drwxr-xr-x   2 root root       4096 Oct  3 02:03 mnt
#21 0.458 -rw-r--r--   1 root root 6938078334 Jul 26  2023 model.safetensors
#21 0.458 drwxr-xr-x   1 root root       4096 Nov 10 06:43 opt
#21 0.458 dr-xr-xr-x 439 root root          0 Feb 15 08:34 proc
#21 0.458 -rw-r--r--   1 root root         14 Feb 15 08:31 requirements_versions.txt
#21 0.458 drwx------   1 root root       4096 Feb 15 08:27 root
#21 0.458 drwxr-xr-x   5 root root       4096 Oct  3 02:06 run
#21 0.458 lrwxrwxrwx   1 root root          8 Oct  3 02:03 sbin -> usr/sbin
#21 0.458 drwxr-xr-x   2 root root       4096 Oct  3 02:03 srv
#21 0.458 drwxr-xr-x   1 root root       4096 Feb 15 08:33 stable-diffusion-webui
#21 0.458 dr-xr-xr-x  11 root root          0 Feb 15 08:34 sys
#21 0.458 drwxrwxrwt   1 root root       4096 Feb 15 08:33 tmp
#21 0.458 drwxr-xr-x   1 root root       4096 Oct  3 02:03 usr
#21 0.458 drwxr-xr-x   1 root root       4096 Oct  3 02:06 var
#21 0.458 -rwxrwxrwx   1 root root        592 Feb 15 07:43 webui.sh
#21 0.458 Debug: Listing files in /:
#21 0.459 total 6775568
#21 0.459 -rw-r--r--   1 root root      17294 Nov 10 06:36 NGC-DL-CONTAINER-LICENSE
#21 0.459 lrwxrwxrwx   1 root root          7 Oct  3 02:03 bin -> usr/bin
#21 0.459 drwxr-xr-x   2 root root       4096 Apr 15  2020 boot
#21 0.459 drwxr-xr-x   5 root root        340 Feb 15 08:34 dev
#21 0.459 drwxr-xr-x   1 root root       4096 Feb 15 08:28 etc
#21 0.459 drwxr-xr-x   2 root root       4096 Apr 15  2020 home
#21 0.459 lrwxrwxrwx   1 root root          7 Oct  3 02:03 lib -> usr/lib
#21 0.459 lrwxrwxrwx   1 root root          9 Oct  3 02:03 lib32 -> usr/lib32
#21 0.459 lrwxrwxrwx   1 root root          9 Oct  3 02:03 lib64 -> usr/lib64
#21 0.459 lrwxrwxrwx   1 root root         10 Oct  3 02:03 libx32 -> usr/libx32
#21 0.459 drwxr-xr-x   2 root root       4096 Oct  3 02:03 media
#21 0.459 drwxr-xr-x   2 root root       4096 Oct  3 02:03 mnt
#21 0.459 -rw-r--r--   1 root root 6938078334 Jul 26  2023 model.safetensors
#21 0.459 drwxr-xr-x   1 root root       4096 Nov 10 06:43 opt
#21 0.459 dr-xr-xr-x 439 root root          0 Feb 15 08:34 proc
#21 0.459 -rw-r--r--   1 root root         14 Feb 15 08:31 requirements_versions.txt
#21 0.459 drwx------   1 root root       4096 Feb 15 08:27 root
#21 0.459 drwxr-xr-x   5 root root       4096 Oct  3 02:06 run
#21 0.459 lrwxrwxrwx   1 root root          8 Oct  3 02:03 sbin -> usr/sbin
#21 0.459 drwxr-xr-x   2 root root       4096 Oct  3 02:03 srv
#21 0.459 drwxr-xr-x   1 root root       4096 Feb 15 08:33 stable-diffusion-webui
#21 0.459 dr-xr-xr-x  11 root root          0 Feb 15 08:34 sys
#21 0.459 drwxrwxrwt   1 root root       4096 Feb 15 08:33 tmp
#21 0.459 drwxr-xr-x   1 root root       4096 Oct  3 02:03 usr
#21 0.459 drwxr-xr-x   1 root root       4096 Oct  3 02:06 var
#21 0.459 -rwxrwxrwx   1 root root        592 Feb 15 07:43 webui.sh
#21 0.459 Debug: Changing permissions of webui.sh
#21 0.465 Debug: Executing webui.sh
#21 0.466 Debug: Current directory: /
#21 0.466 Debug: Contents of current directory:
#21 0.467 total 6775568
#21 0.467 -rw-r--r--   1 root root      17294 Nov 10 06:36 NGC-DL-CONTAINER-LICENSE
#21 0.467 lrwxrwxrwx   1 root root          7 Oct  3 02:03 bin -> usr/bin
#21 0.467 drwxr-xr-x   2 root root       4096 Apr 15  2020 boot
#21 0.467 drwxr-xr-x   5 root root        340 Feb 15 08:34 dev
#21 0.467 drwxr-xr-x   1 root root       4096 Feb 15 08:28 etc
#21 0.467 drwxr-xr-x   2 root root       4096 Apr 15  2020 home
#21 0.467 lrwxrwxrwx   1 root root          7 Oct  3 02:03 lib -> usr/lib
#21 0.467 lrwxrwxrwx   1 root root          9 Oct  3 02:03 lib32 -> usr/lib32
#21 0.467 lrwxrwxrwx   1 root root          9 Oct  3 02:03 lib64 -> usr/lib64
#21 0.467 lrwxrwxrwx   1 root root         10 Oct  3 02:03 libx32 -> usr/libx32
#21 0.467 drwxr-xr-x   2 root root       4096 Oct  3 02:03 media
#21 0.467 drwxr-xr-x   2 root root       4096 Oct  3 02:03 mnt
#21 0.467 -rw-r--r--   1 root root 6938078334 Jul 26  2023 model.safetensors
#21 0.467 drwxr-xr-x   1 root root       4096 Nov 10 06:43 opt
#21 0.467 dr-xr-xr-x 440 root root          0 Feb 15 08:34 proc
#21 0.467 -rw-r--r--   1 root root         14 Feb 15 08:31 requirements_versions.txt
#21 0.467 drwx------   1 root root       4096 Feb 15 08:27 root
#21 0.467 drwxr-xr-x   5 root root       4096 Oct  3 02:06 run
#21 0.467 lrwxrwxrwx   1 root root          8 Oct  3 02:03 sbin -> usr/sbin
#21 0.467 drwxr-xr-x   2 root root       4096 Oct  3 02:03 srv
#21 0.467 drwxr-xr-x   1 root root       4096 Feb 15 08:33 stable-diffusion-webui
#21 0.467 dr-xr-xr-x  11 root root          0 Feb 15 08:34 sys
#21 0.467 drwxrwxrwt   1 root root       4096 Feb 15 08:33 tmp
#21 0.467 drwxr-xr-x   1 root root       4096 Oct  3 02:03 usr
#21 0.467 drwxr-xr-x   1 root root       4096 Oct  3 02:06 var
#21 0.467 -rwxrwxrwx   1 root root        575 Feb 15 08:34 webui.sh
#21 0.467 Debug: Sleeping for 35 seconds...
#21 1.296 Traceback (most recent call last):
#21 1.296   File "/stable-diffusion-webui/webui.py", line 13, in <module>
#21 1.296     initialize.imports()
#21 1.296   File "/stable-diffusion-webui/modules/initialize.py", line 16, in imports
#21 1.296     import pytorch_lightning  # noqa: F401
#21 1.296 ModuleNotFoundError: No module named 'pytorch_lightning'
#21 35.47 Debug: Killing the Python process...
#21 ERROR: process "/bin/sh -c echo \"Debug: Listing files in current directory:\" && ls -l &&     echo \"Debug: Listing files in /:\" && ls -l / &&     echo \"Debug: Changing permissions of webui.sh\" && chmod +x webui.sh &&     sed -i 's/\\r$//' webui.sh &&     echo \"Debug: Executing webui.sh\" && bash webui.sh &&     echo \"Debug: Removing webui.sh\" && rm webui.sh" did not complete successfully: exit code: 1
------
 > [stage-0 17/27] RUN echo "Debug: Listing files in current directory:" && ls -l &&     echo "Debug: Listing files in /:" && ls -l / &&     echo "Debug: Changing permissions of webui.sh" && chmod +x webui.sh &&     sed -i 's/\r$//' webui.sh &&     echo "Debug: Executing webui.sh" && bash webui.sh &&     echo "Debug: Removing webui.sh" && rm webui.sh:
0.467 drwxr-xr-x   1 root root       4096 Oct  3 02:06 var
0.467 -rwxrwxrwx   1 root root        575 Feb 15 08:34 webui.sh
0.467 Debug: Sleeping for 35 seconds...
1.296 Traceback (most recent call last):
1.296   File "/stable-diffusion-webui/webui.py", line 13, in <module>
1.296     initialize.imports()
1.296   File "/stable-diffusion-webui/modules/initialize.py", line 16, in imports
1.296     import pytorch_lightning  # noqa: F401
1.296 ModuleNotFoundError: No module named 'pytorch_lightning'
35.47 Debug: Killing the Python process...
------
Dockerfile:75
--------------------
  74 |     # Add debugging statements and execute the script

  75 | >>> RUN echo "Debug: Listing files in current directory:" && ls -l && \

  76 | >>>     echo "Debug: Listing files in /:" && ls -l / && \

  77 | >>>     echo "Debug: Changing permissions of webui.sh" && chmod +x webui.sh && \

  78 | >>>     sed -i 's/\r$//' webui.sh && \

  79 | >>>     echo "Debug: Executing webui.sh" && bash webui.sh && \

  80 | >>>     echo "Debug: Removing webui.sh" && rm webui.sh

  81 |     

--------------------
ERROR: failed to solve: process "/bin/sh -c echo \"Debug: Listing files in current directory:\" && ls -l &&     echo \"Debug: Listing files in /:\" && ls -l / &&     echo \"Debug: Changing permissions of webui.sh\" && chmod +x webui.sh &&     sed -i 's/\\r$//' webui.sh &&     echo \"Debug: Executing webui.sh\" && bash webui.sh &&     echo \"Debug: Removing webui.sh\" && rm webui.sh" did not complete successfully: exit code: 1

Script done on 2024-02-15 09:34:35+01:00 [COMMAND_EXIT_CODE="1"]
